2026-06-16 14:00:10, tokens_remaining: 2483, call: scores, phase: pregame
2026-06-16 14:01:11, tokens_remaining: 2482, call: scores, phase: pregame
2026-06-16 14:02:12, tokens_remaining: 2481, call: scores, phase: pregame
2026-06-16 14:02:50, tokens_remaining: 2480, call: events, phase: pregame
2026-06-16 14:02:52, tokens_remaining: 2479, call: scores, phase: pregame
2026-06-16 14:03:53, tokens_remaining: 2478, call: scores, phase: pregame
2026-06-16 14:03:53, STATE_CHANGE: France vs Senegal [NS -> 1H]
2026-06-16 14:03:53, tokens_remaining: 2478, call: scores, phase: playing
2026-06-16 14:03:55, tokens_remaining: 2477, call: events, phase: playing
2026-06-16 14:03:56, tokens_remaining: 2476, call: scores, phase: playing
2026-06-16 14:03:58, tokens_remaining: 2475, call: scores, phase: playing
2026-06-16 14:03:59, tokens_remaining: 2474, call: scores, phase: playing
2026-06-16 14:04:00, tokens_remaining: 2473, call: scores, phase: playing
2026-06-16 14:04:02, tokens_remaining: 2472, call: scores, phase: playing
2026-06-16 14:04:03, tokens_remaining: 2471, call: scores, phase: playing
2026-06-16 14:04:04, tokens_remaining: 2470, call: scores, phase: playing
2026-06-16 14:04:06, tokens_remaining: 2469, call: scores, phase: playing
2026-06-16 14:04:07, tokens_remaining: 2468, call: scores, phase: playing
2026-06-16 14:04:08, tokens_remaining: 2467, call: events, phase: playing
2026-06-16 14:04:10, tokens_remaining: 2466, call: scores, phase: playing
2026-06-16 14:04:11, tokens_remaining: 2465, call: scores, phase: playing
2026-06-16 14:04:12, tokens_remaining: 2464, call: scores, phase: playing
2026-06-16 14:04:14, tokens_remaining: 2463, call: scores, phase: playing
2026-06-16 14:04:15, tokens_remaining: 2462, call: scores, phase: playing
2026-06-16 14:04:16, tokens_remaining: 2461, call: scores, phase: playing
2026-06-16 14:04:17, tokens_remaining: 2460, call: scores, phase: playing
2026-06-16 14:04:19, tokens_remaining: 2459, call: scores, phase: playing
2026-06-16 14:04:20, tokens_remaining: 2458, call: scores, phase: playing
2026-06-16 14:04:21, tokens_remaining: 2457, call: events, phase: playing
2026-06-16 14:04:23, tokens_remaining: 2456, call: scores, phase: playing
2026-06-16 14:04:24, tokens_remaining: 2455, call: scores, phase: playing
2026-06-16 14:04:25, tokens_remaining: 2454, call: scores, phase: playing
2026-06-16 14:04:27, tokens_remaining: 2453, call: scores, phase: playing
2026-06-16 14:04:28, tokens_remaining: 2452, call: scores, phase: playing
2026-06-16 14:04:29, tokens_remaining: 2451, call: scores, phase: playing
2026-06-16 14:04:30, tokens_remaining: 2450, call: scores, phase: playing
2026-06-16 14:04:32, tokens_remaining: 2449, call: scores, phase: playing
2026-06-16 14:04:33, tokens_remaining: 2448, call: scores, phase: playing
2026-06-16 14:04:34, tokens_remaining: 2447, call: events, phase: playing
2026-06-16 14:04:36, tokens_remaining: 2446, call: scores, phase: playing
2026-06-16 14:04:37, tokens_remaining: 2445, call: scores, phase: playing
2026-06-16 14:04:38, tokens_remaining: 2444, call: scores, phase: playing
2026-06-16 14:04:39, tokens_remaining: 2443, call: scores, phase: playing
2026-06-16 14:04:41, tokens_remaining: 2442, call: scores, phase: playing
2026-06-16 14:04:42, tokens_remaining: 2441, call: scores, phase: playing
2026-06-16 14:04:43, tokens_remaining: 2440, call: scores, phase: playing
2026-06-16 14:04:44, tokens_remaining: 2439, call: scores, phase: playing
2026-06-16 14:04:46, tokens_remaining: 2438, call: scores, phase: playing
2026-06-16 14:04:47, tokens_remaining: 2437, call: events, phase: playing
2026-06-16 14:04:48, tokens_remaining: 2436, call: scores, phase: playing
2026-06-16 14:04:50, tokens_remaining: 2435, call: scores, phase: playing
2026-06-16 14:04:51, tokens_remaining: 2434, call: scores, phase: playing
2026-06-16 14:04:52, tokens_remaining: 2433, call: scores, phase: playing
2026-06-16 14:04:54, tokens_remaining: 2432, call: scores, phase: playing
2026-06-16 14:04:55, tokens_remaining: 2431, call: scores, phase: playing
2026-06-16 14:04:56, tokens_remaining: 2430, call: scores, phase: playing
2026-06-16 14:04:57, tokens_remaining: 2429, call: scores, phase: playing
2026-06-16 14:04:59, tokens_remaining: 2428, call: scores, phase: playing
2026-06-16 14:05:00, tokens_remaining: 2427, call: events, phase: playing
2026-06-16 14:05:01, tokens_remaining: 2426, call: scores, phase: playing
2026-06-16 14:05:03, tokens_remaining: 2425, call: scores, phase: playing
2026-06-16 14:05:04, tokens_remaining: 2424, call: scores, phase: playing
2026-06-16 14:05:05, tokens_remaining: 2423, call: scores, phase: playing
2026-06-16 14:05:07, tokens_remaining: 2422, call: scores, phase: playing
2026-06-16 14:05:08, tokens_remaining: 2421, call: scores, phase: playing
2026-06-16 14:05:09, tokens_remaining: 2420, call: scores, phase: playing
2026-06-16 14:05:10, tokens_remaining: 2419, call: scores, phase: playing
2026-06-16 14:05:12, tokens_remaining: 2418, call: scores, phase: playing
2026-06-16 14:05:13, tokens_remaining: 2417, call: events, phase: playing
2026-06-16 14:05:14, tokens_remaining: 2416, call: scores, phase: playing
2026-06-16 14:05:16, tokens_remaining: 2415, call: scores, phase: playing
2026-06-16 14:05:17, tokens_remaining: 2414, call: scores, phase: playing
2026-06-16 14:05:18, tokens_remaining: 2413, call: scores, phase: playing
2026-06-16 14:05:20, tokens_remaining: 2412, call: scores, phase: playing
2026-06-16 14:05:21, tokens_remaining: 2411, call: scores, phase: playing
2026-06-16 14:05:22, tokens_remaining: 2410, call: scores, phase: playing
2026-06-16 14:05:24, tokens_remaining: 2409, call: scores, phase: playing
2026-06-16 14:05:25, tokens_remaining: 2408, call: scores, phase: playing
2026-06-16 14:05:26, tokens_remaining: 2407, call: events, phase: playing
2026-06-16 14:05:28, tokens_remaining: 2406, call: scores, phase: playing
2026-06-16 14:05:29, tokens_remaining: 2405, call: scores, phase: playing
2026-06-16 14:05:30, tokens_remaining: 2404, call: scores, phase: playing
2026-06-16 14:05:32, tokens_remaining: 2403, call: scores, phase: playing
2026-06-16 14:05:33, tokens_remaining: 2402, call: scores, phase: playing
2026-06-16 14:05:34, tokens_remaining: 2401, call: scores, phase: playing
2026-06-16 14:05:35, tokens_remaining: 2400, call: scores, phase: playing
2026-06-16 14:05:37, tokens_remaining: 2399, call: scores, phase: playing
2026-06-16 14:05:38, tokens_remaining: 2398, call: scores, phase: playing
2026-06-16 14:05:40, tokens_remaining: 2397, call: events, phase: playing
2026-06-16 14:05:41, tokens_remaining: 2396, call: scores, phase: playing
2026-06-16 14:05:43, tokens_remaining: 2395, call: scores, phase: playing
2026-06-16 14:05:44, tokens_remaining: 2394, call: scores, phase: playing
2026-06-16 14:05:46, tokens_remaining: 2393, call: scores, phase: playing
2026-06-16 14:05:47, tokens_remaining: 2392, call: scores, phase: playing
2026-06-16 14:05:49, tokens_remaining: 2391, call: scores, phase: playing
2026-06-16 14:05:51, tokens_remaining: 2390, call: scores, phase: playing
2026-06-16 14:05:53, tokens_remaining: 2389, call: scores, phase: playing
2026-06-16 14:05:54, tokens_remaining: 2388, call: scores, phase: playing
2026-06-16 14:05:56, tokens_remaining: 2387, call: events, phase: playing
2026-06-16 14:05:57, tokens_remaining: 2386, call: scores, phase: playing
2026-06-16 14:05:59, tokens_remaining: 2385, call: scores, phase: playing
2026-06-16 14:06:01, tokens_remaining: 2384, call: scores, phase: playing
2026-06-16 14:06:03, tokens_remaining: 2383, call: scores, phase: playing
2026-06-16 14:06:04, tokens_remaining: 2382, call: scores, phase: playing
2026-06-16 14:06:05, tokens_remaining: 2381, call: scores, phase: playing
2026-06-16 14:06:07, tokens_remaining: 2380, call: scores, phase: playing
2026-06-16 14:06:08, tokens_remaining: 2379, call: scores, phase: playing
2026-06-16 14:06:10, tokens_remaining: 2378, call: scores, phase: playing
2026-06-16 14:06:11, tokens_remaining: 2377, call: events, phase: playing
2026-06-16 14:06:13, tokens_remaining: 2376, call: scores, phase: playing
2026-06-16 14:06:15, tokens_remaining: 2375, call: scores, phase: playing
2026-06-16 14:06:19, tokens_remaining: 2374, call: scores, phase: playing
2026-06-16 14:06:21, tokens_remaining: 2373, call: scores, phase: playing
2026-06-16 14:06:23, tokens_remaining: 2372, call: scores, phase: playing
2026-06-16 14:06:24, tokens_remaining: 2371, call: scores, phase: playing
2026-06-16 14:06:25, tokens_remaining: 2370, call: scores, phase: playing
2026-06-16 14:06:26, tokens_remaining: 2369, call: scores, phase: playing
2026-06-16 14:06:28, tokens_remaining: 2368, call: scores, phase: playing
2026-06-16 14:06:30, tokens_remaining: 2367, call: events, phase: playing
2026-06-16 14:06:34, tokens_remaining: 2366, call: scores, phase: playing
2026-06-16 14:06:36, tokens_remaining: 2365, call: scores, phase: playing
2026-06-16 14:06:37, tokens_remaining: 2364, call: scores, phase: playing
2026-06-16 14:06:39, tokens_remaining: 2363, call: scores, phase: playing
2026-06-16 14:06:40, tokens_remaining: 2362, call: scores, phase: playing
2026-06-16 14:06:41, tokens_remaining: 2361, call: scores, phase: playing
2026-06-16 14:06:44, tokens_remaining: 2360, call: scores, phase: playing
2026-06-16 14:06:48, tokens_remaining: 2359, call: scores, phase: playing
2026-06-16 14:06:49, tokens_remaining: 2358, call: scores, phase: playing
2026-06-16 14:06:50, tokens_remaining: 2357, call: events, phase: playing
2026-06-16 14:06:53, tokens_remaining: 2356, call: scores, phase: playing
2026-06-16 14:06:54, tokens_remaining: 2355, call: scores, phase: playing
2026-06-16 14:06:56, tokens_remaining: 2354, call: scores, phase: playing
2026-06-16 14:06:57, tokens_remaining: 2353, call: scores, phase: playing
2026-06-16 14:06:58, tokens_remaining: 2352, call: scores, phase: playing
2026-06-16 14:07:00, tokens_remaining: 2351, call: scores, phase: playing
2026-06-16 14:07:01, tokens_remaining: 2350, call: scores, phase: playing
2026-06-16 14:07:02, tokens_remaining: 2349, call: scores, phase: playing
2026-06-16 14:07:04, tokens_remaining: 2348, call: scores, phase: playing
2026-06-16 14:07:05, tokens_remaining: 2347, call: events, phase: playing
2026-06-16 14:07:07, tokens_remaining: 2346, call: scores, phase: playing
2026-06-16 14:07:09, tokens_remaining: 2345, call: scores, phase: playing
2026-06-16 14:07:10, tokens_remaining: 2344, call: scores, phase: playing
2026-06-16 14:07:11, tokens_remaining: 2343, call: scores, phase: playing
2026-06-16 14:07:13, tokens_remaining: 2342, call: scores, phase: playing
2026-06-16 14:07:17, tokens_remaining: 2341, call: scores, phase: playing
2026-06-16 14:07:18, tokens_remaining: 2340, call: scores, phase: playing
2026-06-16 14:07:20, tokens_remaining: 2339, call: scores, phase: playing
2026-06-16 14:07:24, tokens_remaining: 2338, call: scores, phase: playing
2026-06-16 14:07:26, tokens_remaining: 2337, call: events, phase: playing
2026-06-16 14:07:28, tokens_remaining: 2336, call: scores, phase: playing
2026-06-16 14:07:29, tokens_remaining: 2335, call: scores, phase: playing
2026-06-16 14:07:30, tokens_remaining: 2334, call: scores, phase: playing
2026-06-16 14:07:31, tokens_remaining: 2334, call: scores, phase: playing
2026-06-16 14:07:33, tokens_remaining: 2333, call: scores, phase: playing
2026-06-16 14:07:34, tokens_remaining: 2332, call: scores, phase: playing
2026-06-16 14:07:36, tokens_remaining: 2331, call: scores, phase: playing
2026-06-16 14:07:37, tokens_remaining: 2330, call: scores, phase: playing
2026-06-16 14:07:39, tokens_remaining: 2329, call: scores, phase: playing
2026-06-16 14:07:40, tokens_remaining: 2328, call: events, phase: playing
2026-06-16 14:07:41, tokens_remaining: 2327, call: scores, phase: playing
2026-06-16 14:07:42, tokens_remaining: 2327, call: scores, phase: playing
2026-06-16 14:07:46, tokens_remaining: 2326, call: scores, phase: playing
2026-06-16 14:07:49, tokens_remaining: 2325, call: scores, phase: playing
2026-06-16 14:07:53, tokens_remaining: 2324, call: scores, phase: playing
2026-06-16 14:07:54, tokens_remaining: 2324, call: scores, phase: playing
2026-06-16 14:07:55, tokens_remaining: 2323, call: scores, phase: playing
2026-06-16 14:07:57, tokens_remaining: 2322, call: scores, phase: playing
2026-06-16 14:07:58, tokens_remaining: 2322, call: scores, phase: playing
2026-06-16 14:08:06, tokens_remaining: 2321, call: events, phase: playing
2026-06-16 14:08:07, tokens_remaining: 2320, call: scores, phase: playing
2026-06-16 14:08:11, tokens_remaining: 2319, call: scores, phase: playing
2026-06-16 14:08:13, tokens_remaining: 2318, call: scores, phase: playing
2026-06-16 14:08:14, tokens_remaining: 2318, call: scores, phase: playing
2026-06-16 14:08:16, tokens_remaining: 2317, call: scores, phase: playing
2026-06-16 14:08:18, tokens_remaining: 2316, call: scores, phase: playing
2026-06-16 14:08:32, tokens_remaining: 2315, call: scores, phase: playing
2026-06-16 14:08:34, tokens_remaining: 2314, call: scores, phase: playing
2026-06-16 14:08:35, tokens_remaining: 2314, call: scores, phase: playing
2026-06-16 14:08:36, tokens_remaining: 2313, call: events, phase: playing
2026-06-16 14:08:38, tokens_remaining: 2312, call: scores, phase: playing
2026-06-16 14:08:39, tokens_remaining: 2311, call: scores, phase: playing
2026-06-16 14:08:40, tokens_remaining: 2310, call: scores, phase: playing
2026-06-16 14:08:43, tokens_remaining: 2309, call: scores, phase: playing
2026-06-16 14:08:44, tokens_remaining: 2308, call: scores, phase: playing
2026-06-16 14:08:47, tokens_remaining: 2307, call: scores, phase: playing
2026-06-16 14:08:48, tokens_remaining: 2307, call: scores, phase: playing
2026-06-16 14:08:49, tokens_remaining: 2306, call: scores, phase: playing
2026-06-16 14:08:50, tokens_remaining: 2306, call: scores, phase: playing
2026-06-16 14:08:52, tokens_remaining: 2305, call: events, phase: playing
2026-06-16 14:08:53, tokens_remaining: 2304, call: scores, phase: playing
2026-06-16 14:08:55, tokens_remaining: 2303, call: scores, phase: playing
2026-06-16 14:08:56, tokens_remaining: 2303, call: scores, phase: playing
2026-06-16 14:08:57, tokens_remaining: 2302, call: scores, phase: playing
2026-06-16 14:09:00, tokens_remaining: 2301, call: scores, phase: playing
2026-06-16 14:09:01, tokens_remaining: 2300, call: scores, phase: playing
2026-06-16 14:09:02, tokens_remaining: 2300, call: scores, phase: playing
2026-06-16 14:09:04, tokens_remaining: 2299, call: scores, phase: playing
2026-06-16 14:09:05, tokens_remaining: 2299, call: scores, phase: playing
2026-06-16 14:09:06, tokens_remaining: 2298, call: events, phase: playing
2026-06-16 14:09:08, tokens_remaining: 2297, call: scores, phase: playing
2026-06-16 14:09:09, tokens_remaining: 2297, call: scores, phase: playing
2026-06-16 14:09:11, tokens_remaining: 2296, call: scores, phase: playing
2026-06-16 14:09:13, tokens_remaining: 2295, call: scores, phase: playing
2026-06-16 14:09:14, tokens_remaining: 2294, call: scores, phase: playing
2026-06-16 14:09:17, tokens_remaining: 2293, call: scores, phase: playing
2026-06-16 14:09:18, tokens_remaining: 2293, call: scores, phase: playing
2026-06-16 14:09:19, tokens_remaining: 2292, call: scores, phase: playing
2026-06-16 14:09:20, tokens_remaining: 2292, call: scores, phase: playing
2026-06-16 14:09:21, tokens_remaining: 2291, call: events, phase: playing
2026-06-16 14:09:22, tokens_remaining: 2290, call: scores, phase: playing
2026-06-16 14:09:23, tokens_remaining: 2290, call: scores, phase: playing
2026-06-16 14:09:25, tokens_remaining: 2289, call: scores, phase: playing
2026-06-16 14:09:26, tokens_remaining: 2289, call: scores, phase: playing
2026-06-16 14:09:27, tokens_remaining: 2288, call: scores, phase: playing
2026-06-16 14:09:28, tokens_remaining: 2287, call: scores, phase: playing
2026-06-16 14:09:29, tokens_remaining: 2287, call: scores, phase: playing
2026-06-16 14:09:31, tokens_remaining: 2286, call: scores, phase: playing
2026-06-16 14:09:32, tokens_remaining: 2286, call: scores, phase: playing
2026-06-16 14:09:33, tokens_remaining: 2285, call: events, phase: playing
2026-06-16 14:09:34, tokens_remaining: 2284, call: scores, phase: playing
2026-06-16 14:09:35, tokens_remaining: 2284, call: scores, phase: playing
2026-06-16 14:09:36, tokens_remaining: 2283, call: scores, phase: playing
2026-06-16 14:09:37, tokens_remaining: 2283, call: scores, phase: playing
2026-06-16 14:09:39, tokens_remaining: 2282, call: scores, phase: playing
2026-06-16 14:09:40, tokens_remaining: 2282, call: scores, phase: playing
2026-06-16 14:09:41, tokens_remaining: 2281, call: scores, phase: playing
2026-06-16 14:09:42, tokens_remaining: 2281, call: scores, phase: playing
2026-06-16 14:09:43, tokens_remaining: 2280, call: scores, phase: playing
2026-06-16 14:09:44, tokens_remaining: 2279, call: events, phase: playing
2026-06-16 14:09:45, tokens_remaining: 2278, call: scores, phase: playing
2026-06-16 14:09:46, tokens_remaining: 2278, call: scores, phase: playing
2026-06-16 14:09:47, tokens_remaining: 2277, call: scores, phase: playing
2026-06-16 14:09:48, tokens_remaining: 2277, call: scores, phase: playing
2026-06-16 14:09:50, tokens_remaining: 2276, call: scores, phase: playing
2026-06-16 14:09:51, tokens_remaining: 2276, call: scores, phase: playing
2026-06-16 14:09:52, tokens_remaining: 2275, call: scores, phase: playing
2026-06-16 14:09:53, tokens_remaining: 2275, call: scores, phase: playing
2026-06-16 14:09:54, tokens_remaining: 2274, call: scores, phase: playing
2026-06-16 14:09:55, tokens_remaining: 2273, call: events, phase: playing
2026-06-16 14:09:56, tokens_remaining: 2272, call: scores, phase: playing
2026-06-16 14:09:57, tokens_remaining: 2272, call: scores, phase: playing
2026-06-16 14:09:59, tokens_remaining: 2271, call: scores, phase: playing
2026-06-16 14:10:00, tokens_remaining: 2271, call: scores, phase: playing
2026-06-16 14:10:01, tokens_remaining: 2270, call: scores, phase: playing
2026-06-16 14:10:02, tokens_remaining: 2270, call: scores, phase: playing
2026-06-16 14:10:03, tokens_remaining: 2269, call: scores, phase: playing
2026-06-16 14:10:04, tokens_remaining: 2269, call: scores, phase: playing
2026-06-16 14:10:05, tokens_remaining: 2268, call: scores, phase: playing
2026-06-16 14:10:07, tokens_remaining: 2267, call: events, phase: playing
2026-06-16 14:10:08, tokens_remaining: 2266, call: scores, phase: playing
2026-06-16 14:10:09, tokens_remaining: 2266, call: scores, phase: playing
2026-06-16 14:10:10, tokens_remaining: 2265, call: scores, phase: playing
2026-06-16 14:10:11, tokens_remaining: 2265, call: scores, phase: playing
2026-06-16 14:10:12, tokens_remaining: 2264, call: scores, phase: playing
2026-06-16 14:10:13, tokens_remaining: 2264, call: scores, phase: playing
2026-06-16 14:10:14, tokens_remaining: 2263, call: scores, phase: playing
2026-06-16 14:10:15, tokens_remaining: 2263, call: scores, phase: playing
2026-06-16 14:10:17, tokens_remaining: 2262, call: scores, phase: playing
2026-06-16 14:10:18, tokens_remaining: 2261, call: events, phase: playing
2026-06-16 14:10:19, tokens_remaining: 2260, call: scores, phase: playing
2026-06-16 14:10:20, tokens_remaining: 2260, call: scores, phase: playing
2026-06-16 14:10:21, tokens_remaining: 2259, call: scores, phase: playing
2026-06-16 14:10:22, tokens_remaining: 2259, call: scores, phase: playing
2026-06-16 14:10:23, tokens_remaining: 2258, call: scores, phase: playing
2026-06-16 14:10:24, tokens_remaining: 2258, call: scores, phase: playing
2026-06-16 14:10:26, tokens_remaining: 2257, call: scores, phase: playing
2026-06-16 14:10:27, tokens_remaining: 2257, call: scores, phase: playing
2026-06-16 14:10:28, tokens_remaining: 2256, call: scores, phase: playing
2026-06-16 14:10:29, tokens_remaining: 2255, call: events, phase: playing
2026-06-16 14:10:31, tokens_remaining: 2254, call: scores, phase: playing
2026-06-16 14:10:31, tokens_remaining: 2254, call: scores, phase: playing
2026-06-16 14:10:33, tokens_remaining: 2253, call: scores, phase: playing
2026-06-16 14:10:34, tokens_remaining: 2253, call: scores, phase: playing
2026-06-16 14:10:35, tokens_remaining: 2252, call: scores, phase: playing
2026-06-16 14:10:36, tokens_remaining: 2252, call: scores, phase: playing
2026-06-16 14:10:37, tokens_remaining: 2251, call: scores, phase: playing
2026-06-16 14:10:38, tokens_remaining: 2251, call: scores, phase: playing
2026-06-16 14:10:39, tokens_remaining: 2250, call: scores, phase: playing
2026-06-16 14:10:41, tokens_remaining: 2249, call: events, phase: playing
2026-06-16 14:10:42, tokens_remaining: 2248, call: scores, phase: playing
2026-06-16 14:10:43, tokens_remaining: 2248, call: scores, phase: playing
2026-06-16 14:10:44, tokens_remaining: 2247, call: scores, phase: playing
2026-06-16 14:10:45, tokens_remaining: 2247, call: scores, phase: playing
2026-06-16 14:10:46, tokens_remaining: 2246, call: scores, phase: playing
2026-06-16 14:10:47, tokens_remaining: 2246, call: scores, phase: playing
2026-06-16 14:10:48, tokens_remaining: 2245, call: scores, phase: playing
2026-06-16 14:10:49, tokens_remaining: 2245, call: scores, phase: playing
2026-06-16 14:10:50, tokens_remaining: 2244, call: scores, phase: playing
2026-06-16 14:10:52, tokens_remaining: 2243, call: events, phase: playing
2026-06-16 14:10:53, tokens_remaining: 2242, call: scores, phase: playing
2026-06-16 14:10:54, tokens_remaining: 2242, call: scores, phase: playing
2026-06-16 14:10:55, tokens_remaining: 2241, call: scores, phase: playing
2026-06-16 14:10:56, tokens_remaining: 2241, call: scores, phase: playing
2026-06-16 14:10:57, tokens_remaining: 2240, call: scores, phase: playing
2026-06-16 14:10:58, tokens_remaining: 2240, call: scores, phase: playing
2026-06-16 14:10:59, tokens_remaining: 2239, call: scores, phase: playing
2026-06-16 14:11:00, tokens_remaining: 2239, call: scores, phase: playing
2026-06-16 14:11:01, tokens_remaining: 2238, call: scores, phase: playing
2026-06-16 14:11:03, tokens_remaining: 2237, call: events, phase: playing
2026-06-16 14:11:04, tokens_remaining: 2236, call: scores, phase: playing
2026-06-16 14:11:05, tokens_remaining: 2236, call: scores, phase: playing
2026-06-16 14:11:06, tokens_remaining: 2235, call: scores, phase: playing
2026-06-16 14:11:07, tokens_remaining: 2235, call: scores, phase: playing
2026-06-16 14:11:08, tokens_remaining: 2234, call: scores, phase: playing
2026-06-16 14:11:09, tokens_remaining: 2234, call: scores, phase: playing
2026-06-16 14:11:10, tokens_remaining: 2233, call: scores, phase: playing
2026-06-16 14:11:11, tokens_remaining: 2233, call: scores, phase: playing
2026-06-16 14:11:12, tokens_remaining: 2232, call: scores, phase: playing
2026-06-16 14:11:14, tokens_remaining: 2231, call: events, phase: playing
2026-06-16 14:11:15, tokens_remaining: 2230, call: scores, phase: playing
2026-06-16 14:11:16, tokens_remaining: 2230, call: scores, phase: playing
2026-06-16 14:11:17, tokens_remaining: 2229, call: scores, phase: playing
2026-06-16 14:11:18, tokens_remaining: 2229, call: scores, phase: playing
2026-06-16 14:11:19, tokens_remaining: 2228, call: scores, phase: playing
2026-06-16 14:11:20, tokens_remaining: 2228, call: scores, phase: playing
2026-06-16 14:11:21, tokens_remaining: 2227, call: scores, phase: playing
2026-06-16 14:11:22, tokens_remaining: 2227, call: scores, phase: playing
2026-06-16 14:11:23, tokens_remaining: 2226, call: scores, phase: playing
2026-06-16 14:11:25, tokens_remaining: 2225, call: events, phase: playing
2026-06-16 14:11:26, tokens_remaining: 2224, call: scores, phase: playing
2026-06-16 14:11:27, tokens_remaining: 2224, call: scores, phase: playing
2026-06-16 14:11:28, tokens_remaining: 2223, call: scores, phase: playing
2026-06-16 14:11:29, tokens_remaining: 2223, call: scores, phase: playing
2026-06-16 14:11:31, tokens_remaining: 2222, call: scores, phase: playing
2026-06-16 14:11:31, tokens_remaining: 2222, call: scores, phase: playing
2026-06-16 14:11:33, tokens_remaining: 2221, call: scores, phase: playing
2026-06-16 14:11:34, tokens_remaining: 2221, call: scores, phase: playing
2026-06-16 14:11:35, tokens_remaining: 2220, call: scores, phase: playing
2026-06-16 14:11:36, tokens_remaining: 2219, call: events, phase: playing
2026-06-16 14:11:37, tokens_remaining: 2218, call: scores, phase: playing
2026-06-16 14:11:38, tokens_remaining: 2218, call: scores, phase: playing
2026-06-16 14:11:40, tokens_remaining: 2217, call: scores, phase: playing
2026-06-16 14:11:40, tokens_remaining: 2217, call: scores, phase: playing
2026-06-16 14:11:42, tokens_remaining: 2216, call: scores, phase: playing
2026-06-16 14:11:43, tokens_remaining: 2216, call: scores, phase: playing
2026-06-16 14:11:44, tokens_remaining: 2215, call: scores, phase: playing
2026-06-16 14:11:45, tokens_remaining: 2215, call: scores, phase: playing
2026-06-16 14:11:46, tokens_remaining: 2214, call: scores, phase: playing
2026-06-16 14:11:47, tokens_remaining: 2213, call: events, phase: playing
2026-06-16 14:11:48, tokens_remaining: 2212, call: scores, phase: playing
2026-06-16 14:11:49, tokens_remaining: 2212, call: scores, phase: playing
2026-06-16 14:11:50, tokens_remaining: 2211, call: scores, phase: playing
2026-06-16 14:11:51, tokens_remaining: 2211, call: scores, phase: playing
2026-06-16 14:11:53, tokens_remaining: 2210, call: scores, phase: playing
2026-06-16 14:11:53, tokens_remaining: 2210, call: scores, phase: playing
2026-06-16 14:11:55, tokens_remaining: 2209, call: scores, phase: playing
2026-06-16 14:11:56, tokens_remaining: 2209, call: scores, phase: playing
2026-06-16 14:11:57, tokens_remaining: 2208, call: scores, phase: playing
2026-06-16 14:11:58, tokens_remaining: 2207, call: events, phase: playing
2026-06-16 14:11:59, tokens_remaining: 2206, call: scores, phase: playing
2026-06-16 14:12:00, tokens_remaining: 2206, call: scores, phase: playing
2026-06-16 14:12:01, tokens_remaining: 2205, call: scores, phase: playing
2026-06-16 14:12:02, tokens_remaining: 2205, call: scores, phase: playing
2026-06-16 14:12:03, tokens_remaining: 2204, call: scores, phase: playing
2026-06-16 14:12:04, tokens_remaining: 2204, call: scores, phase: playing
2026-06-16 14:12:06, tokens_remaining: 2203, call: scores, phase: playing
2026-06-16 14:12:07, tokens_remaining: 2203, call: scores, phase: playing
2026-06-16 14:12:08, tokens_remaining: 2202, call: scores, phase: playing
2026-06-16 14:12:09, tokens_remaining: 2201, call: events, phase: playing
2026-06-16 14:12:10, tokens_remaining: 2200, call: scores, phase: playing
2026-06-16 14:12:11, tokens_remaining: 2200, call: scores, phase: playing
2026-06-16 14:12:12, tokens_remaining: 2199, call: scores, phase: playing
2026-06-16 14:12:13, tokens_remaining: 2199, call: scores, phase: playing
2026-06-16 14:12:15, tokens_remaining: 2198, call: scores, phase: playing
2026-06-16 14:12:15, tokens_remaining: 2198, call: scores, phase: playing
2026-06-16 14:12:17, tokens_remaining: 2197, call: scores, phase: playing
2026-06-16 14:12:18, tokens_remaining: 2197, call: scores, phase: playing
2026-06-16 14:12:19, tokens_remaining: 2196, call: scores, phase: playing
2026-06-16 14:12:20, tokens_remaining: 2195, call: events, phase: playing
2026-06-16 14:12:21, tokens_remaining: 2194, call: scores, phase: playing
2026-06-16 14:12:22, tokens_remaining: 2194, call: scores, phase: playing
2026-06-16 14:12:23, tokens_remaining: 2193, call: scores, phase: playing
2026-06-16 14:12:24, tokens_remaining: 2193, call: scores, phase: playing
2026-06-16 14:12:26, tokens_remaining: 2192, call: scores, phase: playing
2026-06-16 14:12:27, tokens_remaining: 2192, call: scores, phase: playing
2026-06-16 14:12:28, tokens_remaining: 2191, call: scores, phase: playing
2026-06-16 14:12:29, tokens_remaining: 2191, call: scores, phase: playing
2026-06-16 14:12:30, tokens_remaining: 2190, call: scores, phase: playing
2026-06-16 14:12:31, tokens_remaining: 2189, call: events, phase: playing
2026-06-16 14:12:32, tokens_remaining: 2188, call: scores, phase: playing
2026-06-16 14:12:33, tokens_remaining: 2188, call: scores, phase: playing
2026-06-16 14:12:35, tokens_remaining: 2187, call: scores, phase: playing
2026-06-16 14:12:35, tokens_remaining: 2187, call: scores, phase: playing
2026-06-16 14:12:37, tokens_remaining: 2186, call: scores, phase: playing
2026-06-16 14:12:38, tokens_remaining: 2186, call: scores, phase: playing
2026-06-16 14:12:39, tokens_remaining: 2185, call: scores, phase: playing
2026-06-16 14:12:40, tokens_remaining: 2185, call: scores, phase: playing
2026-06-16 14:12:41, tokens_remaining: 2184, call: scores, phase: playing
2026-06-16 14:12:42, tokens_remaining: 2183, call: events, phase: playing
2026-06-16 14:12:43, tokens_remaining: 2182, call: scores, phase: playing
2026-06-16 14:12:44, tokens_remaining: 2182, call: scores, phase: playing
2026-06-16 14:12:46, tokens_remaining: 2181, call: scores, phase: playing
2026-06-16 14:12:46, tokens_remaining: 2181, call: scores, phase: playing
2026-06-16 14:12:48, tokens_remaining: 2180, call: scores, phase: playing
2026-06-16 14:12:49, tokens_remaining: 2180, call: scores, phase: playing
2026-06-16 14:12:50, tokens_remaining: 2179, call: scores, phase: playing
2026-06-16 14:12:51, tokens_remaining: 2179, call: scores, phase: playing
2026-06-16 14:12:52, tokens_remaining: 2178, call: scores, phase: playing
2026-06-16 14:12:53, tokens_remaining: 2177, call: events, phase: playing
2026-06-16 14:12:54, tokens_remaining: 2176, call: scores, phase: playing
2026-06-16 14:12:55, tokens_remaining: 2176, call: scores, phase: playing
2026-06-16 14:12:57, tokens_remaining: 2175, call: scores, phase: playing
2026-06-16 14:12:57, tokens_remaining: 2175, call: scores, phase: playing
2026-06-16 14:12:59, tokens_remaining: 2174, call: scores, phase: playing
2026-06-16 14:13:00, tokens_remaining: 2174, call: scores, phase: playing
2026-06-16 14:13:01, tokens_remaining: 2173, call: scores, phase: playing
2026-06-16 14:13:02, tokens_remaining: 2173, call: scores, phase: playing
2026-06-16 14:13:03, tokens_remaining: 2172, call: scores, phase: playing
2026-06-16 14:13:04, tokens_remaining: 2171, call: events, phase: playing
2026-06-16 14:13:06, tokens_remaining: 2170, call: scores, phase: playing
2026-06-16 14:13:06, tokens_remaining: 2170, call: scores, phase: playing
2026-06-16 14:13:08, tokens_remaining: 2169, call: scores, phase: playing
2026-06-16 14:13:09, tokens_remaining: 2169, call: scores, phase: playing
2026-06-16 14:13:11, tokens_remaining: 2168, call: scores, phase: playing
2026-06-16 14:13:12, tokens_remaining: 2168, call: scores, phase: playing
2026-06-16 14:13:13, tokens_remaining: 2167, call: scores, phase: playing
2026-06-16 14:13:14, tokens_remaining: 2167, call: scores, phase: playing
2026-06-16 14:13:15, tokens_remaining: 2166, call: scores, phase: playing
2026-06-16 14:13:16, tokens_remaining: 2165, call: events, phase: playing
2026-06-16 14:13:18, tokens_remaining: 2164, call: scores, phase: playing
2026-06-16 14:13:19, tokens_remaining: 2164, call: scores, phase: playing
2026-06-16 14:13:20, tokens_remaining: 2163, call: scores, phase: playing
2026-06-16 14:13:21, tokens_remaining: 2163, call: scores, phase: playing
2026-06-16 14:13:22, tokens_remaining: 2162, call: scores, phase: playing
2026-06-16 14:13:23, tokens_remaining: 2162, call: scores, phase: playing
2026-06-16 14:13:24, tokens_remaining: 2161, call: scores, phase: playing
2026-06-16 14:13:25, tokens_remaining: 2161, call: scores, phase: playing
2026-06-16 14:13:26, tokens_remaining: 2160, call: scores, phase: playing
2026-06-16 14:13:27, tokens_remaining: 2159, call: events, phase: playing
2026-06-16 14:13:28, tokens_remaining: 2158, call: scores, phase: playing
2026-06-16 14:13:29, tokens_remaining: 2158, call: scores, phase: playing
2026-06-16 14:13:30, tokens_remaining: 2157, call: scores, phase: playing
2026-06-16 14:13:31, tokens_remaining: 2157, call: scores, phase: playing
2026-06-16 14:13:33, tokens_remaining: 2156, call: scores, phase: playing
2026-06-16 14:13:34, tokens_remaining: 2156, call: scores, phase: playing
2026-06-16 14:13:35, tokens_remaining: 2155, call: scores, phase: playing
2026-06-16 14:13:36, tokens_remaining: 2155, call: scores, phase: playing
2026-06-16 14:13:37, tokens_remaining: 2154, call: scores, phase: playing
2026-06-16 14:13:38, tokens_remaining: 2153, call: events, phase: playing
2026-06-16 14:13:39, tokens_remaining: 2152, call: scores, phase: playing
2026-06-16 14:13:40, tokens_remaining: 2152, call: scores, phase: playing
2026-06-16 14:13:41, tokens_remaining: 2151, call: scores, phase: playing
2026-06-16 14:13:42, tokens_remaining: 2151, call: scores, phase: playing
2026-06-16 14:13:43, tokens_remaining: 2150, call: scores, phase: playing
2026-06-16 14:13:44, tokens_remaining: 2150, call: scores, phase: playing
2026-06-16 14:13:45, tokens_remaining: 2149, call: scores, phase: playing
2026-06-16 14:13:46, tokens_remaining: 2149, call: scores, phase: playing
2026-06-16 14:13:47, tokens_remaining: 2148, call: scores, phase: playing
2026-06-16 14:13:49, tokens_remaining: 2147, call: events, phase: playing
2026-06-16 14:13:50, tokens_remaining: 2146, call: scores, phase: playing
2026-06-16 14:13:51, tokens_remaining: 2146, call: scores, phase: playing
2026-06-16 14:13:52, tokens_remaining: 2145, call: scores, phase: playing
2026-06-16 14:13:53, tokens_remaining: 2145, call: scores, phase: playing
2026-06-16 14:13:54, tokens_remaining: 2144, call: scores, phase: playing
2026-06-16 14:13:55, tokens_remaining: 2144, call: scores, phase: playing
2026-06-16 14:13:56, tokens_remaining: 2143, call: scores, phase: playing
2026-06-16 14:13:57, tokens_remaining: 2143, call: scores, phase: playing
2026-06-16 14:13:58, tokens_remaining: 2142, call: scores, phase: playing
2026-06-16 14:13:59, tokens_remaining: 2141, call: events, phase: playing
2026-06-16 14:14:00, tokens_remaining: 2140, call: scores, phase: playing
2026-06-16 14:14:01, tokens_remaining: 2140, call: scores, phase: playing
2026-06-16 14:14:02, tokens_remaining: 2139, call: scores, phase: playing
2026-06-16 14:14:03, tokens_remaining: 2139, call: scores, phase: playing
2026-06-16 14:14:04, tokens_remaining: 2138, call: scores, phase: playing
2026-06-16 14:14:05, tokens_remaining: 2138, call: scores, phase: playing
2026-06-16 14:14:06, tokens_remaining: 2137, call: scores, phase: playing
2026-06-16 14:14:07, tokens_remaining: 2137, call: scores, phase: playing
2026-06-16 14:14:08, tokens_remaining: 2136, call: scores, phase: playing
2026-06-16 14:14:10, tokens_remaining: 2135, call: events, phase: playing
2026-06-16 14:14:11, tokens_remaining: 2134, call: scores, phase: playing
2026-06-16 14:14:12, tokens_remaining: 2134, call: scores, phase: playing
2026-06-16 14:14:13, tokens_remaining: 2133, call: scores, phase: playing
2026-06-16 14:14:14, tokens_remaining: 2133, call: scores, phase: playing
2026-06-16 14:14:15, tokens_remaining: 2132, call: scores, phase: playing
2026-06-16 14:14:16, tokens_remaining: 2132, call: scores, phase: playing
2026-06-16 14:14:17, tokens_remaining: 2131, call: scores, phase: playing
2026-06-16 14:14:18, tokens_remaining: 2131, call: scores, phase: playing
2026-06-16 14:14:19, tokens_remaining: 2130, call: scores, phase: playing
2026-06-16 14:14:20, tokens_remaining: 2129, call: events, phase: playing
2026-06-16 14:14:21, tokens_remaining: 2128, call: scores, phase: playing
2026-06-16 14:14:22, tokens_remaining: 2128, call: scores, phase: playing
2026-06-16 14:14:23, tokens_remaining: 2127, call: scores, phase: playing
2026-06-16 14:14:24, tokens_remaining: 2127, call: scores, phase: playing
2026-06-16 14:14:25, tokens_remaining: 2126, call: scores, phase: playing
2026-06-16 14:14:26, tokens_remaining: 2126, call: scores, phase: playing
2026-06-16 14:14:27, tokens_remaining: 2125, call: scores, phase: playing
2026-06-16 14:14:28, tokens_remaining: 2125, call: scores, phase: playing
2026-06-16 14:14:29, tokens_remaining: 2124, call: scores, phase: playing
2026-06-16 14:14:31, tokens_remaining: 2123, call: events, phase: playing
2026-06-16 14:14:32, tokens_remaining: 2122, call: scores, phase: playing
2026-06-16 14:14:33, tokens_remaining: 2122, call: scores, phase: playing
2026-06-16 14:14:34, tokens_remaining: 2121, call: scores, phase: playing
2026-06-16 14:14:35, tokens_remaining: 2121, call: scores, phase: playing
2026-06-16 14:14:36, tokens_remaining: 2120, call: scores, phase: playing
2026-06-16 14:14:37, tokens_remaining: 2120, call: scores, phase: playing
2026-06-16 14:14:38, tokens_remaining: 2119, call: scores, phase: playing
2026-06-16 14:14:39, tokens_remaining: 2119, call: scores, phase: playing
2026-06-16 14:14:40, tokens_remaining: 2118, call: scores, phase: playing
2026-06-16 14:14:41, tokens_remaining: 2117, call: events, phase: playing
2026-06-16 14:14:42, tokens_remaining: 2116, call: scores, phase: playing
2026-06-16 14:14:43, tokens_remaining: 2116, call: scores, phase: playing
2026-06-16 14:14:44, tokens_remaining: 2115, call: scores, phase: playing
2026-06-16 14:14:45, tokens_remaining: 2115, call: scores, phase: playing
2026-06-16 14:14:46, tokens_remaining: 2114, call: scores, phase: playing
2026-06-16 14:14:47, tokens_remaining: 2114, call: scores, phase: playing
2026-06-16 14:14:48, tokens_remaining: 2113, call: scores, phase: playing
2026-06-16 14:14:49, tokens_remaining: 2113, call: scores, phase: playing
2026-06-16 14:14:50, tokens_remaining: 2112, call: scores, phase: playing
2026-06-16 14:14:52, tokens_remaining: 2111, call: events, phase: playing
2026-06-16 14:14:53, tokens_remaining: 2110, call: scores, phase: playing
2026-06-16 14:14:54, tokens_remaining: 2110, call: scores, phase: playing
2026-06-16 14:14:55, tokens_remaining: 2109, call: scores, phase: playing
2026-06-16 14:14:56, tokens_remaining: 2109, call: scores, phase: playing
2026-06-16 14:14:57, tokens_remaining: 2108, call: scores, phase: playing
2026-06-16 14:14:58, tokens_remaining: 2108, call: scores, phase: playing
2026-06-16 14:14:59, tokens_remaining: 2107, call: scores, phase: playing
2026-06-16 14:15:00, tokens_remaining: 2107, call: scores, phase: playing
2026-06-16 14:15:01, tokens_remaining: 2106, call: scores, phase: playing
2026-06-16 14:15:03, tokens_remaining: 2105, call: events, phase: playing
2026-06-16 14:15:04, tokens_remaining: 2104, call: scores, phase: playing
2026-06-16 14:15:05, tokens_remaining: 2104, call: scores, phase: playing
2026-06-16 14:15:06, tokens_remaining: 2103, call: scores, phase: playing
2026-06-16 14:15:07, tokens_remaining: 2103, call: scores, phase: playing
2026-06-16 14:15:08, tokens_remaining: 2102, call: scores, phase: playing
2026-06-16 14:15:09, tokens_remaining: 2102, call: scores, phase: playing
2026-06-16 14:15:10, tokens_remaining: 2101, call: scores, phase: playing
2026-06-16 14:15:11, tokens_remaining: 2101, call: scores, phase: playing
2026-06-16 14:15:12, tokens_remaining: 2100, call: scores, phase: playing
2026-06-16 14:15:13, tokens_remaining: 2099, call: events, phase: playing
2026-06-16 14:15:14, tokens_remaining: 2098, call: scores, phase: playing
2026-06-16 14:15:15, tokens_remaining: 2098, call: scores, phase: playing
2026-06-16 14:15:16, tokens_remaining: 2097, call: scores, phase: playing
2026-06-16 14:15:17, tokens_remaining: 2097, call: scores, phase: playing
2026-06-16 14:15:18, tokens_remaining: 2096, call: scores, phase: playing
2026-06-16 14:15:19, tokens_remaining: 2096, call: scores, phase: playing
2026-06-16 14:15:20, tokens_remaining: 2095, call: scores, phase: playing
2026-06-16 14:15:21, tokens_remaining: 2095, call: scores, phase: playing
2026-06-16 14:15:23, tokens_remaining: 2094, call: scores, phase: playing
2026-06-16 14:15:24, tokens_remaining: 2093, call: events, phase: playing
2026-06-16 14:15:25, tokens_remaining: 2092, call: scores, phase: playing
2026-06-16 14:15:26, tokens_remaining: 2092, call: scores, phase: playing
2026-06-16 14:15:27, tokens_remaining: 2091, call: scores, phase: playing
2026-06-16 14:15:28, tokens_remaining: 2091, call: scores, phase: playing
2026-06-16 14:15:29, tokens_remaining: 2090, call: scores, phase: playing
2026-06-16 14:15:30, tokens_remaining: 2090, call: scores, phase: playing
2026-06-16 14:15:31, tokens_remaining: 2089, call: scores, phase: playing
2026-06-16 14:15:32, tokens_remaining: 2089, call: scores, phase: playing
2026-06-16 14:15:33, tokens_remaining: 2088, call: scores, phase: playing
2026-06-16 14:15:34, tokens_remaining: 2087, call: events, phase: playing
2026-06-16 14:15:35, tokens_remaining: 2086, call: scores, phase: playing
2026-06-16 14:15:36, tokens_remaining: 2086, call: scores, phase: playing
2026-06-16 14:15:37, tokens_remaining: 2085, call: scores, phase: playing
2026-06-16 14:15:38, tokens_remaining: 2085, call: scores, phase: playing
2026-06-16 14:15:39, tokens_remaining: 2084, call: scores, phase: playing
2026-06-16 14:15:40, tokens_remaining: 2084, call: scores, phase: playing
2026-06-16 14:15:41, tokens_remaining: 2083, call: scores, phase: playing
2026-06-16 14:15:42, tokens_remaining: 2083, call: scores, phase: playing
2026-06-16 14:15:44, tokens_remaining: 2082, call: scores, phase: playing
2026-06-16 14:15:45, tokens_remaining: 2081, call: events, phase: playing
2026-06-16 14:15:46, tokens_remaining: 2080, call: scores, phase: playing
2026-06-16 14:15:47, tokens_remaining: 2080, call: scores, phase: playing
2026-06-16 14:15:48, tokens_remaining: 2079, call: scores, phase: playing
2026-06-16 14:15:49, tokens_remaining: 2079, call: scores, phase: playing
2026-06-16 14:15:50, tokens_remaining: 2078, call: scores, phase: playing
2026-06-16 14:15:51, tokens_remaining: 2078, call: scores, phase: playing
2026-06-16 14:15:52, tokens_remaining: 2077, call: scores, phase: playing
2026-06-16 14:15:53, tokens_remaining: 2077, call: scores, phase: playing
2026-06-16 14:15:54, tokens_remaining: 2076, call: scores, phase: playing
2026-06-16 14:15:55, tokens_remaining: 2075, call: events, phase: playing
2026-06-16 14:15:56, tokens_remaining: 2074, call: scores, phase: playing
2026-06-16 14:15:58, tokens_remaining: 2074, call: scores, phase: playing
2026-06-16 14:16:03, tokens_remaining: 2073, call: scores, phase: playing
2026-06-16 14:16:04, tokens_remaining: 2072, call: scores, phase: playing
2026-06-16 14:16:05, tokens_remaining: 2072, call: scores, phase: playing
2026-06-16 14:16:06, tokens_remaining: 2071, call: scores, phase: playing
2026-06-16 14:16:07, tokens_remaining: 2071, call: scores, phase: playing
2026-06-16 14:16:08, tokens_remaining: 2070, call: scores, phase: playing
2026-06-16 14:16:09, tokens_remaining: 2070, call: scores, phase: playing
2026-06-16 14:16:10, tokens_remaining: 2069, call: events, phase: playing
2026-06-16 14:16:11, tokens_remaining: 2068, call: scores, phase: playing
2026-06-16 14:16:12, tokens_remaining: 2068, call: scores, phase: playing
2026-06-16 14:16:13, tokens_remaining: 2067, call: scores, phase: playing
2026-06-16 14:16:14, tokens_remaining: 2067, call: scores, phase: playing
2026-06-16 14:16:15, tokens_remaining: 2066, call: scores, phase: playing
2026-06-16 14:16:16, tokens_remaining: 2066, call: scores, phase: playing
2026-06-16 14:16:17, tokens_remaining: 2065, call: scores, phase: playing
2026-06-16 14:16:18, tokens_remaining: 2065, call: scores, phase: playing
2026-06-16 14:16:19, tokens_remaining: 2064, call: scores, phase: playing
2026-06-16 14:16:21, tokens_remaining: 2063, call: events, phase: playing
2026-06-16 14:16:23, tokens_remaining: 2062, call: scores, phase: playing
2026-06-16 14:16:24, tokens_remaining: 2061, call: scores, phase: playing
2026-06-16 14:16:25, tokens_remaining: 2061, call: scores, phase: playing
2026-06-16 14:16:26, tokens_remaining: 2060, call: scores, phase: playing
2026-06-16 14:16:27, tokens_remaining: 2060, call: scores, phase: playing
2026-06-16 14:16:28, tokens_remaining: 2059, call: scores, phase: playing
2026-06-16 14:16:28, tokens_remaining: 2059, call: scores, phase: playing
2026-06-16 14:16:30, tokens_remaining: 2058, call: scores, phase: playing
2026-06-16 14:16:30, tokens_remaining: 2058, call: scores, phase: playing
2026-06-16 14:16:32, tokens_remaining: 2057, call: events, phase: playing
2026-06-16 14:16:34, tokens_remaining: 2056, call: scores, phase: playing
2026-06-16 14:16:35, tokens_remaining: 2056, call: scores, phase: playing
2026-06-16 14:16:36, tokens_remaining: 2055, call: scores, phase: playing
2026-06-16 14:16:37, tokens_remaining: 2054, call: scores, phase: playing
2026-06-16 14:16:38, tokens_remaining: 2054, call: scores, phase: playing
2026-06-16 14:16:39, tokens_remaining: 2053, call: scores, phase: playing
2026-06-16 14:16:40, tokens_remaining: 2053, call: scores, phase: playing
2026-06-16 14:16:41, tokens_remaining: 2052, call: scores, phase: playing
2026-06-16 14:16:43, tokens_remaining: 2051, call: scores, phase: playing
2026-06-16 14:16:45, tokens_remaining: 2050, call: events, phase: playing
2026-06-16 14:16:46, tokens_remaining: 2049, call: scores, phase: playing
2026-06-16 14:16:47, tokens_remaining: 2049, call: scores, phase: playing
2026-06-16 14:16:48, tokens_remaining: 2048, call: scores, phase: playing
2026-06-16 14:16:49, tokens_remaining: 2048, call: scores, phase: playing
2026-06-16 14:16:50, tokens_remaining: 2047, call: scores, phase: playing
2026-06-16 14:16:51, tokens_remaining: 2047, call: scores, phase: playing
2026-06-16 14:16:52, tokens_remaining: 2046, call: scores, phase: playing
2026-06-16 14:16:53, tokens_remaining: 2046, call: scores, phase: playing
2026-06-16 14:16:54, tokens_remaining: 2045, call: scores, phase: playing
2026-06-16 14:16:55, tokens_remaining: 2044, call: events, phase: playing
2026-06-16 14:16:56, tokens_remaining: 2043, call: scores, phase: playing
2026-06-16 14:16:57, tokens_remaining: 2043, call: scores, phase: playing
2026-06-16 14:16:58, tokens_remaining: 2042, call: scores, phase: playing
2026-06-16 14:16:59, tokens_remaining: 2042, call: scores, phase: playing
2026-06-16 14:17:00, tokens_remaining: 2041, call: scores, phase: playing
2026-06-16 14:17:01, tokens_remaining: 2041, call: scores, phase: playing
2026-06-16 14:17:02, tokens_remaining: 2040, call: scores, phase: playing
2026-06-16 14:17:03, tokens_remaining: 2040, call: scores, phase: playing
2026-06-16 14:17:04, tokens_remaining: 2039, call: scores, phase: playing
2026-06-16 14:17:05, tokens_remaining: 2038, call: events, phase: playing
2026-06-16 14:17:06, tokens_remaining: 2037, call: scores, phase: playing
2026-06-16 14:17:07, tokens_remaining: 2037, call: scores, phase: playing
2026-06-16 14:17:08, tokens_remaining: 2036, call: scores, phase: playing
2026-06-16 14:17:09, tokens_remaining: 2036, call: scores, phase: playing
2026-06-16 14:17:10, tokens_remaining: 2035, call: scores, phase: playing
2026-06-16 14:17:11, tokens_remaining: 2035, call: scores, phase: playing
2026-06-16 14:17:12, tokens_remaining: 2034, call: scores, phase: playing
2026-06-16 14:17:13, tokens_remaining: 2034, call: scores, phase: playing
2026-06-16 14:17:14, tokens_remaining: 2033, call: scores, phase: playing
2026-06-16 14:17:16, tokens_remaining: 2032, call: events, phase: playing
2026-06-16 14:17:17, tokens_remaining: 2031, call: scores, phase: playing
2026-06-16 14:17:17, tokens_remaining: 2031, call: scores, phase: playing
2026-06-16 14:17:19, tokens_remaining: 2030, call: scores, phase: playing
2026-06-16 14:17:19, tokens_remaining: 2030, call: scores, phase: playing
2026-06-16 14:17:21, tokens_remaining: 2029, call: scores, phase: playing
2026-06-16 14:17:21, tokens_remaining: 2029, call: scores, phase: playing
2026-06-16 14:17:23, tokens_remaining: 2028, call: scores, phase: playing
2026-06-16 14:17:23, tokens_remaining: 2028, call: scores, phase: playing
2026-06-16 14:17:24, tokens_remaining: 2027, call: scores, phase: playing
2026-06-16 14:17:26, tokens_remaining: 2026, call: events, phase: playing
2026-06-16 14:17:27, tokens_remaining: 2025, call: scores, phase: playing
2026-06-16 14:17:28, tokens_remaining: 2025, call: scores, phase: playing
2026-06-16 14:17:29, tokens_remaining: 2024, call: scores, phase: playing
2026-06-16 14:17:30, tokens_remaining: 2024, call: scores, phase: playing
2026-06-16 14:17:31, tokens_remaining: 2023, call: scores, phase: playing
2026-06-16 14:17:31, tokens_remaining: 2023, call: scores, phase: playing
2026-06-16 14:17:33, tokens_remaining: 2022, call: scores, phase: playing
2026-06-16 14:17:33, tokens_remaining: 2022, call: scores, phase: playing
2026-06-16 14:17:35, tokens_remaining: 2021, call: scores, phase: playing
2026-06-16 14:17:36, tokens_remaining: 2020, call: events, phase: playing
2026-06-16 14:17:37, tokens_remaining: 2019, call: scores, phase: playing
2026-06-16 14:17:38, tokens_remaining: 2019, call: scores, phase: playing
2026-06-16 14:17:39, tokens_remaining: 2018, call: scores, phase: playing
2026-06-16 14:17:40, tokens_remaining: 2018, call: scores, phase: playing
2026-06-16 14:17:41, tokens_remaining: 2017, call: scores, phase: playing
2026-06-16 14:17:42, tokens_remaining: 2017, call: scores, phase: playing
2026-06-16 14:17:43, tokens_remaining: 2016, call: scores, phase: playing
2026-06-16 14:17:44, tokens_remaining: 2016, call: scores, phase: playing
2026-06-16 14:17:45, tokens_remaining: 2015, call: scores, phase: playing
2026-06-16 14:17:46, tokens_remaining: 2014, call: events, phase: playing
2026-06-16 14:17:47, tokens_remaining: 2013, call: scores, phase: playing
2026-06-16 14:17:48, tokens_remaining: 2013, call: scores, phase: playing
2026-06-16 14:17:49, tokens_remaining: 2012, call: scores, phase: playing
2026-06-16 14:17:50, tokens_remaining: 2012, call: scores, phase: playing
2026-06-16 14:17:51, tokens_remaining: 2011, call: scores, phase: playing
2026-06-16 14:17:52, tokens_remaining: 2011, call: scores, phase: playing
2026-06-16 14:17:53, tokens_remaining: 2010, call: scores, phase: playing
2026-06-16 14:17:54, tokens_remaining: 2010, call: scores, phase: playing
2026-06-16 14:17:55, tokens_remaining: 2009, call: scores, phase: playing
2026-06-16 14:17:56, tokens_remaining: 2008, call: events, phase: playing
2026-06-16 14:17:57, tokens_remaining: 2007, call: scores, phase: playing
2026-06-16 14:17:58, tokens_remaining: 2007, call: scores, phase: playing
2026-06-16 14:17:59, tokens_remaining: 2006, call: scores, phase: playing
2026-06-16 14:18:00, tokens_remaining: 2006, call: scores, phase: playing
2026-06-16 14:18:01, tokens_remaining: 2005, call: scores, phase: playing
2026-06-16 14:18:02, tokens_remaining: 2005, call: scores, phase: playing
2026-06-16 14:18:03, tokens_remaining: 2004, call: scores, phase: playing
2026-06-16 14:18:04, tokens_remaining: 2004, call: scores, phase: playing
2026-06-16 14:18:05, tokens_remaining: 2003, call: scores, phase: playing
2026-06-16 14:18:06, tokens_remaining: 2002, call: events, phase: playing
2026-06-16 14:18:07, tokens_remaining: 2001, call: scores, phase: playing
2026-06-16 14:18:08, tokens_remaining: 2001, call: scores, phase: playing
2026-06-16 14:18:09, tokens_remaining: 2000, call: scores, phase: playing
2026-06-16 14:18:10, tokens_remaining: 2000, call: scores, phase: playing
2026-06-16 14:18:11, tokens_remaining: 1999, call: scores, phase: playing
2026-06-16 14:18:12, tokens_remaining: 1998, call: scores, phase: playing
2026-06-16 14:18:14, tokens_remaining: 1997, call: scores, phase: playing
2026-06-16 14:18:15, tokens_remaining: 1996, call: scores, phase: playing
2026-06-16 14:18:16, tokens_remaining: 1996, call: scores, phase: playing
2026-06-16 14:18:17, tokens_remaining: 1995, call: events, phase: playing
2026-06-16 14:18:18, tokens_remaining: 1994, call: scores, phase: playing
2026-06-16 14:18:19, tokens_remaining: 1994, call: scores, phase: playing
2026-06-16 14:18:20, tokens_remaining: 1993, call: scores, phase: playing
2026-06-16 14:18:21, tokens_remaining: 1993, call: scores, phase: playing
2026-06-16 14:18:22, tokens_remaining: 1992, call: scores, phase: playing
2026-06-16 14:18:23, tokens_remaining: 1992, call: scores, phase: playing
2026-06-16 14:18:24, tokens_remaining: 1991, call: scores, phase: playing
2026-06-16 14:18:25, tokens_remaining: 1991, call: scores, phase: playing
2026-06-16 14:18:26, tokens_remaining: 1990, call: scores, phase: playing
2026-06-16 14:18:27, tokens_remaining: 1989, call: events, phase: playing
2026-06-16 14:18:28, tokens_remaining: 1988, call: scores, phase: playing
2026-06-16 14:18:29, tokens_remaining: 1988, call: scores, phase: playing
2026-06-16 14:18:30, tokens_remaining: 1987, call: scores, phase: playing
2026-06-16 14:18:31, tokens_remaining: 1987, call: scores, phase: playing
2026-06-16 14:18:33, tokens_remaining: 1986, call: scores, phase: playing
2026-06-16 14:18:34, tokens_remaining: 1985, call: scores, phase: playing
2026-06-16 14:18:35, tokens_remaining: 1985, call: scores, phase: playing
2026-06-16 14:18:36, tokens_remaining: 1984, call: scores, phase: playing
2026-06-16 14:18:37, tokens_remaining: 1984, call: scores, phase: playing
2026-06-16 14:18:38, tokens_remaining: 1983, call: events, phase: playing
2026-06-16 14:18:39, tokens_remaining: 1982, call: scores, phase: playing
2026-06-16 14:18:40, tokens_remaining: 1982, call: scores, phase: playing
2026-06-16 14:18:41, tokens_remaining: 1981, call: scores, phase: playing
2026-06-16 14:18:42, tokens_remaining: 1981, call: scores, phase: playing
2026-06-16 14:18:44, tokens_remaining: 1980, call: scores, phase: playing
2026-06-16 14:18:45, tokens_remaining: 1979, call: scores, phase: playing
