2026-06-13 19:30:47, tokens_remaining: 2416, call: events, phase: idle
2026-06-13 19:30:47, EVENT: GOAL 21' Ismael Saibari (0-1) [Brazil vs Morocco]
2026-06-13 19:30:47, EVENT: GOAL 32' Vinicius Junior (1-1) [Brazil vs Morocco]
2026-06-13 19:30:47, EVENT: SUBSTITUTION 46' Danilo [Brazil vs Morocco]
2026-06-13 19:30:47, EVENT: SUBSTITUTION 46' Fabinho [Brazil vs Morocco]
2026-06-13 19:30:47, EVENT: SUBSTITUTION 61' Matheus Cunha [Brazil vs Morocco]
2026-06-13 19:30:47, EVENT: SUBSTITUTION 61' Luiz Henrique [Brazil vs Morocco]
2026-06-13 19:30:47, EVENT: SUBSTITUTION 64' Samir El Mourabet [Brazil vs Morocco]
2026-06-13 19:30:47, EVENT: SUBSTITUTION 64' Chemsdine Talbi [Brazil vs Morocco]
2026-06-13 19:30:47, EVENT: YELLOW_CARD 37' Casemiro [Brazil vs Morocco]
2026-06-13 19:30:47, EVENT: YELLOW_CARD 43' Roger Ibañez [Brazil vs Morocco]
2026-06-13 19:30:47, STATE_CHANGE: Brazil vs Morocco [— -> 2H]
2026-06-13 19:30:48, tokens_remaining: 2415, call: scores, phase: playing
2026-06-13 19:30:49, tokens_remaining: 2415, call: scores, phase: playing
2026-06-13 19:30:50, tokens_remaining: 2414, call: scores, phase: playing
2026-06-13 19:30:51, tokens_remaining: 2414, call: scores, phase: playing
2026-06-13 19:30:52, tokens_remaining: 2413, call: scores, phase: playing
2026-06-13 19:30:53, tokens_remaining: 2413, call: scores, phase: playing
2026-06-13 19:30:54, tokens_remaining: 2412, call: scores, phase: playing
2026-06-13 19:30:55, tokens_remaining: 2412, call: scores, phase: playing
2026-06-13 19:30:56, tokens_remaining: 2411, call: events, phase: playing
2026-06-13 19:30:57, tokens_remaining: 2410, call: scores, phase: playing
2026-06-13 19:30:58, tokens_remaining: 2410, call: scores, phase: playing
2026-06-13 19:30:59, tokens_remaining: 2409, call: scores, phase: playing
2026-06-13 19:31:00, tokens_remaining: 2409, call: scores, phase: playing
2026-06-13 19:31:01, tokens_remaining: 2408, call: scores, phase: playing
2026-06-13 19:31:02, tokens_remaining: 2408, call: scores, phase: playing
2026-06-13 19:31:03, tokens_remaining: 2407, call: scores, phase: playing
2026-06-13 19:31:03, tokens_remaining: 2407, call: scores, phase: playing
2026-06-13 19:31:04, tokens_remaining: 2406, call: scores, phase: playing
2026-06-13 19:31:06, tokens_remaining: 2405, call: events, phase: playing
2026-06-13 19:31:07, tokens_remaining: 2404, call: scores, phase: playing
2026-06-13 19:31:07, tokens_remaining: 2404, call: scores, phase: playing
2026-06-13 19:31:08, tokens_remaining: 2403, call: scores, phase: playing
2026-06-13 19:31:09, tokens_remaining: 2403, call: scores, phase: playing
2026-06-13 19:31:10, tokens_remaining: 2402, call: scores, phase: playing
