2026-06-14 19:44:42, tokens_remaining: 742, call: events, phase: idle
2026-06-14 19:44:42, EVENT: SUBSTITUTION 56' Nilson Angulo [Côte d'Ivoire vs Ecuador]
2026-06-14 19:44:42, EVENT: SUBSTITUTION 56' Ange-Yoan Bonny [Côte d'Ivoire vs Ecuador]
2026-06-14 19:44:42, EVENT: SUBSTITUTION 56' Amad Diallo [Côte d'Ivoire vs Ecuador]
2026-06-14 19:44:42, EVENT: SUBSTITUTION 62' Jackson Porozo [Côte d'Ivoire vs Ecuador]
2026-06-14 19:44:42, EVENT: SUBSTITUTION 62' Angelo Preciado [Côte d'Ivoire vs Ecuador]
2026-06-14 19:44:42, EVENT: SUBSTITUTION 77' Christ Inao Oulaï [Côte d'Ivoire vs Ecuador]
2026-06-14 19:44:42, EVENT: SUBSTITUTION 77' Kevin Rodríguez [Côte d'Ivoire vs Ecuador]
2026-06-14 19:44:42, EVENT: SUBSTITUTION 77' Ibrahim Sangaré [Côte d'Ivoire vs Ecuador]
2026-06-14 19:44:42, EVENT: YELLOW_CARD 28' Seko Fofana [Côte d'Ivoire vs Ecuador]
2026-06-14 19:44:42, EVENT: YELLOW_CARD 39' Franck Kessié [Côte d'Ivoire vs Ecuador]
2026-06-14 19:44:42, EVENT: YELLOW_CARD 40' Guela Doué [Côte d'Ivoire vs Ecuador]
2026-06-14 19:44:42, EVENT: YELLOW_CARD 74' Jackson Porozo [Côte d'Ivoire vs Ecuador]
2026-06-14 19:44:42, STATE_CHANGE: Côte d'Ivoire vs Ecuador [— -> 2H]
2026-06-14 19:44:52, tokens_remaining: 2499, call: events, phase: idle
2026-06-14 19:44:52, EVENT: SUBSTITUTION 56' Nilson Angulo [Côte d'Ivoire vs Ecuador]
2026-06-14 19:44:52, EVENT: SUBSTITUTION 56' Ange-Yoan Bonny [Côte d'Ivoire vs Ecuador]
2026-06-14 19:44:52, EVENT: SUBSTITUTION 56' Amad Diallo [Côte d'Ivoire vs Ecuador]
2026-06-14 19:44:52, EVENT: SUBSTITUTION 62' Jackson Porozo [Côte d'Ivoire vs Ecuador]
2026-06-14 19:44:52, EVENT: SUBSTITUTION 62' Angelo Preciado [Côte d'Ivoire vs Ecuador]
2026-06-14 19:44:52, EVENT: SUBSTITUTION 77' Christ Inao Oulaï [Côte d'Ivoire vs Ecuador]
2026-06-14 19:44:52, EVENT: SUBSTITUTION 77' Kevin Rodríguez [Côte d'Ivoire vs Ecuador]
2026-06-14 19:44:52, EVENT: SUBSTITUTION 77' Ibrahim Sangaré [Côte d'Ivoire vs Ecuador]
2026-06-14 19:44:52, EVENT: YELLOW_CARD 28' Seko Fofana [Côte d'Ivoire vs Ecuador]
2026-06-14 19:44:52, EVENT: YELLOW_CARD 39' Franck Kessié [Côte d'Ivoire vs Ecuador]
2026-06-14 19:44:52, EVENT: YELLOW_CARD 40' Guela Doué [Côte d'Ivoire vs Ecuador]
2026-06-14 19:44:52, EVENT: YELLOW_CARD 74' Jackson Porozo [Côte d'Ivoire vs Ecuador]
2026-06-14 19:44:52, STATE_CHANGE: Côte d'Ivoire vs Ecuador [— -> 2H]
2026-06-14 19:44:53, tokens_remaining: 2498, call: scores, phase: playing
2026-06-14 19:44:54, tokens_remaining: 2498, call: scores, phase: playing
2026-06-14 19:44:55, tokens_remaining: 2497, call: scores, phase: playing
2026-06-14 19:44:55, tokens_remaining: 2497, call: scores, phase: playing
2026-06-14 19:44:56, tokens_remaining: 2496, call: scores, phase: playing
2026-06-14 19:44:57, tokens_remaining: 2496, call: scores, phase: playing
2026-06-14 19:44:58, tokens_remaining: 2495, call: scores, phase: playing
2026-06-14 19:44:59, tokens_remaining: 2495, call: scores, phase: playing
2026-06-14 19:45:00, tokens_remaining: 2494, call: events, phase: playing
2026-06-14 19:45:01, tokens_remaining: 2493, call: scores, phase: playing
2026-06-14 19:45:02, tokens_remaining: 2493, call: scores, phase: playing
2026-06-14 19:45:03, tokens_remaining: 2492, call: scores, phase: playing
2026-06-14 19:45:03, tokens_remaining: 2492, call: scores, phase: playing
2026-06-14 19:45:04, tokens_remaining: 2491, call: scores, phase: playing
2026-06-14 19:45:05, tokens_remaining: 2491, call: scores, phase: playing
2026-06-14 19:45:06, tokens_remaining: 2490, call: scores, phase: playing
2026-06-14 19:45:07, tokens_remaining: 2490, call: scores, phase: playing
2026-06-14 19:45:08, tokens_remaining: 2489, call: scores, phase: playing
2026-06-14 19:45:09, tokens_remaining: 2488, call: events, phase: playing
2026-06-14 19:45:10, tokens_remaining: 2487, call: scores, phase: playing
2026-06-14 19:45:11, tokens_remaining: 2487, call: scores, phase: playing
2026-06-14 19:45:12, tokens_remaining: 2486, call: scores, phase: playing
2026-06-14 19:45:13, tokens_remaining: 2486, call: scores, phase: playing
2026-06-14 19:45:14, tokens_remaining: 2485, call: scores, phase: playing
2026-06-14 19:45:14, tokens_remaining: 2485, call: scores, phase: playing
2026-06-14 19:45:16, tokens_remaining: 2484, call: scores, phase: playing
2026-06-14 19:45:16, tokens_remaining: 2484, call: scores, phase: playing
2026-06-14 19:45:17, tokens_remaining: 2483, call: scores, phase: playing
2026-06-14 19:45:18, tokens_remaining: 2482, call: events, phase: playing
2026-06-14 19:45:19, tokens_remaining: 2481, call: scores, phase: playing
2026-06-14 19:45:20, tokens_remaining: 2481, call: scores, phase: playing
2026-06-14 19:45:21, tokens_remaining: 2480, call: scores, phase: playing
2026-06-14 19:45:22, tokens_remaining: 2480, call: scores, phase: playing
2026-06-14 19:45:23, tokens_remaining: 2479, call: scores, phase: playing
2026-06-14 19:45:24, tokens_remaining: 2479, call: scores, phase: playing
2026-06-14 19:45:25, tokens_remaining: 2478, call: scores, phase: playing
2026-06-14 19:45:25, tokens_remaining: 2478, call: scores, phase: playing
2026-06-14 19:45:26, tokens_remaining: 2477, call: scores, phase: playing
2026-06-14 19:45:27, tokens_remaining: 2476, call: events, phase: playing
2026-06-14 19:45:28, tokens_remaining: 2475, call: scores, phase: playing
2026-06-14 19:45:29, tokens_remaining: 2475, call: scores, phase: playing
2026-06-14 19:45:30, tokens_remaining: 2474, call: scores, phase: playing
2026-06-14 19:45:31, tokens_remaining: 2474, call: scores, phase: playing
2026-06-14 19:45:32, tokens_remaining: 2473, call: scores, phase: playing
2026-06-14 19:45:33, tokens_remaining: 2473, call: scores, phase: playing
2026-06-14 19:45:34, tokens_remaining: 2472, call: scores, phase: playing
2026-06-14 19:45:34, tokens_remaining: 2472, call: scores, phase: playing
2026-06-14 19:45:35, tokens_remaining: 2471, call: scores, phase: playing
2026-06-14 19:45:36, tokens_remaining: 2470, call: events, phase: playing
2026-06-14 19:45:37, tokens_remaining: 2469, call: scores, phase: playing
2026-06-14 19:45:38, tokens_remaining: 2469, call: scores, phase: playing
2026-06-14 19:45:39, tokens_remaining: 2468, call: scores, phase: playing
2026-06-14 19:45:40, tokens_remaining: 2468, call: scores, phase: playing
2026-06-14 19:45:41, tokens_remaining: 2467, call: scores, phase: playing
2026-06-14 19:45:42, tokens_remaining: 2467, call: scores, phase: playing
2026-06-14 19:45:43, tokens_remaining: 2466, call: scores, phase: playing
2026-06-14 19:45:43, tokens_remaining: 2466, call: scores, phase: playing
2026-06-14 19:45:44, tokens_remaining: 2465, call: scores, phase: playing
2026-06-14 19:45:45, tokens_remaining: 2464, call: events, phase: playing
2026-06-14 19:45:46, tokens_remaining: 2463, call: scores, phase: playing
2026-06-14 19:45:47, tokens_remaining: 2463, call: scores, phase: playing
2026-06-14 19:45:48, tokens_remaining: 2462, call: scores, phase: playing
2026-06-14 19:45:49, tokens_remaining: 2462, call: scores, phase: playing
2026-06-14 19:45:50, tokens_remaining: 2461, call: scores, phase: playing
2026-06-14 19:45:51, tokens_remaining: 2461, call: scores, phase: playing
2026-06-14 19:45:52, tokens_remaining: 2460, call: scores, phase: playing
2026-06-14 19:45:53, tokens_remaining: 2460, call: scores, phase: playing
2026-06-14 19:45:54, tokens_remaining: 2459, call: scores, phase: playing
2026-06-14 19:45:55, tokens_remaining: 2458, call: events, phase: playing
2026-06-14 19:45:56, tokens_remaining: 2457, call: scores, phase: playing
2026-06-14 19:45:56, tokens_remaining: 2457, call: scores, phase: playing
2026-06-14 19:45:57, tokens_remaining: 2456, call: scores, phase: playing
2026-06-14 19:45:58, tokens_remaining: 2456, call: scores, phase: playing
2026-06-14 19:45:59, tokens_remaining: 2455, call: scores, phase: playing
2026-06-14 19:46:00, tokens_remaining: 2455, call: scores, phase: playing
2026-06-14 19:46:01, tokens_remaining: 2454, call: scores, phase: playing
2026-06-14 19:46:02, tokens_remaining: 2454, call: scores, phase: playing
2026-06-14 19:46:03, tokens_remaining: 2453, call: scores, phase: playing
2026-06-14 19:46:04, tokens_remaining: 2452, call: events, phase: playing
2026-06-14 19:46:05, tokens_remaining: 2451, call: scores, phase: playing
2026-06-14 19:46:05, tokens_remaining: 2451, call: scores, phase: playing
2026-06-14 19:46:07, tokens_remaining: 2450, call: scores, phase: playing
2026-06-14 19:46:07, tokens_remaining: 2450, call: scores, phase: playing
2026-06-14 19:46:08, tokens_remaining: 2449, call: scores, phase: playing
2026-06-14 19:46:09, tokens_remaining: 2449, call: scores, phase: playing
2026-06-14 19:46:10, tokens_remaining: 2448, call: scores, phase: playing
2026-06-14 19:46:11, tokens_remaining: 2448, call: scores, phase: playing
2026-06-14 19:46:12, tokens_remaining: 2447, call: scores, phase: playing
2026-06-14 19:46:13, tokens_remaining: 2446, call: events, phase: playing
2026-06-14 19:46:14, tokens_remaining: 2445, call: scores, phase: playing
2026-06-14 19:46:15, tokens_remaining: 2445, call: scores, phase: playing
2026-06-14 19:46:16, tokens_remaining: 2444, call: scores, phase: playing
2026-06-14 19:46:16, tokens_remaining: 2444, call: scores, phase: playing
2026-06-14 19:46:17, tokens_remaining: 2443, call: scores, phase: playing
2026-06-14 19:46:18, tokens_remaining: 2443, call: scores, phase: playing
2026-06-14 19:46:19, tokens_remaining: 2442, call: scores, phase: playing
2026-06-14 19:46:20, tokens_remaining: 2442, call: scores, phase: playing
2026-06-14 19:46:21, tokens_remaining: 2441, call: scores, phase: playing
2026-06-14 19:46:22, tokens_remaining: 2440, call: events, phase: playing
2026-06-14 19:46:23, tokens_remaining: 2439, call: scores, phase: playing
2026-06-14 19:46:24, tokens_remaining: 2439, call: scores, phase: playing
2026-06-14 19:46:25, tokens_remaining: 2438, call: scores, phase: playing
2026-06-14 19:46:26, tokens_remaining: 2438, call: scores, phase: playing
2026-06-14 19:46:27, tokens_remaining: 2437, call: scores, phase: playing
2026-06-14 19:46:28, tokens_remaining: 2437, call: scores, phase: playing
2026-06-14 19:46:29, tokens_remaining: 2436, call: scores, phase: playing
2026-06-14 19:46:29, tokens_remaining: 2436, call: scores, phase: playing
2026-06-14 19:46:30, tokens_remaining: 2435, call: scores, phase: playing
2026-06-14 19:46:31, tokens_remaining: 2434, call: events, phase: playing
2026-06-14 19:46:32, tokens_remaining: 2433, call: scores, phase: playing
2026-06-14 19:46:33, tokens_remaining: 2433, call: scores, phase: playing
2026-06-14 19:46:34, tokens_remaining: 2432, call: scores, phase: playing
2026-06-14 19:46:35, tokens_remaining: 2432, call: scores, phase: playing
2026-06-14 19:46:36, tokens_remaining: 2431, call: scores, phase: playing
2026-06-14 19:46:37, tokens_remaining: 2431, call: scores, phase: playing
2026-06-14 19:46:38, tokens_remaining: 2430, call: scores, phase: playing
2026-06-14 19:46:39, tokens_remaining: 2430, call: scores, phase: playing
2026-06-14 19:46:40, tokens_remaining: 2429, call: scores, phase: playing
2026-06-14 19:46:41, tokens_remaining: 2428, call: events, phase: playing
2026-06-14 19:46:42, tokens_remaining: 2427, call: scores, phase: playing
2026-06-14 19:46:42, tokens_remaining: 2427, call: scores, phase: playing
2026-06-14 19:46:43, tokens_remaining: 2426, call: scores, phase: playing
2026-06-14 19:46:44, tokens_remaining: 2426, call: scores, phase: playing
2026-06-14 19:46:45, tokens_remaining: 2425, call: scores, phase: playing
2026-06-14 19:46:46, tokens_remaining: 2425, call: scores, phase: playing
2026-06-14 19:46:47, tokens_remaining: 2424, call: scores, phase: playing
2026-06-14 19:46:48, tokens_remaining: 2424, call: scores, phase: playing
2026-06-14 19:46:49, tokens_remaining: 2423, call: scores, phase: playing
2026-06-14 19:46:50, tokens_remaining: 2422, call: events, phase: playing
2026-06-14 19:46:51, tokens_remaining: 2421, call: scores, phase: playing
2026-06-14 19:46:52, tokens_remaining: 2421, call: scores, phase: playing
2026-06-14 19:46:53, tokens_remaining: 2420, call: scores, phase: playing
2026-06-14 19:46:53, tokens_remaining: 2420, call: scores, phase: playing
2026-06-14 19:46:54, tokens_remaining: 2419, call: scores, phase: playing
2026-06-14 19:46:55, tokens_remaining: 2419, call: scores, phase: playing
2026-06-14 19:46:56, tokens_remaining: 2418, call: scores, phase: playing
2026-06-14 19:46:57, tokens_remaining: 2418, call: scores, phase: playing
2026-06-14 19:46:58, tokens_remaining: 2417, call: scores, phase: playing
2026-06-14 19:46:59, tokens_remaining: 2416, call: events, phase: playing
2026-06-14 19:47:00, tokens_remaining: 2415, call: scores, phase: playing
2026-06-14 19:47:01, tokens_remaining: 2415, call: scores, phase: playing
2026-06-14 19:47:02, tokens_remaining: 2414, call: scores, phase: playing
2026-06-14 19:47:02, tokens_remaining: 2414, call: scores, phase: playing
2026-06-14 19:47:03, tokens_remaining: 2413, call: scores, phase: playing
2026-06-14 19:47:04, tokens_remaining: 2413, call: scores, phase: playing
2026-06-14 19:47:05, tokens_remaining: 2412, call: scores, phase: playing
2026-06-14 19:47:06, tokens_remaining: 2412, call: scores, phase: playing
2026-06-14 19:47:07, tokens_remaining: 2411, call: scores, phase: playing
2026-06-14 19:47:08, tokens_remaining: 2410, call: events, phase: playing
2026-06-14 19:47:09, tokens_remaining: 2409, call: scores, phase: playing
2026-06-14 19:47:10, tokens_remaining: 2409, call: scores, phase: playing
2026-06-14 19:47:11, tokens_remaining: 2408, call: scores, phase: playing
2026-06-14 19:47:12, tokens_remaining: 2408, call: scores, phase: playing
2026-06-14 19:47:13, tokens_remaining: 2407, call: scores, phase: playing
2026-06-14 19:47:13, tokens_remaining: 2407, call: scores, phase: playing
2026-06-14 19:47:14, tokens_remaining: 2406, call: scores, phase: playing
2026-06-14 19:47:15, tokens_remaining: 2406, call: scores, phase: playing
2026-06-14 19:47:16, tokens_remaining: 2405, call: scores, phase: playing
2026-06-14 19:47:17, tokens_remaining: 2404, call: events, phase: playing
2026-06-14 19:47:18, tokens_remaining: 2403, call: scores, phase: playing
2026-06-14 19:47:19, tokens_remaining: 2403, call: scores, phase: playing
2026-06-14 19:47:20, tokens_remaining: 2402, call: scores, phase: playing
2026-06-14 19:47:21, tokens_remaining: 2402, call: scores, phase: playing
2026-06-14 19:47:22, tokens_remaining: 2401, call: scores, phase: playing
2026-06-14 19:47:22, tokens_remaining: 2401, call: scores, phase: playing
2026-06-14 19:47:23, tokens_remaining: 2400, call: scores, phase: playing
2026-06-14 19:47:24, tokens_remaining: 2400, call: scores, phase: playing
2026-06-14 19:47:25, tokens_remaining: 2399, call: scores, phase: playing
2026-06-14 19:47:26, tokens_remaining: 2398, call: events, phase: playing
2026-06-14 19:47:27, tokens_remaining: 2397, call: scores, phase: playing
2026-06-14 19:47:28, tokens_remaining: 2397, call: scores, phase: playing
2026-06-14 19:47:29, tokens_remaining: 2396, call: scores, phase: playing
2026-06-14 19:47:30, tokens_remaining: 2396, call: scores, phase: playing
2026-06-14 19:47:31, tokens_remaining: 2395, call: scores, phase: playing
2026-06-14 19:47:31, tokens_remaining: 2395, call: scores, phase: playing
2026-06-14 19:47:32, tokens_remaining: 2394, call: scores, phase: playing
2026-06-14 19:47:33, tokens_remaining: 2394, call: scores, phase: playing
2026-06-14 19:47:34, tokens_remaining: 2393, call: scores, phase: playing
2026-06-14 19:47:35, tokens_remaining: 2392, call: events, phase: playing
2026-06-14 19:47:36, tokens_remaining: 2391, call: scores, phase: playing
2026-06-14 19:47:37, tokens_remaining: 2391, call: scores, phase: playing
2026-06-14 19:47:38, tokens_remaining: 2390, call: scores, phase: playing
2026-06-14 19:47:39, tokens_remaining: 2390, call: scores, phase: playing
2026-06-14 19:47:40, tokens_remaining: 2389, call: scores, phase: playing
2026-06-14 19:47:41, tokens_remaining: 2389, call: scores, phase: playing
2026-06-14 19:47:42, tokens_remaining: 2388, call: scores, phase: playing
2026-06-14 19:47:42, tokens_remaining: 2388, call: scores, phase: playing
2026-06-14 19:47:43, tokens_remaining: 2387, call: scores, phase: playing
2026-06-14 19:47:44, tokens_remaining: 2386, call: events, phase: playing
2026-06-14 19:47:45, tokens_remaining: 2385, call: scores, phase: playing
2026-06-14 19:47:46, tokens_remaining: 2385, call: scores, phase: playing
2026-06-14 19:47:47, tokens_remaining: 2384, call: scores, phase: playing
2026-06-14 19:47:48, tokens_remaining: 2384, call: scores, phase: playing
2026-06-14 19:47:49, tokens_remaining: 2383, call: scores, phase: playing
2026-06-14 19:47:50, tokens_remaining: 2383, call: scores, phase: playing
2026-06-14 19:47:51, tokens_remaining: 2382, call: scores, phase: playing
2026-06-14 19:47:52, tokens_remaining: 2382, call: scores, phase: playing
2026-06-14 19:47:53, tokens_remaining: 2381, call: scores, phase: playing
2026-06-14 19:47:54, tokens_remaining: 2380, call: events, phase: playing
2026-06-14 19:47:55, tokens_remaining: 2379, call: scores, phase: playing
2026-06-14 19:47:55, tokens_remaining: 2379, call: scores, phase: playing
2026-06-14 19:47:56, tokens_remaining: 2378, call: scores, phase: playing
2026-06-14 19:47:57, tokens_remaining: 2378, call: scores, phase: playing
2026-06-14 19:47:58, tokens_remaining: 2377, call: scores, phase: playing
2026-06-14 19:47:59, tokens_remaining: 2377, call: scores, phase: playing
2026-06-14 19:48:00, tokens_remaining: 2376, call: scores, phase: playing
2026-06-14 19:48:01, tokens_remaining: 2376, call: scores, phase: playing
2026-06-14 19:48:02, tokens_remaining: 2375, call: scores, phase: playing
2026-06-14 19:48:03, tokens_remaining: 2374, call: events, phase: playing
2026-06-14 19:48:04, tokens_remaining: 2373, call: scores, phase: playing
2026-06-14 19:48:05, tokens_remaining: 2373, call: scores, phase: playing
2026-06-14 19:48:06, tokens_remaining: 2372, call: scores, phase: playing
2026-06-14 19:48:06, tokens_remaining: 2372, call: scores, phase: playing
2026-06-14 19:48:07, tokens_remaining: 2371, call: scores, phase: playing
2026-06-14 19:48:08, tokens_remaining: 2371, call: scores, phase: playing
2026-06-14 19:48:09, tokens_remaining: 2370, call: scores, phase: playing
2026-06-14 19:48:10, tokens_remaining: 2370, call: scores, phase: playing
2026-06-14 19:48:11, tokens_remaining: 2369, call: scores, phase: playing
2026-06-14 19:48:12, tokens_remaining: 2368, call: events, phase: playing
2026-06-14 19:48:13, tokens_remaining: 2367, call: scores, phase: playing
2026-06-14 19:48:14, tokens_remaining: 2367, call: scores, phase: playing
2026-06-14 19:48:15, tokens_remaining: 2366, call: scores, phase: playing
2026-06-14 19:48:15, tokens_remaining: 2366, call: scores, phase: playing
2026-06-14 19:48:16, tokens_remaining: 2365, call: scores, phase: playing
2026-06-14 19:48:17, tokens_remaining: 2365, call: scores, phase: playing
2026-06-14 19:48:18, tokens_remaining: 2364, call: scores, phase: playing
2026-06-14 19:48:19, tokens_remaining: 2364, call: scores, phase: playing
2026-06-14 19:48:20, tokens_remaining: 2363, call: scores, phase: playing
2026-06-14 19:48:21, tokens_remaining: 2362, call: events, phase: playing
2026-06-14 19:48:22, tokens_remaining: 2361, call: scores, phase: playing
2026-06-14 19:48:23, tokens_remaining: 2361, call: scores, phase: playing
2026-06-14 19:48:24, tokens_remaining: 2360, call: scores, phase: playing
2026-06-14 19:48:24, tokens_remaining: 2360, call: scores, phase: playing
2026-06-14 19:48:26, tokens_remaining: 2359, call: scores, phase: playing
2026-06-14 19:48:26, tokens_remaining: 2359, call: scores, phase: playing
2026-06-14 19:48:27, tokens_remaining: 2358, call: scores, phase: playing
2026-06-14 19:48:28, tokens_remaining: 2358, call: scores, phase: playing
2026-06-14 19:48:29, tokens_remaining: 2357, call: scores, phase: playing
2026-06-14 19:48:30, tokens_remaining: 2356, call: events, phase: playing
2026-06-14 19:48:31, tokens_remaining: 2355, call: scores, phase: playing
2026-06-14 19:48:32, tokens_remaining: 2355, call: scores, phase: playing
2026-06-14 19:48:33, tokens_remaining: 2354, call: scores, phase: playing
2026-06-14 19:48:34, tokens_remaining: 2354, call: scores, phase: playing
2026-06-14 19:48:35, tokens_remaining: 2353, call: scores, phase: playing
2026-06-14 19:48:36, tokens_remaining: 2353, call: scores, phase: playing
2026-06-14 19:48:37, tokens_remaining: 2352, call: scores, phase: playing
2026-06-14 19:48:37, tokens_remaining: 2352, call: scores, phase: playing
2026-06-14 19:48:38, tokens_remaining: 2351, call: scores, phase: playing
2026-06-14 19:48:39, tokens_remaining: 2350, call: events, phase: playing
2026-06-14 19:48:40, tokens_remaining: 2349, call: scores, phase: playing
2026-06-14 19:48:41, tokens_remaining: 2349, call: scores, phase: playing
2026-06-14 19:48:42, tokens_remaining: 2348, call: scores, phase: playing
2026-06-14 19:48:43, tokens_remaining: 2348, call: scores, phase: playing
2026-06-14 19:48:44, tokens_remaining: 2347, call: scores, phase: playing
2026-06-14 19:48:45, tokens_remaining: 2347, call: scores, phase: playing
2026-06-14 19:48:46, tokens_remaining: 2346, call: scores, phase: playing
2026-06-14 19:48:46, tokens_remaining: 2346, call: scores, phase: playing
2026-06-14 19:48:47, tokens_remaining: 2345, call: scores, phase: playing
2026-06-14 19:48:48, tokens_remaining: 2344, call: events, phase: playing
2026-06-14 19:48:50, tokens_remaining: 2343, call: scores, phase: playing
2026-06-14 19:48:50, tokens_remaining: 2343, call: scores, phase: playing
2026-06-14 19:48:51, tokens_remaining: 2342, call: scores, phase: playing
2026-06-14 19:48:52, tokens_remaining: 2342, call: scores, phase: playing
2026-06-14 19:48:53, tokens_remaining: 2341, call: scores, phase: playing
2026-06-14 19:48:54, tokens_remaining: 2341, call: scores, phase: playing
2026-06-14 19:48:55, tokens_remaining: 2340, call: scores, phase: playing
2026-06-14 19:48:56, tokens_remaining: 2340, call: scores, phase: playing
2026-06-14 19:48:57, tokens_remaining: 2339, call: scores, phase: playing
2026-06-14 19:48:58, tokens_remaining: 2338, call: events, phase: playing
2026-06-14 19:49:01, tokens_remaining: 2337, call: scores, phase: playing
2026-06-14 19:49:01, tokens_remaining: 2337, call: scores, phase: playing
2026-06-14 19:49:02, tokens_remaining: 2336, call: scores, phase: playing
2026-06-14 19:49:03, tokens_remaining: 2336, call: scores, phase: playing
2026-06-14 19:49:04, tokens_remaining: 2335, call: scores, phase: playing
2026-06-14 19:49:05, tokens_remaining: 2335, call: scores, phase: playing
2026-06-14 19:49:06, tokens_remaining: 2334, call: scores, phase: playing
2026-06-14 19:49:07, tokens_remaining: 2334, call: scores, phase: playing
2026-06-14 19:49:08, tokens_remaining: 2333, call: scores, phase: playing
2026-06-14 19:49:09, tokens_remaining: 2332, call: events, phase: playing
2026-06-14 19:49:10, tokens_remaining: 2331, call: scores, phase: playing
2026-06-14 19:49:11, tokens_remaining: 2331, call: scores, phase: playing
2026-06-14 19:49:12, tokens_remaining: 2330, call: scores, phase: playing
2026-06-14 19:49:12, tokens_remaining: 2330, call: scores, phase: playing
2026-06-14 19:49:13, tokens_remaining: 2329, call: scores, phase: playing
2026-06-14 19:49:14, tokens_remaining: 2329, call: scores, phase: playing
2026-06-14 19:49:15, tokens_remaining: 2328, call: scores, phase: playing
2026-06-14 19:49:16, tokens_remaining: 2328, call: scores, phase: playing
2026-06-14 19:49:17, tokens_remaining: 2327, call: scores, phase: playing
2026-06-14 19:49:18, tokens_remaining: 2326, call: events, phase: playing
2026-06-14 19:49:19, tokens_remaining: 2325, call: scores, phase: playing
2026-06-14 19:49:20, tokens_remaining: 2325, call: scores, phase: playing
2026-06-14 19:49:21, tokens_remaining: 2324, call: scores, phase: playing
2026-06-14 19:49:21, tokens_remaining: 2324, call: scores, phase: playing
2026-06-14 19:49:22, tokens_remaining: 2323, call: scores, phase: playing
2026-06-14 19:49:23, tokens_remaining: 2323, call: scores, phase: playing
2026-06-14 19:49:24, tokens_remaining: 2322, call: scores, phase: playing
2026-06-14 19:49:25, tokens_remaining: 2322, call: scores, phase: playing
2026-06-14 19:49:26, tokens_remaining: 2321, call: scores, phase: playing
2026-06-14 19:49:27, tokens_remaining: 2320, call: events, phase: playing
2026-06-14 19:49:28, tokens_remaining: 2319, call: scores, phase: playing
2026-06-14 19:49:29, tokens_remaining: 2319, call: scores, phase: playing
2026-06-14 19:49:30, tokens_remaining: 2318, call: scores, phase: playing
2026-06-14 19:49:31, tokens_remaining: 2318, call: scores, phase: playing
2026-06-14 19:49:32, tokens_remaining: 2317, call: scores, phase: playing
2026-06-14 19:49:32, tokens_remaining: 2317, call: scores, phase: playing
2026-06-14 19:49:33, tokens_remaining: 2316, call: scores, phase: playing
2026-06-14 19:49:34, tokens_remaining: 2316, call: scores, phase: playing
2026-06-14 19:49:35, tokens_remaining: 2315, call: scores, phase: playing
2026-06-14 19:49:36, tokens_remaining: 2314, call: events, phase: playing
2026-06-14 19:49:37, tokens_remaining: 2313, call: scores, phase: playing
2026-06-14 19:49:38, tokens_remaining: 2313, call: scores, phase: playing
2026-06-14 19:49:39, tokens_remaining: 2312, call: scores, phase: playing
2026-06-14 19:49:40, tokens_remaining: 2312, call: scores, phase: playing
2026-06-14 19:49:41, tokens_remaining: 2311, call: scores, phase: playing
2026-06-14 19:49:41, tokens_remaining: 2311, call: scores, phase: playing
2026-06-14 19:49:43, tokens_remaining: 2310, call: scores, phase: playing
2026-06-14 19:49:43, tokens_remaining: 2310, call: scores, phase: playing
2026-06-14 19:49:44, tokens_remaining: 2309, call: scores, phase: playing
2026-06-14 19:49:45, tokens_remaining: 2308, call: events, phase: playing
2026-06-14 19:49:46, tokens_remaining: 2307, call: scores, phase: playing
2026-06-14 19:49:47, tokens_remaining: 2307, call: scores, phase: playing
2026-06-14 19:49:48, tokens_remaining: 2306, call: scores, phase: playing
2026-06-14 19:49:49, tokens_remaining: 2306, call: scores, phase: playing
2026-06-14 19:49:50, tokens_remaining: 2305, call: scores, phase: playing
2026-06-14 19:49:51, tokens_remaining: 2305, call: scores, phase: playing
2026-06-14 19:49:52, tokens_remaining: 2304, call: scores, phase: playing
2026-06-14 19:49:52, tokens_remaining: 2304, call: scores, phase: playing
2026-06-14 19:49:53, tokens_remaining: 2303, call: scores, phase: playing
2026-06-14 19:49:54, tokens_remaining: 2302, call: events, phase: playing
2026-06-14 19:49:55, tokens_remaining: 2301, call: scores, phase: playing
2026-06-14 19:49:56, tokens_remaining: 2301, call: scores, phase: playing
2026-06-14 19:49:57, tokens_remaining: 2300, call: scores, phase: playing
2026-06-14 19:49:58, tokens_remaining: 2300, call: scores, phase: playing
2026-06-14 19:49:59, tokens_remaining: 2299, call: scores, phase: playing
2026-06-14 19:50:00, tokens_remaining: 2299, call: scores, phase: playing
2026-06-14 19:50:01, tokens_remaining: 2298, call: scores, phase: playing
2026-06-14 19:50:01, tokens_remaining: 2298, call: scores, phase: playing
2026-06-14 19:50:02, tokens_remaining: 2297, call: scores, phase: playing
2026-06-14 19:50:04, tokens_remaining: 2296, call: events, phase: playing
2026-06-14 19:50:05, tokens_remaining: 2295, call: scores, phase: playing
2026-06-14 19:50:05, tokens_remaining: 2295, call: scores, phase: playing
2026-06-14 19:50:06, tokens_remaining: 2294, call: scores, phase: playing
2026-06-14 19:50:07, tokens_remaining: 2294, call: scores, phase: playing
2026-06-14 19:50:08, tokens_remaining: 2293, call: scores, phase: playing
2026-06-14 19:50:09, tokens_remaining: 2293, call: scores, phase: playing
2026-06-14 19:50:10, tokens_remaining: 2292, call: scores, phase: playing
2026-06-14 19:50:11, tokens_remaining: 2292, call: scores, phase: playing
2026-06-14 19:50:12, tokens_remaining: 2291, call: scores, phase: playing
2026-06-14 19:50:13, tokens_remaining: 2290, call: events, phase: playing
2026-06-14 19:50:14, tokens_remaining: 2289, call: scores, phase: playing
2026-06-14 19:50:14, tokens_remaining: 2289, call: scores, phase: playing
2026-06-14 19:50:15, tokens_remaining: 2288, call: scores, phase: playing
2026-06-14 19:50:16, tokens_remaining: 2288, call: scores, phase: playing
2026-06-14 19:50:17, tokens_remaining: 2287, call: scores, phase: playing
2026-06-14 19:50:18, tokens_remaining: 2287, call: scores, phase: playing
2026-06-14 19:50:19, tokens_remaining: 2286, call: scores, phase: playing
2026-06-14 19:50:20, tokens_remaining: 2286, call: scores, phase: playing
2026-06-14 19:50:21, tokens_remaining: 2285, call: scores, phase: playing
2026-06-14 19:50:22, tokens_remaining: 2284, call: events, phase: playing
2026-06-14 19:50:23, tokens_remaining: 2283, call: scores, phase: playing
2026-06-14 19:50:24, tokens_remaining: 2283, call: scores, phase: playing
2026-06-14 19:50:25, tokens_remaining: 2282, call: scores, phase: playing
2026-06-14 19:50:25, tokens_remaining: 2282, call: scores, phase: playing
2026-06-14 19:50:26, tokens_remaining: 2281, call: scores, phase: playing
2026-06-14 19:50:27, tokens_remaining: 2281, call: scores, phase: playing
2026-06-14 19:50:28, tokens_remaining: 2280, call: scores, phase: playing
2026-06-14 19:50:29, tokens_remaining: 2280, call: scores, phase: playing
2026-06-14 19:50:30, tokens_remaining: 2279, call: scores, phase: playing
2026-06-14 19:50:31, tokens_remaining: 2278, call: events, phase: playing
2026-06-14 19:50:32, tokens_remaining: 2277, call: scores, phase: playing
2026-06-14 19:50:33, tokens_remaining: 2277, call: scores, phase: playing
2026-06-14 19:50:34, tokens_remaining: 2276, call: scores, phase: playing
2026-06-14 19:50:34, tokens_remaining: 2276, call: scores, phase: playing
2026-06-14 19:50:36, tokens_remaining: 2275, call: scores, phase: playing
2026-06-14 19:50:36, tokens_remaining: 2275, call: scores, phase: playing
2026-06-14 19:50:37, tokens_remaining: 2274, call: scores, phase: playing
2026-06-14 19:50:38, tokens_remaining: 2274, call: scores, phase: playing
2026-06-14 19:50:39, tokens_remaining: 2273, call: scores, phase: playing
2026-06-14 19:50:40, tokens_remaining: 2272, call: events, phase: playing
2026-06-14 19:50:41, tokens_remaining: 2271, call: scores, phase: playing
2026-06-14 19:50:42, tokens_remaining: 2271, call: scores, phase: playing
2026-06-14 19:50:43, tokens_remaining: 2270, call: scores, phase: playing
2026-06-14 19:50:44, tokens_remaining: 2270, call: scores, phase: playing
2026-06-14 19:50:45, tokens_remaining: 2269, call: scores, phase: playing
2026-06-14 19:50:45, tokens_remaining: 2269, call: scores, phase: playing
2026-06-14 19:50:46, tokens_remaining: 2268, call: scores, phase: playing
2026-06-14 19:50:47, tokens_remaining: 2268, call: scores, phase: playing
2026-06-14 19:50:48, tokens_remaining: 2267, call: scores, phase: playing
2026-06-14 19:50:49, tokens_remaining: 2266, call: events, phase: playing
2026-06-14 19:50:50, tokens_remaining: 2265, call: scores, phase: playing
2026-06-14 19:50:51, tokens_remaining: 2265, call: scores, phase: playing
2026-06-14 19:50:52, tokens_remaining: 2264, call: scores, phase: playing
2026-06-14 19:50:53, tokens_remaining: 2264, call: scores, phase: playing
2026-06-14 19:50:54, tokens_remaining: 2263, call: scores, phase: playing
2026-06-14 19:50:55, tokens_remaining: 2263, call: scores, phase: playing
2026-06-14 19:50:56, tokens_remaining: 2262, call: scores, phase: playing
2026-06-14 19:50:56, tokens_remaining: 2262, call: scores, phase: playing
2026-06-14 19:50:57, tokens_remaining: 2261, call: scores, phase: playing
2026-06-14 19:50:58, tokens_remaining: 2260, call: events, phase: playing
2026-06-14 19:50:59, tokens_remaining: 2259, call: scores, phase: playing
2026-06-14 19:51:00, tokens_remaining: 2259, call: scores, phase: playing
2026-06-14 19:51:01, tokens_remaining: 2258, call: scores, phase: playing
2026-06-14 19:51:02, tokens_remaining: 2258, call: scores, phase: playing
2026-06-14 19:51:03, tokens_remaining: 2257, call: scores, phase: playing
2026-06-14 19:51:04, tokens_remaining: 2257, call: scores, phase: playing
2026-06-14 19:51:05, tokens_remaining: 2256, call: scores, phase: playing
2026-06-14 19:51:05, tokens_remaining: 2256, call: scores, phase: playing
2026-06-14 19:51:06, tokens_remaining: 2255, call: scores, phase: playing
2026-06-14 19:51:07, tokens_remaining: 2254, call: events, phase: playing
2026-06-14 19:51:08, tokens_remaining: 2253, call: scores, phase: playing
2026-06-14 19:51:09, tokens_remaining: 2253, call: scores, phase: playing
2026-06-14 19:51:10, tokens_remaining: 2252, call: scores, phase: playing
2026-06-14 19:51:11, tokens_remaining: 2252, call: scores, phase: playing
2026-06-14 19:51:12, tokens_remaining: 2251, call: scores, phase: playing
2026-06-14 19:51:13, tokens_remaining: 2251, call: scores, phase: playing
2026-06-14 19:51:14, tokens_remaining: 2250, call: scores, phase: playing
2026-06-14 19:51:15, tokens_remaining: 2250, call: scores, phase: playing
2026-06-14 19:51:16, tokens_remaining: 2249, call: scores, phase: playing
2026-06-14 19:51:17, tokens_remaining: 2248, call: events, phase: playing
2026-06-14 19:51:18, tokens_remaining: 2247, call: scores, phase: playing
2026-06-14 19:51:18, tokens_remaining: 2247, call: scores, phase: playing
2026-06-14 19:51:19, tokens_remaining: 2246, call: scores, phase: playing
2026-06-14 19:51:20, tokens_remaining: 2246, call: scores, phase: playing
2026-06-14 19:51:21, tokens_remaining: 2245, call: scores, phase: playing
2026-06-14 19:51:22, tokens_remaining: 2245, call: scores, phase: playing
2026-06-14 19:51:23, tokens_remaining: 2244, call: scores, phase: playing
2026-06-14 19:51:24, tokens_remaining: 2244, call: scores, phase: playing
2026-06-14 19:51:25, tokens_remaining: 2243, call: scores, phase: playing
2026-06-14 19:51:26, tokens_remaining: 2242, call: events, phase: playing
2026-06-14 19:51:27, tokens_remaining: 2241, call: scores, phase: playing
2026-06-14 19:51:28, tokens_remaining: 2241, call: scores, phase: playing
2026-06-14 19:51:29, tokens_remaining: 2240, call: scores, phase: playing
2026-06-14 19:51:29, tokens_remaining: 2240, call: scores, phase: playing
2026-06-14 19:51:30, tokens_remaining: 2239, call: scores, phase: playing
2026-06-14 19:51:31, tokens_remaining: 2239, call: scores, phase: playing
2026-06-14 19:51:32, tokens_remaining: 2238, call: scores, phase: playing
2026-06-14 19:51:33, tokens_remaining: 2238, call: scores, phase: playing
2026-06-14 19:51:34, tokens_remaining: 2237, call: scores, phase: playing
2026-06-14 19:51:35, tokens_remaining: 2236, call: events, phase: playing
2026-06-14 19:51:36, tokens_remaining: 2235, call: scores, phase: playing
2026-06-14 19:51:37, tokens_remaining: 2235, call: scores, phase: playing
2026-06-14 19:51:38, tokens_remaining: 2234, call: scores, phase: playing
2026-06-14 19:51:38, tokens_remaining: 2234, call: scores, phase: playing
2026-06-14 19:51:39, tokens_remaining: 2233, call: scores, phase: playing
2026-06-14 19:51:40, tokens_remaining: 2233, call: scores, phase: playing
2026-06-14 19:51:41, tokens_remaining: 2232, call: scores, phase: playing
2026-06-14 19:51:42, tokens_remaining: 2232, call: scores, phase: playing
2026-06-14 19:51:43, tokens_remaining: 2231, call: scores, phase: playing
2026-06-14 19:51:44, tokens_remaining: 2230, call: events, phase: playing
2026-06-14 19:51:45, tokens_remaining: 2229, call: scores, phase: playing
2026-06-14 19:51:46, tokens_remaining: 2229, call: scores, phase: playing
2026-06-14 19:51:47, tokens_remaining: 2228, call: scores, phase: playing
2026-06-14 19:51:48, tokens_remaining: 2228, call: scores, phase: playing
2026-06-14 19:51:49, tokens_remaining: 2227, call: scores, phase: playing
2026-06-14 19:51:49, tokens_remaining: 2227, call: scores, phase: playing
2026-06-14 19:51:50, tokens_remaining: 2226, call: scores, phase: playing
2026-06-14 19:51:51, tokens_remaining: 2226, call: scores, phase: playing
2026-06-14 19:51:52, tokens_remaining: 2225, call: scores, phase: playing
2026-06-14 19:51:53, tokens_remaining: 2224, call: events, phase: playing
