2026-06-16 21:07:08, tokens_remaining: 2106, call: events, phase: idle
2026-06-16 21:07:08, EVENT: GOAL 17' Lionel Messi   (1-0) [Argentina vs Algeria]
2026-06-16 21:07:08, EVENT: EVENT_10 8' Farès Chaïbi [Argentina vs Algeria]
2026-06-16 21:07:08, STATE_CHANGE: Argentina vs Algeria [— -> HT]
2026-06-16 21:07:54, tokens_remaining: 2105, call: scores, phase: break
2026-06-16 21:08:39, tokens_remaining: 2104, call: scores, phase: break
2026-06-16 21:08:39, STATE_CHANGE: Argentina vs Algeria [HT -> 2H]
2026-06-16 21:08:39, tokens_remaining: 2104, call: scores, phase: playing
2026-06-16 21:08:41, tokens_remaining: 2103, call: scores, phase: playing
2026-06-16 21:08:42, tokens_remaining: 2102, call: scores, phase: playing
2026-06-16 21:08:43, tokens_remaining: 2101, call: scores, phase: playing
2026-06-16 21:08:44, tokens_remaining: 2100, call: scores, phase: playing
2026-06-16 21:08:46, tokens_remaining: 2099, call: scores, phase: playing
2026-06-16 21:08:47, tokens_remaining: 2098, call: events, phase: playing
2026-06-16 21:08:47, EVENT: EVENT_10 9' Farès Chaïbi [Argentina vs Algeria]
2026-06-16 21:08:49, tokens_remaining: 2097, call: scores, phase: playing
2026-06-16 21:08:50, tokens_remaining: 2096, call: scores, phase: playing
2026-06-16 21:08:51, tokens_remaining: 2095, call: scores, phase: playing
2026-06-16 21:08:53, tokens_remaining: 2094, call: scores, phase: playing
2026-06-16 21:08:54, tokens_remaining: 2093, call: scores, phase: playing
2026-06-16 21:08:55, tokens_remaining: 2092, call: scores, phase: playing
2026-06-16 21:08:57, tokens_remaining: 2091, call: scores, phase: playing
2026-06-16 21:08:58, tokens_remaining: 2090, call: scores, phase: playing
2026-06-16 21:08:59, tokens_remaining: 2089, call: scores, phase: playing
2026-06-16 21:09:00, tokens_remaining: 2088, call: events, phase: playing
2026-06-16 21:09:00, EVENT: SUBSTITUTION 46' Nahuel Molina [Argentina vs Algeria]
2026-06-16 21:09:02, tokens_remaining: 2087, call: scores, phase: playing
2026-06-16 21:09:03, tokens_remaining: 2086, call: scores, phase: playing
2026-06-16 21:09:04, tokens_remaining: 2085, call: scores, phase: playing
2026-06-16 21:09:06, tokens_remaining: 2084, call: scores, phase: playing
2026-06-16 21:09:07, tokens_remaining: 2083, call: scores, phase: playing
2026-06-16 21:09:08, tokens_remaining: 2082, call: scores, phase: playing
2026-06-16 21:09:10, tokens_remaining: 2081, call: scores, phase: playing
2026-06-16 21:09:11, tokens_remaining: 2080, call: scores, phase: playing
2026-06-16 21:09:12, tokens_remaining: 2079, call: scores, phase: playing
2026-06-16 21:09:14, tokens_remaining: 2078, call: events, phase: playing
2026-06-16 21:09:15, tokens_remaining: 2077, call: scores, phase: playing
2026-06-16 21:09:16, tokens_remaining: 2076, call: scores, phase: playing
2026-06-16 21:09:17, tokens_remaining: 2075, call: scores, phase: playing
2026-06-16 21:09:19, tokens_remaining: 2074, call: scores, phase: playing
2026-06-16 21:09:20, tokens_remaining: 2073, call: scores, phase: playing
2026-06-16 21:09:22, tokens_remaining: 2072, call: scores, phase: playing
2026-06-16 21:09:23, tokens_remaining: 2071, call: scores, phase: playing
2026-06-16 21:09:25, tokens_remaining: 2070, call: scores, phase: playing
2026-06-16 21:09:26, tokens_remaining: 2069, call: scores, phase: playing
2026-06-16 21:09:27, tokens_remaining: 2068, call: events, phase: playing
2026-06-16 21:09:29, tokens_remaining: 2067, call: scores, phase: playing
2026-06-16 21:09:30, tokens_remaining: 2066, call: scores, phase: playing
2026-06-16 21:09:31, tokens_remaining: 2065, call: scores, phase: playing
2026-06-16 21:09:33, tokens_remaining: 2064, call: scores, phase: playing
2026-06-16 21:09:34, tokens_remaining: 2063, call: scores, phase: playing
2026-06-16 21:09:35, tokens_remaining: 2062, call: scores, phase: playing
2026-06-16 21:09:37, tokens_remaining: 2061, call: scores, phase: playing
2026-06-16 21:09:38, tokens_remaining: 2060, call: scores, phase: playing
2026-06-16 21:09:39, tokens_remaining: 2059, call: scores, phase: playing
2026-06-16 21:09:41, tokens_remaining: 2058, call: events, phase: playing
2026-06-16 21:09:42, tokens_remaining: 2057, call: scores, phase: playing
2026-06-16 21:09:43, tokens_remaining: 2056, call: scores, phase: playing
2026-06-16 21:09:44, tokens_remaining: 2055, call: scores, phase: playing
2026-06-16 21:09:46, tokens_remaining: 2054, call: scores, phase: playing
2026-06-16 21:09:47, tokens_remaining: 2053, call: scores, phase: playing
2026-06-16 21:09:48, tokens_remaining: 2052, call: scores, phase: playing
2026-06-16 21:09:50, tokens_remaining: 2051, call: scores, phase: playing
2026-06-16 21:09:51, tokens_remaining: 2050, call: scores, phase: playing
2026-06-16 21:09:52, tokens_remaining: 2049, call: scores, phase: playing
2026-06-16 21:09:54, tokens_remaining: 2048, call: events, phase: playing
2026-06-16 21:09:55, tokens_remaining: 2047, call: scores, phase: playing
2026-06-16 21:09:56, tokens_remaining: 2046, call: scores, phase: playing
2026-06-16 21:09:58, tokens_remaining: 2045, call: scores, phase: playing
2026-06-16 21:09:59, tokens_remaining: 2044, call: scores, phase: playing
2026-06-16 21:10:00, tokens_remaining: 2043, call: scores, phase: playing
2026-06-16 21:10:01, tokens_remaining: 2042, call: scores, phase: playing
2026-06-16 21:10:03, tokens_remaining: 2041, call: scores, phase: playing
2026-06-16 21:10:04, tokens_remaining: 2040, call: scores, phase: playing
2026-06-16 21:10:05, tokens_remaining: 2039, call: scores, phase: playing
2026-06-16 21:10:07, tokens_remaining: 2038, call: events, phase: playing
2026-06-16 21:10:08, tokens_remaining: 2037, call: scores, phase: playing
2026-06-16 21:10:09, tokens_remaining: 2036, call: scores, phase: playing
2026-06-16 21:10:11, tokens_remaining: 2035, call: scores, phase: playing
2026-06-16 21:10:12, tokens_remaining: 2034, call: scores, phase: playing
2026-06-16 21:10:13, tokens_remaining: 2033, call: scores, phase: playing
2026-06-16 21:10:15, tokens_remaining: 2032, call: scores, phase: playing
2026-06-16 21:10:16, tokens_remaining: 2031, call: scores, phase: playing
2026-06-16 21:10:17, tokens_remaining: 2030, call: scores, phase: playing
2026-06-16 21:10:19, tokens_remaining: 2029, call: scores, phase: playing
2026-06-16 21:10:20, tokens_remaining: 2028, call: events, phase: playing
2026-06-16 21:10:21, tokens_remaining: 2027, call: scores, phase: playing
2026-06-16 21:10:23, tokens_remaining: 2026, call: scores, phase: playing
2026-06-16 21:10:24, tokens_remaining: 2025, call: scores, phase: playing
2026-06-16 21:10:25, tokens_remaining: 2024, call: scores, phase: playing
2026-06-16 21:10:26, tokens_remaining: 2023, call: scores, phase: playing
2026-06-16 21:10:28, tokens_remaining: 2022, call: scores, phase: playing
2026-06-16 21:10:29, tokens_remaining: 2021, call: scores, phase: playing
2026-06-16 21:10:30, tokens_remaining: 2020, call: scores, phase: playing
2026-06-16 21:10:32, tokens_remaining: 2019, call: scores, phase: playing
2026-06-16 21:10:33, tokens_remaining: 2018, call: events, phase: playing
2026-06-16 21:10:34, tokens_remaining: 2017, call: scores, phase: playing
2026-06-16 21:10:36, tokens_remaining: 2016, call: scores, phase: playing
2026-06-16 21:10:37, tokens_remaining: 2015, call: scores, phase: playing
2026-06-16 21:10:38, tokens_remaining: 2014, call: scores, phase: playing
2026-06-16 21:10:40, tokens_remaining: 2013, call: scores, phase: playing
2026-06-16 21:10:41, tokens_remaining: 2012, call: scores, phase: playing
2026-06-16 21:10:42, tokens_remaining: 2011, call: scores, phase: playing
2026-06-16 21:10:43, tokens_remaining: 2010, call: scores, phase: playing
2026-06-16 21:10:45, tokens_remaining: 2009, call: scores, phase: playing
2026-06-16 21:10:46, tokens_remaining: 2008, call: events, phase: playing
2026-06-16 21:10:47, tokens_remaining: 2007, call: scores, phase: playing
2026-06-16 21:10:49, tokens_remaining: 2006, call: scores, phase: playing
2026-06-16 21:10:50, tokens_remaining: 2005, call: scores, phase: playing
2026-06-16 21:10:51, tokens_remaining: 2004, call: scores, phase: playing
2026-06-16 21:10:53, tokens_remaining: 2003, call: scores, phase: playing
2026-06-16 21:10:54, tokens_remaining: 2002, call: scores, phase: playing
2026-06-16 21:10:55, tokens_remaining: 2001, call: scores, phase: playing
2026-06-16 21:10:56, tokens_remaining: 2000, call: scores, phase: playing
2026-06-16 21:10:58, tokens_remaining: 1999, call: scores, phase: playing
2026-06-16 21:10:59, tokens_remaining: 1998, call: events, phase: playing
2026-06-16 21:11:00, tokens_remaining: 1997, call: scores, phase: playing
2026-06-16 21:11:02, tokens_remaining: 1996, call: scores, phase: playing
2026-06-16 21:11:03, tokens_remaining: 1995, call: scores, phase: playing
2026-06-16 21:11:04, tokens_remaining: 1994, call: scores, phase: playing
2026-06-16 21:11:06, tokens_remaining: 1993, call: scores, phase: playing
2026-06-16 21:11:07, tokens_remaining: 1992, call: scores, phase: playing
2026-06-16 21:11:08, tokens_remaining: 1991, call: scores, phase: playing
2026-06-16 21:11:09, tokens_remaining: 1990, call: scores, phase: playing
2026-06-16 21:11:11, tokens_remaining: 1989, call: scores, phase: playing
2026-06-16 21:11:12, tokens_remaining: 1988, call: events, phase: playing
2026-06-16 21:11:13, tokens_remaining: 1987, call: scores, phase: playing
2026-06-16 21:11:15, tokens_remaining: 1986, call: scores, phase: playing
2026-06-16 21:11:16, tokens_remaining: 1985, call: scores, phase: playing
2026-06-16 21:11:17, tokens_remaining: 1984, call: scores, phase: playing
2026-06-16 21:11:18, tokens_remaining: 1983, call: scores, phase: playing
2026-06-16 21:11:20, tokens_remaining: 1982, call: scores, phase: playing
2026-06-16 21:11:21, tokens_remaining: 1981, call: scores, phase: playing
2026-06-16 21:11:22, tokens_remaining: 1980, call: scores, phase: playing
2026-06-16 21:11:24, tokens_remaining: 1979, call: scores, phase: playing
2026-06-16 21:11:25, tokens_remaining: 1978, call: events, phase: playing
2026-06-16 21:11:26, tokens_remaining: 1977, call: scores, phase: playing
2026-06-16 21:11:28, tokens_remaining: 1976, call: scores, phase: playing
2026-06-16 21:11:29, tokens_remaining: 1975, call: scores, phase: playing
2026-06-16 21:11:30, tokens_remaining: 1974, call: scores, phase: playing
2026-06-16 21:11:32, tokens_remaining: 1973, call: scores, phase: playing
2026-06-16 21:11:33, tokens_remaining: 1972, call: scores, phase: playing
2026-06-16 21:11:34, tokens_remaining: 1971, call: scores, phase: playing
2026-06-16 21:11:35, tokens_remaining: 1970, call: scores, phase: playing
2026-06-16 21:11:37, tokens_remaining: 1969, call: scores, phase: playing
2026-06-16 21:11:38, tokens_remaining: 1968, call: events, phase: playing
2026-06-16 21:11:38, EVENT: EVENT_10 9' Farès Chaïbi [Argentina vs Algeria]
2026-06-16 21:11:39, tokens_remaining: 1967, call: scores, phase: playing
2026-06-16 21:11:41, tokens_remaining: 1966, call: scores, phase: playing
2026-06-16 21:11:42, tokens_remaining: 1965, call: scores, phase: playing
2026-06-16 21:11:43, tokens_remaining: 1964, call: scores, phase: playing
2026-06-16 21:11:45, tokens_remaining: 1963, call: scores, phase: playing
2026-06-16 21:11:46, tokens_remaining: 1962, call: scores, phase: playing
2026-06-16 21:11:47, tokens_remaining: 1961, call: scores, phase: playing
2026-06-16 21:11:48, tokens_remaining: 1960, call: scores, phase: playing
2026-06-16 21:11:50, tokens_remaining: 1959, call: scores, phase: playing
2026-06-16 21:11:51, tokens_remaining: 1958, call: events, phase: playing
2026-06-16 21:11:52, tokens_remaining: 1957, call: scores, phase: playing
2026-06-16 21:11:54, tokens_remaining: 1956, call: scores, phase: playing
2026-06-16 21:11:55, tokens_remaining: 1955, call: scores, phase: playing
2026-06-16 21:11:56, tokens_remaining: 1954, call: scores, phase: playing
2026-06-16 21:11:58, tokens_remaining: 1953, call: scores, phase: playing
2026-06-16 21:11:59, tokens_remaining: 1952, call: scores, phase: playing
2026-06-16 21:12:00, tokens_remaining: 1951, call: scores, phase: playing
2026-06-16 21:12:01, tokens_remaining: 1950, call: scores, phase: playing
2026-06-16 21:12:03, tokens_remaining: 1949, call: scores, phase: playing
2026-06-16 21:12:04, tokens_remaining: 1948, call: events, phase: playing
2026-06-16 21:12:05, tokens_remaining: 1947, call: scores, phase: playing
2026-06-16 21:12:07, tokens_remaining: 1946, call: scores, phase: playing
2026-06-16 21:12:08, tokens_remaining: 1945, call: scores, phase: playing
2026-06-16 21:12:09, tokens_remaining: 1944, call: scores, phase: playing
2026-06-16 21:12:10, tokens_remaining: 1943, call: scores, phase: playing
2026-06-16 21:12:12, tokens_remaining: 1942, call: scores, phase: playing
2026-06-16 21:12:13, tokens_remaining: 1941, call: scores, phase: playing
2026-06-16 21:12:14, tokens_remaining: 1940, call: scores, phase: playing
2026-06-16 21:12:16, tokens_remaining: 1939, call: scores, phase: playing
2026-06-16 21:12:17, tokens_remaining: 1938, call: events, phase: playing
2026-06-16 21:12:18, tokens_remaining: 1937, call: scores, phase: playing
2026-06-16 21:12:19, tokens_remaining: 1936, call: scores, phase: playing
2026-06-16 21:12:21, tokens_remaining: 1935, call: scores, phase: playing
2026-06-16 21:12:22, tokens_remaining: 1934, call: scores, phase: playing
2026-06-16 21:12:23, tokens_remaining: 1933, call: scores, phase: playing
2026-06-16 21:12:25, tokens_remaining: 1932, call: scores, phase: playing
2026-06-16 21:12:26, tokens_remaining: 1931, call: scores, phase: playing
2026-06-16 21:12:27, tokens_remaining: 1930, call: scores, phase: playing
2026-06-16 21:12:29, tokens_remaining: 1929, call: scores, phase: playing
2026-06-16 21:12:30, tokens_remaining: 1928, call: events, phase: playing
2026-06-16 21:12:31, tokens_remaining: 1927, call: scores, phase: playing
2026-06-16 21:12:32, tokens_remaining: 1926, call: scores, phase: playing
2026-06-16 21:12:34, tokens_remaining: 1925, call: scores, phase: playing
2026-06-16 21:12:35, tokens_remaining: 1924, call: scores, phase: playing
2026-06-16 21:12:36, tokens_remaining: 1923, call: scores, phase: playing
2026-06-16 21:12:38, tokens_remaining: 1922, call: scores, phase: playing
2026-06-16 21:12:39, tokens_remaining: 1921, call: scores, phase: playing
2026-06-16 21:12:40, tokens_remaining: 1920, call: scores, phase: playing
2026-06-16 21:12:41, tokens_remaining: 1919, call: scores, phase: playing
2026-06-16 21:12:43, tokens_remaining: 1918, call: events, phase: playing
2026-06-16 21:12:44, tokens_remaining: 1917, call: scores, phase: playing
2026-06-16 21:12:45, tokens_remaining: 1916, call: scores, phase: playing
2026-06-16 21:12:46, tokens_remaining: 1915, call: scores, phase: playing
2026-06-16 21:12:48, tokens_remaining: 1914, call: scores, phase: playing
2026-06-16 21:12:49, tokens_remaining: 1913, call: scores, phase: playing
2026-06-16 21:12:51, tokens_remaining: 1912, call: scores, phase: playing
2026-06-16 21:12:53, tokens_remaining: 1911, call: scores, phase: playing
2026-06-16 21:12:54, tokens_remaining: 1910, call: scores, phase: playing
2026-06-16 21:12:55, tokens_remaining: 1909, call: scores, phase: playing
2026-06-16 21:12:57, tokens_remaining: 1908, call: events, phase: playing
2026-06-16 21:12:58, tokens_remaining: 1907, call: scores, phase: playing
2026-06-16 21:12:59, tokens_remaining: 1906, call: scores, phase: playing
2026-06-16 21:13:00, tokens_remaining: 1905, call: scores, phase: playing
2026-06-16 21:13:02, tokens_remaining: 1904, call: scores, phase: playing
2026-06-16 21:13:03, tokens_remaining: 1903, call: scores, phase: playing
2026-06-16 21:13:04, tokens_remaining: 1902, call: scores, phase: playing
2026-06-16 21:13:06, tokens_remaining: 1901, call: scores, phase: playing
2026-06-16 21:13:07, tokens_remaining: 1900, call: scores, phase: playing
2026-06-16 21:13:08, tokens_remaining: 1899, call: scores, phase: playing
2026-06-16 21:13:10, tokens_remaining: 1898, call: events, phase: playing
2026-06-16 21:13:11, tokens_remaining: 1897, call: scores, phase: playing
2026-06-16 21:13:12, tokens_remaining: 1896, call: scores, phase: playing
2026-06-16 21:13:14, tokens_remaining: 1895, call: scores, phase: playing
2026-06-16 21:13:15, tokens_remaining: 1894, call: scores, phase: playing
2026-06-16 21:13:16, tokens_remaining: 1893, call: scores, phase: playing
2026-06-16 21:13:17, tokens_remaining: 1892, call: scores, phase: playing
2026-06-16 21:13:19, tokens_remaining: 1891, call: scores, phase: playing
2026-06-16 21:13:20, tokens_remaining: 1890, call: scores, phase: playing
2026-06-16 21:13:21, tokens_remaining: 1889, call: scores, phase: playing
2026-06-16 21:13:23, tokens_remaining: 1888, call: events, phase: playing
2026-06-16 21:13:24, tokens_remaining: 1887, call: scores, phase: playing
2026-06-16 21:13:25, tokens_remaining: 1886, call: scores, phase: playing
2026-06-16 21:13:26, tokens_remaining: 1885, call: scores, phase: playing
2026-06-16 21:13:28, tokens_remaining: 1884, call: scores, phase: playing
2026-06-16 21:13:29, tokens_remaining: 1883, call: scores, phase: playing
2026-06-16 21:13:30, tokens_remaining: 1882, call: scores, phase: playing
2026-06-16 21:13:32, tokens_remaining: 1881, call: scores, phase: playing
2026-06-16 21:13:33, tokens_remaining: 1880, call: scores, phase: playing
2026-06-16 21:13:34, tokens_remaining: 1879, call: scores, phase: playing
2026-06-16 21:13:35, tokens_remaining: 1878, call: events, phase: playing
2026-06-16 21:13:37, tokens_remaining: 1877, call: scores, phase: playing
2026-06-16 21:13:38, tokens_remaining: 1876, call: scores, phase: playing
2026-06-16 21:13:39, tokens_remaining: 1875, call: scores, phase: playing
2026-06-16 21:13:40, tokens_remaining: 1874, call: scores, phase: playing
2026-06-16 21:13:42, tokens_remaining: 1873, call: scores, phase: playing
2026-06-16 21:13:43, tokens_remaining: 1872, call: scores, phase: playing
2026-06-16 21:13:44, tokens_remaining: 1871, call: scores, phase: playing
2026-06-16 21:13:46, tokens_remaining: 1870, call: scores, phase: playing
2026-06-16 21:13:47, tokens_remaining: 1869, call: scores, phase: playing
2026-06-16 21:13:48, tokens_remaining: 1868, call: events, phase: playing
2026-06-16 21:13:49, tokens_remaining: 1867, call: scores, phase: playing
2026-06-16 21:13:51, tokens_remaining: 1866, call: scores, phase: playing
2026-06-16 21:13:52, tokens_remaining: 1865, call: scores, phase: playing
2026-06-16 21:13:53, tokens_remaining: 1864, call: scores, phase: playing
2026-06-16 21:13:55, tokens_remaining: 1863, call: scores, phase: playing
2026-06-16 21:13:56, tokens_remaining: 1862, call: scores, phase: playing
2026-06-16 21:13:57, tokens_remaining: 1861, call: scores, phase: playing
2026-06-16 21:13:58, tokens_remaining: 1860, call: scores, phase: playing
2026-06-16 21:14:00, tokens_remaining: 1859, call: scores, phase: playing
2026-06-16 21:14:01, tokens_remaining: 1858, call: events, phase: playing
2026-06-16 21:14:01, EVENT: EVENT_10 9' Farès Chaïbi [Argentina vs Algeria]
2026-06-16 21:14:02, tokens_remaining: 1857, call: scores, phase: playing
2026-06-16 21:14:04, tokens_remaining: 1856, call: scores, phase: playing
2026-06-16 21:14:05, tokens_remaining: 1855, call: scores, phase: playing
2026-06-16 21:14:06, tokens_remaining: 1854, call: scores, phase: playing
2026-06-16 21:14:07, tokens_remaining: 1853, call: scores, phase: playing
2026-06-16 21:14:09, tokens_remaining: 1852, call: scores, phase: playing
2026-06-16 21:14:10, tokens_remaining: 1851, call: scores, phase: playing
2026-06-16 21:14:11, tokens_remaining: 1850, call: scores, phase: playing
2026-06-16 21:14:12, tokens_remaining: 1849, call: scores, phase: playing
2026-06-16 21:14:14, tokens_remaining: 1848, call: events, phase: playing
2026-06-16 21:14:15, tokens_remaining: 1847, call: scores, phase: playing
2026-06-16 21:14:16, tokens_remaining: 1846, call: scores, phase: playing
2026-06-16 21:14:18, tokens_remaining: 1845, call: scores, phase: playing
2026-06-16 21:14:19, tokens_remaining: 1844, call: scores, phase: playing
2026-06-16 21:14:20, tokens_remaining: 1843, call: scores, phase: playing
2026-06-16 21:14:21, tokens_remaining: 1842, call: scores, phase: playing
2026-06-16 21:14:23, tokens_remaining: 1841, call: scores, phase: playing
2026-06-16 21:14:24, tokens_remaining: 1840, call: scores, phase: playing
2026-06-16 21:14:25, tokens_remaining: 1839, call: scores, phase: playing
2026-06-16 21:14:26, tokens_remaining: 1838, call: events, phase: playing
2026-06-16 21:14:28, tokens_remaining: 1837, call: scores, phase: playing
2026-06-16 21:14:29, tokens_remaining: 1836, call: scores, phase: playing
2026-06-16 21:14:30, tokens_remaining: 1835, call: scores, phase: playing
2026-06-16 21:14:32, tokens_remaining: 1834, call: scores, phase: playing
2026-06-16 21:14:33, tokens_remaining: 1833, call: scores, phase: playing
2026-06-16 21:14:34, tokens_remaining: 1832, call: scores, phase: playing
2026-06-16 21:14:35, tokens_remaining: 1831, call: scores, phase: playing
2026-06-16 21:14:37, tokens_remaining: 1830, call: scores, phase: playing
2026-06-16 21:14:38, tokens_remaining: 1829, call: scores, phase: playing
2026-06-16 21:14:39, tokens_remaining: 1828, call: events, phase: playing
2026-06-16 21:14:40, tokens_remaining: 1827, call: scores, phase: playing
2026-06-16 21:14:42, tokens_remaining: 1826, call: scores, phase: playing
2026-06-16 21:14:43, tokens_remaining: 1825, call: scores, phase: playing
2026-06-16 21:14:44, tokens_remaining: 1824, call: scores, phase: playing
2026-06-16 21:14:46, tokens_remaining: 1823, call: scores, phase: playing
2026-06-16 21:14:47, tokens_remaining: 1822, call: scores, phase: playing
2026-06-16 21:14:48, tokens_remaining: 1821, call: scores, phase: playing
2026-06-16 21:14:49, tokens_remaining: 1820, call: scores, phase: playing
2026-06-16 21:14:51, tokens_remaining: 1819, call: scores, phase: playing
2026-06-16 21:14:52, tokens_remaining: 1818, call: events, phase: playing
2026-06-16 21:14:53, tokens_remaining: 1817, call: scores, phase: playing
2026-06-16 21:14:54, tokens_remaining: 1816, call: scores, phase: playing
2026-06-16 21:14:56, tokens_remaining: 1815, call: scores, phase: playing
2026-06-16 21:14:57, tokens_remaining: 1814, call: scores, phase: playing
2026-06-16 21:14:58, tokens_remaining: 1813, call: scores, phase: playing
2026-06-16 21:15:00, tokens_remaining: 1812, call: scores, phase: playing
2026-06-16 21:15:01, tokens_remaining: 1811, call: scores, phase: playing
2026-06-16 21:15:02, tokens_remaining: 1810, call: scores, phase: playing
2026-06-16 21:15:03, tokens_remaining: 1809, call: scores, phase: playing
2026-06-16 21:15:05, tokens_remaining: 1808, call: events, phase: playing
2026-06-16 21:15:06, tokens_remaining: 1807, call: scores, phase: playing
2026-06-16 21:15:07, tokens_remaining: 1806, call: scores, phase: playing
2026-06-16 21:15:08, tokens_remaining: 1805, call: scores, phase: playing
2026-06-16 21:15:10, tokens_remaining: 1804, call: scores, phase: playing
2026-06-16 21:15:11, tokens_remaining: 1803, call: scores, phase: playing
2026-06-16 21:15:12, tokens_remaining: 1802, call: scores, phase: playing
2026-06-16 21:15:14, tokens_remaining: 1801, call: scores, phase: playing
2026-06-16 21:15:15, tokens_remaining: 1800, call: scores, phase: playing
2026-06-16 21:15:16, tokens_remaining: 1799, call: scores, phase: playing
2026-06-16 21:15:17, tokens_remaining: 1798, call: events, phase: playing
2026-06-16 21:15:19, tokens_remaining: 1797, call: scores, phase: playing
2026-06-16 21:15:20, tokens_remaining: 1796, call: scores, phase: playing
2026-06-16 21:15:21, tokens_remaining: 1795, call: scores, phase: playing
2026-06-16 21:15:23, tokens_remaining: 1794, call: scores, phase: playing
2026-06-16 21:15:24, tokens_remaining: 1793, call: scores, phase: playing
2026-06-16 21:15:25, tokens_remaining: 1792, call: scores, phase: playing
2026-06-16 21:15:26, tokens_remaining: 1791, call: scores, phase: playing
2026-06-16 21:15:28, tokens_remaining: 1790, call: scores, phase: playing
2026-06-16 21:15:29, tokens_remaining: 1789, call: scores, phase: playing
2026-06-16 21:15:30, tokens_remaining: 1788, call: events, phase: playing
2026-06-16 21:15:31, tokens_remaining: 1787, call: scores, phase: playing
2026-06-16 21:15:33, tokens_remaining: 1786, call: scores, phase: playing
2026-06-16 21:15:34, tokens_remaining: 1785, call: scores, phase: playing
2026-06-16 21:15:35, tokens_remaining: 1784, call: scores, phase: playing
2026-06-16 21:15:37, tokens_remaining: 1783, call: scores, phase: playing
2026-06-16 21:15:38, tokens_remaining: 1782, call: scores, phase: playing
2026-06-16 21:15:39, tokens_remaining: 1781, call: scores, phase: playing
2026-06-16 21:15:40, tokens_remaining: 1780, call: scores, phase: playing
2026-06-16 21:15:42, tokens_remaining: 1779, call: scores, phase: playing
2026-06-16 21:15:43, tokens_remaining: 1778, call: events, phase: playing
2026-06-16 21:15:44, tokens_remaining: 1777, call: scores, phase: playing
2026-06-16 21:15:45, tokens_remaining: 1776, call: scores, phase: playing
2026-06-16 21:15:47, tokens_remaining: 1775, call: scores, phase: playing
2026-06-16 21:15:48, tokens_remaining: 1774, call: scores, phase: playing
2026-06-16 21:15:49, tokens_remaining: 1773, call: scores, phase: playing
2026-06-16 21:15:50, tokens_remaining: 1772, call: scores, phase: playing
2026-06-16 21:15:52, tokens_remaining: 1771, call: scores, phase: playing
2026-06-16 21:15:53, tokens_remaining: 1770, call: scores, phase: playing
2026-06-16 21:15:54, tokens_remaining: 1769, call: scores, phase: playing
2026-06-16 21:15:55, tokens_remaining: 1768, call: events, phase: playing
2026-06-16 21:15:57, tokens_remaining: 1767, call: scores, phase: playing
2026-06-16 21:15:58, tokens_remaining: 1766, call: scores, phase: playing
2026-06-16 21:15:59, tokens_remaining: 1765, call: scores, phase: playing
2026-06-16 21:16:01, tokens_remaining: 1764, call: scores, phase: playing
2026-06-16 21:16:02, tokens_remaining: 1763, call: scores, phase: playing
2026-06-16 21:16:03, tokens_remaining: 1762, call: scores, phase: playing
2026-06-16 21:16:04, tokens_remaining: 1761, call: scores, phase: playing
2026-06-16 21:16:06, tokens_remaining: 1760, call: scores, phase: playing
2026-06-16 21:16:07, tokens_remaining: 1759, call: scores, phase: playing
2026-06-16 21:16:08, tokens_remaining: 1758, call: events, phase: playing
2026-06-16 21:16:09, tokens_remaining: 1757, call: scores, phase: playing
2026-06-16 21:16:11, tokens_remaining: 1756, call: scores, phase: playing
2026-06-16 21:16:12, tokens_remaining: 1755, call: scores, phase: playing
2026-06-16 21:16:13, tokens_remaining: 1755, call: scores, phase: playing
2026-06-16 21:16:14, tokens_remaining: 1754, call: scores, phase: playing
2026-06-16 21:16:16, tokens_remaining: 1753, call: scores, phase: playing
2026-06-16 21:16:17, tokens_remaining: 1752, call: scores, phase: playing
2026-06-16 21:16:18, tokens_remaining: 1751, call: scores, phase: playing
2026-06-16 21:16:19, tokens_remaining: 1751, call: scores, phase: playing
2026-06-16 21:16:20, tokens_remaining: 1750, call: events, phase: playing
2026-06-16 21:16:22, tokens_remaining: 1749, call: scores, phase: playing
2026-06-16 21:16:23, tokens_remaining: 1748, call: scores, phase: playing
2026-06-16 21:16:24, tokens_remaining: 1747, call: scores, phase: playing
2026-06-16 21:16:25, tokens_remaining: 1746, call: scores, phase: playing
2026-06-16 21:16:27, tokens_remaining: 1745, call: scores, phase: playing
2026-06-16 21:16:28, tokens_remaining: 1745, call: scores, phase: playing
2026-06-16 21:16:29, tokens_remaining: 1744, call: scores, phase: playing
2026-06-16 21:16:30, tokens_remaining: 1743, call: scores, phase: playing
2026-06-16 21:16:31, tokens_remaining: 1743, call: scores, phase: playing
2026-06-16 21:16:32, tokens_remaining: 1742, call: events, phase: playing
2026-06-16 21:16:32, EVENT: EVENT_10 9' Farès Chaïbi [Argentina vs Algeria]
2026-06-16 21:16:34, tokens_remaining: 1741, call: scores, phase: playing
2026-06-16 21:16:35, tokens_remaining: 1741, call: scores, phase: playing
2026-06-16 21:16:36, tokens_remaining: 1740, call: scores, phase: playing
2026-06-16 21:16:37, tokens_remaining: 1739, call: scores, phase: playing
2026-06-16 21:16:38, tokens_remaining: 1738, call: scores, phase: playing
2026-06-16 21:16:40, tokens_remaining: 1737, call: scores, phase: playing
2026-06-16 21:16:41, tokens_remaining: 1737, call: scores, phase: playing
2026-06-16 21:16:42, tokens_remaining: 1736, call: scores, phase: playing
2026-06-16 21:16:43, tokens_remaining: 1735, call: scores, phase: playing
2026-06-16 21:16:44, tokens_remaining: 1734, call: events, phase: playing
2026-06-16 21:16:46, tokens_remaining: 1733, call: scores, phase: playing
2026-06-16 21:16:47, tokens_remaining: 1733, call: scores, phase: playing
2026-06-16 21:16:48, tokens_remaining: 1732, call: scores, phase: playing
2026-06-16 21:16:49, tokens_remaining: 1732, call: scores, phase: playing
2026-06-16 21:16:50, tokens_remaining: 1731, call: scores, phase: playing
2026-06-16 21:16:51, tokens_remaining: 1731, call: scores, phase: playing
2026-06-16 21:16:52, tokens_remaining: 1730, call: scores, phase: playing
2026-06-16 21:16:53, tokens_remaining: 1730, call: scores, phase: playing
2026-06-16 21:16:55, tokens_remaining: 1729, call: scores, phase: playing
2026-06-16 21:16:56, tokens_remaining: 1728, call: events, phase: playing
2026-06-16 21:16:57, tokens_remaining: 1727, call: scores, phase: playing
2026-06-16 21:16:58, tokens_remaining: 1727, call: scores, phase: playing
2026-06-16 21:16:59, tokens_remaining: 1726, call: scores, phase: playing
2026-06-16 21:17:00, tokens_remaining: 1726, call: scores, phase: playing
2026-06-16 21:17:01, tokens_remaining: 1725, call: scores, phase: playing
2026-06-16 21:17:03, tokens_remaining: 1724, call: scores, phase: playing
2026-06-16 21:17:04, tokens_remaining: 1724, call: scores, phase: playing
2026-06-16 21:17:05, tokens_remaining: 1723, call: scores, phase: playing
2026-06-16 21:17:06, tokens_remaining: 1723, call: scores, phase: playing
2026-06-16 21:17:07, tokens_remaining: 1722, call: events, phase: playing
2026-06-16 21:17:08, tokens_remaining: 1721, call: scores, phase: playing
2026-06-16 21:17:09, tokens_remaining: 1721, call: scores, phase: playing
2026-06-16 21:17:11, tokens_remaining: 1720, call: scores, phase: playing
2026-06-16 21:17:12, tokens_remaining: 1720, call: scores, phase: playing
2026-06-16 21:17:13, tokens_remaining: 1719, call: scores, phase: playing
2026-06-16 21:17:14, tokens_remaining: 1719, call: scores, phase: playing
2026-06-16 21:17:15, tokens_remaining: 1718, call: scores, phase: playing
2026-06-16 21:17:16, tokens_remaining: 1718, call: scores, phase: playing
2026-06-16 21:17:17, tokens_remaining: 1717, call: scores, phase: playing
2026-06-16 21:17:19, tokens_remaining: 1716, call: events, phase: playing
2026-06-16 21:17:20, tokens_remaining: 1715, call: scores, phase: playing
2026-06-16 21:17:21, tokens_remaining: 1715, call: scores, phase: playing
2026-06-16 21:17:22, tokens_remaining: 1714, call: scores, phase: playing
2026-06-16 21:17:23, tokens_remaining: 1714, call: scores, phase: playing
2026-06-16 21:17:24, tokens_remaining: 1713, call: scores, phase: playing
2026-06-16 21:17:25, tokens_remaining: 1713, call: scores, phase: playing
2026-06-16 21:17:26, tokens_remaining: 1712, call: scores, phase: playing
2026-06-16 21:17:27, tokens_remaining: 1712, call: scores, phase: playing
2026-06-16 21:17:29, tokens_remaining: 1711, call: scores, phase: playing
2026-06-16 21:17:30, tokens_remaining: 1710, call: events, phase: playing
2026-06-16 21:17:31, tokens_remaining: 1709, call: scores, phase: playing
2026-06-16 21:17:32, tokens_remaining: 1709, call: scores, phase: playing
2026-06-16 21:17:33, tokens_remaining: 1708, call: scores, phase: playing
2026-06-16 21:17:34, tokens_remaining: 1708, call: scores, phase: playing
2026-06-16 21:17:35, tokens_remaining: 1707, call: scores, phase: playing
2026-06-16 21:17:36, tokens_remaining: 1707, call: scores, phase: playing
2026-06-16 21:17:38, tokens_remaining: 1706, call: scores, phase: playing
2026-06-16 21:17:39, tokens_remaining: 1706, call: scores, phase: playing
2026-06-16 21:17:40, tokens_remaining: 1705, call: scores, phase: playing
2026-06-16 21:17:41, tokens_remaining: 1704, call: events, phase: playing
2026-06-16 21:17:42, tokens_remaining: 1703, call: scores, phase: playing
2026-06-16 21:17:43, tokens_remaining: 1703, call: scores, phase: playing
2026-06-16 21:17:44, tokens_remaining: 1702, call: scores, phase: playing
2026-06-16 21:17:45, tokens_remaining: 1702, call: scores, phase: playing
2026-06-16 21:17:47, tokens_remaining: 1701, call: scores, phase: playing
2026-06-16 21:17:48, tokens_remaining: 1701, call: scores, phase: playing
2026-06-16 21:17:49, tokens_remaining: 1700, call: scores, phase: playing
2026-06-16 21:17:50, tokens_remaining: 1700, call: scores, phase: playing
2026-06-16 21:17:51, tokens_remaining: 1699, call: scores, phase: playing
2026-06-16 21:17:52, tokens_remaining: 1698, call: events, phase: playing
2026-06-16 21:17:54, tokens_remaining: 1697, call: scores, phase: playing
2026-06-16 21:17:55, tokens_remaining: 1697, call: scores, phase: playing
2026-06-16 21:17:56, tokens_remaining: 1696, call: scores, phase: playing
2026-06-16 21:17:57, tokens_remaining: 1696, call: scores, phase: playing
2026-06-16 21:17:58, tokens_remaining: 1695, call: scores, phase: playing
2026-06-16 21:17:59, tokens_remaining: 1695, call: scores, phase: playing
2026-06-16 21:18:00, tokens_remaining: 1694, call: scores, phase: playing
2026-06-16 21:18:01, tokens_remaining: 1694, call: scores, phase: playing
2026-06-16 21:18:02, tokens_remaining: 1693, call: scores, phase: playing
2026-06-16 21:18:04, tokens_remaining: 1692, call: events, phase: playing
2026-06-16 21:18:05, tokens_remaining: 1691, call: scores, phase: playing
2026-06-16 21:18:06, tokens_remaining: 1691, call: scores, phase: playing
2026-06-16 21:18:07, tokens_remaining: 1690, call: scores, phase: playing
2026-06-16 21:18:08, tokens_remaining: 1690, call: scores, phase: playing
2026-06-16 21:18:09, tokens_remaining: 1689, call: scores, phase: playing
2026-06-16 21:18:10, tokens_remaining: 1689, call: scores, phase: playing
2026-06-16 21:18:12, tokens_remaining: 1688, call: scores, phase: playing
2026-06-16 21:18:13, tokens_remaining: 1688, call: scores, phase: playing
2026-06-16 21:18:15, tokens_remaining: 1687, call: scores, phase: playing
2026-06-16 21:18:16, tokens_remaining: 1686, call: events, phase: playing
2026-06-16 21:18:17, tokens_remaining: 1685, call: scores, phase: playing
2026-06-16 21:18:18, tokens_remaining: 1685, call: scores, phase: playing
2026-06-16 21:18:19, tokens_remaining: 1684, call: scores, phase: playing
2026-06-16 21:18:20, tokens_remaining: 1684, call: scores, phase: playing
2026-06-16 21:18:21, tokens_remaining: 1683, call: scores, phase: playing
2026-06-16 21:18:22, tokens_remaining: 1683, call: scores, phase: playing
2026-06-16 21:18:24, tokens_remaining: 1682, call: scores, phase: playing
2026-06-16 21:18:25, tokens_remaining: 1682, call: scores, phase: playing
2026-06-16 21:18:26, tokens_remaining: 1681, call: scores, phase: playing
2026-06-16 21:18:27, tokens_remaining: 1680, call: events, phase: playing
2026-06-16 21:18:28, tokens_remaining: 1679, call: scores, phase: playing
2026-06-16 21:18:30, tokens_remaining: 1678, call: scores, phase: playing
2026-06-16 21:18:31, tokens_remaining: 1678, call: scores, phase: playing
2026-06-16 21:18:32, tokens_remaining: 1677, call: scores, phase: playing
2026-06-16 21:18:33, tokens_remaining: 1677, call: scores, phase: playing
2026-06-16 21:18:34, tokens_remaining: 1676, call: scores, phase: playing
2026-06-16 21:18:35, tokens_remaining: 1676, call: scores, phase: playing
2026-06-16 21:18:36, tokens_remaining: 1675, call: scores, phase: playing
2026-06-16 21:18:37, tokens_remaining: 1675, call: scores, phase: playing
2026-06-16 21:18:39, tokens_remaining: 1674, call: events, phase: playing
2026-06-16 21:18:40, tokens_remaining: 1673, call: scores, phase: playing
2026-06-16 21:18:41, tokens_remaining: 1673, call: scores, phase: playing
2026-06-16 21:18:42, tokens_remaining: 1672, call: scores, phase: playing
2026-06-16 21:18:43, tokens_remaining: 1672, call: scores, phase: playing
2026-06-16 21:18:44, tokens_remaining: 1671, call: scores, phase: playing
2026-06-16 21:18:45, tokens_remaining: 1671, call: scores, phase: playing
2026-06-16 21:18:46, tokens_remaining: 1670, call: scores, phase: playing
2026-06-16 21:18:47, tokens_remaining: 1670, call: scores, phase: playing
2026-06-16 21:18:48, tokens_remaining: 1669, call: scores, phase: playing
2026-06-16 21:18:50, tokens_remaining: 1668, call: events, phase: playing
2026-06-16 21:18:50, EVENT: SUBSTITUTION 55' Julián Álvarez [Argentina vs Algeria]
2026-06-16 21:18:51, tokens_remaining: 1667, call: scores, phase: playing
2026-06-16 21:18:52, tokens_remaining: 1667, call: scores, phase: playing
2026-06-16 21:18:53, tokens_remaining: 1666, call: scores, phase: playing
2026-06-16 21:18:54, tokens_remaining: 1666, call: scores, phase: playing
2026-06-16 21:18:55, tokens_remaining: 1665, call: scores, phase: playing
2026-06-16 21:18:56, tokens_remaining: 1665, call: scores, phase: playing
2026-06-16 21:18:58, tokens_remaining: 1664, call: scores, phase: playing
2026-06-16 21:18:59, tokens_remaining: 1664, call: scores, phase: playing
2026-06-16 21:19:00, tokens_remaining: 1663, call: scores, phase: playing
2026-06-16 21:19:01, tokens_remaining: 1662, call: events, phase: playing
2026-06-16 21:19:02, tokens_remaining: 1661, call: scores, phase: playing
2026-06-16 21:19:03, tokens_remaining: 1661, call: scores, phase: playing
2026-06-16 21:19:04, tokens_remaining: 1660, call: scores, phase: playing
2026-06-16 21:19:06, tokens_remaining: 1659, call: scores, phase: playing
2026-06-16 21:19:07, tokens_remaining: 1659, call: scores, phase: playing
2026-06-16 21:19:08, tokens_remaining: 1658, call: scores, phase: playing
2026-06-16 21:19:09, tokens_remaining: 1658, call: scores, phase: playing
2026-06-16 21:19:10, tokens_remaining: 1657, call: scores, phase: playing
2026-06-16 21:19:11, tokens_remaining: 1657, call: scores, phase: playing
2026-06-16 21:19:12, tokens_remaining: 1656, call: events, phase: playing
2026-06-16 21:19:13, tokens_remaining: 1655, call: scores, phase: playing
2026-06-16 21:19:14, tokens_remaining: 1655, call: scores, phase: playing
2026-06-16 21:19:15, tokens_remaining: 1654, call: scores, phase: playing
2026-06-16 21:19:16, tokens_remaining: 1654, call: scores, phase: playing
2026-06-16 21:19:18, tokens_remaining: 1653, call: scores, phase: playing
2026-06-16 21:19:18, tokens_remaining: 1653, call: scores, phase: playing
2026-06-16 21:19:20, tokens_remaining: 1652, call: scores, phase: playing
2026-06-16 21:19:21, tokens_remaining: 1652, call: scores, phase: playing
2026-06-16 21:19:22, tokens_remaining: 1651, call: scores, phase: playing
2026-06-16 21:19:23, tokens_remaining: 1650, call: events, phase: playing
2026-06-16 21:19:23, EVENT: SUBSTITUTION 55' Nico González [Argentina vs Algeria]
2026-06-16 21:19:24, tokens_remaining: 1649, call: scores, phase: playing
2026-06-16 21:19:25, tokens_remaining: 1649, call: scores, phase: playing
2026-06-16 21:19:26, tokens_remaining: 1648, call: scores, phase: playing
2026-06-16 21:19:27, tokens_remaining: 1648, call: scores, phase: playing
2026-06-16 21:19:29, tokens_remaining: 1647, call: scores, phase: playing
2026-06-16 21:19:29, tokens_remaining: 1647, call: scores, phase: playing
2026-06-16 21:19:31, tokens_remaining: 1646, call: scores, phase: playing
2026-06-16 21:19:32, tokens_remaining: 1646, call: scores, phase: playing
2026-06-16 21:19:33, tokens_remaining: 1645, call: scores, phase: playing
2026-06-16 21:19:34, tokens_remaining: 1644, call: events, phase: playing
2026-06-16 21:19:35, tokens_remaining: 1643, call: scores, phase: playing
2026-06-16 21:19:36, tokens_remaining: 1643, call: scores, phase: playing
2026-06-16 21:19:37, tokens_remaining: 1642, call: scores, phase: playing
2026-06-16 21:19:38, tokens_remaining: 1642, call: scores, phase: playing
2026-06-16 21:19:40, tokens_remaining: 1641, call: scores, phase: playing
2026-06-16 21:19:41, tokens_remaining: 1641, call: scores, phase: playing
2026-06-16 21:19:42, tokens_remaining: 1640, call: scores, phase: playing
2026-06-16 21:19:43, tokens_remaining: 1640, call: scores, phase: playing
2026-06-16 21:19:44, tokens_remaining: 1639, call: scores, phase: playing
2026-06-16 21:19:45, tokens_remaining: 1638, call: events, phase: playing
2026-06-16 21:19:46, tokens_remaining: 1637, call: scores, phase: playing
2026-06-16 21:19:47, tokens_remaining: 1637, call: scores, phase: playing
2026-06-16 21:19:48, tokens_remaining: 1636, call: scores, phase: playing
2026-06-16 21:19:49, tokens_remaining: 1636, call: scores, phase: playing
2026-06-16 21:19:50, tokens_remaining: 1635, call: scores, phase: playing
2026-06-16 21:19:52, tokens_remaining: 1634, call: scores, phase: playing
2026-06-16 21:19:53, tokens_remaining: 1634, call: scores, phase: playing
2026-06-16 21:19:54, tokens_remaining: 1633, call: scores, phase: playing
2026-06-16 21:19:55, tokens_remaining: 1633, call: scores, phase: playing
2026-06-16 21:19:56, tokens_remaining: 1632, call: events, phase: playing
2026-06-16 21:19:57, tokens_remaining: 1631, call: scores, phase: playing
2026-06-16 21:19:58, tokens_remaining: 1631, call: scores, phase: playing
2026-06-16 21:19:59, tokens_remaining: 1630, call: scores, phase: playing
2026-06-16 21:20:00, tokens_remaining: 1630, call: scores, phase: playing
2026-06-16 21:20:01, tokens_remaining: 1629, call: scores, phase: playing
2026-06-16 21:20:02, tokens_remaining: 1629, call: scores, phase: playing
2026-06-16 21:20:04, tokens_remaining: 1628, call: scores, phase: playing
2026-06-16 21:20:04, tokens_remaining: 1628, call: scores, phase: playing
2026-06-16 21:20:06, tokens_remaining: 1627, call: scores, phase: playing
2026-06-16 21:20:07, tokens_remaining: 1626, call: events, phase: playing
2026-06-16 21:20:08, tokens_remaining: 1625, call: scores, phase: playing
2026-06-16 21:20:09, tokens_remaining: 1625, call: scores, phase: playing
2026-06-16 21:20:10, tokens_remaining: 1624, call: scores, phase: playing
2026-06-16 21:20:11, tokens_remaining: 1624, call: scores, phase: playing
2026-06-16 21:20:12, tokens_remaining: 1623, call: scores, phase: playing
2026-06-16 21:20:13, tokens_remaining: 1623, call: scores, phase: playing
2026-06-16 21:20:14, tokens_remaining: 1622, call: scores, phase: playing
2026-06-16 21:20:15, tokens_remaining: 1622, call: scores, phase: playing
2026-06-16 21:20:16, tokens_remaining: 1621, call: scores, phase: playing
2026-06-16 21:20:18, tokens_remaining: 1620, call: events, phase: playing
2026-06-16 21:20:19, tokens_remaining: 1619, call: scores, phase: playing
2026-06-16 21:20:20, tokens_remaining: 1619, call: scores, phase: playing
2026-06-16 21:20:21, tokens_remaining: 1618, call: scores, phase: playing
2026-06-16 21:20:22, tokens_remaining: 1618, call: scores, phase: playing
2026-06-16 21:20:23, tokens_remaining: 1617, call: scores, phase: playing
2026-06-16 21:20:24, tokens_remaining: 1617, call: scores, phase: playing
2026-06-16 21:20:25, tokens_remaining: 1616, call: scores, phase: playing
2026-06-16 21:20:26, tokens_remaining: 1616, call: scores, phase: playing
2026-06-16 21:20:27, tokens_remaining: 1615, call: scores, phase: playing
2026-06-16 21:20:28, tokens_remaining: 1614, call: events, phase: playing
2026-06-16 21:20:30, tokens_remaining: 1613, call: scores, phase: playing
2026-06-16 21:20:30, tokens_remaining: 1613, call: scores, phase: playing
2026-06-16 21:20:32, tokens_remaining: 1612, call: scores, phase: playing
2026-06-16 21:20:33, tokens_remaining: 1612, call: scores, phase: playing
2026-06-16 21:20:34, tokens_remaining: 1611, call: scores, phase: playing
2026-06-16 21:20:35, tokens_remaining: 1611, call: scores, phase: playing
2026-06-16 21:20:36, tokens_remaining: 1610, call: scores, phase: playing
2026-06-16 21:20:37, tokens_remaining: 1609, call: scores, phase: playing
2026-06-16 21:20:38, tokens_remaining: 1609, call: scores, phase: playing
2026-06-16 21:20:39, tokens_remaining: 1608, call: events, phase: playing
2026-06-16 21:20:41, tokens_remaining: 1607, call: scores, phase: playing
2026-06-16 21:20:42, tokens_remaining: 1607, call: scores, phase: playing
2026-06-16 21:20:43, tokens_remaining: 1606, call: scores, phase: playing
2026-06-16 21:20:44, tokens_remaining: 1606, call: scores, phase: playing
2026-06-16 21:20:45, tokens_remaining: 1605, call: scores, phase: playing
2026-06-16 21:20:46, tokens_remaining: 1605, call: scores, phase: playing
2026-06-16 21:20:47, tokens_remaining: 1604, call: scores, phase: playing
2026-06-16 21:20:48, tokens_remaining: 1604, call: scores, phase: playing
2026-06-16 21:20:49, tokens_remaining: 1603, call: scores, phase: playing
2026-06-16 21:20:50, tokens_remaining: 1602, call: events, phase: playing
2026-06-16 21:20:51, tokens_remaining: 1601, call: scores, phase: playing
2026-06-16 21:20:52, tokens_remaining: 1601, call: scores, phase: playing
2026-06-16 21:20:53, tokens_remaining: 1600, call: scores, phase: playing
2026-06-16 21:20:54, tokens_remaining: 1600, call: scores, phase: playing
2026-06-16 21:20:56, tokens_remaining: 1599, call: scores, phase: playing
2026-06-16 21:20:57, tokens_remaining: 1599, call: scores, phase: playing
2026-06-16 21:20:59, tokens_remaining: 1598, call: scores, phase: playing
2026-06-16 21:20:59, tokens_remaining: 1598, call: scores, phase: playing
2026-06-16 21:21:01, tokens_remaining: 1597, call: scores, phase: playing
2026-06-16 21:21:02, tokens_remaining: 1596, call: events, phase: playing
2026-06-16 21:21:03, tokens_remaining: 1595, call: scores, phase: playing
2026-06-16 21:21:04, tokens_remaining: 1595, call: scores, phase: playing
2026-06-16 21:21:05, tokens_remaining: 1594, call: scores, phase: playing
2026-06-16 21:21:06, tokens_remaining: 1594, call: scores, phase: playing
2026-06-16 21:21:07, tokens_remaining: 1593, call: scores, phase: playing
2026-06-16 21:21:08, tokens_remaining: 1593, call: scores, phase: playing
2026-06-16 21:21:09, tokens_remaining: 1592, call: scores, phase: playing
2026-06-16 21:21:10, tokens_remaining: 1592, call: scores, phase: playing
2026-06-16 21:21:11, tokens_remaining: 1591, call: scores, phase: playing
2026-06-16 21:21:13, tokens_remaining: 1590, call: events, phase: playing
2026-06-16 21:21:13, EVENT: EVENT_10 9' Farès Chaïbi [Argentina vs Algeria]
2026-06-16 21:21:14, tokens_remaining: 1589, call: scores, phase: playing
2026-06-16 21:21:15, tokens_remaining: 1589, call: scores, phase: playing
2026-06-16 21:21:16, tokens_remaining: 1588, call: scores, phase: playing
2026-06-16 21:21:17, tokens_remaining: 1588, call: scores, phase: playing
2026-06-16 21:21:18, tokens_remaining: 1587, call: scores, phase: playing
2026-06-16 21:21:19, tokens_remaining: 1587, call: scores, phase: playing
2026-06-16 21:21:20, tokens_remaining: 1586, call: scores, phase: playing
2026-06-16 21:21:21, tokens_remaining: 1586, call: scores, phase: playing
2026-06-16 21:21:22, tokens_remaining: 1585, call: scores, phase: playing
2026-06-16 21:21:23, tokens_remaining: 1584, call: events, phase: playing
2026-06-16 21:21:24, tokens_remaining: 1583, call: scores, phase: playing
2026-06-16 21:21:25, tokens_remaining: 1583, call: scores, phase: playing
2026-06-16 21:21:27, tokens_remaining: 1582, call: scores, phase: playing
2026-06-16 21:21:28, tokens_remaining: 1582, call: scores, phase: playing
2026-06-16 21:21:29, tokens_remaining: 1581, call: scores, phase: playing
2026-06-16 21:21:30, tokens_remaining: 1581, call: scores, phase: playing
2026-06-16 21:21:31, tokens_remaining: 1580, call: scores, phase: playing
2026-06-16 21:21:32, tokens_remaining: 1580, call: scores, phase: playing
2026-06-16 21:21:33, tokens_remaining: 1579, call: scores, phase: playing
2026-06-16 21:21:34, tokens_remaining: 1578, call: events, phase: playing
