2026-06-16 20:00:46, tokens_remaining: 2482, call: events, phase: pregame
2026-06-16 20:01:47, tokens_remaining: 2481, call: scores, phase: pregame
2026-06-16 20:02:47, tokens_remaining: 2480, call: scores, phase: pregame
2026-06-16 20:03:48, tokens_remaining: 2479, call: scores, phase: pregame
2026-06-16 20:03:48, STATE_CHANGE: Argentina vs Algeria [NS -> 1H]
2026-06-16 20:03:48, tokens_remaining: 2479, call: scores, phase: playing
2026-06-16 20:03:50, tokens_remaining: 2478, call: scores, phase: playing
2026-06-16 20:03:51, tokens_remaining: 2477, call: scores, phase: playing
2026-06-16 20:03:52, tokens_remaining: 2476, call: scores, phase: playing
2026-06-16 20:03:54, tokens_remaining: 2475, call: scores, phase: playing
2026-06-16 20:03:55, tokens_remaining: 2474, call: scores, phase: playing
2026-06-16 20:03:57, tokens_remaining: 2473, call: events, phase: playing
2026-06-16 20:03:58, tokens_remaining: 2472, call: scores, phase: playing
2026-06-16 20:03:59, tokens_remaining: 2471, call: scores, phase: playing
2026-06-16 20:04:00, tokens_remaining: 2470, call: scores, phase: playing
2026-06-16 20:04:02, tokens_remaining: 2469, call: scores, phase: playing
2026-06-16 20:04:03, tokens_remaining: 2468, call: scores, phase: playing
2026-06-16 20:04:04, tokens_remaining: 2467, call: scores, phase: playing
2026-06-16 20:04:06, tokens_remaining: 2466, call: scores, phase: playing
2026-06-16 20:04:07, tokens_remaining: 2465, call: scores, phase: playing
2026-06-16 20:04:08, tokens_remaining: 2464, call: scores, phase: playing
2026-06-16 20:04:10, tokens_remaining: 2463, call: events, phase: playing
2026-06-16 20:04:11, tokens_remaining: 2462, call: scores, phase: playing
2026-06-16 20:04:12, tokens_remaining: 2461, call: scores, phase: playing
2026-06-16 20:04:13, tokens_remaining: 2460, call: scores, phase: playing
2026-06-16 20:04:15, tokens_remaining: 2459, call: scores, phase: playing
2026-06-16 20:04:16, tokens_remaining: 2458, call: scores, phase: playing
2026-06-16 20:04:17, tokens_remaining: 2457, call: scores, phase: playing
2026-06-16 20:04:19, tokens_remaining: 2456, call: scores, phase: playing
2026-06-16 20:04:20, tokens_remaining: 2455, call: scores, phase: playing
2026-06-16 20:04:21, tokens_remaining: 2454, call: scores, phase: playing
2026-06-16 20:04:22, tokens_remaining: 2453, call: events, phase: playing
2026-06-16 20:04:24, tokens_remaining: 2452, call: scores, phase: playing
2026-06-16 20:04:25, tokens_remaining: 2451, call: scores, phase: playing
2026-06-16 20:04:26, tokens_remaining: 2450, call: scores, phase: playing
2026-06-16 20:04:28, tokens_remaining: 2449, call: scores, phase: playing
2026-06-16 20:04:29, tokens_remaining: 2448, call: scores, phase: playing
2026-06-16 20:04:30, tokens_remaining: 2447, call: scores, phase: playing
2026-06-16 20:04:32, tokens_remaining: 2446, call: scores, phase: playing
2026-06-16 20:04:33, tokens_remaining: 2445, call: scores, phase: playing
2026-06-16 20:04:34, tokens_remaining: 2444, call: scores, phase: playing
2026-06-16 20:04:35, tokens_remaining: 2443, call: events, phase: playing
2026-06-16 20:04:37, tokens_remaining: 2442, call: scores, phase: playing
2026-06-16 20:04:38, tokens_remaining: 2441, call: scores, phase: playing
2026-06-16 20:04:39, tokens_remaining: 2440, call: scores, phase: playing
2026-06-16 20:04:41, tokens_remaining: 2439, call: scores, phase: playing
2026-06-16 20:04:42, tokens_remaining: 2438, call: scores, phase: playing
2026-06-16 20:04:43, tokens_remaining: 2437, call: scores, phase: playing
2026-06-16 20:04:45, tokens_remaining: 2436, call: scores, phase: playing
2026-06-16 20:04:46, tokens_remaining: 2435, call: scores, phase: playing
2026-06-16 20:04:47, tokens_remaining: 2434, call: scores, phase: playing
2026-06-16 20:04:48, tokens_remaining: 2433, call: events, phase: playing
2026-06-16 20:04:50, tokens_remaining: 2432, call: scores, phase: playing
2026-06-16 20:04:51, tokens_remaining: 2431, call: scores, phase: playing
2026-06-16 20:04:52, tokens_remaining: 2430, call: scores, phase: playing
2026-06-16 20:04:54, tokens_remaining: 2429, call: scores, phase: playing
2026-06-16 20:04:55, tokens_remaining: 2428, call: scores, phase: playing
2026-06-16 20:04:56, tokens_remaining: 2427, call: scores, phase: playing
2026-06-16 20:04:58, tokens_remaining: 2426, call: scores, phase: playing
2026-06-16 20:04:59, tokens_remaining: 2425, call: scores, phase: playing
2026-06-16 20:05:00, tokens_remaining: 2424, call: scores, phase: playing
2026-06-16 20:05:01, tokens_remaining: 2423, call: events, phase: playing
2026-06-16 20:05:03, tokens_remaining: 2422, call: scores, phase: playing
2026-06-16 20:05:04, tokens_remaining: 2421, call: scores, phase: playing
2026-06-16 20:05:05, tokens_remaining: 2420, call: scores, phase: playing
2026-06-16 20:05:07, tokens_remaining: 2419, call: scores, phase: playing
2026-06-16 20:05:08, tokens_remaining: 2418, call: scores, phase: playing
2026-06-16 20:05:09, tokens_remaining: 2417, call: scores, phase: playing
2026-06-16 20:05:11, tokens_remaining: 2416, call: scores, phase: playing
2026-06-16 20:05:12, tokens_remaining: 2415, call: scores, phase: playing
2026-06-16 20:05:13, tokens_remaining: 2414, call: scores, phase: playing
2026-06-16 20:05:14, tokens_remaining: 2413, call: events, phase: playing
2026-06-16 20:05:16, tokens_remaining: 2412, call: scores, phase: playing
2026-06-16 20:05:17, tokens_remaining: 2411, call: scores, phase: playing
2026-06-16 20:05:19, tokens_remaining: 2410, call: scores, phase: playing
2026-06-16 20:05:20, tokens_remaining: 2409, call: scores, phase: playing
2026-06-16 20:05:21, tokens_remaining: 2408, call: scores, phase: playing
2026-06-16 20:05:22, tokens_remaining: 2407, call: scores, phase: playing
2026-06-16 20:05:24, tokens_remaining: 2406, call: scores, phase: playing
2026-06-16 20:05:25, tokens_remaining: 2405, call: scores, phase: playing
2026-06-16 20:05:26, tokens_remaining: 2404, call: scores, phase: playing
2026-06-16 20:05:28, tokens_remaining: 2403, call: events, phase: playing
2026-06-16 20:05:29, tokens_remaining: 2402, call: scores, phase: playing
2026-06-16 20:05:30, tokens_remaining: 2401, call: scores, phase: playing
2026-06-16 20:05:31, tokens_remaining: 2400, call: scores, phase: playing
2026-06-16 20:05:33, tokens_remaining: 2399, call: scores, phase: playing
2026-06-16 20:05:34, tokens_remaining: 2398, call: scores, phase: playing
2026-06-16 20:05:35, tokens_remaining: 2397, call: scores, phase: playing
2026-06-16 20:05:37, tokens_remaining: 2396, call: scores, phase: playing
2026-06-16 20:05:38, tokens_remaining: 2395, call: scores, phase: playing
2026-06-16 20:05:39, tokens_remaining: 2394, call: scores, phase: playing
2026-06-16 20:05:40, tokens_remaining: 2393, call: events, phase: playing
2026-06-16 20:05:42, tokens_remaining: 2392, call: scores, phase: playing
2026-06-16 20:05:43, tokens_remaining: 2391, call: scores, phase: playing
2026-06-16 20:05:44, tokens_remaining: 2390, call: scores, phase: playing
2026-06-16 20:05:46, tokens_remaining: 2389, call: scores, phase: playing
2026-06-16 20:05:47, tokens_remaining: 2388, call: scores, phase: playing
2026-06-16 20:05:48, tokens_remaining: 2387, call: scores, phase: playing
2026-06-16 20:05:50, tokens_remaining: 2386, call: scores, phase: playing
2026-06-16 20:05:51, tokens_remaining: 2385, call: scores, phase: playing
2026-06-16 20:05:52, tokens_remaining: 2384, call: scores, phase: playing
2026-06-16 20:05:53, tokens_remaining: 2383, call: events, phase: playing
2026-06-16 20:05:55, tokens_remaining: 2382, call: scores, phase: playing
2026-06-16 20:05:56, tokens_remaining: 2381, call: scores, phase: playing
2026-06-16 20:05:57, tokens_remaining: 2380, call: scores, phase: playing
2026-06-16 20:05:59, tokens_remaining: 2379, call: scores, phase: playing
2026-06-16 20:06:00, tokens_remaining: 2378, call: scores, phase: playing
2026-06-16 20:06:01, tokens_remaining: 2377, call: scores, phase: playing
2026-06-16 20:06:02, tokens_remaining: 2376, call: scores, phase: playing
2026-06-16 20:06:04, tokens_remaining: 2375, call: scores, phase: playing
2026-06-16 20:06:05, tokens_remaining: 2374, call: scores, phase: playing
2026-06-16 20:06:06, tokens_remaining: 2373, call: events, phase: playing
2026-06-16 20:06:07, tokens_remaining: 2372, call: scores, phase: playing
2026-06-16 20:06:12, tokens_remaining: 2371, call: scores, phase: playing
2026-06-16 20:06:13, tokens_remaining: 2370, call: scores, phase: playing
2026-06-16 20:06:14, tokens_remaining: 2369, call: scores, phase: playing
2026-06-16 20:06:15, tokens_remaining: 2368, call: scores, phase: playing
2026-06-16 20:06:17, tokens_remaining: 2367, call: scores, phase: playing
2026-06-16 20:06:18, tokens_remaining: 2366, call: scores, phase: playing
2026-06-16 20:06:19, tokens_remaining: 2365, call: scores, phase: playing
2026-06-16 20:06:20, tokens_remaining: 2364, call: scores, phase: playing
2026-06-16 20:06:22, tokens_remaining: 2363, call: events, phase: playing
2026-06-16 20:06:23, tokens_remaining: 2362, call: scores, phase: playing
2026-06-16 20:06:24, tokens_remaining: 2361, call: scores, phase: playing
2026-06-16 20:06:25, tokens_remaining: 2360, call: scores, phase: playing
2026-06-16 20:06:26, tokens_remaining: 2360, call: scores, phase: playing
2026-06-16 20:06:28, tokens_remaining: 2359, call: scores, phase: playing
2026-06-16 20:06:29, tokens_remaining: 2358, call: scores, phase: playing
2026-06-16 20:06:30, tokens_remaining: 2357, call: scores, phase: playing
2026-06-16 20:06:32, tokens_remaining: 2356, call: scores, phase: playing
2026-06-16 20:06:33, tokens_remaining: 2355, call: scores, phase: playing
2026-06-16 20:06:34, tokens_remaining: 2354, call: events, phase: playing
2026-06-16 20:06:35, tokens_remaining: 2353, call: scores, phase: playing
2026-06-16 20:06:37, tokens_remaining: 2352, call: scores, phase: playing
2026-06-16 20:06:38, tokens_remaining: 2352, call: scores, phase: playing
2026-06-16 20:06:39, tokens_remaining: 2351, call: scores, phase: playing
2026-06-16 20:06:40, tokens_remaining: 2350, call: scores, phase: playing
2026-06-16 20:06:42, tokens_remaining: 2349, call: scores, phase: playing
2026-06-16 20:06:43, tokens_remaining: 2348, call: scores, phase: playing
2026-06-16 20:06:44, tokens_remaining: 2347, call: scores, phase: playing
2026-06-16 20:06:45, tokens_remaining: 2346, call: scores, phase: playing
2026-06-16 20:06:47, tokens_remaining: 2345, call: events, phase: playing
2026-06-16 20:06:48, tokens_remaining: 2344, call: scores, phase: playing
2026-06-16 20:06:49, tokens_remaining: 2343, call: scores, phase: playing
2026-06-16 20:06:51, tokens_remaining: 2342, call: scores, phase: playing
2026-06-16 20:06:52, tokens_remaining: 2341, call: scores, phase: playing
2026-06-16 20:06:53, tokens_remaining: 2340, call: scores, phase: playing
2026-06-16 20:06:54, tokens_remaining: 2340, call: scores, phase: playing
2026-06-16 20:06:55, tokens_remaining: 2339, call: scores, phase: playing
2026-06-16 20:06:57, tokens_remaining: 2338, call: scores, phase: playing
2026-06-16 20:06:58, tokens_remaining: 2338, call: scores, phase: playing
2026-06-16 20:06:59, tokens_remaining: 2337, call: events, phase: playing
2026-06-16 20:07:00, tokens_remaining: 2336, call: scores, phase: playing
2026-06-16 20:07:01, tokens_remaining: 2335, call: scores, phase: playing
2026-06-16 20:07:03, tokens_remaining: 2334, call: scores, phase: playing
2026-06-16 20:07:04, tokens_remaining: 2333, call: scores, phase: playing
2026-06-16 20:07:05, tokens_remaining: 2332, call: scores, phase: playing
2026-06-16 20:07:06, tokens_remaining: 2332, call: scores, phase: playing
2026-06-16 20:07:07, tokens_remaining: 2331, call: scores, phase: playing
2026-06-16 20:07:08, tokens_remaining: 2331, call: scores, phase: playing
2026-06-16 20:07:10, tokens_remaining: 2330, call: scores, phase: playing
2026-06-16 20:07:11, tokens_remaining: 2329, call: events, phase: playing
2026-06-16 20:07:12, tokens_remaining: 2328, call: scores, phase: playing
2026-06-16 20:07:14, tokens_remaining: 2327, call: scores, phase: playing
2026-06-16 20:07:15, tokens_remaining: 2326, call: scores, phase: playing
2026-06-16 20:07:16, tokens_remaining: 2326, call: scores, phase: playing
2026-06-16 20:07:17, tokens_remaining: 2325, call: scores, phase: playing
2026-06-16 20:07:18, tokens_remaining: 2324, call: scores, phase: playing
2026-06-16 20:07:20, tokens_remaining: 2323, call: scores, phase: playing
2026-06-16 20:07:21, tokens_remaining: 2322, call: scores, phase: playing
2026-06-16 20:07:22, tokens_remaining: 2321, call: scores, phase: playing
2026-06-16 20:07:23, tokens_remaining: 2320, call: events, phase: playing
2026-06-16 20:07:25, tokens_remaining: 2319, call: scores, phase: playing
2026-06-16 20:07:26, tokens_remaining: 2318, call: scores, phase: playing
2026-06-16 20:07:27, tokens_remaining: 2318, call: scores, phase: playing
2026-06-16 20:07:28, tokens_remaining: 2317, call: scores, phase: playing
2026-06-16 20:07:29, tokens_remaining: 2317, call: scores, phase: playing
2026-06-16 20:07:30, tokens_remaining: 2316, call: scores, phase: playing
2026-06-16 20:07:32, tokens_remaining: 2315, call: scores, phase: playing
2026-06-16 20:07:33, tokens_remaining: 2314, call: scores, phase: playing
2026-06-16 20:07:34, tokens_remaining: 2313, call: scores, phase: playing
2026-06-16 20:07:35, tokens_remaining: 2312, call: events, phase: playing
2026-06-16 20:07:37, tokens_remaining: 2311, call: scores, phase: playing
2026-06-16 20:07:38, tokens_remaining: 2310, call: scores, phase: playing
2026-06-16 20:07:39, tokens_remaining: 2309, call: scores, phase: playing
2026-06-16 20:07:40, tokens_remaining: 2309, call: scores, phase: playing
2026-06-16 20:07:42, tokens_remaining: 2308, call: scores, phase: playing
2026-06-16 20:07:43, tokens_remaining: 2307, call: scores, phase: playing
2026-06-16 20:07:43, GOAL: Argentina (Argentina 1-0 Algeria)
2026-06-16 20:07:44, tokens_remaining: 2306, call: scores, phase: playing
2026-06-16 20:07:45, tokens_remaining: 2305, call: scores, phase: playing
2026-06-16 20:07:47, tokens_remaining: 2304, call: scores, phase: playing
2026-06-16 20:07:48, tokens_remaining: 2303, call: events, phase: playing
2026-06-16 20:07:49, tokens_remaining: 2302, call: scores, phase: playing
2026-06-16 20:07:50, tokens_remaining: 2301, call: scores, phase: playing
2026-06-16 20:07:51, tokens_remaining: 2301, call: scores, phase: playing
2026-06-16 20:07:53, tokens_remaining: 2300, call: scores, phase: playing
2026-06-16 20:07:54, tokens_remaining: 2299, call: scores, phase: playing
2026-06-16 20:07:55, tokens_remaining: 2299, call: scores, phase: playing
2026-06-16 20:07:56, tokens_remaining: 2298, call: scores, phase: playing
2026-06-16 20:07:57, tokens_remaining: 2298, call: scores, phase: playing
2026-06-16 20:07:58, tokens_remaining: 2297, call: scores, phase: playing
2026-06-16 20:08:00, tokens_remaining: 2296, call: events, phase: playing
2026-06-16 20:08:01, tokens_remaining: 2295, call: scores, phase: playing
2026-06-16 20:08:02, tokens_remaining: 2295, call: scores, phase: playing
2026-06-16 20:08:03, tokens_remaining: 2294, call: scores, phase: playing
2026-06-16 20:08:04, tokens_remaining: 2294, call: scores, phase: playing
2026-06-16 20:08:06, tokens_remaining: 2293, call: scores, phase: playing
2026-06-16 20:08:06, tokens_remaining: 2293, call: scores, phase: playing
2026-06-16 20:08:08, tokens_remaining: 2292, call: scores, phase: playing
2026-06-16 20:08:09, tokens_remaining: 2292, call: scores, phase: playing
2026-06-16 20:08:10, tokens_remaining: 2291, call: scores, phase: playing
2026-06-16 20:08:11, tokens_remaining: 2290, call: events, phase: playing
2026-06-16 20:08:13, tokens_remaining: 2289, call: scores, phase: playing
2026-06-16 20:08:14, tokens_remaining: 2289, call: scores, phase: playing
2026-06-16 20:08:15, tokens_remaining: 2288, call: scores, phase: playing
2026-06-16 20:08:16, tokens_remaining: 2288, call: scores, phase: playing
2026-06-16 20:08:17, tokens_remaining: 2287, call: scores, phase: playing
2026-06-16 20:08:18, tokens_remaining: 2287, call: scores, phase: playing
2026-06-16 20:08:19, tokens_remaining: 2286, call: scores, phase: playing
2026-06-16 20:08:20, tokens_remaining: 2286, call: scores, phase: playing
2026-06-16 20:08:22, tokens_remaining: 2285, call: scores, phase: playing
2026-06-16 20:08:23, tokens_remaining: 2284, call: events, phase: playing
2026-06-16 20:08:24, tokens_remaining: 2283, call: scores, phase: playing
2026-06-16 20:08:25, tokens_remaining: 2283, call: scores, phase: playing
2026-06-16 20:08:27, tokens_remaining: 2282, call: scores, phase: playing
2026-06-16 20:08:28, tokens_remaining: 2282, call: scores, phase: playing
2026-06-16 20:08:29, tokens_remaining: 2281, call: scores, phase: playing
2026-06-16 20:08:30, tokens_remaining: 2281, call: scores, phase: playing
2026-06-16 20:08:31, tokens_remaining: 2280, call: scores, phase: playing
2026-06-16 20:08:32, tokens_remaining: 2280, call: scores, phase: playing
2026-06-16 20:08:33, tokens_remaining: 2279, call: scores, phase: playing
2026-06-16 20:08:35, tokens_remaining: 2278, call: events, phase: playing
2026-06-16 20:08:36, tokens_remaining: 2277, call: scores, phase: playing
2026-06-16 20:08:37, tokens_remaining: 2277, call: scores, phase: playing
2026-06-16 20:08:38, tokens_remaining: 2276, call: scores, phase: playing
2026-06-16 20:08:39, tokens_remaining: 2276, call: scores, phase: playing
2026-06-16 20:08:40, tokens_remaining: 2275, call: scores, phase: playing
2026-06-16 20:08:41, tokens_remaining: 2275, call: scores, phase: playing
2026-06-16 20:08:43, tokens_remaining: 2274, call: scores, phase: playing
2026-06-16 20:08:43, tokens_remaining: 2274, call: scores, phase: playing
2026-06-16 20:08:45, tokens_remaining: 2273, call: scores, phase: playing
2026-06-16 20:08:46, tokens_remaining: 2272, call: events, phase: playing
2026-06-16 20:08:47, tokens_remaining: 2271, call: scores, phase: playing
2026-06-16 20:08:48, tokens_remaining: 2271, call: scores, phase: playing
2026-06-16 20:08:49, tokens_remaining: 2270, call: scores, phase: playing
2026-06-16 20:08:50, tokens_remaining: 2270, call: scores, phase: playing
2026-06-16 20:08:52, tokens_remaining: 2269, call: scores, phase: playing
2026-06-16 20:08:53, tokens_remaining: 2269, call: scores, phase: playing
2026-06-16 20:08:54, tokens_remaining: 2268, call: scores, phase: playing
2026-06-16 20:08:55, tokens_remaining: 2268, call: scores, phase: playing
2026-06-16 20:08:56, tokens_remaining: 2267, call: scores, phase: playing
2026-06-16 20:08:57, tokens_remaining: 2266, call: events, phase: playing
2026-06-16 20:08:59, tokens_remaining: 2265, call: scores, phase: playing
2026-06-16 20:09:00, tokens_remaining: 2265, call: scores, phase: playing
2026-06-16 20:09:01, tokens_remaining: 2264, call: scores, phase: playing
2026-06-16 20:09:02, tokens_remaining: 2264, call: scores, phase: playing
2026-06-16 20:09:03, tokens_remaining: 2263, call: scores, phase: playing
2026-06-16 20:09:04, tokens_remaining: 2263, call: scores, phase: playing
2026-06-16 20:09:05, tokens_remaining: 2262, call: scores, phase: playing
2026-06-16 20:09:06, tokens_remaining: 2262, call: scores, phase: playing
2026-06-16 20:09:08, tokens_remaining: 2261, call: scores, phase: playing
2026-06-16 20:09:09, tokens_remaining: 2260, call: events, phase: playing
2026-06-16 20:09:11, tokens_remaining: 2259, call: scores, phase: playing
2026-06-16 20:09:12, tokens_remaining: 2259, call: scores, phase: playing
2026-06-16 20:09:13, tokens_remaining: 2258, call: scores, phase: playing
2026-06-16 20:09:14, tokens_remaining: 2258, call: scores, phase: playing
2026-06-16 20:09:15, tokens_remaining: 2257, call: scores, phase: playing
2026-06-16 20:09:16, tokens_remaining: 2257, call: scores, phase: playing
2026-06-16 20:09:17, tokens_remaining: 2256, call: scores, phase: playing
2026-06-16 20:09:18, tokens_remaining: 2256, call: scores, phase: playing
2026-06-16 20:09:19, tokens_remaining: 2255, call: scores, phase: playing
2026-06-16 20:09:21, tokens_remaining: 2254, call: events, phase: playing
2026-06-16 20:09:22, tokens_remaining: 2253, call: scores, phase: playing
2026-06-16 20:09:23, tokens_remaining: 2253, call: scores, phase: playing
2026-06-16 20:09:24, tokens_remaining: 2252, call: scores, phase: playing
2026-06-16 20:09:25, tokens_remaining: 2252, call: scores, phase: playing
2026-06-16 20:09:26, tokens_remaining: 2251, call: scores, phase: playing
2026-06-16 20:09:27, tokens_remaining: 2251, call: scores, phase: playing
2026-06-16 20:09:28, tokens_remaining: 2250, call: scores, phase: playing
2026-06-16 20:09:29, tokens_remaining: 2250, call: scores, phase: playing
2026-06-16 20:09:31, tokens_remaining: 2249, call: scores, phase: playing
2026-06-16 20:09:32, tokens_remaining: 2248, call: events, phase: playing
2026-06-16 20:09:33, tokens_remaining: 2247, call: scores, phase: playing
2026-06-16 20:09:34, tokens_remaining: 2247, call: scores, phase: playing
2026-06-16 20:09:35, tokens_remaining: 2246, call: scores, phase: playing
2026-06-16 20:09:36, tokens_remaining: 2246, call: scores, phase: playing
2026-06-16 20:09:37, tokens_remaining: 2245, call: scores, phase: playing
2026-06-16 20:09:38, tokens_remaining: 2245, call: scores, phase: playing
2026-06-16 20:09:40, tokens_remaining: 2244, call: scores, phase: playing
2026-06-16 20:09:41, tokens_remaining: 2244, call: scores, phase: playing
2026-06-16 20:09:42, tokens_remaining: 2243, call: scores, phase: playing
2026-06-16 20:09:43, tokens_remaining: 2242, call: events, phase: playing
2026-06-16 20:09:44, tokens_remaining: 2241, call: scores, phase: playing
2026-06-16 20:09:45, tokens_remaining: 2241, call: scores, phase: playing
2026-06-16 20:09:47, tokens_remaining: 2240, call: scores, phase: playing
2026-06-16 20:09:48, tokens_remaining: 2240, call: scores, phase: playing
2026-06-16 20:09:49, tokens_remaining: 2239, call: scores, phase: playing
2026-06-16 20:09:50, tokens_remaining: 2239, call: scores, phase: playing
2026-06-16 20:09:51, tokens_remaining: 2238, call: scores, phase: playing
2026-06-16 20:09:52, tokens_remaining: 2238, call: scores, phase: playing
2026-06-16 20:09:53, tokens_remaining: 2237, call: scores, phase: playing
2026-06-16 20:09:54, tokens_remaining: 2236, call: events, phase: playing
2026-06-16 20:09:56, tokens_remaining: 2235, call: scores, phase: playing
2026-06-16 20:09:57, tokens_remaining: 2235, call: scores, phase: playing
2026-06-16 20:09:58, tokens_remaining: 2234, call: scores, phase: playing
2026-06-16 20:09:59, tokens_remaining: 2234, call: scores, phase: playing
2026-06-16 20:10:00, tokens_remaining: 2233, call: scores, phase: playing
2026-06-16 20:10:01, tokens_remaining: 2233, call: scores, phase: playing
2026-06-16 20:10:02, tokens_remaining: 2232, call: scores, phase: playing
2026-06-16 20:10:03, tokens_remaining: 2232, call: scores, phase: playing
2026-06-16 20:10:04, tokens_remaining: 2231, call: scores, phase: playing
2026-06-16 20:10:06, tokens_remaining: 2230, call: events, phase: playing
2026-06-16 20:10:07, tokens_remaining: 2229, call: scores, phase: playing
2026-06-16 20:10:09, tokens_remaining: 2228, call: scores, phase: playing
2026-06-16 20:10:10, tokens_remaining: 2228, call: scores, phase: playing
2026-06-16 20:10:12, tokens_remaining: 2227, call: scores, phase: playing
2026-06-16 20:10:13, tokens_remaining: 2227, call: scores, phase: playing
2026-06-16 20:10:14, tokens_remaining: 2226, call: scores, phase: playing
2026-06-16 20:10:15, tokens_remaining: 2226, call: scores, phase: playing
2026-06-16 20:10:16, tokens_remaining: 2225, call: scores, phase: playing
2026-06-16 20:10:17, tokens_remaining: 2225, call: scores, phase: playing
2026-06-16 20:10:18, tokens_remaining: 2224, call: events, phase: playing
2026-06-16 20:10:20, tokens_remaining: 2223, call: scores, phase: playing
2026-06-16 20:10:21, tokens_remaining: 2223, call: scores, phase: playing
2026-06-16 20:10:22, tokens_remaining: 2222, call: scores, phase: playing
2026-06-16 20:10:23, tokens_remaining: 2222, call: scores, phase: playing
2026-06-16 20:10:24, tokens_remaining: 2221, call: scores, phase: playing
2026-06-16 20:10:25, tokens_remaining: 2221, call: scores, phase: playing
2026-06-16 20:10:26, tokens_remaining: 2220, call: scores, phase: playing
2026-06-16 20:10:27, tokens_remaining: 2220, call: scores, phase: playing
2026-06-16 20:10:28, tokens_remaining: 2219, call: scores, phase: playing
2026-06-16 20:10:30, tokens_remaining: 2218, call: events, phase: playing
2026-06-16 20:10:31, tokens_remaining: 2217, call: scores, phase: playing
2026-06-16 20:10:32, tokens_remaining: 2217, call: scores, phase: playing
2026-06-16 20:10:33, tokens_remaining: 2216, call: scores, phase: playing
2026-06-16 20:10:34, tokens_remaining: 2216, call: scores, phase: playing
2026-06-16 20:10:35, tokens_remaining: 2215, call: scores, phase: playing
2026-06-16 20:10:36, tokens_remaining: 2215, call: scores, phase: playing
2026-06-16 20:10:37, tokens_remaining: 2214, call: scores, phase: playing
2026-06-16 20:10:38, tokens_remaining: 2214, call: scores, phase: playing
2026-06-16 20:10:39, tokens_remaining: 2213, call: scores, phase: playing
2026-06-16 20:10:41, tokens_remaining: 2212, call: events, phase: playing
2026-06-16 20:10:42, tokens_remaining: 2211, call: scores, phase: playing
2026-06-16 20:10:43, tokens_remaining: 2211, call: scores, phase: playing
2026-06-16 20:10:44, tokens_remaining: 2210, call: scores, phase: playing
2026-06-16 20:10:44, GOAL: Algeria (Argentina 0-1 Algeria)
2026-06-16 20:10:45, tokens_remaining: 2210, call: scores, phase: playing
2026-06-16 20:10:46, tokens_remaining: 2209, call: scores, phase: playing
2026-06-16 20:10:47, tokens_remaining: 2209, call: scores, phase: playing
2026-06-16 20:10:48, tokens_remaining: 2208, call: scores, phase: playing
2026-06-16 20:10:49, tokens_remaining: 2208, call: scores, phase: playing
2026-06-16 20:10:51, tokens_remaining: 2207, call: scores, phase: playing
2026-06-16 20:10:52, tokens_remaining: 2206, call: events, phase: playing
2026-06-16 20:10:52, EVENT: GOAL 8' Farès Chaïbi (0-1) [Argentina vs Algeria]
2026-06-16 20:10:53, tokens_remaining: 2205, call: scores, phase: playing
2026-06-16 20:10:54, tokens_remaining: 2205, call: scores, phase: playing
2026-06-16 20:10:55, tokens_remaining: 2204, call: scores, phase: playing
2026-06-16 20:10:56, tokens_remaining: 2204, call: scores, phase: playing
2026-06-16 20:10:57, tokens_remaining: 2203, call: scores, phase: playing
2026-06-16 20:10:58, tokens_remaining: 2203, call: scores, phase: playing
2026-06-16 20:11:00, tokens_remaining: 2202, call: scores, phase: playing
2026-06-16 20:11:00, tokens_remaining: 2202, call: scores, phase: playing
2026-06-16 20:11:02, tokens_remaining: 2201, call: scores, phase: playing
2026-06-16 20:11:03, tokens_remaining: 2200, call: events, phase: playing
2026-06-16 20:11:04, tokens_remaining: 2199, call: scores, phase: playing
2026-06-16 20:11:05, tokens_remaining: 2199, call: scores, phase: playing
2026-06-16 20:11:06, tokens_remaining: 2198, call: scores, phase: playing
2026-06-16 20:11:07, tokens_remaining: 2198, call: scores, phase: playing
2026-06-16 20:11:08, tokens_remaining: 2197, call: scores, phase: playing
2026-06-16 20:11:09, tokens_remaining: 2197, call: scores, phase: playing
2026-06-16 20:11:11, tokens_remaining: 2196, call: scores, phase: playing
2026-06-16 20:11:12, tokens_remaining: 2196, call: scores, phase: playing
2026-06-16 20:11:13, tokens_remaining: 2195, call: scores, phase: playing
2026-06-16 20:11:14, tokens_remaining: 2194, call: events, phase: playing
2026-06-16 20:11:15, tokens_remaining: 2193, call: scores, phase: playing
2026-06-16 20:11:16, tokens_remaining: 2193, call: scores, phase: playing
2026-06-16 20:11:17, tokens_remaining: 2192, call: scores, phase: playing
2026-06-16 20:11:18, tokens_remaining: 2192, call: scores, phase: playing
2026-06-16 20:11:19, tokens_remaining: 2191, call: scores, phase: playing
2026-06-16 20:11:20, tokens_remaining: 2191, call: scores, phase: playing
2026-06-16 20:11:22, tokens_remaining: 2190, call: scores, phase: playing
2026-06-16 20:11:22, tokens_remaining: 2190, call: scores, phase: playing
2026-06-16 20:11:24, tokens_remaining: 2189, call: scores, phase: playing
2026-06-16 20:11:25, tokens_remaining: 2188, call: events, phase: playing
2026-06-16 20:11:26, tokens_remaining: 2187, call: scores, phase: playing
2026-06-16 20:11:27, tokens_remaining: 2187, call: scores, phase: playing
2026-06-16 20:11:28, tokens_remaining: 2186, call: scores, phase: playing
2026-06-16 20:11:29, tokens_remaining: 2186, call: scores, phase: playing
2026-06-16 20:11:30, tokens_remaining: 2185, call: scores, phase: playing
2026-06-16 20:11:31, tokens_remaining: 2185, call: scores, phase: playing
2026-06-16 20:11:33, tokens_remaining: 2184, call: scores, phase: playing
2026-06-16 20:11:34, tokens_remaining: 2184, call: scores, phase: playing
2026-06-16 20:11:35, tokens_remaining: 2183, call: scores, phase: playing
2026-06-16 20:11:36, tokens_remaining: 2182, call: events, phase: playing
2026-06-16 20:11:36, EVENT: EVENT_10 8' Farès Chaïbi [Argentina vs Algeria]
2026-06-16 20:11:37, tokens_remaining: 2181, call: scores, phase: playing
2026-06-16 20:11:38, tokens_remaining: 2181, call: scores, phase: playing
2026-06-16 20:11:39, tokens_remaining: 2180, call: scores, phase: playing
2026-06-16 20:11:40, tokens_remaining: 2180, call: scores, phase: playing
2026-06-16 20:11:41, tokens_remaining: 2179, call: scores, phase: playing
2026-06-16 20:11:42, tokens_remaining: 2179, call: scores, phase: playing
2026-06-16 20:11:44, tokens_remaining: 2178, call: scores, phase: playing
2026-06-16 20:11:44, tokens_remaining: 2178, call: scores, phase: playing
2026-06-16 20:11:46, tokens_remaining: 2177, call: scores, phase: playing
2026-06-16 20:11:47, tokens_remaining: 2176, call: events, phase: playing
2026-06-16 20:11:48, tokens_remaining: 2175, call: scores, phase: playing
2026-06-16 20:11:49, tokens_remaining: 2175, call: scores, phase: playing
2026-06-16 20:11:50, tokens_remaining: 2174, call: scores, phase: playing
2026-06-16 20:11:51, tokens_remaining: 2174, call: scores, phase: playing
2026-06-16 20:11:52, tokens_remaining: 2173, call: scores, phase: playing
2026-06-16 20:11:53, tokens_remaining: 2173, call: scores, phase: playing
2026-06-16 20:11:55, tokens_remaining: 2172, call: scores, phase: playing
2026-06-16 20:11:56, tokens_remaining: 2172, call: scores, phase: playing
2026-06-16 20:11:57, tokens_remaining: 2171, call: scores, phase: playing
2026-06-16 20:11:58, tokens_remaining: 2170, call: events, phase: playing
2026-06-16 20:11:59, tokens_remaining: 2169, call: scores, phase: playing
2026-06-16 20:12:00, tokens_remaining: 2169, call: scores, phase: playing
2026-06-16 20:12:01, tokens_remaining: 2168, call: scores, phase: playing
2026-06-16 20:12:02, tokens_remaining: 2168, call: scores, phase: playing
2026-06-16 20:12:03, tokens_remaining: 2167, call: scores, phase: playing
2026-06-16 20:12:04, tokens_remaining: 2167, call: scores, phase: playing
2026-06-16 20:12:06, tokens_remaining: 2166, call: scores, phase: playing
2026-06-16 20:12:07, tokens_remaining: 2166, call: scores, phase: playing
2026-06-16 20:12:08, tokens_remaining: 2165, call: scores, phase: playing
2026-06-16 20:12:09, tokens_remaining: 2164, call: events, phase: playing
2026-06-16 20:12:10, tokens_remaining: 2163, call: scores, phase: playing
2026-06-16 20:12:11, tokens_remaining: 2163, call: scores, phase: playing
2026-06-16 20:12:12, tokens_remaining: 2162, call: scores, phase: playing
2026-06-16 20:12:25, tokens_remaining: 2161, call: scores, phase: playing
2026-06-16 20:12:26, tokens_remaining: 2161, call: scores, phase: playing
2026-06-16 20:12:27, tokens_remaining: 2160, call: scores, phase: playing
2026-06-16 20:12:28, tokens_remaining: 2160, call: scores, phase: playing
2026-06-16 20:12:30, tokens_remaining: 2159, call: scores, phase: playing
2026-06-16 20:12:30, tokens_remaining: 2159, call: scores, phase: playing
2026-06-16 20:12:32, tokens_remaining: 2158, call: events, phase: playing
2026-06-16 20:12:33, tokens_remaining: 2157, call: scores, phase: playing
2026-06-16 20:12:34, tokens_remaining: 2157, call: scores, phase: playing
2026-06-16 20:12:35, tokens_remaining: 2156, call: scores, phase: playing
2026-06-16 20:12:36, tokens_remaining: 2156, call: scores, phase: playing
2026-06-16 20:12:37, tokens_remaining: 2155, call: scores, phase: playing
2026-06-16 20:12:38, tokens_remaining: 2155, call: scores, phase: playing
2026-06-16 20:12:39, tokens_remaining: 2154, call: scores, phase: playing
2026-06-16 20:12:40, tokens_remaining: 2154, call: scores, phase: playing
2026-06-16 20:12:45, tokens_remaining: 2153, call: scores, phase: playing
2026-06-16 20:12:46, tokens_remaining: 2152, call: events, phase: playing
2026-06-16 20:12:47, tokens_remaining: 2151, call: scores, phase: playing
2026-06-16 20:12:48, tokens_remaining: 2151, call: scores, phase: playing
2026-06-16 20:12:49, tokens_remaining: 2150, call: scores, phase: playing
2026-06-16 20:12:50, tokens_remaining: 2150, call: scores, phase: playing
2026-06-16 20:12:51, tokens_remaining: 2149, call: scores, phase: playing
2026-06-16 20:12:52, tokens_remaining: 2149, call: scores, phase: playing
2026-06-16 20:12:53, tokens_remaining: 2148, call: scores, phase: playing
2026-06-16 20:12:55, tokens_remaining: 2147, call: scores, phase: playing
2026-06-16 20:12:56, tokens_remaining: 2147, call: scores, phase: playing
2026-06-16 20:12:57, tokens_remaining: 2146, call: events, phase: playing
2026-06-16 20:12:58, tokens_remaining: 2145, call: scores, phase: playing
2026-06-16 20:12:59, tokens_remaining: 2145, call: scores, phase: playing
2026-06-16 20:13:01, tokens_remaining: 2144, call: scores, phase: playing
2026-06-16 20:13:02, tokens_remaining: 2144, call: scores, phase: playing
2026-06-16 20:13:03, tokens_remaining: 2143, call: scores, phase: playing
2026-06-16 20:13:04, tokens_remaining: 2143, call: scores, phase: playing
2026-06-16 20:13:05, tokens_remaining: 2142, call: scores, phase: playing
2026-06-16 20:13:06, tokens_remaining: 2141, call: scores, phase: playing
2026-06-16 20:13:07, tokens_remaining: 2141, call: scores, phase: playing
2026-06-16 20:13:10, tokens_remaining: 2140, call: events, phase: playing
2026-06-16 20:13:12, tokens_remaining: 2139, call: scores, phase: playing
2026-06-16 20:13:13, tokens_remaining: 2139, call: scores, phase: playing
2026-06-16 20:13:14, tokens_remaining: 2138, call: scores, phase: playing
2026-06-16 20:13:15, tokens_remaining: 2138, call: scores, phase: playing
2026-06-16 20:13:16, tokens_remaining: 2137, call: scores, phase: playing
2026-06-16 20:13:17, tokens_remaining: 2137, call: scores, phase: playing
2026-06-16 20:13:18, tokens_remaining: 2136, call: scores, phase: playing
2026-06-16 20:13:19, tokens_remaining: 2136, call: scores, phase: playing
2026-06-16 20:13:20, tokens_remaining: 2135, call: scores, phase: playing
2026-06-16 20:13:21, tokens_remaining: 2134, call: events, phase: playing
2026-06-16 20:13:22, tokens_remaining: 2133, call: scores, phase: playing
2026-06-16 20:13:23, tokens_remaining: 2133, call: scores, phase: playing
2026-06-16 20:13:24, tokens_remaining: 2132, call: scores, phase: playing
2026-06-16 20:13:25, tokens_remaining: 2132, call: scores, phase: playing
2026-06-16 20:13:26, tokens_remaining: 2131, call: scores, phase: playing
2026-06-16 20:13:27, tokens_remaining: 2131, call: scores, phase: playing
2026-06-16 20:13:30, tokens_remaining: 2130, call: scores, phase: playing
2026-06-16 20:13:31, tokens_remaining: 2130, call: scores, phase: playing
2026-06-16 20:13:33, tokens_remaining: 2129, call: scores, phase: playing
2026-06-16 20:13:34, tokens_remaining: 2128, call: events, phase: playing
2026-06-16 20:13:35, tokens_remaining: 2127, call: scores, phase: playing
2026-06-16 20:13:36, tokens_remaining: 2127, call: scores, phase: playing
2026-06-16 20:13:37, tokens_remaining: 2126, call: scores, phase: playing
2026-06-16 20:13:40, tokens_remaining: 2125, call: scores, phase: playing
2026-06-16 20:13:40, tokens_remaining: 2125, call: scores, phase: playing
2026-06-16 20:13:42, tokens_remaining: 2124, call: scores, phase: playing
2026-06-16 20:13:42, tokens_remaining: 2124, call: scores, phase: playing
2026-06-16 20:13:44, tokens_remaining: 2123, call: scores, phase: playing
2026-06-16 20:13:45, tokens_remaining: 2122, call: scores, phase: playing
2026-06-16 20:13:46, tokens_remaining: 2121, call: events, phase: playing
2026-06-16 20:13:48, tokens_remaining: 2120, call: scores, phase: playing
2026-06-16 20:13:48, tokens_remaining: 2120, call: scores, phase: playing
2026-06-16 20:13:50, tokens_remaining: 2119, call: scores, phase: playing
2026-06-16 20:13:51, tokens_remaining: 2118, call: scores, phase: playing
2026-06-16 20:13:53, tokens_remaining: 2117, call: scores, phase: playing
2026-06-16 20:13:54, tokens_remaining: 2117, call: scores, phase: playing
2026-06-16 20:13:55, tokens_remaining: 2116, call: scores, phase: playing
2026-06-16 20:13:57, tokens_remaining: 2116, call: scores, phase: playing
2026-06-16 20:13:58, tokens_remaining: 2115, call: scores, phase: playing
2026-06-16 20:13:59, tokens_remaining: 2114, call: events, phase: playing
2026-06-16 20:14:00, tokens_remaining: 2113, call: scores, phase: playing
2026-06-16 20:14:01, tokens_remaining: 2112, call: scores, phase: playing
2026-06-16 20:14:04, tokens_remaining: 2111, call: scores, phase: playing
2026-06-16 20:14:05, tokens_remaining: 2111, call: scores, phase: playing
2026-06-16 20:14:06, tokens_remaining: 2110, call: scores, phase: playing
2026-06-16 20:14:07, tokens_remaining: 2110, call: scores, phase: playing
2026-06-16 20:14:08, tokens_remaining: 2109, call: scores, phase: playing
2026-06-16 20:14:09, tokens_remaining: 2109, call: scores, phase: playing
2026-06-16 20:14:10, tokens_remaining: 2108, call: scores, phase: playing
2026-06-16 20:14:23, tokens_remaining: 2107, call: events, phase: playing
2026-06-16 20:14:25, tokens_remaining: 2106, call: scores, phase: playing
2026-06-16 20:14:25, tokens_remaining: 2106, call: scores, phase: playing
2026-06-16 20:14:27, tokens_remaining: 2105, call: scores, phase: playing
2026-06-16 20:14:27, tokens_remaining: 2105, call: scores, phase: playing
2026-06-16 20:14:29, tokens_remaining: 2104, call: scores, phase: playing
2026-06-16 20:14:30, tokens_remaining: 2104, call: scores, phase: playing
2026-06-16 20:14:31, tokens_remaining: 2103, call: scores, phase: playing
2026-06-16 20:14:32, tokens_remaining: 2103, call: scores, phase: playing
2026-06-16 20:14:33, tokens_remaining: 2102, call: scores, phase: playing
2026-06-16 20:14:34, tokens_remaining: 2101, call: events, phase: playing
2026-06-16 20:14:35, tokens_remaining: 2100, call: scores, phase: playing
2026-06-16 20:14:36, tokens_remaining: 2100, call: scores, phase: playing
2026-06-16 20:14:37, tokens_remaining: 2099, call: scores, phase: playing
2026-06-16 20:14:38, tokens_remaining: 2099, call: scores, phase: playing
2026-06-16 20:14:39, tokens_remaining: 2098, call: scores, phase: playing
2026-06-16 20:14:40, tokens_remaining: 2098, call: scores, phase: playing
2026-06-16 20:14:41, tokens_remaining: 2097, call: scores, phase: playing
2026-06-16 20:14:42, tokens_remaining: 2097, call: scores, phase: playing
2026-06-16 20:14:43, tokens_remaining: 2096, call: scores, phase: playing
2026-06-16 20:14:44, tokens_remaining: 2095, call: events, phase: playing
2026-06-16 20:14:46, tokens_remaining: 2094, call: scores, phase: playing
2026-06-16 20:14:46, tokens_remaining: 2094, call: scores, phase: playing
2026-06-16 20:14:48, tokens_remaining: 2093, call: scores, phase: playing
2026-06-16 20:14:48, tokens_remaining: 2093, call: scores, phase: playing
2026-06-16 20:14:50, tokens_remaining: 2092, call: scores, phase: playing
2026-06-16 20:14:51, tokens_remaining: 2092, call: scores, phase: playing
2026-06-16 20:14:52, tokens_remaining: 2091, call: scores, phase: playing
2026-06-16 20:14:53, tokens_remaining: 2091, call: scores, phase: playing
2026-06-16 20:14:54, tokens_remaining: 2090, call: scores, phase: playing
2026-06-16 20:14:55, tokens_remaining: 2089, call: events, phase: playing
2026-06-16 20:14:56, tokens_remaining: 2088, call: scores, phase: playing
2026-06-16 20:14:57, tokens_remaining: 2088, call: scores, phase: playing
2026-06-16 20:14:58, tokens_remaining: 2087, call: scores, phase: playing
2026-06-16 20:14:59, tokens_remaining: 2087, call: scores, phase: playing
2026-06-16 20:15:00, tokens_remaining: 2086, call: scores, phase: playing
2026-06-16 20:15:01, tokens_remaining: 2086, call: scores, phase: playing
2026-06-16 20:15:02, tokens_remaining: 2085, call: scores, phase: playing
2026-06-16 20:15:03, tokens_remaining: 2085, call: scores, phase: playing
2026-06-16 20:15:04, tokens_remaining: 2084, call: scores, phase: playing
2026-06-16 20:15:06, tokens_remaining: 2083, call: events, phase: playing
2026-06-16 20:15:07, tokens_remaining: 2082, call: scores, phase: playing
2026-06-16 20:15:08, tokens_remaining: 2082, call: scores, phase: playing
2026-06-16 20:15:09, tokens_remaining: 2081, call: scores, phase: playing
2026-06-16 20:15:10, tokens_remaining: 2081, call: scores, phase: playing
2026-06-16 20:15:11, tokens_remaining: 2080, call: scores, phase: playing
2026-06-16 20:15:12, tokens_remaining: 2080, call: scores, phase: playing
2026-06-16 20:15:13, tokens_remaining: 2079, call: scores, phase: playing
2026-06-16 20:15:14, tokens_remaining: 2079, call: scores, phase: playing
2026-06-16 20:15:15, tokens_remaining: 2078, call: scores, phase: playing
2026-06-16 20:15:16, tokens_remaining: 2077, call: events, phase: playing
2026-06-16 20:15:17, tokens_remaining: 2076, call: scores, phase: playing
2026-06-16 20:15:18, tokens_remaining: 2076, call: scores, phase: playing
2026-06-16 20:15:19, tokens_remaining: 2075, call: scores, phase: playing
2026-06-16 20:15:20, tokens_remaining: 2075, call: scores, phase: playing
2026-06-16 20:15:21, tokens_remaining: 2074, call: scores, phase: playing
2026-06-16 20:15:22, tokens_remaining: 2074, call: scores, phase: playing
2026-06-16 20:15:23, tokens_remaining: 2073, call: scores, phase: playing
2026-06-16 20:15:24, tokens_remaining: 2073, call: scores, phase: playing
2026-06-16 20:15:25, tokens_remaining: 2072, call: scores, phase: playing
2026-06-16 20:15:26, tokens_remaining: 2071, call: events, phase: playing
2026-06-16 20:15:28, tokens_remaining: 2070, call: scores, phase: playing
2026-06-16 20:15:28, tokens_remaining: 2070, call: scores, phase: playing
2026-06-16 20:15:30, tokens_remaining: 2069, call: scores, phase: playing
2026-06-16 20:15:30, tokens_remaining: 2069, call: scores, phase: playing
2026-06-16 20:15:31, tokens_remaining: 2068, call: scores, phase: playing
2026-06-16 20:15:32, tokens_remaining: 2068, call: scores, phase: playing
2026-06-16 20:15:33, tokens_remaining: 2067, call: scores, phase: playing
2026-06-16 20:15:35, tokens_remaining: 2066, call: scores, phase: playing
2026-06-16 20:15:36, tokens_remaining: 2066, call: scores, phase: playing
2026-06-16 20:15:37, tokens_remaining: 2065, call: events, phase: playing
2026-06-16 20:15:38, tokens_remaining: 2064, call: scores, phase: playing
2026-06-16 20:15:39, tokens_remaining: 2064, call: scores, phase: playing
2026-06-16 20:15:40, tokens_remaining: 2063, call: scores, phase: playing
2026-06-16 20:15:41, tokens_remaining: 2063, call: scores, phase: playing
2026-06-16 20:15:43, tokens_remaining: 2062, call: scores, phase: playing
2026-06-16 20:15:45, tokens_remaining: 2061, call: scores, phase: playing
2026-06-16 20:15:47, tokens_remaining: 2060, call: scores, phase: playing
2026-06-16 20:15:48, tokens_remaining: 2059, call: scores, phase: playing
2026-06-16 20:15:50, tokens_remaining: 2058, call: scores, phase: playing
2026-06-16 20:15:52, tokens_remaining: 2057, call: events, phase: playing
2026-06-16 20:15:55, tokens_remaining: 2056, call: scores, phase: playing
2026-06-16 20:15:56, tokens_remaining: 2056, call: scores, phase: playing
2026-06-16 20:16:04, tokens_remaining: 2055, call: scores, phase: playing
2026-06-16 20:16:05, tokens_remaining: 2055, call: scores, phase: playing
2026-06-16 20:16:06, tokens_remaining: 2054, call: scores, phase: playing
2026-06-16 20:16:07, tokens_remaining: 2053, call: scores, phase: playing
2026-06-16 20:16:09, tokens_remaining: 2053, call: scores, phase: playing
2026-06-16 20:16:10, tokens_remaining: 2052, call: scores, phase: playing
2026-06-16 20:16:12, tokens_remaining: 2051, call: scores, phase: playing
2026-06-16 20:16:14, tokens_remaining: 2050, call: events, phase: playing
2026-06-16 20:16:16, tokens_remaining: 2049, call: scores, phase: playing
2026-06-16 20:16:17, tokens_remaining: 2048, call: scores, phase: playing
2026-06-16 20:16:18, tokens_remaining: 2048, call: scores, phase: playing
2026-06-16 20:16:19, tokens_remaining: 2047, call: scores, phase: playing
2026-06-16 20:16:20, tokens_remaining: 2047, call: scores, phase: playing
2026-06-16 20:16:22, tokens_remaining: 2046, call: scores, phase: playing
2026-06-16 20:16:23, tokens_remaining: 2045, call: scores, phase: playing
2026-06-16 20:16:24, tokens_remaining: 2045, call: scores, phase: playing
2026-06-16 20:16:25, tokens_remaining: 2044, call: scores, phase: playing
2026-06-16 20:16:26, tokens_remaining: 2043, call: events, phase: playing
2026-06-16 20:16:27, tokens_remaining: 2042, call: scores, phase: playing
2026-06-16 20:16:28, tokens_remaining: 2042, call: scores, phase: playing
2026-06-16 20:16:30, tokens_remaining: 2041, call: scores, phase: playing
2026-06-16 20:16:31, tokens_remaining: 2041, call: scores, phase: playing
2026-06-16 20:16:32, tokens_remaining: 2040, call: scores, phase: playing
2026-06-16 20:16:33, tokens_remaining: 2040, call: scores, phase: playing
2026-06-16 20:16:34, tokens_remaining: 2039, call: scores, phase: playing
2026-06-16 20:16:35, tokens_remaining: 2039, call: scores, phase: playing
2026-06-16 20:16:36, tokens_remaining: 2038, call: scores, phase: playing
2026-06-16 20:16:37, tokens_remaining: 2037, call: events, phase: playing
2026-06-16 20:16:38, tokens_remaining: 2036, call: scores, phase: playing
2026-06-16 20:16:39, tokens_remaining: 2036, call: scores, phase: playing
2026-06-16 20:16:40, tokens_remaining: 2035, call: scores, phase: playing
2026-06-16 20:16:41, tokens_remaining: 2035, call: scores, phase: playing
2026-06-16 20:16:42, tokens_remaining: 2034, call: scores, phase: playing
2026-06-16 20:16:43, tokens_remaining: 2034, call: scores, phase: playing
2026-06-16 20:16:45, tokens_remaining: 2033, call: scores, phase: playing
2026-06-16 20:16:46, tokens_remaining: 2033, call: scores, phase: playing
2026-06-16 20:16:47, tokens_remaining: 2032, call: scores, phase: playing
2026-06-16 20:16:48, tokens_remaining: 2031, call: events, phase: playing
2026-06-16 20:16:49, tokens_remaining: 2030, call: scores, phase: playing
2026-06-16 20:16:50, tokens_remaining: 2030, call: scores, phase: playing
2026-06-16 20:16:51, tokens_remaining: 2029, call: scores, phase: playing
2026-06-16 20:16:52, tokens_remaining: 2029, call: scores, phase: playing
2026-06-16 20:16:53, tokens_remaining: 2028, call: scores, phase: playing
2026-06-16 20:16:54, tokens_remaining: 2028, call: scores, phase: playing
2026-06-16 20:16:55, tokens_remaining: 2027, call: scores, phase: playing
2026-06-16 20:16:56, tokens_remaining: 2027, call: scores, phase: playing
2026-06-16 20:16:57, tokens_remaining: 2026, call: scores, phase: playing
2026-06-16 20:16:58, tokens_remaining: 2025, call: events, phase: playing
2026-06-16 20:16:59, tokens_remaining: 2024, call: scores, phase: playing
2026-06-16 20:17:00, tokens_remaining: 2024, call: scores, phase: playing
2026-06-16 20:17:01, tokens_remaining: 2023, call: scores, phase: playing
2026-06-16 20:17:02, tokens_remaining: 2023, call: scores, phase: playing
2026-06-16 20:17:03, tokens_remaining: 2022, call: scores, phase: playing
2026-06-16 20:17:04, tokens_remaining: 2022, call: scores, phase: playing
2026-06-16 20:17:07, tokens_remaining: 2021, call: scores, phase: playing
2026-06-16 20:17:08, tokens_remaining: 2020, call: scores, phase: playing
2026-06-16 20:17:09, tokens_remaining: 2020, call: scores, phase: playing
2026-06-16 20:17:10, tokens_remaining: 2019, call: events, phase: playing
2026-06-16 20:17:11, tokens_remaining: 2018, call: scores, phase: playing
2026-06-16 20:17:12, tokens_remaining: 2018, call: scores, phase: playing
2026-06-16 20:17:13, tokens_remaining: 2017, call: scores, phase: playing
2026-06-16 20:17:14, tokens_remaining: 2017, call: scores, phase: playing
2026-06-16 20:17:15, tokens_remaining: 2016, call: scores, phase: playing
2026-06-16 20:17:16, tokens_remaining: 2016, call: scores, phase: playing
2026-06-16 20:17:17, tokens_remaining: 2015, call: scores, phase: playing
2026-06-16 20:17:18, tokens_remaining: 2015, call: scores, phase: playing
2026-06-16 20:17:19, tokens_remaining: 2014, call: scores, phase: playing
2026-06-16 20:17:20, tokens_remaining: 2013, call: events, phase: playing
2026-06-16 20:17:21, tokens_remaining: 2012, call: scores, phase: playing
2026-06-16 20:17:22, tokens_remaining: 2012, call: scores, phase: playing
2026-06-16 20:17:23, tokens_remaining: 2011, call: scores, phase: playing
2026-06-16 20:17:24, tokens_remaining: 2011, call: scores, phase: playing
2026-06-16 20:17:25, tokens_remaining: 2010, call: scores, phase: playing
2026-06-16 20:17:26, tokens_remaining: 2010, call: scores, phase: playing
2026-06-16 20:17:27, tokens_remaining: 2009, call: scores, phase: playing
2026-06-16 20:17:27, tokens_remaining: 2009, call: scores, phase: playing
2026-06-16 20:17:29, tokens_remaining: 2008, call: scores, phase: playing
2026-06-16 20:17:30, tokens_remaining: 2007, call: events, phase: playing
2026-06-16 20:17:31, tokens_remaining: 2006, call: scores, phase: playing
2026-06-16 20:17:32, tokens_remaining: 2006, call: scores, phase: playing
2026-06-16 20:17:33, tokens_remaining: 2005, call: scores, phase: playing
2026-06-16 20:17:34, tokens_remaining: 2005, call: scores, phase: playing
2026-06-16 20:17:35, tokens_remaining: 2004, call: scores, phase: playing
2026-06-16 20:17:36, tokens_remaining: 2004, call: scores, phase: playing
2026-06-16 20:17:37, tokens_remaining: 2003, call: scores, phase: playing
2026-06-16 20:17:37, tokens_remaining: 2003, call: scores, phase: playing
2026-06-16 20:17:39, tokens_remaining: 2002, call: scores, phase: playing
2026-06-16 20:17:40, tokens_remaining: 2001, call: events, phase: playing
2026-06-16 20:17:41, tokens_remaining: 2000, call: scores, phase: playing
2026-06-16 20:17:42, tokens_remaining: 2000, call: scores, phase: playing
2026-06-16 20:17:43, tokens_remaining: 1999, call: scores, phase: playing
2026-06-16 20:17:43, tokens_remaining: 1999, call: scores, phase: playing
2026-06-16 20:17:45, tokens_remaining: 1998, call: scores, phase: playing
2026-06-16 20:17:45, tokens_remaining: 1998, call: scores, phase: playing
2026-06-16 20:17:47, tokens_remaining: 1997, call: scores, phase: playing
2026-06-16 20:17:47, tokens_remaining: 1997, call: scores, phase: playing
2026-06-16 20:17:48, tokens_remaining: 1996, call: scores, phase: playing
2026-06-16 20:17:50, tokens_remaining: 1995, call: events, phase: playing
2026-06-16 20:17:51, tokens_remaining: 1994, call: scores, phase: playing
2026-06-16 20:17:51, tokens_remaining: 1994, call: scores, phase: playing
2026-06-16 20:17:53, tokens_remaining: 1993, call: scores, phase: playing
2026-06-16 20:17:53, tokens_remaining: 1993, call: scores, phase: playing
2026-06-16 20:17:54, tokens_remaining: 1992, call: scores, phase: playing
2026-06-16 20:17:55, tokens_remaining: 1992, call: scores, phase: playing
2026-06-16 20:17:56, tokens_remaining: 1991, call: scores, phase: playing
2026-06-16 20:17:57, tokens_remaining: 1991, call: scores, phase: playing
2026-06-16 20:17:58, tokens_remaining: 1990, call: scores, phase: playing
2026-06-16 20:17:59, tokens_remaining: 1989, call: events, phase: playing
2026-06-16 20:18:01, tokens_remaining: 1988, call: scores, phase: playing
2026-06-16 20:18:01, tokens_remaining: 1988, call: scores, phase: playing
2026-06-16 20:18:02, tokens_remaining: 1987, call: scores, phase: playing
2026-06-16 20:18:03, tokens_remaining: 1987, call: scores, phase: playing
2026-06-16 20:18:04, tokens_remaining: 1986, call: scores, phase: playing
2026-06-16 20:18:05, tokens_remaining: 1986, call: scores, phase: playing
2026-06-16 20:18:06, tokens_remaining: 1985, call: scores, phase: playing
2026-06-16 20:18:07, tokens_remaining: 1985, call: scores, phase: playing
2026-06-16 20:18:08, tokens_remaining: 1984, call: scores, phase: playing
2026-06-16 20:18:09, tokens_remaining: 1983, call: events, phase: playing
2026-06-16 20:18:10, tokens_remaining: 1982, call: scores, phase: playing
2026-06-16 20:18:11, tokens_remaining: 1982, call: scores, phase: playing
2026-06-16 20:18:12, tokens_remaining: 1981, call: scores, phase: playing
2026-06-16 20:18:13, tokens_remaining: 1981, call: scores, phase: playing
2026-06-16 20:18:14, tokens_remaining: 1980, call: scores, phase: playing
2026-06-16 20:18:15, tokens_remaining: 1980, call: scores, phase: playing
2026-06-16 20:18:16, tokens_remaining: 1979, call: scores, phase: playing
2026-06-16 20:18:17, tokens_remaining: 1979, call: scores, phase: playing
2026-06-16 20:18:18, tokens_remaining: 1978, call: scores, phase: playing
2026-06-16 20:18:19, tokens_remaining: 1977, call: events, phase: playing
2026-06-16 20:18:20, tokens_remaining: 1976, call: scores, phase: playing
2026-06-16 20:18:21, tokens_remaining: 1976, call: scores, phase: playing
2026-06-16 20:18:22, tokens_remaining: 1975, call: scores, phase: playing
2026-06-16 20:18:23, tokens_remaining: 1975, call: scores, phase: playing
2026-06-16 20:18:24, tokens_remaining: 1974, call: scores, phase: playing
2026-06-16 20:18:25, tokens_remaining: 1974, call: scores, phase: playing
2026-06-16 20:18:26, tokens_remaining: 1973, call: scores, phase: playing
2026-06-16 20:18:27, tokens_remaining: 1973, call: scores, phase: playing
2026-06-16 20:18:28, tokens_remaining: 1972, call: scores, phase: playing
2026-06-16 20:18:29, tokens_remaining: 1971, call: events, phase: playing
2026-06-16 20:18:30, tokens_remaining: 1970, call: scores, phase: playing
2026-06-16 20:18:31, tokens_remaining: 1970, call: scores, phase: playing
2026-06-16 20:18:32, tokens_remaining: 1969, call: scores, phase: playing
2026-06-16 20:18:33, tokens_remaining: 1969, call: scores, phase: playing
2026-06-16 20:18:34, tokens_remaining: 1968, call: scores, phase: playing
2026-06-16 20:18:35, tokens_remaining: 1968, call: scores, phase: playing
2026-06-16 20:18:36, tokens_remaining: 1967, call: scores, phase: playing
2026-06-16 20:18:37, tokens_remaining: 1967, call: scores, phase: playing
2026-06-16 20:18:38, tokens_remaining: 1966, call: scores, phase: playing
2026-06-16 20:18:39, tokens_remaining: 1965, call: events, phase: playing
2026-06-16 20:18:40, tokens_remaining: 1964, call: scores, phase: playing
2026-06-16 20:18:41, tokens_remaining: 1964, call: scores, phase: playing
2026-06-16 20:18:42, tokens_remaining: 1963, call: scores, phase: playing
2026-06-16 20:18:43, tokens_remaining: 1963, call: scores, phase: playing
2026-06-16 20:18:44, tokens_remaining: 1962, call: scores, phase: playing
2026-06-16 20:18:44, tokens_remaining: 1962, call: scores, phase: playing
2026-06-16 20:18:46, tokens_remaining: 1961, call: scores, phase: playing
2026-06-16 20:18:46, tokens_remaining: 1961, call: scores, phase: playing
2026-06-16 20:18:47, tokens_remaining: 1960, call: scores, phase: playing
2026-06-16 20:18:49, tokens_remaining: 1959, call: events, phase: playing
2026-06-16 20:18:50, tokens_remaining: 1958, call: scores, phase: playing
2026-06-16 20:18:50, tokens_remaining: 1958, call: scores, phase: playing
2026-06-16 20:18:52, tokens_remaining: 1957, call: scores, phase: playing
2026-06-16 20:18:52, tokens_remaining: 1957, call: scores, phase: playing
2026-06-16 20:18:53, tokens_remaining: 1956, call: scores, phase: playing
2026-06-16 20:18:54, tokens_remaining: 1956, call: scores, phase: playing
2026-06-16 20:18:55, tokens_remaining: 1955, call: scores, phase: playing
2026-06-16 20:18:56, tokens_remaining: 1955, call: scores, phase: playing
2026-06-16 20:18:57, tokens_remaining: 1954, call: scores, phase: playing
2026-06-16 20:18:58, tokens_remaining: 1953, call: events, phase: playing
2026-06-16 20:18:59, tokens_remaining: 1952, call: scores, phase: playing
2026-06-16 20:19:00, tokens_remaining: 1952, call: scores, phase: playing
2026-06-16 20:19:01, tokens_remaining: 1951, call: scores, phase: playing
2026-06-16 20:19:02, tokens_remaining: 1951, call: scores, phase: playing
2026-06-16 20:19:03, tokens_remaining: 1950, call: scores, phase: playing
2026-06-16 20:19:04, tokens_remaining: 1950, call: scores, phase: playing
2026-06-16 20:19:05, tokens_remaining: 1949, call: scores, phase: playing
2026-06-16 20:19:06, tokens_remaining: 1949, call: scores, phase: playing
2026-06-16 20:19:07, tokens_remaining: 1948, call: scores, phase: playing
2026-06-16 20:19:08, tokens_remaining: 1947, call: events, phase: playing
2026-06-16 20:19:09, tokens_remaining: 1946, call: scores, phase: playing
2026-06-16 20:19:10, tokens_remaining: 1946, call: scores, phase: playing
2026-06-16 20:19:11, tokens_remaining: 1945, call: scores, phase: playing
2026-06-16 20:19:12, tokens_remaining: 1945, call: scores, phase: playing
2026-06-16 20:19:13, tokens_remaining: 1944, call: scores, phase: playing
2026-06-16 20:19:14, tokens_remaining: 1944, call: scores, phase: playing
2026-06-16 20:19:15, tokens_remaining: 1943, call: scores, phase: playing
2026-06-16 20:19:16, tokens_remaining: 1943, call: scores, phase: playing
2026-06-16 20:19:17, tokens_remaining: 1942, call: scores, phase: playing
2026-06-16 20:19:18, tokens_remaining: 1941, call: events, phase: playing
2026-06-16 20:19:19, tokens_remaining: 1940, call: scores, phase: playing
2026-06-16 20:19:20, tokens_remaining: 1940, call: scores, phase: playing
2026-06-16 20:19:21, tokens_remaining: 1939, call: scores, phase: playing
2026-06-16 20:19:21, tokens_remaining: 1939, call: scores, phase: playing
2026-06-16 20:19:22, tokens_remaining: 1938, call: scores, phase: playing
2026-06-16 20:19:23, tokens_remaining: 1938, call: scores, phase: playing
2026-06-16 20:19:24, tokens_remaining: 1937, call: scores, phase: playing
2026-06-16 20:19:25, tokens_remaining: 1937, call: scores, phase: playing
2026-06-16 20:19:26, tokens_remaining: 1936, call: scores, phase: playing
2026-06-16 20:19:27, tokens_remaining: 1935, call: events, phase: playing
2026-06-16 20:19:32, tokens_remaining: 1934, call: scores, phase: playing
2026-06-16 20:19:33, tokens_remaining: 1933, call: scores, phase: playing
2026-06-16 20:19:35, tokens_remaining: 1932, call: scores, phase: playing
2026-06-16 20:19:36, tokens_remaining: 1931, call: scores, phase: playing
2026-06-16 20:19:37, tokens_remaining: 1930, call: scores, phase: playing
2026-06-16 20:19:38, tokens_remaining: 1930, call: scores, phase: playing
2026-06-16 20:19:39, tokens_remaining: 1929, call: scores, phase: playing
2026-06-16 20:19:41, tokens_remaining: 1928, call: scores, phase: playing
2026-06-16 20:19:42, tokens_remaining: 1927, call: scores, phase: playing
2026-06-16 20:19:43, tokens_remaining: 1926, call: events, phase: playing
2026-06-16 20:19:45, tokens_remaining: 1925, call: scores, phase: playing
2026-06-16 20:19:48, tokens_remaining: 1924, call: scores, phase: playing
2026-06-16 20:19:48, tokens_remaining: 1924, call: scores, phase: playing
2026-06-16 20:19:50, tokens_remaining: 1923, call: scores, phase: playing
2026-06-16 20:19:51, tokens_remaining: 1923, call: scores, phase: playing
2026-06-16 20:19:52, tokens_remaining: 1922, call: scores, phase: playing
2026-06-16 20:19:53, tokens_remaining: 1922, call: scores, phase: playing
2026-06-16 20:19:54, tokens_remaining: 1921, call: scores, phase: playing
2026-06-16 20:19:55, tokens_remaining: 1921, call: scores, phase: playing
2026-06-16 20:19:56, tokens_remaining: 1920, call: events, phase: playing
2026-06-16 20:19:57, tokens_remaining: 1919, call: scores, phase: playing
2026-06-16 20:19:58, tokens_remaining: 1919, call: scores, phase: playing
2026-06-16 20:19:59, tokens_remaining: 1918, call: scores, phase: playing
2026-06-16 20:19:59, GOAL: Argentina (Argentina 1-0 Algeria)
2026-06-16 20:20:00, tokens_remaining: 1917, call: scores, phase: playing
2026-06-16 20:20:01, tokens_remaining: 1917, call: scores, phase: playing
2026-06-16 20:20:02, tokens_remaining: 1916, call: scores, phase: playing
2026-06-16 20:20:03, tokens_remaining: 1916, call: scores, phase: playing
2026-06-16 20:20:04, tokens_remaining: 1915, call: scores, phase: playing
2026-06-16 20:20:05, tokens_remaining: 1915, call: scores, phase: playing
2026-06-16 20:20:06, tokens_remaining: 1914, call: events, phase: playing
2026-06-16 20:20:06, EVENT: GOAL 17' Lionel Messi   (1-0) [Argentina vs Algeria]
2026-06-16 20:20:07, tokens_remaining: 1913, call: scores, phase: playing
2026-06-16 20:20:07, tokens_remaining: 1913, call: scores, phase: playing
2026-06-16 20:20:08, tokens_remaining: 1912, call: scores, phase: playing
2026-06-16 20:20:09, tokens_remaining: 1912, call: scores, phase: playing
2026-06-16 20:20:10, tokens_remaining: 1911, call: scores, phase: playing
2026-06-16 20:20:11, tokens_remaining: 1911, call: scores, phase: playing
2026-06-16 20:20:12, tokens_remaining: 1910, call: scores, phase: playing
2026-06-16 20:20:13, tokens_remaining: 1910, call: scores, phase: playing
2026-06-16 20:20:14, tokens_remaining: 1909, call: scores, phase: playing
2026-06-16 20:20:15, tokens_remaining: 1908, call: events, phase: playing
2026-06-16 20:20:16, tokens_remaining: 1907, call: scores, phase: playing
2026-06-16 20:20:17, tokens_remaining: 1907, call: scores, phase: playing
2026-06-16 20:20:18, tokens_remaining: 1906, call: scores, phase: playing
2026-06-16 20:20:19, tokens_remaining: 1906, call: scores, phase: playing
2026-06-16 20:20:20, tokens_remaining: 1905, call: scores, phase: playing
2026-06-16 20:20:21, tokens_remaining: 1905, call: scores, phase: playing
2026-06-16 20:20:22, tokens_remaining: 1904, call: scores, phase: playing
2026-06-16 20:20:23, tokens_remaining: 1904, call: scores, phase: playing
2026-06-16 20:20:24, tokens_remaining: 1903, call: scores, phase: playing
2026-06-16 20:20:25, tokens_remaining: 1902, call: events, phase: playing
2026-06-16 20:20:26, tokens_remaining: 1901, call: scores, phase: playing
2026-06-16 20:20:27, tokens_remaining: 1901, call: scores, phase: playing
2026-06-16 20:20:28, tokens_remaining: 1900, call: scores, phase: playing
2026-06-16 20:20:28, tokens_remaining: 1900, call: scores, phase: playing
2026-06-16 20:20:29, tokens_remaining: 1899, call: scores, phase: playing
2026-06-16 20:20:30, tokens_remaining: 1899, call: scores, phase: playing
2026-06-16 20:20:31, tokens_remaining: 1898, call: scores, phase: playing
2026-06-16 20:20:32, tokens_remaining: 1898, call: scores, phase: playing
2026-06-16 20:20:33, tokens_remaining: 1897, call: scores, phase: playing
2026-06-16 20:20:34, tokens_remaining: 1896, call: events, phase: playing
2026-06-16 20:20:35, tokens_remaining: 1895, call: scores, phase: playing
2026-06-16 20:20:36, tokens_remaining: 1895, call: scores, phase: playing
2026-06-16 20:20:37, tokens_remaining: 1894, call: scores, phase: playing
2026-06-16 20:20:38, tokens_remaining: 1894, call: scores, phase: playing
2026-06-16 20:20:46, tokens_remaining: 1893, call: scores, phase: playing
2026-06-16 20:20:50, tokens_remaining: 1892, call: scores, phase: playing
2026-06-16 20:20:50, tokens_remaining: 1892, call: scores, phase: playing
2026-06-16 20:20:53, tokens_remaining: 1891, call: scores, phase: playing
2026-06-16 20:20:54, tokens_remaining: 1891, call: scores, phase: playing
2026-06-16 20:20:55, tokens_remaining: 1890, call: events, phase: playing
2026-06-16 20:20:56, tokens_remaining: 1889, call: scores, phase: playing
2026-06-16 20:20:57, tokens_remaining: 1889, call: scores, phase: playing
2026-06-16 20:20:58, tokens_remaining: 1888, call: scores, phase: playing
2026-06-16 20:21:00, tokens_remaining: 1888, call: scores, phase: playing
2026-06-16 20:21:01, tokens_remaining: 1887, call: scores, phase: playing
2026-06-16 20:21:02, tokens_remaining: 1887, call: scores, phase: playing
2026-06-16 20:21:03, tokens_remaining: 1886, call: scores, phase: playing
2026-06-16 20:21:04, tokens_remaining: 1886, call: scores, phase: playing
2026-06-16 20:21:05, tokens_remaining: 1885, call: scores, phase: playing
2026-06-16 20:21:06, tokens_remaining: 1884, call: events, phase: playing
2026-06-16 20:21:07, tokens_remaining: 1883, call: scores, phase: playing
2026-06-16 20:21:08, tokens_remaining: 1883, call: scores, phase: playing
2026-06-16 20:21:09, tokens_remaining: 1882, call: scores, phase: playing
2026-06-16 20:21:09, tokens_remaining: 1882, call: scores, phase: playing
2026-06-16 20:21:11, tokens_remaining: 1881, call: scores, phase: playing
2026-06-16 20:21:11, tokens_remaining: 1881, call: scores, phase: playing
2026-06-16 20:21:12, tokens_remaining: 1880, call: scores, phase: playing
2026-06-16 20:21:13, tokens_remaining: 1880, call: scores, phase: playing
2026-06-16 20:21:14, tokens_remaining: 1879, call: scores, phase: playing
2026-06-16 20:21:15, tokens_remaining: 1878, call: events, phase: playing
2026-06-16 20:21:16, tokens_remaining: 1877, call: scores, phase: playing
2026-06-16 20:21:17, tokens_remaining: 1877, call: scores, phase: playing
2026-06-16 20:21:18, tokens_remaining: 1876, call: scores, phase: playing
2026-06-16 20:21:19, tokens_remaining: 1876, call: scores, phase: playing
2026-06-16 20:21:20, tokens_remaining: 1875, call: scores, phase: playing
2026-06-16 20:21:20, tokens_remaining: 1875, call: scores, phase: playing
2026-06-16 20:21:21, tokens_remaining: 1874, call: scores, phase: playing
2026-06-16 20:21:22, tokens_remaining: 1874, call: scores, phase: playing
2026-06-16 20:21:23, tokens_remaining: 1873, call: scores, phase: playing
2026-06-16 20:21:24, tokens_remaining: 1872, call: events, phase: playing
2026-06-16 20:21:25, tokens_remaining: 1871, call: scores, phase: playing
2026-06-16 20:21:26, tokens_remaining: 1871, call: scores, phase: playing
2026-06-16 20:21:27, tokens_remaining: 1870, call: scores, phase: playing
2026-06-16 20:21:28, tokens_remaining: 1870, call: scores, phase: playing
2026-06-16 20:21:29, tokens_remaining: 1869, call: scores, phase: playing
2026-06-16 20:21:30, tokens_remaining: 1869, call: scores, phase: playing
2026-06-16 20:21:31, tokens_remaining: 1868, call: scores, phase: playing
2026-06-16 20:21:32, tokens_remaining: 1868, call: scores, phase: playing
2026-06-16 20:21:33, tokens_remaining: 1867, call: scores, phase: playing
2026-06-16 20:21:34, tokens_remaining: 1866, call: events, phase: playing
2026-06-16 20:21:35, tokens_remaining: 1865, call: scores, phase: playing
2026-06-16 20:21:35, tokens_remaining: 1865, call: scores, phase: playing
2026-06-16 20:21:36, tokens_remaining: 1864, call: scores, phase: playing
2026-06-16 20:21:37, tokens_remaining: 1864, call: scores, phase: playing
2026-06-16 20:21:38, tokens_remaining: 1863, call: scores, phase: playing
2026-06-16 20:21:39, tokens_remaining: 1863, call: scores, phase: playing
2026-06-16 20:21:40, tokens_remaining: 1862, call: scores, phase: playing
2026-06-16 20:21:41, tokens_remaining: 1862, call: scores, phase: playing
2026-06-16 20:21:42, tokens_remaining: 1861, call: scores, phase: playing
2026-06-16 20:21:43, tokens_remaining: 1860, call: events, phase: playing
2026-06-16 20:21:44, tokens_remaining: 1859, call: scores, phase: playing
2026-06-16 20:21:45, tokens_remaining: 1859, call: scores, phase: playing
2026-06-16 20:21:46, tokens_remaining: 1858, call: scores, phase: playing
2026-06-16 20:21:46, tokens_remaining: 1858, call: scores, phase: playing
2026-06-16 20:21:48, tokens_remaining: 1857, call: scores, phase: playing
2026-06-16 20:21:48, tokens_remaining: 1857, call: scores, phase: playing
2026-06-16 20:21:49, tokens_remaining: 1856, call: scores, phase: playing
2026-06-16 20:21:50, tokens_remaining: 1856, call: scores, phase: playing
2026-06-16 20:21:51, tokens_remaining: 1855, call: scores, phase: playing
2026-06-16 20:21:52, tokens_remaining: 1854, call: events, phase: playing
2026-06-16 20:21:53, tokens_remaining: 1853, call: scores, phase: playing
2026-06-16 20:21:54, tokens_remaining: 1853, call: scores, phase: playing
2026-06-16 20:21:55, tokens_remaining: 1852, call: scores, phase: playing
2026-06-16 20:21:56, tokens_remaining: 1852, call: scores, phase: playing
2026-06-16 20:21:57, tokens_remaining: 1851, call: scores, phase: playing
2026-06-16 20:21:58, tokens_remaining: 1851, call: scores, phase: playing
2026-06-16 20:21:59, tokens_remaining: 1850, call: scores, phase: playing
2026-06-16 20:22:00, tokens_remaining: 1850, call: scores, phase: playing
2026-06-16 20:22:01, tokens_remaining: 1849, call: scores, phase: playing
2026-06-16 20:22:02, tokens_remaining: 1848, call: events, phase: playing
2026-06-16 20:22:03, tokens_remaining: 1847, call: scores, phase: playing
2026-06-16 20:22:04, tokens_remaining: 1847, call: scores, phase: playing
2026-06-16 20:22:05, tokens_remaining: 1846, call: scores, phase: playing
2026-06-16 20:22:05, tokens_remaining: 1846, call: scores, phase: playing
2026-06-16 20:22:06, tokens_remaining: 1845, call: scores, phase: playing
2026-06-16 20:22:07, tokens_remaining: 1845, call: scores, phase: playing
2026-06-16 20:22:08, tokens_remaining: 1844, call: scores, phase: playing
2026-06-16 20:22:09, tokens_remaining: 1844, call: scores, phase: playing
2026-06-16 20:22:10, tokens_remaining: 1843, call: scores, phase: playing
2026-06-16 20:22:11, tokens_remaining: 1842, call: events, phase: playing
2026-06-16 20:22:12, tokens_remaining: 1841, call: scores, phase: playing
2026-06-16 20:22:13, tokens_remaining: 1841, call: scores, phase: playing
2026-06-16 20:22:14, tokens_remaining: 1840, call: scores, phase: playing
2026-06-16 20:22:15, tokens_remaining: 1840, call: scores, phase: playing
2026-06-16 20:22:16, tokens_remaining: 1839, call: scores, phase: playing
2026-06-16 20:22:16, tokens_remaining: 1839, call: scores, phase: playing
2026-06-16 20:22:17, tokens_remaining: 1838, call: scores, phase: playing
2026-06-16 20:22:18, tokens_remaining: 1838, call: scores, phase: playing
2026-06-16 20:22:19, tokens_remaining: 1837, call: scores, phase: playing
2026-06-16 20:22:20, tokens_remaining: 1836, call: events, phase: playing
2026-06-16 20:22:21, tokens_remaining: 1835, call: scores, phase: playing
2026-06-16 20:22:22, tokens_remaining: 1835, call: scores, phase: playing
2026-06-16 20:22:23, tokens_remaining: 1834, call: scores, phase: playing
2026-06-16 20:22:24, tokens_remaining: 1834, call: scores, phase: playing
2026-06-16 20:22:25, tokens_remaining: 1833, call: scores, phase: playing
2026-06-16 20:22:26, tokens_remaining: 1833, call: scores, phase: playing
2026-06-16 20:22:27, tokens_remaining: 1832, call: scores, phase: playing
2026-06-16 20:22:28, tokens_remaining: 1832, call: scores, phase: playing
2026-06-16 20:22:29, tokens_remaining: 1831, call: scores, phase: playing
2026-06-16 20:22:30, tokens_remaining: 1830, call: events, phase: playing
2026-06-16 20:22:31, tokens_remaining: 1829, call: scores, phase: playing
2026-06-16 20:22:31, tokens_remaining: 1829, call: scores, phase: playing
2026-06-16 20:22:32, tokens_remaining: 1828, call: scores, phase: playing
2026-06-16 20:22:34, tokens_remaining: 1827, call: scores, phase: playing
2026-06-16 20:22:35, tokens_remaining: 1827, call: scores, phase: playing
2026-06-16 20:22:36, tokens_remaining: 1826, call: scores, phase: playing
2026-06-16 20:22:37, tokens_remaining: 1826, call: scores, phase: playing
2026-06-16 20:22:38, tokens_remaining: 1825, call: scores, phase: playing
2026-06-16 20:22:39, tokens_remaining: 1825, call: scores, phase: playing
2026-06-16 20:22:40, tokens_remaining: 1824, call: events, phase: playing
2026-06-16 20:22:41, tokens_remaining: 1823, call: scores, phase: playing
2026-06-16 20:22:41, tokens_remaining: 1823, call: scores, phase: playing
2026-06-16 20:22:42, tokens_remaining: 1822, call: scores, phase: playing
2026-06-16 20:22:43, tokens_remaining: 1822, call: scores, phase: playing
2026-06-16 20:22:44, tokens_remaining: 1821, call: scores, phase: playing
2026-06-16 20:22:45, tokens_remaining: 1821, call: scores, phase: playing
2026-06-16 20:22:46, tokens_remaining: 1820, call: scores, phase: playing
2026-06-16 20:22:47, tokens_remaining: 1820, call: scores, phase: playing
2026-06-16 20:22:48, tokens_remaining: 1819, call: scores, phase: playing
2026-06-16 20:22:49, tokens_remaining: 1818, call: events, phase: playing
2026-06-16 20:22:50, tokens_remaining: 1817, call: scores, phase: playing
2026-06-16 20:22:51, tokens_remaining: 1817, call: scores, phase: playing
2026-06-16 20:22:52, tokens_remaining: 1816, call: scores, phase: playing
2026-06-16 20:22:52, tokens_remaining: 1816, call: scores, phase: playing
2026-06-16 20:22:53, tokens_remaining: 1815, call: scores, phase: playing
2026-06-16 20:22:54, tokens_remaining: 1815, call: scores, phase: playing
2026-06-16 20:22:55, tokens_remaining: 1814, call: scores, phase: playing
2026-06-16 20:22:56, tokens_remaining: 1814, call: scores, phase: playing
2026-06-16 20:22:57, tokens_remaining: 1813, call: scores, phase: playing
2026-06-16 20:22:58, tokens_remaining: 1812, call: events, phase: playing
2026-06-16 20:22:59, tokens_remaining: 1811, call: scores, phase: playing
2026-06-16 20:23:00, tokens_remaining: 1811, call: scores, phase: playing
2026-06-16 20:23:01, tokens_remaining: 1810, call: scores, phase: playing
2026-06-16 20:23:01, tokens_remaining: 1810, call: scores, phase: playing
2026-06-16 20:23:02, tokens_remaining: 1809, call: scores, phase: playing
2026-06-16 20:23:03, tokens_remaining: 1809, call: scores, phase: playing
2026-06-16 20:23:04, tokens_remaining: 1808, call: scores, phase: playing
2026-06-16 20:23:05, tokens_remaining: 1808, call: scores, phase: playing
2026-06-16 20:23:06, tokens_remaining: 1807, call: scores, phase: playing
2026-06-16 20:23:07, tokens_remaining: 1806, call: events, phase: playing
2026-06-16 20:23:08, tokens_remaining: 1805, call: scores, phase: playing
2026-06-16 20:23:09, tokens_remaining: 1805, call: scores, phase: playing
2026-06-16 20:23:10, tokens_remaining: 1804, call: scores, phase: playing
2026-06-16 20:23:10, tokens_remaining: 1804, call: scores, phase: playing
2026-06-16 20:23:12, tokens_remaining: 1803, call: scores, phase: playing
2026-06-16 20:23:12, tokens_remaining: 1803, call: scores, phase: playing
2026-06-16 20:23:13, tokens_remaining: 1802, call: scores, phase: playing
2026-06-16 20:23:14, tokens_remaining: 1802, call: scores, phase: playing
2026-06-16 20:23:15, tokens_remaining: 1801, call: scores, phase: playing
2026-06-16 20:23:16, tokens_remaining: 1800, call: events, phase: playing
2026-06-16 20:23:17, tokens_remaining: 1799, call: scores, phase: playing
2026-06-16 20:23:18, tokens_remaining: 1799, call: scores, phase: playing
2026-06-16 20:23:19, tokens_remaining: 1798, call: scores, phase: playing
2026-06-16 20:23:20, tokens_remaining: 1798, call: scores, phase: playing
2026-06-16 20:23:20, tokens_remaining: 1797, call: scores, phase: playing
2026-06-16 20:23:21, tokens_remaining: 1797, call: scores, phase: playing
2026-06-16 20:23:22, tokens_remaining: 1796, call: scores, phase: playing
2026-06-16 20:23:23, tokens_remaining: 1796, call: scores, phase: playing
2026-06-16 20:23:24, tokens_remaining: 1795, call: scores, phase: playing
2026-06-16 20:23:25, tokens_remaining: 1794, call: events, phase: playing
2026-06-16 20:23:26, tokens_remaining: 1793, call: scores, phase: playing
2026-06-16 20:23:27, tokens_remaining: 1793, call: scores, phase: playing
2026-06-16 20:23:28, tokens_remaining: 1792, call: scores, phase: playing
2026-06-16 20:23:28, tokens_remaining: 1792, call: scores, phase: playing
2026-06-16 20:23:30, tokens_remaining: 1791, call: scores, phase: playing
2026-06-16 20:23:30, tokens_remaining: 1791, call: scores, phase: playing
2026-06-16 20:23:31, tokens_remaining: 1790, call: scores, phase: playing
2026-06-16 20:23:32, tokens_remaining: 1790, call: scores, phase: playing
2026-06-16 20:23:33, tokens_remaining: 1789, call: scores, phase: playing
2026-06-16 20:23:34, tokens_remaining: 1788, call: events, phase: playing
2026-06-16 20:23:35, tokens_remaining: 1787, call: scores, phase: playing
2026-06-16 20:23:36, tokens_remaining: 1787, call: scores, phase: playing
2026-06-16 20:23:37, tokens_remaining: 1786, call: scores, phase: playing
2026-06-16 20:23:38, tokens_remaining: 1786, call: scores, phase: playing
2026-06-16 20:23:39, tokens_remaining: 1785, call: scores, phase: playing
2026-06-16 20:23:39, tokens_remaining: 1785, call: scores, phase: playing
2026-06-16 20:23:40, tokens_remaining: 1784, call: scores, phase: playing
2026-06-16 20:23:41, tokens_remaining: 1784, call: scores, phase: playing
2026-06-16 20:23:42, tokens_remaining: 1783, call: scores, phase: playing
2026-06-16 20:23:43, tokens_remaining: 1782, call: events, phase: playing
2026-06-16 20:23:44, tokens_remaining: 1781, call: scores, phase: playing
2026-06-16 20:23:45, tokens_remaining: 1781, call: scores, phase: playing
2026-06-16 20:23:46, tokens_remaining: 1780, call: scores, phase: playing
2026-06-16 20:23:46, tokens_remaining: 1780, call: scores, phase: playing
2026-06-16 20:23:47, tokens_remaining: 1779, call: scores, phase: playing
2026-06-16 20:23:48, tokens_remaining: 1779, call: scores, phase: playing
2026-06-16 20:23:49, tokens_remaining: 1778, call: scores, phase: playing
2026-06-16 20:23:50, tokens_remaining: 1778, call: scores, phase: playing
2026-06-16 20:23:51, tokens_remaining: 1777, call: scores, phase: playing
2026-06-16 20:23:52, tokens_remaining: 1776, call: events, phase: playing
2026-06-16 20:23:53, tokens_remaining: 1775, call: scores, phase: playing
2026-06-16 20:23:54, tokens_remaining: 1775, call: scores, phase: playing
2026-06-16 20:23:55, tokens_remaining: 1774, call: scores, phase: playing
2026-06-16 20:23:55, tokens_remaining: 1774, call: scores, phase: playing
2026-06-16 20:23:56, tokens_remaining: 1773, call: scores, phase: playing
2026-06-16 20:23:57, tokens_remaining: 1773, call: scores, phase: playing
2026-06-16 20:23:58, tokens_remaining: 1772, call: scores, phase: playing
2026-06-16 20:23:59, tokens_remaining: 1772, call: scores, phase: playing
2026-06-16 20:24:00, tokens_remaining: 1771, call: scores, phase: playing
2026-06-16 20:24:01, tokens_remaining: 1770, call: events, phase: playing
2026-06-16 20:24:02, tokens_remaining: 1769, call: scores, phase: playing
2026-06-16 20:24:03, tokens_remaining: 1769, call: scores, phase: playing
2026-06-16 20:24:03, tokens_remaining: 1768, call: scores, phase: playing
2026-06-16 20:24:04, tokens_remaining: 1768, call: scores, phase: playing
2026-06-16 20:24:05, tokens_remaining: 1767, call: scores, phase: playing
2026-06-16 20:24:06, tokens_remaining: 1767, call: scores, phase: playing
2026-06-16 20:24:07, tokens_remaining: 1766, call: scores, phase: playing
2026-06-16 20:24:08, tokens_remaining: 1766, call: scores, phase: playing
2026-06-16 20:24:09, tokens_remaining: 1765, call: scores, phase: playing
2026-06-16 20:24:10, tokens_remaining: 1764, call: events, phase: playing
2026-06-16 20:24:10, tokens_remaining: 1763, call: scores, phase: playing
2026-06-16 20:24:11, tokens_remaining: 1763, call: scores, phase: playing
2026-06-16 20:24:12, tokens_remaining: 1762, call: scores, phase: playing
2026-06-16 20:24:13, tokens_remaining: 1762, call: scores, phase: playing
2026-06-16 20:24:14, tokens_remaining: 1761, call: scores, phase: playing
2026-06-16 20:24:15, tokens_remaining: 1761, call: scores, phase: playing
2026-06-16 20:24:16, tokens_remaining: 1760, call: scores, phase: playing
2026-06-16 20:24:16, tokens_remaining: 1760, call: scores, phase: playing
2026-06-16 20:24:17, tokens_remaining: 1759, call: scores, phase: playing
2026-06-16 20:24:18, tokens_remaining: 1758, call: events, phase: playing
2026-06-16 20:24:19, tokens_remaining: 1757, call: scores, phase: playing
2026-06-16 20:24:20, tokens_remaining: 1757, call: scores, phase: playing
2026-06-16 20:24:21, tokens_remaining: 1756, call: scores, phase: playing
2026-06-16 20:24:22, tokens_remaining: 1756, call: scores, phase: playing
2026-06-16 20:24:23, tokens_remaining: 1755, call: scores, phase: playing
2026-06-16 20:24:23, tokens_remaining: 1755, call: scores, phase: playing
2026-06-16 20:24:24, tokens_remaining: 1754, call: scores, phase: playing
2026-06-16 20:24:25, tokens_remaining: 1754, call: scores, phase: playing
2026-06-16 20:24:26, tokens_remaining: 1753, call: scores, phase: playing
2026-06-16 20:24:27, tokens_remaining: 1752, call: events, phase: playing
2026-06-16 20:24:28, tokens_remaining: 1751, call: scores, phase: playing
2026-06-16 20:24:29, tokens_remaining: 1751, call: scores, phase: playing
2026-06-16 20:24:30, tokens_remaining: 1750, call: scores, phase: playing
2026-06-16 20:24:30, tokens_remaining: 1750, call: scores, phase: playing
2026-06-16 20:24:31, tokens_remaining: 1749, call: scores, phase: playing
2026-06-16 20:24:32, tokens_remaining: 1749, call: scores, phase: playing
2026-06-16 20:24:33, tokens_remaining: 1748, call: scores, phase: playing
2026-06-16 20:24:34, tokens_remaining: 1748, call: scores, phase: playing
2026-06-16 20:24:35, tokens_remaining: 1747, call: scores, phase: playing
2026-06-16 20:24:36, tokens_remaining: 1746, call: events, phase: playing
2026-06-16 20:24:37, tokens_remaining: 1745, call: scores, phase: playing
2026-06-16 20:24:37, tokens_remaining: 1745, call: scores, phase: playing
2026-06-16 20:24:38, tokens_remaining: 1744, call: scores, phase: playing
2026-06-16 20:24:39, tokens_remaining: 1744, call: scores, phase: playing
2026-06-16 20:24:40, tokens_remaining: 1743, call: scores, phase: playing
2026-06-16 20:24:41, tokens_remaining: 1743, call: scores, phase: playing
2026-06-16 20:24:42, tokens_remaining: 1742, call: scores, phase: playing
2026-06-16 20:24:42, tokens_remaining: 1742, call: scores, phase: playing
2026-06-16 20:24:43, tokens_remaining: 1741, call: scores, phase: playing
2026-06-16 20:24:44, tokens_remaining: 1740, call: events, phase: playing
2026-06-16 20:24:45, tokens_remaining: 1739, call: scores, phase: playing
2026-06-16 20:24:46, tokens_remaining: 1739, call: scores, phase: playing
2026-06-16 20:24:47, tokens_remaining: 1738, call: scores, phase: playing
2026-06-16 20:24:48, tokens_remaining: 1738, call: scores, phase: playing
2026-06-16 20:24:49, tokens_remaining: 1737, call: scores, phase: playing
2026-06-16 20:24:49, tokens_remaining: 1737, call: scores, phase: playing
2026-06-16 20:24:50, tokens_remaining: 1736, call: scores, phase: playing
2026-06-16 20:24:51, tokens_remaining: 1736, call: scores, phase: playing
2026-06-16 20:24:52, tokens_remaining: 1735, call: scores, phase: playing
2026-06-16 20:24:53, tokens_remaining: 1734, call: events, phase: playing
2026-06-16 20:24:54, tokens_remaining: 1733, call: scores, phase: playing
2026-06-16 20:24:55, tokens_remaining: 1733, call: scores, phase: playing
2026-06-16 20:24:56, tokens_remaining: 1732, call: scores, phase: playing
2026-06-16 20:24:56, tokens_remaining: 1732, call: scores, phase: playing
2026-06-16 20:24:57, tokens_remaining: 1731, call: scores, phase: playing
2026-06-16 20:24:58, tokens_remaining: 1731, call: scores, phase: playing
2026-06-16 20:24:59, tokens_remaining: 1730, call: scores, phase: playing
2026-06-16 20:25:00, tokens_remaining: 1730, call: scores, phase: playing
2026-06-16 20:25:01, tokens_remaining: 1729, call: scores, phase: playing
2026-06-16 20:25:02, tokens_remaining: 1728, call: events, phase: playing
2026-06-16 20:25:03, tokens_remaining: 1727, call: scores, phase: playing
2026-06-16 20:25:03, tokens_remaining: 1727, call: scores, phase: playing
2026-06-16 20:25:04, tokens_remaining: 1726, call: scores, phase: playing
2026-06-16 20:25:05, tokens_remaining: 1726, call: scores, phase: playing
2026-06-16 20:25:06, tokens_remaining: 1725, call: scores, phase: playing
2026-06-16 20:25:07, tokens_remaining: 1725, call: scores, phase: playing
2026-06-16 20:25:08, tokens_remaining: 1724, call: scores, phase: playing
2026-06-16 20:25:08, tokens_remaining: 1724, call: scores, phase: playing
2026-06-16 20:25:09, tokens_remaining: 1723, call: scores, phase: playing
2026-06-16 20:25:10, tokens_remaining: 1722, call: events, phase: playing
2026-06-16 20:25:11, tokens_remaining: 1721, call: scores, phase: playing
2026-06-16 20:25:12, tokens_remaining: 1721, call: scores, phase: playing
2026-06-16 20:25:13, tokens_remaining: 1720, call: scores, phase: playing
2026-06-16 20:25:14, tokens_remaining: 1720, call: scores, phase: playing
2026-06-16 20:25:15, tokens_remaining: 1719, call: scores, phase: playing
2026-06-16 20:25:15, tokens_remaining: 1719, call: scores, phase: playing
2026-06-16 20:25:16, tokens_remaining: 1718, call: scores, phase: playing
2026-06-16 20:25:17, tokens_remaining: 1718, call: scores, phase: playing
2026-06-16 20:25:18, tokens_remaining: 1717, call: scores, phase: playing
2026-06-16 20:25:19, tokens_remaining: 1716, call: events, phase: playing
2026-06-16 20:25:20, tokens_remaining: 1715, call: scores, phase: playing
2026-06-16 20:25:21, tokens_remaining: 1715, call: scores, phase: playing
2026-06-16 20:25:22, tokens_remaining: 1714, call: scores, phase: playing
2026-06-16 20:25:22, tokens_remaining: 1714, call: scores, phase: playing
2026-06-16 20:25:23, tokens_remaining: 1713, call: scores, phase: playing
2026-06-16 20:25:24, tokens_remaining: 1713, call: scores, phase: playing
2026-06-16 20:25:25, tokens_remaining: 1712, call: scores, phase: playing
2026-06-16 20:25:25, tokens_remaining: 1712, call: scores, phase: playing
2026-06-16 20:25:26, tokens_remaining: 1711, call: scores, phase: playing
2026-06-16 20:25:27, tokens_remaining: 1710, call: events, phase: playing
2026-06-16 20:25:28, tokens_remaining: 1709, call: scores, phase: playing
2026-06-16 20:25:29, tokens_remaining: 1709, call: scores, phase: playing
2026-06-16 20:25:30, tokens_remaining: 1708, call: scores, phase: playing
2026-06-16 20:25:31, tokens_remaining: 1708, call: scores, phase: playing
2026-06-16 20:25:35, tokens_remaining: 1707, call: scores, phase: playing
2026-06-16 20:25:36, tokens_remaining: 1707, call: scores, phase: playing
2026-06-16 20:25:36, tokens_remaining: 1706, call: scores, phase: playing
2026-06-16 20:25:37, tokens_remaining: 1706, call: scores, phase: playing
2026-06-16 20:25:38, tokens_remaining: 1705, call: scores, phase: playing
2026-06-16 20:25:39, tokens_remaining: 1704, call: events, phase: playing
2026-06-16 20:25:40, tokens_remaining: 1703, call: scores, phase: playing
2026-06-16 20:25:41, tokens_remaining: 1703, call: scores, phase: playing
2026-06-16 20:25:42, tokens_remaining: 1702, call: scores, phase: playing
2026-06-16 20:25:42, tokens_remaining: 1702, call: scores, phase: playing
2026-06-16 20:25:43, tokens_remaining: 1701, call: scores, phase: playing
2026-06-16 20:25:44, tokens_remaining: 1701, call: scores, phase: playing
2026-06-16 20:25:45, tokens_remaining: 1700, call: scores, phase: playing
2026-06-16 20:25:46, tokens_remaining: 1700, call: scores, phase: playing
2026-06-16 20:25:47, tokens_remaining: 1699, call: scores, phase: playing
2026-06-16 20:25:48, tokens_remaining: 1698, call: events, phase: playing
2026-06-16 20:25:48, tokens_remaining: 1697, call: scores, phase: playing
2026-06-16 20:25:49, tokens_remaining: 1697, call: scores, phase: playing
2026-06-16 20:25:50, tokens_remaining: 1696, call: scores, phase: playing
2026-06-16 20:25:51, tokens_remaining: 1696, call: scores, phase: playing
2026-06-16 20:25:52, tokens_remaining: 1695, call: scores, phase: playing
2026-06-16 20:25:52, tokens_remaining: 1695, call: scores, phase: playing
2026-06-16 20:25:53, tokens_remaining: 1694, call: scores, phase: playing
2026-06-16 20:25:54, tokens_remaining: 1694, call: scores, phase: playing
2026-06-16 20:25:55, tokens_remaining: 1693, call: scores, phase: playing
2026-06-16 20:25:56, tokens_remaining: 1692, call: events, phase: playing
2026-06-16 20:25:57, tokens_remaining: 1691, call: scores, phase: playing
2026-06-16 20:25:58, tokens_remaining: 1691, call: scores, phase: playing
2026-06-16 20:25:58, tokens_remaining: 1690, call: scores, phase: playing
2026-06-16 20:25:59, tokens_remaining: 1690, call: scores, phase: playing
2026-06-16 20:26:00, tokens_remaining: 1689, call: scores, phase: playing
2026-06-16 20:26:01, tokens_remaining: 1689, call: scores, phase: playing
2026-06-16 20:26:02, tokens_remaining: 1688, call: scores, phase: playing
2026-06-16 20:26:03, tokens_remaining: 1688, call: scores, phase: playing
2026-06-16 20:26:04, tokens_remaining: 1687, call: scores, phase: playing
2026-06-16 20:26:04, tokens_remaining: 1686, call: events, phase: playing
2026-06-16 20:26:05, tokens_remaining: 1685, call: scores, phase: playing
2026-06-16 20:26:06, tokens_remaining: 1685, call: scores, phase: playing
2026-06-16 20:26:07, tokens_remaining: 1684, call: scores, phase: playing
2026-06-16 20:26:08, tokens_remaining: 1684, call: scores, phase: playing
2026-06-16 20:26:09, tokens_remaining: 1683, call: scores, phase: playing
2026-06-16 20:26:09, tokens_remaining: 1683, call: scores, phase: playing
2026-06-16 20:26:11, tokens_remaining: 1682, call: scores, phase: playing
2026-06-16 20:26:12, tokens_remaining: 1682, call: scores, phase: playing
2026-06-16 20:26:13, tokens_remaining: 1681, call: scores, phase: playing
2026-06-16 20:26:14, tokens_remaining: 1680, call: events, phase: playing
