2026-06-14 13:46:27, tokens_remaining: 919, call: events, phase: idle
2026-06-14 13:46:27, EVENT: GOAL 6' Felix Nmecha (1-0) [Germany vs Curacao]
2026-06-14 13:46:27, EVENT: GOAL 21' Livano Comenencia (1-1) [Germany vs Curacao]
2026-06-14 13:46:27, EVENT: GOAL 38' Nico Schlotterbeck (2-1) [Germany vs Curacao]
2026-06-14 13:46:27, EVENT: EVENT_16 45+5' Kai Havertz (3-1) [Germany vs Curacao]
2026-06-14 13:46:27, EVENT: GOAL 47' Jamal Musiala (4-1) [Germany vs Curacao]
2026-06-14 13:46:27, EVENT: GOAL 68' Nathaniel Brown (5-1) [Germany vs Curacao]
2026-06-14 13:46:27, EVENT: GOAL 78' Deniz Undav (6-1) [Germany vs Curacao]
2026-06-14 13:46:27, EVENT: SUBSTITUTION 46' Jeremy Antonisse [Germany vs Curacao]
2026-06-14 13:46:27, EVENT: SUBSTITUTION 64' Jearl Margaritha [Germany vs Curacao]
2026-06-14 13:46:27, EVENT: SUBSTITUTION 64' Deniz Undav [Germany vs Curacao]
2026-06-14 13:46:27, EVENT: SUBSTITUTION 73' Leon Goretzka [Germany vs Curacao]
2026-06-14 13:46:27, EVENT: SUBSTITUTION 73' David Raum [Germany vs Curacao]
2026-06-14 13:46:27, EVENT: SUBSTITUTION 73' Antonio Rüdiger [Germany vs Curacao]
2026-06-14 13:46:27, EVENT: SUBSTITUTION 83' Gervane Kastaneer [Germany vs Curacao]
2026-06-14 13:46:27, STATE_CHANGE: Germany vs Curacao [— -> 2H]
2026-06-14 13:46:28, tokens_remaining: 918, call: scores, phase: playing
2026-06-14 13:46:29, tokens_remaining: 918, call: scores, phase: playing
2026-06-14 13:46:30, tokens_remaining: 917, call: scores, phase: playing
2026-06-14 13:46:30, tokens_remaining: 917, call: scores, phase: playing
2026-06-14 13:46:31, tokens_remaining: 916, call: scores, phase: playing
2026-06-14 13:46:32, tokens_remaining: 916, call: scores, phase: playing
2026-06-14 13:46:33, tokens_remaining: 915, call: scores, phase: playing
2026-06-14 13:46:34, tokens_remaining: 915, call: scores, phase: playing
2026-06-14 13:46:35, tokens_remaining: 914, call: events, phase: playing
2026-06-14 13:46:35, EVENT: SUBSTITUTION 83' Gervane Kastaneer [Germany vs Curacao]
2026-06-14 13:46:36, tokens_remaining: 913, call: scores, phase: playing
2026-06-14 13:46:37, tokens_remaining: 913, call: scores, phase: playing
2026-06-14 13:46:38, tokens_remaining: 912, call: scores, phase: playing
2026-06-14 13:46:39, tokens_remaining: 912, call: scores, phase: playing
2026-06-14 13:46:40, tokens_remaining: 911, call: scores, phase: playing
2026-06-14 13:46:41, tokens_remaining: 911, call: scores, phase: playing
2026-06-14 13:46:42, tokens_remaining: 910, call: scores, phase: playing
2026-06-14 13:46:43, tokens_remaining: 910, call: scores, phase: playing
2026-06-14 13:46:44, tokens_remaining: 909, call: scores, phase: playing
2026-06-14 13:46:45, tokens_remaining: 908, call: events, phase: playing
2026-06-14 13:46:46, tokens_remaining: 907, call: scores, phase: playing
2026-06-14 13:46:47, tokens_remaining: 907, call: scores, phase: playing
2026-06-14 13:46:48, tokens_remaining: 906, call: scores, phase: playing
2026-06-14 13:46:49, tokens_remaining: 906, call: scores, phase: playing
2026-06-14 13:46:50, tokens_remaining: 905, call: scores, phase: playing
2026-06-14 13:46:51, tokens_remaining: 905, call: scores, phase: playing
2026-06-14 13:46:52, tokens_remaining: 904, call: scores, phase: playing
2026-06-14 13:46:53, tokens_remaining: 904, call: scores, phase: playing
2026-06-14 13:46:54, tokens_remaining: 903, call: scores, phase: playing
2026-06-14 13:46:55, tokens_remaining: 902, call: events, phase: playing
2026-06-14 13:46:56, tokens_remaining: 901, call: scores, phase: playing
2026-06-14 13:46:57, tokens_remaining: 901, call: scores, phase: playing
2026-06-14 13:46:58, tokens_remaining: 900, call: scores, phase: playing
2026-06-14 13:46:59, tokens_remaining: 900, call: scores, phase: playing
2026-06-14 13:47:00, tokens_remaining: 899, call: scores, phase: playing
2026-06-14 13:47:01, tokens_remaining: 899, call: scores, phase: playing
2026-06-14 13:47:02, tokens_remaining: 898, call: scores, phase: playing
2026-06-14 13:47:03, tokens_remaining: 898, call: scores, phase: playing
2026-06-14 13:47:04, tokens_remaining: 897, call: scores, phase: playing
2026-06-14 13:47:05, tokens_remaining: 896, call: events, phase: playing
2026-06-14 13:47:06, tokens_remaining: 895, call: scores, phase: playing
2026-06-14 13:47:07, tokens_remaining: 895, call: scores, phase: playing
2026-06-14 13:47:08, tokens_remaining: 894, call: scores, phase: playing
2026-06-14 13:47:09, tokens_remaining: 894, call: scores, phase: playing
2026-06-14 13:47:10, tokens_remaining: 893, call: scores, phase: playing
2026-06-14 13:47:10, tokens_remaining: 893, call: scores, phase: playing
2026-06-14 13:47:12, tokens_remaining: 892, call: scores, phase: playing
2026-06-14 13:47:12, tokens_remaining: 892, call: scores, phase: playing
2026-06-14 13:47:13, tokens_remaining: 891, call: scores, phase: playing
2026-06-14 13:47:15, tokens_remaining: 890, call: events, phase: playing
2026-06-14 13:47:16, tokens_remaining: 889, call: scores, phase: playing
2026-06-14 13:47:16, tokens_remaining: 889, call: scores, phase: playing
2026-06-14 13:47:17, tokens_remaining: 888, call: scores, phase: playing
2026-06-14 13:47:18, tokens_remaining: 888, call: scores, phase: playing
2026-06-14 13:47:19, tokens_remaining: 887, call: scores, phase: playing
2026-06-14 13:47:20, tokens_remaining: 887, call: scores, phase: playing
2026-06-14 13:47:21, tokens_remaining: 886, call: scores, phase: playing
2026-06-14 13:47:22, tokens_remaining: 886, call: scores, phase: playing
2026-06-14 13:47:23, tokens_remaining: 885, call: scores, phase: playing
2026-06-14 13:47:24, tokens_remaining: 884, call: events, phase: playing
2026-06-14 13:47:25, tokens_remaining: 883, call: scores, phase: playing
2026-06-14 13:47:26, tokens_remaining: 883, call: scores, phase: playing
2026-06-14 13:47:27, tokens_remaining: 882, call: scores, phase: playing
2026-06-14 13:47:28, tokens_remaining: 882, call: scores, phase: playing
2026-06-14 13:47:29, tokens_remaining: 881, call: scores, phase: playing
2026-06-14 13:47:30, tokens_remaining: 881, call: scores, phase: playing
2026-06-14 13:47:31, tokens_remaining: 880, call: scores, phase: playing
2026-06-14 13:47:32, tokens_remaining: 880, call: scores, phase: playing
2026-06-14 13:47:33, tokens_remaining: 879, call: scores, phase: playing
2026-06-14 13:47:34, tokens_remaining: 878, call: events, phase: playing
2026-06-14 13:47:35, tokens_remaining: 877, call: scores, phase: playing
2026-06-14 13:47:36, tokens_remaining: 877, call: scores, phase: playing
2026-06-14 13:47:37, tokens_remaining: 876, call: scores, phase: playing
2026-06-14 13:47:38, tokens_remaining: 876, call: scores, phase: playing
2026-06-14 13:47:39, tokens_remaining: 875, call: scores, phase: playing
2026-06-14 13:47:40, tokens_remaining: 875, call: scores, phase: playing
2026-06-14 13:47:41, tokens_remaining: 874, call: scores, phase: playing
2026-06-14 13:47:42, tokens_remaining: 874, call: scores, phase: playing
2026-06-14 13:47:43, tokens_remaining: 873, call: scores, phase: playing
2026-06-14 13:47:44, tokens_remaining: 872, call: events, phase: playing
2026-06-14 13:47:45, tokens_remaining: 871, call: scores, phase: playing
2026-06-14 13:47:46, tokens_remaining: 871, call: scores, phase: playing
2026-06-14 13:47:47, tokens_remaining: 870, call: scores, phase: playing
2026-06-14 13:47:48, tokens_remaining: 870, call: scores, phase: playing
2026-06-14 13:47:49, tokens_remaining: 869, call: scores, phase: playing
2026-06-14 13:47:50, tokens_remaining: 869, call: scores, phase: playing
2026-06-14 13:47:51, tokens_remaining: 868, call: scores, phase: playing
2026-06-14 13:47:51, tokens_remaining: 868, call: scores, phase: playing
2026-06-14 13:47:52, tokens_remaining: 867, call: scores, phase: playing
2026-06-14 13:47:54, tokens_remaining: 866, call: events, phase: playing
2026-06-14 13:47:55, tokens_remaining: 865, call: scores, phase: playing
2026-06-14 13:47:55, tokens_remaining: 865, call: scores, phase: playing
2026-06-14 13:47:56, tokens_remaining: 864, call: scores, phase: playing
2026-06-14 13:47:57, tokens_remaining: 864, call: scores, phase: playing
2026-06-14 13:47:58, tokens_remaining: 863, call: scores, phase: playing
2026-06-14 13:47:59, tokens_remaining: 863, call: scores, phase: playing
2026-06-14 13:48:00, tokens_remaining: 862, call: scores, phase: playing
2026-06-14 13:48:01, tokens_remaining: 862, call: scores, phase: playing
2026-06-14 13:48:02, tokens_remaining: 861, call: scores, phase: playing
2026-06-14 13:48:03, tokens_remaining: 860, call: events, phase: playing
2026-06-14 13:48:04, tokens_remaining: 859, call: scores, phase: playing
2026-06-14 13:48:05, tokens_remaining: 859, call: scores, phase: playing
2026-06-14 13:48:06, tokens_remaining: 858, call: scores, phase: playing
2026-06-14 13:48:07, tokens_remaining: 858, call: scores, phase: playing
2026-06-14 13:48:08, tokens_remaining: 857, call: scores, phase: playing
2026-06-14 13:48:09, tokens_remaining: 857, call: scores, phase: playing
2026-06-14 13:48:10, tokens_remaining: 856, call: scores, phase: playing
2026-06-14 13:48:10, tokens_remaining: 856, call: scores, phase: playing
2026-06-14 13:48:12, tokens_remaining: 855, call: scores, phase: playing
2026-06-14 13:48:13, tokens_remaining: 854, call: events, phase: playing
2026-06-14 13:48:14, tokens_remaining: 853, call: scores, phase: playing
2026-06-14 13:48:15, tokens_remaining: 853, call: scores, phase: playing
2026-06-14 13:48:16, tokens_remaining: 852, call: scores, phase: playing
2026-06-14 13:48:16, tokens_remaining: 852, call: scores, phase: playing
2026-06-14 13:48:17, tokens_remaining: 851, call: scores, phase: playing
2026-06-14 13:48:18, tokens_remaining: 851, call: scores, phase: playing
2026-06-14 13:48:19, tokens_remaining: 850, call: scores, phase: playing
2026-06-14 13:48:20, tokens_remaining: 850, call: scores, phase: playing
2026-06-14 13:48:21, tokens_remaining: 849, call: scores, phase: playing
2026-06-14 13:48:22, tokens_remaining: 848, call: events, phase: playing
2026-06-14 13:48:23, tokens_remaining: 847, call: scores, phase: playing
2026-06-14 13:48:24, tokens_remaining: 847, call: scores, phase: playing
2026-06-14 13:48:25, tokens_remaining: 846, call: scores, phase: playing
2026-06-14 13:48:26, tokens_remaining: 846, call: scores, phase: playing
2026-06-14 13:48:27, tokens_remaining: 845, call: scores, phase: playing
2026-06-14 13:48:28, tokens_remaining: 845, call: scores, phase: playing
2026-06-14 13:48:29, tokens_remaining: 844, call: scores, phase: playing
2026-06-14 13:48:29, tokens_remaining: 844, call: scores, phase: playing
2026-06-14 13:48:30, tokens_remaining: 843, call: scores, phase: playing
2026-06-14 13:48:32, tokens_remaining: 842, call: events, phase: playing
2026-06-14 13:48:33, tokens_remaining: 841, call: scores, phase: playing
2026-06-14 13:48:33, tokens_remaining: 841, call: scores, phase: playing
2026-06-14 13:48:34, tokens_remaining: 840, call: scores, phase: playing
2026-06-14 13:48:35, tokens_remaining: 840, call: scores, phase: playing
2026-06-14 13:48:36, tokens_remaining: 839, call: scores, phase: playing
2026-06-14 13:48:37, tokens_remaining: 839, call: scores, phase: playing
2026-06-14 13:48:38, tokens_remaining: 838, call: scores, phase: playing
2026-06-14 13:48:39, tokens_remaining: 838, call: scores, phase: playing
2026-06-14 13:48:40, tokens_remaining: 837, call: scores, phase: playing
2026-06-14 13:48:41, tokens_remaining: 836, call: events, phase: playing
2026-06-14 13:48:42, tokens_remaining: 835, call: scores, phase: playing
2026-06-14 13:48:43, tokens_remaining: 835, call: scores, phase: playing
2026-06-14 13:48:44, tokens_remaining: 834, call: scores, phase: playing
2026-06-14 13:48:45, tokens_remaining: 834, call: scores, phase: playing
2026-06-14 13:48:46, tokens_remaining: 833, call: scores, phase: playing
2026-06-14 13:48:46, tokens_remaining: 833, call: scores, phase: playing
2026-06-14 13:48:47, tokens_remaining: 832, call: scores, phase: playing
2026-06-14 13:48:48, tokens_remaining: 832, call: scores, phase: playing
2026-06-14 13:48:49, tokens_remaining: 831, call: scores, phase: playing
2026-06-14 13:48:50, tokens_remaining: 830, call: events, phase: playing
2026-06-14 13:48:51, tokens_remaining: 829, call: scores, phase: playing
2026-06-14 13:48:52, tokens_remaining: 829, call: scores, phase: playing
2026-06-14 13:48:53, tokens_remaining: 828, call: scores, phase: playing
2026-06-14 13:48:54, tokens_remaining: 828, call: scores, phase: playing
2026-06-14 13:48:55, tokens_remaining: 827, call: scores, phase: playing
2026-06-14 13:48:56, tokens_remaining: 827, call: scores, phase: playing
2026-06-14 13:48:57, tokens_remaining: 826, call: scores, phase: playing
2026-06-14 13:48:57, tokens_remaining: 826, call: scores, phase: playing
2026-06-14 13:48:58, tokens_remaining: 825, call: scores, phase: playing
2026-06-14 13:48:59, tokens_remaining: 824, call: events, phase: playing
2026-06-14 13:49:01, tokens_remaining: 823, call: scores, phase: playing
2026-06-14 13:49:01, tokens_remaining: 823, call: scores, phase: playing
2026-06-14 13:49:02, tokens_remaining: 822, call: scores, phase: playing
2026-06-14 13:49:03, tokens_remaining: 822, call: scores, phase: playing
2026-06-14 13:49:04, tokens_remaining: 821, call: scores, phase: playing
2026-06-14 13:49:05, tokens_remaining: 821, call: scores, phase: playing
2026-06-14 13:49:06, tokens_remaining: 820, call: scores, phase: playing
2026-06-14 13:49:07, tokens_remaining: 820, call: scores, phase: playing
2026-06-14 13:49:08, tokens_remaining: 819, call: scores, phase: playing
2026-06-14 13:49:09, tokens_remaining: 818, call: events, phase: playing
2026-06-14 13:49:10, tokens_remaining: 817, call: scores, phase: playing
2026-06-14 13:49:11, tokens_remaining: 817, call: scores, phase: playing
2026-06-14 13:49:12, tokens_remaining: 816, call: scores, phase: playing
2026-06-14 13:49:12, tokens_remaining: 816, call: scores, phase: playing
2026-06-14 13:49:13, tokens_remaining: 815, call: scores, phase: playing
2026-06-14 13:49:14, tokens_remaining: 815, call: scores, phase: playing
2026-06-14 13:49:15, tokens_remaining: 814, call: scores, phase: playing
2026-06-14 13:49:16, tokens_remaining: 814, call: scores, phase: playing
2026-06-14 13:49:17, tokens_remaining: 813, call: scores, phase: playing
2026-06-14 13:49:18, tokens_remaining: 812, call: events, phase: playing
2026-06-14 13:49:19, tokens_remaining: 811, call: scores, phase: playing
2026-06-14 13:49:20, tokens_remaining: 811, call: scores, phase: playing
2026-06-14 13:49:21, tokens_remaining: 810, call: scores, phase: playing
2026-06-14 13:49:21, tokens_remaining: 810, call: scores, phase: playing
2026-06-14 13:49:22, tokens_remaining: 809, call: scores, phase: playing
2026-06-14 13:49:23, tokens_remaining: 809, call: scores, phase: playing
2026-06-14 13:49:24, tokens_remaining: 808, call: scores, phase: playing
2026-06-14 13:49:25, tokens_remaining: 808, call: scores, phase: playing
2026-06-14 13:49:26, tokens_remaining: 807, call: scores, phase: playing
2026-06-14 13:49:27, tokens_remaining: 806, call: events, phase: playing
2026-06-14 13:49:28, tokens_remaining: 805, call: scores, phase: playing
2026-06-14 13:49:29, tokens_remaining: 805, call: scores, phase: playing
2026-06-14 13:49:30, tokens_remaining: 804, call: scores, phase: playing
2026-06-14 13:49:30, tokens_remaining: 804, call: scores, phase: playing
2026-06-14 13:49:31, tokens_remaining: 803, call: scores, phase: playing
2026-06-14 13:49:32, tokens_remaining: 803, call: scores, phase: playing
2026-06-14 13:49:33, tokens_remaining: 802, call: scores, phase: playing
2026-06-14 13:49:34, tokens_remaining: 802, call: scores, phase: playing
2026-06-14 13:49:35, tokens_remaining: 801, call: scores, phase: playing
2026-06-14 13:49:36, tokens_remaining: 800, call: events, phase: playing
2026-06-14 13:49:37, tokens_remaining: 799, call: scores, phase: playing
2026-06-14 13:49:38, tokens_remaining: 799, call: scores, phase: playing
2026-06-14 13:49:39, tokens_remaining: 798, call: scores, phase: playing
2026-06-14 13:49:39, tokens_remaining: 798, call: scores, phase: playing
2026-06-14 13:49:40, tokens_remaining: 797, call: scores, phase: playing
2026-06-14 13:49:41, tokens_remaining: 797, call: scores, phase: playing
2026-06-14 13:49:42, tokens_remaining: 796, call: scores, phase: playing
2026-06-14 13:49:43, tokens_remaining: 796, call: scores, phase: playing
2026-06-14 13:49:44, tokens_remaining: 795, call: scores, phase: playing
2026-06-14 13:49:45, tokens_remaining: 794, call: events, phase: playing
2026-06-14 13:49:46, tokens_remaining: 793, call: scores, phase: playing
2026-06-14 13:49:47, tokens_remaining: 793, call: scores, phase: playing
2026-06-14 13:49:48, tokens_remaining: 792, call: scores, phase: playing
2026-06-14 13:49:48, tokens_remaining: 792, call: scores, phase: playing
2026-06-14 13:49:49, tokens_remaining: 791, call: scores, phase: playing
2026-06-14 13:49:50, tokens_remaining: 791, call: scores, phase: playing
2026-06-14 13:49:51, tokens_remaining: 790, call: scores, phase: playing
2026-06-14 13:49:52, tokens_remaining: 790, call: scores, phase: playing
2026-06-14 13:49:53, tokens_remaining: 789, call: scores, phase: playing
2026-06-14 13:49:54, tokens_remaining: 788, call: events, phase: playing
2026-06-14 13:49:55, tokens_remaining: 787, call: scores, phase: playing
2026-06-14 13:49:56, tokens_remaining: 787, call: scores, phase: playing
2026-06-14 13:49:57, tokens_remaining: 786, call: scores, phase: playing
2026-06-14 13:49:58, tokens_remaining: 786, call: scores, phase: playing
2026-06-14 13:49:59, tokens_remaining: 785, call: scores, phase: playing
2026-06-14 13:49:59, tokens_remaining: 785, call: scores, phase: playing
2026-06-14 13:50:00, tokens_remaining: 784, call: scores, phase: playing
2026-06-14 13:50:01, tokens_remaining: 784, call: scores, phase: playing
2026-06-14 13:50:02, tokens_remaining: 783, call: scores, phase: playing
2026-06-14 13:50:03, tokens_remaining: 782, call: events, phase: playing
2026-06-14 13:50:04, tokens_remaining: 781, call: scores, phase: playing
2026-06-14 13:50:05, tokens_remaining: 781, call: scores, phase: playing
2026-06-14 13:50:06, tokens_remaining: 780, call: scores, phase: playing
2026-06-14 13:50:07, tokens_remaining: 780, call: scores, phase: playing
2026-06-14 13:50:08, tokens_remaining: 779, call: scores, phase: playing
2026-06-14 13:50:08, tokens_remaining: 779, call: scores, phase: playing
2026-06-14 13:50:09, tokens_remaining: 778, call: scores, phase: playing
2026-06-14 13:50:10, tokens_remaining: 778, call: scores, phase: playing
2026-06-14 13:50:11, tokens_remaining: 777, call: scores, phase: playing
2026-06-14 13:50:12, tokens_remaining: 776, call: events, phase: playing
2026-06-14 13:50:13, tokens_remaining: 775, call: scores, phase: playing
2026-06-14 13:50:14, tokens_remaining: 775, call: scores, phase: playing
2026-06-14 13:50:15, tokens_remaining: 774, call: scores, phase: playing
2026-06-14 13:50:16, tokens_remaining: 774, call: scores, phase: playing
2026-06-14 13:50:17, tokens_remaining: 773, call: scores, phase: playing
2026-06-14 13:50:18, tokens_remaining: 773, call: scores, phase: playing
2026-06-14 13:50:18, tokens_remaining: 772, call: scores, phase: playing
2026-06-14 13:50:19, tokens_remaining: 772, call: scores, phase: playing
2026-06-14 13:50:20, tokens_remaining: 771, call: scores, phase: playing
2026-06-14 13:50:21, tokens_remaining: 770, call: events, phase: playing
2026-06-14 13:50:22, tokens_remaining: 769, call: scores, phase: playing
2026-06-14 13:50:23, tokens_remaining: 769, call: scores, phase: playing
2026-06-14 13:50:24, tokens_remaining: 768, call: scores, phase: playing
2026-06-14 13:50:25, tokens_remaining: 768, call: scores, phase: playing
2026-06-14 13:50:26, tokens_remaining: 767, call: scores, phase: playing
2026-06-14 13:50:27, tokens_remaining: 767, call: scores, phase: playing
2026-06-14 13:50:28, tokens_remaining: 766, call: scores, phase: playing
2026-06-14 13:50:28, tokens_remaining: 766, call: scores, phase: playing
2026-06-14 13:50:29, tokens_remaining: 765, call: scores, phase: playing
2026-06-14 13:50:31, tokens_remaining: 764, call: events, phase: playing
2026-06-14 13:50:32, tokens_remaining: 763, call: scores, phase: playing
2026-06-14 13:50:32, tokens_remaining: 763, call: scores, phase: playing
2026-06-14 13:50:33, tokens_remaining: 762, call: scores, phase: playing
2026-06-14 13:50:34, tokens_remaining: 762, call: scores, phase: playing
2026-06-14 13:50:35, tokens_remaining: 761, call: scores, phase: playing
2026-06-14 13:50:36, tokens_remaining: 761, call: scores, phase: playing
2026-06-14 13:50:37, tokens_remaining: 760, call: scores, phase: playing
2026-06-14 13:50:38, tokens_remaining: 760, call: scores, phase: playing
2026-06-14 13:50:39, tokens_remaining: 759, call: scores, phase: playing
2026-06-14 13:50:40, tokens_remaining: 758, call: events, phase: playing
2026-06-14 13:50:41, tokens_remaining: 757, call: scores, phase: playing
2026-06-14 13:50:41, tokens_remaining: 757, call: scores, phase: playing
2026-06-14 13:50:43, tokens_remaining: 756, call: scores, phase: playing
2026-06-14 13:50:43, tokens_remaining: 756, call: scores, phase: playing
2026-06-14 13:50:45, tokens_remaining: 755, call: scores, phase: playing
2026-06-14 13:50:45, tokens_remaining: 755, call: scores, phase: playing
2026-06-14 13:50:46, tokens_remaining: 754, call: scores, phase: playing
2026-06-14 13:50:47, tokens_remaining: 754, call: scores, phase: playing
2026-06-14 13:50:48, tokens_remaining: 753, call: scores, phase: playing
2026-06-14 13:50:49, tokens_remaining: 752, call: events, phase: playing
2026-06-14 13:50:50, tokens_remaining: 751, call: scores, phase: playing
2026-06-14 13:50:51, tokens_remaining: 751, call: scores, phase: playing
2026-06-14 13:50:52, tokens_remaining: 750, call: scores, phase: playing
2026-06-14 13:50:53, tokens_remaining: 750, call: scores, phase: playing
2026-06-14 13:50:54, tokens_remaining: 749, call: scores, phase: playing
2026-06-14 13:50:55, tokens_remaining: 749, call: scores, phase: playing
2026-06-14 13:50:56, tokens_remaining: 748, call: scores, phase: playing
2026-06-14 13:50:56, tokens_remaining: 748, call: scores, phase: playing
2026-06-14 13:50:57, tokens_remaining: 747, call: scores, phase: playing
2026-06-14 13:50:58, tokens_remaining: 746, call: events, phase: playing
2026-06-14 13:50:59, tokens_remaining: 745, call: scores, phase: playing
2026-06-14 13:51:00, tokens_remaining: 745, call: scores, phase: playing
2026-06-14 13:51:01, tokens_remaining: 744, call: scores, phase: playing
2026-06-14 13:51:02, tokens_remaining: 744, call: scores, phase: playing
2026-06-14 13:51:03, tokens_remaining: 743, call: scores, phase: playing
2026-06-14 13:51:04, tokens_remaining: 743, call: scores, phase: playing
2026-06-14 13:51:05, tokens_remaining: 742, call: scores, phase: playing
2026-06-14 13:51:05, tokens_remaining: 742, call: scores, phase: playing
2026-06-14 13:51:07, tokens_remaining: 741, call: scores, phase: playing
2026-06-14 13:51:08, tokens_remaining: 740, call: events, phase: playing
2026-06-14 13:51:09, tokens_remaining: 739, call: scores, phase: playing
2026-06-14 13:51:09, tokens_remaining: 739, call: scores, phase: playing
2026-06-14 13:51:10, tokens_remaining: 738, call: scores, phase: playing
2026-06-14 13:51:11, tokens_remaining: 738, call: scores, phase: playing
2026-06-14 13:51:12, tokens_remaining: 737, call: scores, phase: playing
2026-06-14 13:51:13, tokens_remaining: 737, call: scores, phase: playing
2026-06-14 13:51:14, tokens_remaining: 736, call: scores, phase: playing
2026-06-14 13:51:15, tokens_remaining: 736, call: scores, phase: playing
2026-06-14 13:51:16, tokens_remaining: 735, call: scores, phase: playing
2026-06-14 13:51:17, tokens_remaining: 734, call: events, phase: playing
2026-06-14 13:51:18, tokens_remaining: 733, call: scores, phase: playing
2026-06-14 13:51:18, tokens_remaining: 733, call: scores, phase: playing
2026-06-14 13:51:19, tokens_remaining: 732, call: scores, phase: playing
2026-06-14 13:51:20, tokens_remaining: 732, call: scores, phase: playing
2026-06-14 13:51:21, tokens_remaining: 731, call: scores, phase: playing
2026-06-14 13:51:22, tokens_remaining: 731, call: scores, phase: playing
2026-06-14 13:51:23, tokens_remaining: 730, call: scores, phase: playing
2026-06-14 13:51:24, tokens_remaining: 730, call: scores, phase: playing
2026-06-14 13:51:25, tokens_remaining: 729, call: scores, phase: playing
2026-06-14 13:51:26, tokens_remaining: 728, call: events, phase: playing
2026-06-14 13:51:27, tokens_remaining: 727, call: scores, phase: playing
2026-06-14 13:51:28, tokens_remaining: 727, call: scores, phase: playing
2026-06-14 13:51:29, tokens_remaining: 726, call: scores, phase: playing
2026-06-14 13:51:29, tokens_remaining: 726, call: scores, phase: playing
2026-06-14 13:51:30, tokens_remaining: 725, call: scores, phase: playing
2026-06-14 13:51:31, tokens_remaining: 725, call: scores, phase: playing
2026-06-14 13:51:32, tokens_remaining: 724, call: scores, phase: playing
2026-06-14 13:51:33, tokens_remaining: 724, call: scores, phase: playing
2026-06-14 13:51:34, tokens_remaining: 723, call: scores, phase: playing
2026-06-14 13:51:35, tokens_remaining: 722, call: events, phase: playing
2026-06-14 13:51:36, tokens_remaining: 721, call: scores, phase: playing
2026-06-14 13:51:36, GOAL: Germany (Germany 7-1 Curacao)
2026-06-14 13:51:37, tokens_remaining: 720, call: scores, phase: playing
2026-06-14 13:51:38, tokens_remaining: 720, call: scores, phase: playing
2026-06-14 13:51:39, tokens_remaining: 719, call: scores, phase: playing
2026-06-14 13:51:40, tokens_remaining: 719, call: scores, phase: playing
2026-06-14 13:51:41, tokens_remaining: 718, call: scores, phase: playing
2026-06-14 13:51:42, tokens_remaining: 718, call: scores, phase: playing
2026-06-14 13:51:43, tokens_remaining: 717, call: scores, phase: playing
2026-06-14 13:51:43, tokens_remaining: 717, call: scores, phase: playing
2026-06-14 13:51:44, tokens_remaining: 716, call: events, phase: playing
2026-06-14 13:51:46, tokens_remaining: 715, call: scores, phase: playing
2026-06-14 13:51:46, tokens_remaining: 715, call: scores, phase: playing
2026-06-14 13:51:47, tokens_remaining: 714, call: scores, phase: playing
2026-06-14 13:51:48, tokens_remaining: 714, call: scores, phase: playing
2026-06-14 13:51:49, tokens_remaining: 713, call: scores, phase: playing
2026-06-14 13:51:50, tokens_remaining: 713, call: scores, phase: playing
2026-06-14 13:51:51, tokens_remaining: 712, call: scores, phase: playing
2026-06-14 13:51:52, tokens_remaining: 712, call: scores, phase: playing
2026-06-14 13:51:53, tokens_remaining: 711, call: scores, phase: playing
2026-06-14 13:51:54, tokens_remaining: 710, call: events, phase: playing
2026-06-14 13:51:54, EVENT: GOAL 89' Kai Havertz (7-1) [Germany vs Curacao]
2026-06-14 13:51:55, tokens_remaining: 709, call: scores, phase: playing
2026-06-14 13:51:55, tokens_remaining: 709, call: scores, phase: playing
2026-06-14 13:51:56, tokens_remaining: 708, call: scores, phase: playing
2026-06-14 13:51:57, tokens_remaining: 708, call: scores, phase: playing
2026-06-14 13:51:58, tokens_remaining: 707, call: scores, phase: playing
2026-06-14 13:51:59, tokens_remaining: 707, call: scores, phase: playing
2026-06-14 13:52:00, tokens_remaining: 706, call: scores, phase: playing
2026-06-14 13:52:01, tokens_remaining: 706, call: scores, phase: playing
2026-06-14 13:52:02, tokens_remaining: 705, call: scores, phase: playing
2026-06-14 13:52:03, tokens_remaining: 704, call: events, phase: playing
2026-06-14 13:52:04, tokens_remaining: 703, call: scores, phase: playing
2026-06-14 13:52:05, tokens_remaining: 703, call: scores, phase: playing
