2026-06-13 16:39:17, tokens_remaining: 2133, call: events, phase: idle
2026-06-13 16:39:17, EVENT: EVENT_16 17' Breel Embolo (0-1) [Qatar vs Switzerland]
2026-06-13 16:39:17, EVENT: SUBSTITUTION 60' Ahmed Alaaeldin [Qatar vs Switzerland]
2026-06-13 16:39:17, EVENT: SUBSTITUTION 60' Karim Boudiaf [Qatar vs Switzerland]
2026-06-13 16:39:17, EVENT: SUBSTITUTION 60' Ahmed Fathi [Qatar vs Switzerland]
2026-06-13 16:39:17, EVENT: SUBSTITUTION 66' Johan Manzambi [Qatar vs Switzerland]
2026-06-13 16:39:17, EVENT: SUBSTITUTION 66' Fabian Rieder [Qatar vs Switzerland]
2026-06-13 16:39:17, EVENT: YELLOW_CARD 16' Mahmoud Abunada [Qatar vs Switzerland]
2026-06-13 16:39:17, EVENT: YELLOW_CARD 23' Jassem Gaber [Qatar vs Switzerland]
2026-06-13 16:39:17, EVENT: YELLOW_CARD 42' Denis Zakaria [Qatar vs Switzerland]
2026-06-13 16:39:17, EVENT: EVENT_10 16' Remo Freuler [Qatar vs Switzerland]
2026-06-13 16:39:17, STATE_CHANGE: Qatar vs Switzerland [— -> 2H]
2026-06-13 16:39:19, tokens_remaining: 2132, call: scores, phase: playing
2026-06-13 16:39:19, tokens_remaining: 2132, call: scores, phase: playing
2026-06-13 16:39:20, tokens_remaining: 2131, call: scores, phase: playing
2026-06-13 16:39:21, tokens_remaining: 2131, call: scores, phase: playing
2026-06-13 16:39:22, tokens_remaining: 2130, call: scores, phase: playing
2026-06-13 16:39:23, tokens_remaining: 2130, call: scores, phase: playing
2026-06-13 16:39:24, tokens_remaining: 2129, call: scores, phase: playing
2026-06-13 16:39:26, tokens_remaining: 2128, call: scores, phase: playing
2026-06-13 16:39:27, tokens_remaining: 2127, call: events, phase: playing
2026-06-13 16:39:28, tokens_remaining: 2126, call: scores, phase: playing
2026-06-13 16:39:28, tokens_remaining: 2126, call: scores, phase: playing
2026-06-13 16:39:30, tokens_remaining: 2125, call: scores, phase: playing
2026-06-13 16:39:30, tokens_remaining: 2125, call: scores, phase: playing
2026-06-13 16:39:31, tokens_remaining: 2124, call: scores, phase: playing
2026-06-13 16:39:32, tokens_remaining: 2124, call: scores, phase: playing
2026-06-13 16:39:33, tokens_remaining: 2123, call: scores, phase: playing
2026-06-13 16:39:34, tokens_remaining: 2123, call: scores, phase: playing
2026-06-13 16:39:35, tokens_remaining: 2122, call: scores, phase: playing
2026-06-13 16:39:36, tokens_remaining: 2121, call: events, phase: playing
2026-06-13 16:39:37, tokens_remaining: 2120, call: scores, phase: playing
2026-06-13 16:39:38, tokens_remaining: 2120, call: scores, phase: playing
2026-06-13 16:39:39, tokens_remaining: 2119, call: scores, phase: playing
2026-06-13 16:39:40, tokens_remaining: 2119, call: scores, phase: playing
2026-06-13 16:39:41, tokens_remaining: 2118, call: scores, phase: playing
2026-06-13 16:39:42, tokens_remaining: 2118, call: scores, phase: playing
2026-06-13 16:39:43, tokens_remaining: 2117, call: scores, phase: playing
2026-06-13 16:39:44, tokens_remaining: 2117, call: scores, phase: playing
2026-06-13 16:39:45, tokens_remaining: 2116, call: scores, phase: playing
2026-06-13 16:39:46, tokens_remaining: 2115, call: events, phase: playing
2026-06-13 16:39:47, tokens_remaining: 2114, call: scores, phase: playing
2026-06-13 16:39:48, tokens_remaining: 2114, call: scores, phase: playing
2026-06-13 16:39:49, tokens_remaining: 2113, call: scores, phase: playing
2026-06-13 16:39:50, tokens_remaining: 2113, call: scores, phase: playing
2026-06-13 16:39:51, tokens_remaining: 2112, call: scores, phase: playing
2026-06-13 16:39:51, tokens_remaining: 2112, call: scores, phase: playing
2026-06-13 16:39:52, tokens_remaining: 2111, call: scores, phase: playing
2026-06-13 16:39:53, tokens_remaining: 2111, call: scores, phase: playing
2026-06-13 16:39:54, tokens_remaining: 2110, call: scores, phase: playing
2026-06-13 16:39:56, tokens_remaining: 2109, call: events, phase: playing
2026-06-13 16:39:57, tokens_remaining: 2108, call: scores, phase: playing
2026-06-13 16:39:57, tokens_remaining: 2108, call: scores, phase: playing
2026-06-13 16:39:58, tokens_remaining: 2107, call: scores, phase: playing
2026-06-13 16:39:59, tokens_remaining: 2107, call: scores, phase: playing
2026-06-13 16:40:00, tokens_remaining: 2106, call: scores, phase: playing
2026-06-13 16:40:01, tokens_remaining: 2106, call: scores, phase: playing
2026-06-13 16:40:02, tokens_remaining: 2105, call: scores, phase: playing
2026-06-13 16:40:03, tokens_remaining: 2105, call: scores, phase: playing
2026-06-13 16:40:04, tokens_remaining: 2104, call: scores, phase: playing
2026-06-13 16:40:05, tokens_remaining: 2103, call: events, phase: playing
2026-06-13 16:40:06, tokens_remaining: 2102, call: scores, phase: playing
2026-06-13 16:40:07, tokens_remaining: 2102, call: scores, phase: playing
2026-06-13 16:40:08, tokens_remaining: 2101, call: scores, phase: playing
2026-06-13 16:40:09, tokens_remaining: 2101, call: scores, phase: playing
2026-06-13 16:40:10, tokens_remaining: 2100, call: scores, phase: playing
2026-06-13 16:40:11, tokens_remaining: 2100, call: scores, phase: playing
2026-06-13 16:40:12, tokens_remaining: 2099, call: scores, phase: playing
2026-06-13 16:40:13, tokens_remaining: 2099, call: scores, phase: playing
2026-06-13 16:40:14, tokens_remaining: 2098, call: scores, phase: playing
2026-06-13 16:40:15, tokens_remaining: 2097, call: events, phase: playing
2026-06-13 16:40:16, tokens_remaining: 2096, call: scores, phase: playing
2026-06-13 16:40:17, tokens_remaining: 2096, call: scores, phase: playing
2026-06-13 16:40:18, tokens_remaining: 2095, call: scores, phase: playing
2026-06-13 16:40:19, tokens_remaining: 2095, call: scores, phase: playing
2026-06-13 16:40:20, tokens_remaining: 2094, call: scores, phase: playing
2026-06-13 16:40:21, tokens_remaining: 2094, call: scores, phase: playing
2026-06-13 16:40:22, tokens_remaining: 2093, call: scores, phase: playing
2026-06-13 16:40:22, tokens_remaining: 2093, call: scores, phase: playing
2026-06-13 16:40:23, tokens_remaining: 2092, call: scores, phase: playing
2026-06-13 16:40:25, tokens_remaining: 2091, call: events, phase: playing
2026-06-13 16:40:26, tokens_remaining: 2090, call: scores, phase: playing
2026-06-13 16:40:27, tokens_remaining: 2090, call: scores, phase: playing
2026-06-13 16:40:28, tokens_remaining: 2089, call: scores, phase: playing
2026-06-13 16:40:28, tokens_remaining: 2089, call: scores, phase: playing
2026-06-13 16:40:29, tokens_remaining: 2088, call: scores, phase: playing
2026-06-13 16:40:30, tokens_remaining: 2088, call: scores, phase: playing
2026-06-13 16:40:31, tokens_remaining: 2087, call: scores, phase: playing
2026-06-13 16:40:32, tokens_remaining: 2087, call: scores, phase: playing
2026-06-13 16:40:33, tokens_remaining: 2086, call: scores, phase: playing
2026-06-13 16:40:34, tokens_remaining: 2085, call: events, phase: playing
2026-06-13 16:40:35, tokens_remaining: 2084, call: scores, phase: playing
2026-06-13 16:40:36, tokens_remaining: 2084, call: scores, phase: playing
2026-06-13 16:40:37, tokens_remaining: 2083, call: scores, phase: playing
2026-06-13 16:40:38, tokens_remaining: 2083, call: scores, phase: playing
2026-06-13 16:40:39, tokens_remaining: 2082, call: scores, phase: playing
2026-06-13 16:40:40, tokens_remaining: 2082, call: scores, phase: playing
2026-06-13 16:40:41, tokens_remaining: 2081, call: scores, phase: playing
2026-06-13 16:40:42, tokens_remaining: 2081, call: scores, phase: playing
2026-06-13 16:40:43, tokens_remaining: 2080, call: scores, phase: playing
2026-06-13 16:40:44, tokens_remaining: 2079, call: events, phase: playing
2026-06-13 16:40:45, tokens_remaining: 2078, call: scores, phase: playing
2026-06-13 16:40:45, tokens_remaining: 2078, call: scores, phase: playing
2026-06-13 16:40:47, tokens_remaining: 2077, call: scores, phase: playing
2026-06-13 16:40:47, tokens_remaining: 2077, call: scores, phase: playing
2026-06-13 16:40:48, tokens_remaining: 2076, call: scores, phase: playing
2026-06-13 16:40:49, tokens_remaining: 2076, call: scores, phase: playing
2026-06-13 16:40:50, tokens_remaining: 2075, call: scores, phase: playing
2026-06-13 16:40:51, tokens_remaining: 2075, call: scores, phase: playing
2026-06-13 16:40:52, tokens_remaining: 2074, call: scores, phase: playing
2026-06-13 16:40:53, tokens_remaining: 2073, call: events, phase: playing
2026-06-13 16:40:54, tokens_remaining: 2072, call: scores, phase: playing
2026-06-13 16:40:55, tokens_remaining: 2072, call: scores, phase: playing
2026-06-13 16:40:56, tokens_remaining: 2071, call: scores, phase: playing
2026-06-13 16:40:57, tokens_remaining: 2071, call: scores, phase: playing
2026-06-13 16:40:58, tokens_remaining: 2070, call: scores, phase: playing
2026-06-13 16:40:59, tokens_remaining: 2070, call: scores, phase: playing
2026-06-13 16:41:00, tokens_remaining: 2069, call: scores, phase: playing
2026-06-13 16:41:01, tokens_remaining: 2069, call: scores, phase: playing
2026-06-13 16:41:02, tokens_remaining: 2068, call: scores, phase: playing
2026-06-13 16:41:03, tokens_remaining: 2067, call: events, phase: playing
2026-06-13 16:41:04, tokens_remaining: 2066, call: scores, phase: playing
2026-06-13 16:41:05, tokens_remaining: 2066, call: scores, phase: playing
2026-06-13 16:41:06, tokens_remaining: 2065, call: scores, phase: playing
2026-06-13 16:41:07, tokens_remaining: 2065, call: scores, phase: playing
2026-06-13 16:41:08, tokens_remaining: 2064, call: scores, phase: playing
2026-06-13 16:41:08, tokens_remaining: 2064, call: scores, phase: playing
2026-06-13 16:41:09, tokens_remaining: 2063, call: scores, phase: playing
2026-06-13 16:41:10, tokens_remaining: 2063, call: scores, phase: playing
2026-06-13 16:41:11, tokens_remaining: 2062, call: scores, phase: playing
2026-06-13 16:41:13, tokens_remaining: 2061, call: events, phase: playing
2026-06-13 16:41:14, tokens_remaining: 2060, call: scores, phase: playing
2026-06-13 16:41:14, tokens_remaining: 2060, call: scores, phase: playing
2026-06-13 16:41:15, tokens_remaining: 2059, call: scores, phase: playing
2026-06-13 16:41:16, tokens_remaining: 2059, call: scores, phase: playing
2026-06-13 16:41:17, tokens_remaining: 2058, call: scores, phase: playing
2026-06-13 16:41:18, tokens_remaining: 2058, call: scores, phase: playing
2026-06-13 16:41:19, tokens_remaining: 2057, call: scores, phase: playing
2026-06-13 16:41:20, tokens_remaining: 2057, call: scores, phase: playing
2026-06-13 16:41:21, tokens_remaining: 2056, call: scores, phase: playing
2026-06-13 16:41:22, tokens_remaining: 2055, call: events, phase: playing
2026-06-13 16:41:23, tokens_remaining: 2054, call: scores, phase: playing
2026-06-13 16:41:24, tokens_remaining: 2054, call: scores, phase: playing
2026-06-13 16:41:25, tokens_remaining: 2053, call: scores, phase: playing
2026-06-13 16:41:26, tokens_remaining: 2053, call: scores, phase: playing
2026-06-13 16:41:27, tokens_remaining: 2052, call: scores, phase: playing
2026-06-13 16:41:28, tokens_remaining: 2052, call: scores, phase: playing
2026-06-13 16:41:29, tokens_remaining: 2051, call: scores, phase: playing
2026-06-13 16:41:30, tokens_remaining: 2051, call: scores, phase: playing
2026-06-13 16:41:31, tokens_remaining: 2050, call: scores, phase: playing
2026-06-13 16:41:32, tokens_remaining: 2049, call: events, phase: playing
2026-06-13 16:41:33, tokens_remaining: 2048, call: scores, phase: playing
2026-06-13 16:41:34, tokens_remaining: 2048, call: scores, phase: playing
2026-06-13 16:41:35, tokens_remaining: 2047, call: scores, phase: playing
2026-06-13 16:41:36, tokens_remaining: 2047, call: scores, phase: playing
2026-06-13 16:41:37, tokens_remaining: 2046, call: scores, phase: playing
2026-06-13 16:41:38, tokens_remaining: 2046, call: scores, phase: playing
2026-06-13 16:41:39, tokens_remaining: 2045, call: scores, phase: playing
2026-06-13 16:41:40, tokens_remaining: 2045, call: scores, phase: playing
2026-06-13 16:41:41, tokens_remaining: 2044, call: scores, phase: playing
2026-06-13 16:41:42, tokens_remaining: 2043, call: events, phase: playing
2026-06-13 16:41:43, tokens_remaining: 2042, call: scores, phase: playing
2026-06-13 16:41:44, tokens_remaining: 2041, call: scores, phase: playing
2026-06-13 16:41:45, tokens_remaining: 2041, call: scores, phase: playing
2026-06-13 16:41:46, tokens_remaining: 2040, call: scores, phase: playing
2026-06-13 16:41:47, tokens_remaining: 2040, call: scores, phase: playing
2026-06-13 16:41:48, tokens_remaining: 2039, call: scores, phase: playing
2026-06-13 16:41:49, tokens_remaining: 2039, call: scores, phase: playing
2026-06-13 16:41:50, tokens_remaining: 2038, call: scores, phase: playing
2026-06-13 16:41:50, tokens_remaining: 2038, call: scores, phase: playing
2026-06-13 16:41:51, tokens_remaining: 2037, call: events, phase: playing
2026-06-13 16:41:52, tokens_remaining: 2036, call: scores, phase: playing
2026-06-13 16:41:53, tokens_remaining: 2036, call: scores, phase: playing
2026-06-13 16:41:54, tokens_remaining: 2035, call: scores, phase: playing
2026-06-13 16:41:55, tokens_remaining: 2035, call: scores, phase: playing
2026-06-13 16:41:56, tokens_remaining: 2034, call: scores, phase: playing
2026-06-13 16:41:57, tokens_remaining: 2034, call: scores, phase: playing
2026-06-13 16:41:58, tokens_remaining: 2033, call: scores, phase: playing
2026-06-13 16:41:59, tokens_remaining: 2033, call: scores, phase: playing
2026-06-13 16:42:00, tokens_remaining: 2032, call: scores, phase: playing
2026-06-13 16:42:01, tokens_remaining: 2031, call: events, phase: playing
2026-06-13 16:42:02, tokens_remaining: 2030, call: scores, phase: playing
2026-06-13 16:42:03, tokens_remaining: 2030, call: scores, phase: playing
2026-06-13 16:42:04, tokens_remaining: 2029, call: scores, phase: playing
2026-06-13 16:42:05, tokens_remaining: 2029, call: scores, phase: playing
2026-06-13 16:42:06, tokens_remaining: 2028, call: scores, phase: playing
2026-06-13 16:42:07, tokens_remaining: 2028, call: scores, phase: playing
2026-06-13 16:42:08, tokens_remaining: 2027, call: scores, phase: playing
2026-06-13 16:42:08, tokens_remaining: 2027, call: scores, phase: playing
2026-06-13 16:42:09, tokens_remaining: 2026, call: scores, phase: playing
2026-06-13 16:42:11, tokens_remaining: 2025, call: events, phase: playing
2026-06-13 16:42:12, tokens_remaining: 2024, call: scores, phase: playing
2026-06-13 16:42:13, tokens_remaining: 2024, call: scores, phase: playing
2026-06-13 16:42:14, tokens_remaining: 2023, call: scores, phase: playing
2026-06-13 16:42:14, tokens_remaining: 2023, call: scores, phase: playing
2026-06-13 16:42:15, tokens_remaining: 2022, call: scores, phase: playing
2026-06-13 16:42:16, tokens_remaining: 2022, call: scores, phase: playing
2026-06-13 16:42:17, tokens_remaining: 2021, call: scores, phase: playing
2026-06-13 16:42:18, tokens_remaining: 2021, call: scores, phase: playing
2026-06-13 16:42:19, tokens_remaining: 2020, call: scores, phase: playing
2026-06-13 16:42:20, tokens_remaining: 2019, call: events, phase: playing
2026-06-13 16:42:22, tokens_remaining: 2018, call: scores, phase: playing
2026-06-13 16:42:22, tokens_remaining: 2018, call: scores, phase: playing
2026-06-13 16:42:23, tokens_remaining: 2017, call: scores, phase: playing
2026-06-13 16:42:24, tokens_remaining: 2017, call: scores, phase: playing
2026-06-13 16:42:25, tokens_remaining: 2016, call: scores, phase: playing
2026-06-13 16:42:26, tokens_remaining: 2016, call: scores, phase: playing
2026-06-13 16:42:27, tokens_remaining: 2015, call: scores, phase: playing
2026-06-13 16:42:28, tokens_remaining: 2015, call: scores, phase: playing
2026-06-13 16:42:29, tokens_remaining: 2014, call: scores, phase: playing
2026-06-13 16:42:30, tokens_remaining: 2013, call: events, phase: playing
2026-06-13 16:42:31, tokens_remaining: 2012, call: scores, phase: playing
2026-06-13 16:42:32, tokens_remaining: 2012, call: scores, phase: playing
2026-06-13 16:42:33, tokens_remaining: 2011, call: scores, phase: playing
2026-06-13 16:42:34, tokens_remaining: 2011, call: scores, phase: playing
2026-06-13 16:42:35, tokens_remaining: 2010, call: scores, phase: playing
2026-06-13 16:42:36, tokens_remaining: 2010, call: scores, phase: playing
2026-06-13 16:42:37, tokens_remaining: 2009, call: scores, phase: playing
2026-06-13 16:42:37, tokens_remaining: 2009, call: scores, phase: playing
2026-06-13 16:42:38, tokens_remaining: 2008, call: scores, phase: playing
2026-06-13 16:42:40, tokens_remaining: 2007, call: events, phase: playing
2026-06-13 16:42:41, tokens_remaining: 2006, call: scores, phase: playing
2026-06-13 16:42:42, tokens_remaining: 2006, call: scores, phase: playing
2026-06-13 16:42:43, tokens_remaining: 2005, call: scores, phase: playing
2026-06-13 16:42:43, tokens_remaining: 2005, call: scores, phase: playing
2026-06-13 16:42:45, tokens_remaining: 2004, call: scores, phase: playing
2026-06-13 16:42:45, tokens_remaining: 2004, call: scores, phase: playing
2026-06-13 16:42:46, tokens_remaining: 2003, call: scores, phase: playing
2026-06-13 16:42:47, tokens_remaining: 2003, call: scores, phase: playing
2026-06-13 16:42:48, tokens_remaining: 2002, call: scores, phase: playing
2026-06-13 16:42:49, tokens_remaining: 2001, call: events, phase: playing
2026-06-13 16:42:50, tokens_remaining: 2000, call: scores, phase: playing
2026-06-13 16:42:51, tokens_remaining: 2000, call: scores, phase: playing
2026-06-13 16:42:52, tokens_remaining: 1999, call: scores, phase: playing
2026-06-13 16:42:53, tokens_remaining: 1999, call: scores, phase: playing
2026-06-13 16:42:54, tokens_remaining: 1998, call: scores, phase: playing
2026-06-13 16:42:55, tokens_remaining: 1998, call: scores, phase: playing
2026-06-13 16:42:56, tokens_remaining: 1997, call: scores, phase: playing
2026-06-13 16:42:57, tokens_remaining: 1997, call: scores, phase: playing
2026-06-13 16:42:58, tokens_remaining: 1996, call: scores, phase: playing
2026-06-13 16:42:59, tokens_remaining: 1995, call: events, phase: playing
2026-06-13 16:43:00, tokens_remaining: 1994, call: scores, phase: playing
2026-06-13 16:43:01, tokens_remaining: 1994, call: scores, phase: playing
2026-06-13 16:43:02, tokens_remaining: 1993, call: scores, phase: playing
2026-06-13 16:43:03, tokens_remaining: 1993, call: scores, phase: playing
2026-06-13 16:43:04, tokens_remaining: 1992, call: scores, phase: playing
2026-06-13 16:43:05, tokens_remaining: 1992, call: scores, phase: playing
2026-06-13 16:43:06, tokens_remaining: 1991, call: scores, phase: playing
2026-06-13 16:43:06, tokens_remaining: 1991, call: scores, phase: playing
2026-06-13 16:43:08, tokens_remaining: 1990, call: scores, phase: playing
2026-06-13 16:43:09, tokens_remaining: 1989, call: events, phase: playing
2026-06-13 16:43:10, tokens_remaining: 1988, call: scores, phase: playing
2026-06-13 16:43:10, tokens_remaining: 1988, call: scores, phase: playing
2026-06-13 16:43:12, tokens_remaining: 1987, call: scores, phase: playing
2026-06-13 16:43:12, tokens_remaining: 1987, call: scores, phase: playing
2026-06-13 16:43:13, tokens_remaining: 1986, call: scores, phase: playing
2026-06-13 16:43:14, tokens_remaining: 1986, call: scores, phase: playing
2026-06-13 16:43:15, tokens_remaining: 1985, call: scores, phase: playing
2026-06-13 16:43:16, tokens_remaining: 1985, call: scores, phase: playing
2026-06-13 16:43:17, tokens_remaining: 1984, call: scores, phase: playing
2026-06-13 16:43:18, tokens_remaining: 1983, call: events, phase: playing
2026-06-13 16:43:19, tokens_remaining: 1982, call: scores, phase: playing
2026-06-13 16:43:20, tokens_remaining: 1982, call: scores, phase: playing
2026-06-13 16:43:21, tokens_remaining: 1981, call: scores, phase: playing
2026-06-13 16:43:22, tokens_remaining: 1981, call: scores, phase: playing
2026-06-13 16:43:23, tokens_remaining: 1980, call: scores, phase: playing
2026-06-13 16:43:24, tokens_remaining: 1980, call: scores, phase: playing
2026-06-13 16:43:25, tokens_remaining: 1979, call: scores, phase: playing
2026-06-13 16:43:26, tokens_remaining: 1978, call: scores, phase: playing
2026-06-13 16:43:27, tokens_remaining: 1978, call: scores, phase: playing
2026-06-13 16:43:28, tokens_remaining: 1977, call: events, phase: playing
2026-06-13 16:43:29, tokens_remaining: 1976, call: scores, phase: playing
2026-06-13 16:43:30, tokens_remaining: 1976, call: scores, phase: playing
2026-06-13 16:43:31, tokens_remaining: 1975, call: scores, phase: playing
2026-06-13 16:43:32, tokens_remaining: 1975, call: scores, phase: playing
2026-06-13 16:43:33, tokens_remaining: 1974, call: scores, phase: playing
2026-06-13 16:43:34, tokens_remaining: 1974, call: scores, phase: playing
2026-06-13 16:43:35, tokens_remaining: 1973, call: scores, phase: playing
2026-06-13 16:43:36, tokens_remaining: 1972, call: scores, phase: playing
2026-06-13 16:43:37, tokens_remaining: 1972, call: scores, phase: playing
2026-06-13 16:43:38, tokens_remaining: 1971, call: events, phase: playing
2026-06-13 16:43:39, tokens_remaining: 1970, call: scores, phase: playing
2026-06-13 16:43:40, tokens_remaining: 1970, call: scores, phase: playing
2026-06-13 16:43:41, tokens_remaining: 1969, call: scores, phase: playing
2026-06-13 16:43:42, tokens_remaining: 1969, call: scores, phase: playing
2026-06-13 16:43:43, tokens_remaining: 1968, call: scores, phase: playing
2026-06-13 16:43:44, tokens_remaining: 1968, call: scores, phase: playing
2026-06-13 16:43:45, tokens_remaining: 1967, call: scores, phase: playing
2026-06-13 16:43:46, tokens_remaining: 1967, call: scores, phase: playing
2026-06-13 16:43:47, tokens_remaining: 1966, call: scores, phase: playing
2026-06-13 16:43:48, tokens_remaining: 1965, call: events, phase: playing
2026-06-13 16:43:49, tokens_remaining: 1964, call: scores, phase: playing
2026-06-13 16:43:50, tokens_remaining: 1964, call: scores, phase: playing
2026-06-13 16:43:51, tokens_remaining: 1963, call: scores, phase: playing
2026-06-13 16:43:52, tokens_remaining: 1963, call: scores, phase: playing
2026-06-13 16:43:53, tokens_remaining: 1962, call: scores, phase: playing
2026-06-13 16:43:53, tokens_remaining: 1962, call: scores, phase: playing
2026-06-13 16:43:54, tokens_remaining: 1961, call: scores, phase: playing
2026-06-13 16:43:55, tokens_remaining: 1961, call: scores, phase: playing
2026-06-13 16:43:56, tokens_remaining: 1960, call: scores, phase: playing
2026-06-13 16:43:57, tokens_remaining: 1959, call: events, phase: playing
2026-06-13 16:43:58, tokens_remaining: 1958, call: scores, phase: playing
2026-06-13 16:43:59, tokens_remaining: 1958, call: scores, phase: playing
2026-06-13 16:44:00, tokens_remaining: 1957, call: scores, phase: playing
2026-06-13 16:44:01, tokens_remaining: 1957, call: scores, phase: playing
2026-06-13 16:44:02, tokens_remaining: 1956, call: scores, phase: playing
2026-06-13 16:44:03, tokens_remaining: 1956, call: scores, phase: playing
2026-06-13 16:44:04, tokens_remaining: 1955, call: scores, phase: playing
2026-06-13 16:44:05, tokens_remaining: 1955, call: scores, phase: playing
2026-06-13 16:44:06, tokens_remaining: 1954, call: scores, phase: playing
2026-06-13 16:44:07, tokens_remaining: 1953, call: events, phase: playing
2026-06-13 16:44:08, tokens_remaining: 1952, call: scores, phase: playing
2026-06-13 16:44:09, tokens_remaining: 1952, call: scores, phase: playing
2026-06-13 16:44:10, tokens_remaining: 1951, call: scores, phase: playing
2026-06-13 16:44:11, tokens_remaining: 1951, call: scores, phase: playing
2026-06-13 16:44:12, tokens_remaining: 1950, call: scores, phase: playing
2026-06-13 16:44:12, tokens_remaining: 1950, call: scores, phase: playing
2026-06-13 16:44:13, tokens_remaining: 1949, call: scores, phase: playing
2026-06-13 16:44:14, tokens_remaining: 1949, call: scores, phase: playing
2026-06-13 16:44:15, tokens_remaining: 1948, call: scores, phase: playing
2026-06-13 16:44:16, tokens_remaining: 1947, call: events, phase: playing
2026-06-13 16:44:17, tokens_remaining: 1946, call: scores, phase: playing
2026-06-13 16:44:18, tokens_remaining: 1946, call: scores, phase: playing
2026-06-13 16:44:19, tokens_remaining: 1945, call: scores, phase: playing
2026-06-13 16:44:20, tokens_remaining: 1945, call: scores, phase: playing
2026-06-13 16:44:21, tokens_remaining: 1944, call: scores, phase: playing
2026-06-13 16:44:22, tokens_remaining: 1944, call: scores, phase: playing
2026-06-13 16:44:23, tokens_remaining: 1943, call: scores, phase: playing
2026-06-13 16:44:24, tokens_remaining: 1943, call: scores, phase: playing
2026-06-13 16:44:25, tokens_remaining: 1942, call: scores, phase: playing
2026-06-13 16:44:26, tokens_remaining: 1941, call: events, phase: playing
2026-06-13 16:44:27, tokens_remaining: 1940, call: scores, phase: playing
2026-06-13 16:44:28, tokens_remaining: 1940, call: scores, phase: playing
2026-06-13 16:44:29, tokens_remaining: 1939, call: scores, phase: playing
2026-06-13 16:44:29, tokens_remaining: 1939, call: scores, phase: playing
2026-06-13 16:44:31, tokens_remaining: 1938, call: scores, phase: playing
2026-06-13 16:44:31, tokens_remaining: 1938, call: scores, phase: playing
2026-06-13 16:44:33, tokens_remaining: 1937, call: scores, phase: playing
2026-06-13 16:44:34, tokens_remaining: 1936, call: scores, phase: playing
2026-06-13 16:44:35, tokens_remaining: 1936, call: scores, phase: playing
2026-06-13 16:44:36, tokens_remaining: 1935, call: events, phase: playing
2026-06-13 16:44:37, tokens_remaining: 1934, call: scores, phase: playing
2026-06-13 16:44:38, tokens_remaining: 1934, call: scores, phase: playing
2026-06-13 16:44:39, tokens_remaining: 1933, call: scores, phase: playing
2026-06-13 16:44:39, tokens_remaining: 1933, call: scores, phase: playing
2026-06-13 16:44:41, tokens_remaining: 1932, call: scores, phase: playing
2026-06-13 16:44:41, tokens_remaining: 1932, call: scores, phase: playing
2026-06-13 16:44:42, tokens_remaining: 1931, call: scores, phase: playing
2026-06-13 16:44:43, tokens_remaining: 1931, call: scores, phase: playing
2026-06-13 16:44:44, tokens_remaining: 1930, call: scores, phase: playing
2026-06-13 16:44:45, tokens_remaining: 1929, call: events, phase: playing
2026-06-13 16:44:46, tokens_remaining: 1928, call: scores, phase: playing
2026-06-13 16:44:47, tokens_remaining: 1928, call: scores, phase: playing
2026-06-13 16:44:48, tokens_remaining: 1927, call: scores, phase: playing
2026-06-13 16:44:49, tokens_remaining: 1927, call: scores, phase: playing
2026-06-13 16:44:50, tokens_remaining: 1926, call: scores, phase: playing
2026-06-13 16:44:51, tokens_remaining: 1926, call: scores, phase: playing
2026-06-13 16:44:52, tokens_remaining: 1925, call: scores, phase: playing
2026-06-13 16:44:53, tokens_remaining: 1925, call: scores, phase: playing
2026-06-13 16:44:54, tokens_remaining: 1924, call: scores, phase: playing
2026-06-13 16:44:55, tokens_remaining: 1923, call: events, phase: playing
2026-06-13 16:44:56, tokens_remaining: 1922, call: scores, phase: playing
2026-06-13 16:44:57, tokens_remaining: 1922, call: scores, phase: playing
2026-06-13 16:44:58, tokens_remaining: 1921, call: scores, phase: playing
2026-06-13 16:44:59, tokens_remaining: 1920, call: scores, phase: playing
2026-06-13 16:45:00, tokens_remaining: 1920, call: scores, phase: playing
2026-06-13 16:45:01, tokens_remaining: 1919, call: scores, phase: playing
2026-06-13 16:45:02, tokens_remaining: 1919, call: scores, phase: playing
2026-06-13 16:45:03, tokens_remaining: 1918, call: scores, phase: playing
2026-06-13 16:45:04, tokens_remaining: 1918, call: scores, phase: playing
2026-06-13 16:45:05, tokens_remaining: 1917, call: events, phase: playing
2026-06-13 16:45:06, tokens_remaining: 1916, call: scores, phase: playing
2026-06-13 16:45:07, tokens_remaining: 1916, call: scores, phase: playing
2026-06-13 16:45:09, tokens_remaining: 1915, call: scores, phase: playing
2026-06-13 16:45:10, tokens_remaining: 1914, call: scores, phase: playing
2026-06-13 16:45:10, tokens_remaining: 1914, call: scores, phase: playing
2026-06-13 16:45:11, tokens_remaining: 1913, call: scores, phase: playing
2026-06-13 16:45:12, tokens_remaining: 1913, call: scores, phase: playing
2026-06-13 16:45:13, tokens_remaining: 1912, call: scores, phase: playing
2026-06-13 16:45:14, tokens_remaining: 1912, call: scores, phase: playing
2026-06-13 16:45:15, tokens_remaining: 1911, call: events, phase: playing
2026-06-13 16:45:16, tokens_remaining: 1910, call: scores, phase: playing
2026-06-13 16:45:17, tokens_remaining: 1910, call: scores, phase: playing
2026-06-13 16:45:18, tokens_remaining: 1909, call: scores, phase: playing
2026-06-13 16:45:19, tokens_remaining: 1909, call: scores, phase: playing
2026-06-13 16:45:20, tokens_remaining: 1908, call: scores, phase: playing
2026-06-13 16:45:21, tokens_remaining: 1908, call: scores, phase: playing
2026-06-13 16:45:22, tokens_remaining: 1907, call: scores, phase: playing
2026-06-13 16:45:23, tokens_remaining: 1907, call: scores, phase: playing
2026-06-13 16:45:24, tokens_remaining: 1906, call: scores, phase: playing
2026-06-13 16:45:25, tokens_remaining: 1905, call: events, phase: playing
2026-06-13 16:45:26, tokens_remaining: 1904, call: scores, phase: playing
2026-06-13 16:45:27, tokens_remaining: 1904, call: scores, phase: playing
2026-06-13 16:45:28, tokens_remaining: 1903, call: scores, phase: playing
2026-06-13 16:45:29, tokens_remaining: 1903, call: scores, phase: playing
2026-06-13 16:45:30, tokens_remaining: 1902, call: scores, phase: playing
2026-06-13 16:45:30, tokens_remaining: 1902, call: scores, phase: playing
2026-06-13 16:45:32, tokens_remaining: 1901, call: scores, phase: playing
2026-06-13 16:45:32, tokens_remaining: 1901, call: scores, phase: playing
2026-06-13 16:45:34, tokens_remaining: 1900, call: scores, phase: playing
2026-06-13 16:45:35, tokens_remaining: 1899, call: events, phase: playing
2026-06-13 16:45:36, tokens_remaining: 1898, call: scores, phase: playing
2026-06-13 16:45:37, tokens_remaining: 1898, call: scores, phase: playing
2026-06-13 16:45:38, tokens_remaining: 1897, call: scores, phase: playing
2026-06-13 16:45:38, tokens_remaining: 1897, call: scores, phase: playing
2026-06-13 16:45:40, tokens_remaining: 1896, call: scores, phase: playing
2026-06-13 16:45:40, tokens_remaining: 1896, call: scores, phase: playing
2026-06-13 16:45:41, tokens_remaining: 1895, call: scores, phase: playing
2026-06-13 16:45:42, tokens_remaining: 1895, call: scores, phase: playing
2026-06-13 16:45:43, tokens_remaining: 1894, call: scores, phase: playing
2026-06-13 16:45:44, tokens_remaining: 1893, call: events, phase: playing
2026-06-13 16:45:45, tokens_remaining: 1892, call: scores, phase: playing
2026-06-13 16:45:46, tokens_remaining: 1892, call: scores, phase: playing
2026-06-13 16:45:47, tokens_remaining: 1891, call: scores, phase: playing
2026-06-13 16:45:48, tokens_remaining: 1891, call: scores, phase: playing
2026-06-13 16:45:49, tokens_remaining: 1890, call: scores, phase: playing
2026-06-13 16:45:50, tokens_remaining: 1890, call: scores, phase: playing
2026-06-13 16:45:51, tokens_remaining: 1889, call: scores, phase: playing
2026-06-13 16:45:52, tokens_remaining: 1889, call: scores, phase: playing
2026-06-13 16:45:53, tokens_remaining: 1888, call: scores, phase: playing
2026-06-13 16:45:54, tokens_remaining: 1887, call: events, phase: playing
2026-06-13 16:45:55, tokens_remaining: 1886, call: scores, phase: playing
2026-06-13 16:45:56, tokens_remaining: 1886, call: scores, phase: playing
2026-06-13 16:45:57, tokens_remaining: 1885, call: scores, phase: playing
2026-06-13 16:45:58, tokens_remaining: 1885, call: scores, phase: playing
2026-06-13 16:45:59, tokens_remaining: 1884, call: scores, phase: playing
2026-06-13 16:46:00, tokens_remaining: 1884, call: scores, phase: playing
2026-06-13 16:46:01, tokens_remaining: 1883, call: scores, phase: playing
2026-06-13 16:46:02, tokens_remaining: 1883, call: scores, phase: playing
2026-06-13 16:46:03, tokens_remaining: 1882, call: scores, phase: playing
2026-06-13 16:46:04, tokens_remaining: 1881, call: events, phase: playing
2026-06-13 16:46:04, EVENT: SUBSTITUTION 78' Mohamed Al-Mannai [Qatar vs Switzerland]
2026-06-13 16:46:05, tokens_remaining: 1880, call: scores, phase: playing
2026-06-13 16:46:06, tokens_remaining: 1880, call: scores, phase: playing
2026-06-13 16:46:07, tokens_remaining: 1879, call: scores, phase: playing
2026-06-13 16:46:08, tokens_remaining: 1879, call: scores, phase: playing
2026-06-13 16:46:09, tokens_remaining: 1878, call: scores, phase: playing
2026-06-13 16:46:10, tokens_remaining: 1878, call: scores, phase: playing
2026-06-13 16:46:11, tokens_remaining: 1877, call: scores, phase: playing
2026-06-13 16:46:12, tokens_remaining: 1877, call: scores, phase: playing
2026-06-13 16:46:13, tokens_remaining: 1876, call: scores, phase: playing
2026-06-13 16:46:14, tokens_remaining: 1875, call: events, phase: playing
2026-06-13 16:46:15, tokens_remaining: 1874, call: scores, phase: playing
2026-06-13 16:46:16, tokens_remaining: 1874, call: scores, phase: playing
2026-06-13 16:46:17, tokens_remaining: 1873, call: scores, phase: playing
2026-06-13 16:46:18, tokens_remaining: 1873, call: scores, phase: playing
2026-06-13 16:46:19, tokens_remaining: 1872, call: scores, phase: playing
2026-06-13 16:46:20, tokens_remaining: 1872, call: scores, phase: playing
2026-06-13 16:46:21, tokens_remaining: 1871, call: scores, phase: playing
2026-06-13 16:46:21, tokens_remaining: 1871, call: scores, phase: playing
2026-06-13 16:46:23, tokens_remaining: 1870, call: scores, phase: playing
2026-06-13 16:46:24, tokens_remaining: 1869, call: events, phase: playing
2026-06-13 16:46:24, EVENT: SUBSTITUTION 79' Zeki Amdouni [Qatar vs Switzerland]
2026-06-13 16:46:25, tokens_remaining: 1868, call: scores, phase: playing
2026-06-13 16:46:25, tokens_remaining: 1868, call: scores, phase: playing
2026-06-13 16:46:27, tokens_remaining: 1867, call: scores, phase: playing
2026-06-13 16:46:28, tokens_remaining: 1867, call: scores, phase: playing
2026-06-13 16:46:30, tokens_remaining: 1866, call: scores, phase: playing
2026-06-13 16:46:30, tokens_remaining: 1866, call: scores, phase: playing
2026-06-13 16:46:31, tokens_remaining: 1865, call: scores, phase: playing
2026-06-13 16:46:32, tokens_remaining: 1865, call: scores, phase: playing
2026-06-13 16:46:33, tokens_remaining: 1864, call: scores, phase: playing
2026-06-13 16:46:34, tokens_remaining: 1863, call: events, phase: playing
2026-06-13 16:46:35, tokens_remaining: 1862, call: scores, phase: playing
2026-06-13 16:46:36, tokens_remaining: 1862, call: scores, phase: playing
2026-06-13 16:46:37, tokens_remaining: 1861, call: scores, phase: playing
2026-06-13 16:46:38, tokens_remaining: 1861, call: scores, phase: playing
2026-06-13 16:46:39, tokens_remaining: 1860, call: scores, phase: playing
2026-06-13 16:46:40, tokens_remaining: 1860, call: scores, phase: playing
2026-06-13 16:46:41, tokens_remaining: 1859, call: scores, phase: playing
2026-06-13 16:46:41, tokens_remaining: 1859, call: scores, phase: playing
2026-06-13 16:46:43, tokens_remaining: 1858, call: scores, phase: playing
2026-06-13 16:46:44, tokens_remaining: 1857, call: events, phase: playing
2026-06-13 16:46:45, tokens_remaining: 1856, call: scores, phase: playing
2026-06-13 16:46:45, tokens_remaining: 1856, call: scores, phase: playing
2026-06-13 16:46:46, tokens_remaining: 1855, call: scores, phase: playing
2026-06-13 16:46:47, tokens_remaining: 1855, call: scores, phase: playing
2026-06-13 16:46:48, tokens_remaining: 1854, call: scores, phase: playing
2026-06-13 16:46:49, tokens_remaining: 1854, call: scores, phase: playing
2026-06-13 16:46:50, tokens_remaining: 1853, call: scores, phase: playing
2026-06-13 16:46:51, tokens_remaining: 1853, call: scores, phase: playing
2026-06-13 16:46:52, tokens_remaining: 1852, call: scores, phase: playing
2026-06-13 16:46:53, tokens_remaining: 1851, call: events, phase: playing
2026-06-13 16:46:54, tokens_remaining: 1850, call: scores, phase: playing
2026-06-13 16:46:55, tokens_remaining: 1850, call: scores, phase: playing
2026-06-13 16:46:56, tokens_remaining: 1849, call: scores, phase: playing
2026-06-13 16:46:56, tokens_remaining: 1849, call: scores, phase: playing
2026-06-13 16:46:57, tokens_remaining: 1848, call: scores, phase: playing
2026-06-13 16:46:58, tokens_remaining: 1848, call: scores, phase: playing
2026-06-13 16:46:59, tokens_remaining: 1847, call: scores, phase: playing
2026-06-13 16:47:00, tokens_remaining: 1847, call: scores, phase: playing
2026-06-13 16:47:01, tokens_remaining: 1846, call: scores, phase: playing
2026-06-13 16:47:02, tokens_remaining: 1845, call: events, phase: playing
2026-06-13 16:47:03, tokens_remaining: 1844, call: scores, phase: playing
2026-06-13 16:47:04, tokens_remaining: 1844, call: scores, phase: playing
2026-06-13 16:47:05, tokens_remaining: 1843, call: scores, phase: playing
2026-06-13 16:47:06, tokens_remaining: 1843, call: scores, phase: playing
2026-06-13 16:47:07, tokens_remaining: 1842, call: scores, phase: playing
2026-06-13 16:47:07, tokens_remaining: 1842, call: scores, phase: playing
2026-06-13 16:47:09, tokens_remaining: 1841, call: scores, phase: playing
2026-06-13 16:47:09, tokens_remaining: 1841, call: scores, phase: playing
2026-06-13 16:47:10, tokens_remaining: 1840, call: scores, phase: playing
2026-06-13 16:47:11, tokens_remaining: 1839, call: events, phase: playing
2026-06-13 16:47:12, tokens_remaining: 1838, call: scores, phase: playing
2026-06-13 16:47:13, tokens_remaining: 1838, call: scores, phase: playing
2026-06-13 16:47:14, tokens_remaining: 1837, call: scores, phase: playing
2026-06-13 16:47:15, tokens_remaining: 1837, call: scores, phase: playing
2026-06-13 16:47:16, tokens_remaining: 1836, call: scores, phase: playing
2026-06-13 16:47:17, tokens_remaining: 1836, call: scores, phase: playing
2026-06-13 16:47:18, tokens_remaining: 1835, call: scores, phase: playing
2026-06-13 16:47:19, tokens_remaining: 1835, call: scores, phase: playing
2026-06-13 16:47:20, tokens_remaining: 1834, call: scores, phase: playing
2026-06-13 16:47:21, tokens_remaining: 1833, call: events, phase: playing
2026-06-13 16:47:22, tokens_remaining: 1832, call: scores, phase: playing
2026-06-13 16:47:22, tokens_remaining: 1832, call: scores, phase: playing
2026-06-13 16:47:23, tokens_remaining: 1831, call: scores, phase: playing
2026-06-13 16:47:24, tokens_remaining: 1831, call: scores, phase: playing
2026-06-13 16:47:25, tokens_remaining: 1830, call: scores, phase: playing
2026-06-13 16:47:26, tokens_remaining: 1830, call: scores, phase: playing
2026-06-13 16:47:27, tokens_remaining: 1829, call: scores, phase: playing
2026-06-13 16:47:28, tokens_remaining: 1829, call: scores, phase: playing
2026-06-13 16:47:29, tokens_remaining: 1828, call: scores, phase: playing
2026-06-13 16:47:30, tokens_remaining: 1827, call: events, phase: playing
2026-06-13 16:47:31, tokens_remaining: 1826, call: scores, phase: playing
2026-06-13 16:47:32, tokens_remaining: 1826, call: scores, phase: playing
2026-06-13 16:47:33, tokens_remaining: 1825, call: scores, phase: playing
2026-06-13 16:47:34, tokens_remaining: 1825, call: scores, phase: playing
2026-06-13 16:47:35, tokens_remaining: 1824, call: scores, phase: playing
2026-06-13 16:47:35, tokens_remaining: 1824, call: scores, phase: playing
2026-06-13 16:47:36, tokens_remaining: 1823, call: scores, phase: playing
2026-06-13 16:47:37, tokens_remaining: 1823, call: scores, phase: playing
2026-06-13 16:47:38, tokens_remaining: 1822, call: scores, phase: playing
2026-06-13 16:47:39, tokens_remaining: 1821, call: events, phase: playing
2026-06-13 16:47:40, tokens_remaining: 1820, call: scores, phase: playing
2026-06-13 16:47:41, tokens_remaining: 1820, call: scores, phase: playing
2026-06-13 16:47:42, tokens_remaining: 1819, call: scores, phase: playing
2026-06-13 16:47:43, tokens_remaining: 1819, call: scores, phase: playing
2026-06-13 16:47:44, tokens_remaining: 1818, call: scores, phase: playing
2026-06-13 16:47:45, tokens_remaining: 1818, call: scores, phase: playing
2026-06-13 16:47:46, tokens_remaining: 1817, call: scores, phase: playing
2026-06-13 16:47:46, tokens_remaining: 1817, call: scores, phase: playing
2026-06-13 16:47:47, tokens_remaining: 1816, call: scores, phase: playing
2026-06-13 16:47:48, tokens_remaining: 1815, call: events, phase: playing
2026-06-13 16:47:50, tokens_remaining: 1814, call: scores, phase: playing
2026-06-13 16:47:50, tokens_remaining: 1814, call: scores, phase: playing
2026-06-13 16:47:51, tokens_remaining: 1813, call: scores, phase: playing
2026-06-13 16:47:52, tokens_remaining: 1813, call: scores, phase: playing
2026-06-13 16:47:53, tokens_remaining: 1812, call: scores, phase: playing
2026-06-13 16:47:54, tokens_remaining: 1812, call: scores, phase: playing
2026-06-13 16:47:55, tokens_remaining: 1811, call: scores, phase: playing
2026-06-13 16:47:56, tokens_remaining: 1811, call: scores, phase: playing
2026-06-13 16:47:57, tokens_remaining: 1810, call: scores, phase: playing
2026-06-13 16:47:58, tokens_remaining: 1809, call: events, phase: playing
2026-06-13 16:47:59, tokens_remaining: 1808, call: scores, phase: playing
2026-06-13 16:48:00, tokens_remaining: 1808, call: scores, phase: playing
2026-06-13 16:48:01, tokens_remaining: 1807, call: scores, phase: playing
2026-06-13 16:48:01, tokens_remaining: 1807, call: scores, phase: playing
2026-06-13 16:48:02, tokens_remaining: 1806, call: scores, phase: playing
2026-06-13 16:48:03, tokens_remaining: 1806, call: scores, phase: playing
2026-06-13 16:48:04, tokens_remaining: 1805, call: scores, phase: playing
2026-06-13 16:48:05, tokens_remaining: 1805, call: scores, phase: playing
2026-06-13 16:48:06, tokens_remaining: 1804, call: scores, phase: playing
2026-06-13 16:48:07, tokens_remaining: 1803, call: events, phase: playing
2026-06-13 16:48:08, tokens_remaining: 1802, call: scores, phase: playing
2026-06-13 16:48:09, tokens_remaining: 1801, call: scores, phase: playing
2026-06-13 16:48:10, tokens_remaining: 1801, call: scores, phase: playing
2026-06-13 16:48:11, tokens_remaining: 1800, call: scores, phase: playing
2026-06-13 16:48:12, tokens_remaining: 1800, call: scores, phase: playing
2026-06-13 16:48:13, tokens_remaining: 1799, call: scores, phase: playing
2026-06-13 16:48:14, tokens_remaining: 1799, call: scores, phase: playing
2026-06-13 16:48:15, tokens_remaining: 1798, call: scores, phase: playing
2026-06-13 16:48:16, tokens_remaining: 1798, call: scores, phase: playing
2026-06-13 16:48:17, tokens_remaining: 1797, call: events, phase: playing
2026-06-13 16:48:18, tokens_remaining: 1796, call: scores, phase: playing
2026-06-13 16:48:18, tokens_remaining: 1796, call: scores, phase: playing
2026-06-13 16:48:19, tokens_remaining: 1795, call: scores, phase: playing
2026-06-13 16:48:20, tokens_remaining: 1795, call: scores, phase: playing
2026-06-13 16:48:21, tokens_remaining: 1794, call: scores, phase: playing
2026-06-13 16:48:22, tokens_remaining: 1794, call: scores, phase: playing
2026-06-13 16:48:23, tokens_remaining: 1793, call: scores, phase: playing
2026-06-13 16:48:24, tokens_remaining: 1793, call: scores, phase: playing
2026-06-13 16:48:25, tokens_remaining: 1792, call: scores, phase: playing
2026-06-13 16:48:26, tokens_remaining: 1791, call: events, phase: playing
2026-06-13 16:48:27, tokens_remaining: 1790, call: scores, phase: playing
2026-06-13 16:48:28, tokens_remaining: 1790, call: scores, phase: playing
2026-06-13 16:48:29, tokens_remaining: 1789, call: scores, phase: playing
2026-06-13 16:48:30, tokens_remaining: 1789, call: scores, phase: playing
2026-06-13 16:48:31, tokens_remaining: 1788, call: scores, phase: playing
2026-06-13 16:48:31, tokens_remaining: 1788, call: scores, phase: playing
2026-06-13 16:48:32, tokens_remaining: 1787, call: scores, phase: playing
2026-06-13 16:48:33, tokens_remaining: 1787, call: scores, phase: playing
2026-06-13 16:48:34, tokens_remaining: 1786, call: scores, phase: playing
2026-06-13 16:48:35, tokens_remaining: 1785, call: events, phase: playing
2026-06-13 16:48:36, tokens_remaining: 1784, call: scores, phase: playing
2026-06-13 16:48:37, tokens_remaining: 1784, call: scores, phase: playing
2026-06-13 16:48:38, tokens_remaining: 1783, call: scores, phase: playing
2026-06-13 16:48:39, tokens_remaining: 1783, call: scores, phase: playing
2026-06-13 16:48:40, tokens_remaining: 1782, call: scores, phase: playing
2026-06-13 16:48:41, tokens_remaining: 1782, call: scores, phase: playing
2026-06-13 16:48:42, tokens_remaining: 1781, call: scores, phase: playing
2026-06-13 16:48:42, tokens_remaining: 1781, call: scores, phase: playing
2026-06-13 16:48:44, tokens_remaining: 1780, call: scores, phase: playing
2026-06-13 16:48:45, tokens_remaining: 1779, call: events, phase: playing
2026-06-13 16:48:46, tokens_remaining: 1778, call: scores, phase: playing
2026-06-13 16:48:46, tokens_remaining: 1778, call: scores, phase: playing
2026-06-13 16:48:47, tokens_remaining: 1777, call: scores, phase: playing
2026-06-13 16:48:48, tokens_remaining: 1777, call: scores, phase: playing
2026-06-13 16:48:49, tokens_remaining: 1776, call: scores, phase: playing
2026-06-13 16:48:50, tokens_remaining: 1776, call: scores, phase: playing
2026-06-13 16:48:51, tokens_remaining: 1775, call: scores, phase: playing
2026-06-13 16:48:52, tokens_remaining: 1775, call: scores, phase: playing
2026-06-13 16:48:53, tokens_remaining: 1774, call: scores, phase: playing
2026-06-13 16:48:54, tokens_remaining: 1773, call: events, phase: playing
2026-06-13 16:48:55, tokens_remaining: 1772, call: scores, phase: playing
2026-06-13 16:48:56, tokens_remaining: 1772, call: scores, phase: playing
2026-06-13 16:48:57, tokens_remaining: 1771, call: scores, phase: playing
2026-06-13 16:48:57, tokens_remaining: 1771, call: scores, phase: playing
2026-06-13 16:48:58, tokens_remaining: 1770, call: scores, phase: playing
2026-06-13 16:48:59, tokens_remaining: 1770, call: scores, phase: playing
2026-06-13 16:49:00, tokens_remaining: 1769, call: scores, phase: playing
2026-06-13 16:49:01, tokens_remaining: 1769, call: scores, phase: playing
2026-06-13 16:49:02, tokens_remaining: 1768, call: scores, phase: playing
2026-06-13 16:49:03, tokens_remaining: 1767, call: events, phase: playing
2026-06-13 16:49:04, tokens_remaining: 1766, call: scores, phase: playing
2026-06-13 16:49:05, tokens_remaining: 1766, call: scores, phase: playing
2026-06-13 16:49:06, tokens_remaining: 1765, call: scores, phase: playing
2026-06-13 16:49:07, tokens_remaining: 1765, call: scores, phase: playing
2026-06-13 16:49:08, tokens_remaining: 1764, call: scores, phase: playing
2026-06-13 16:49:09, tokens_remaining: 1764, call: scores, phase: playing
2026-06-13 16:49:10, tokens_remaining: 1763, call: scores, phase: playing
2026-06-13 16:49:10, tokens_remaining: 1763, call: scores, phase: playing
2026-06-13 16:49:11, tokens_remaining: 1762, call: scores, phase: playing
2026-06-13 16:49:12, tokens_remaining: 1761, call: events, phase: playing
2026-06-13 16:49:14, tokens_remaining: 1760, call: scores, phase: playing
2026-06-13 16:49:14, tokens_remaining: 1760, call: scores, phase: playing
2026-06-13 16:49:15, tokens_remaining: 1759, call: scores, phase: playing
2026-06-13 16:49:16, tokens_remaining: 1759, call: scores, phase: playing
2026-06-13 16:49:17, tokens_remaining: 1758, call: scores, phase: playing
2026-06-13 16:49:18, tokens_remaining: 1758, call: scores, phase: playing
2026-06-13 16:49:19, tokens_remaining: 1757, call: scores, phase: playing
2026-06-13 16:49:20, tokens_remaining: 1757, call: scores, phase: playing
2026-06-13 16:49:21, tokens_remaining: 1756, call: scores, phase: playing
2026-06-13 16:49:22, tokens_remaining: 1755, call: events, phase: playing
2026-06-13 16:49:23, tokens_remaining: 1754, call: scores, phase: playing
2026-06-13 16:49:24, tokens_remaining: 1754, call: scores, phase: playing
2026-06-13 16:49:25, tokens_remaining: 1753, call: scores, phase: playing
2026-06-13 16:49:25, tokens_remaining: 1753, call: scores, phase: playing
2026-06-13 16:49:27, tokens_remaining: 1752, call: scores, phase: playing
2026-06-13 16:49:27, tokens_remaining: 1752, call: scores, phase: playing
2026-06-13 16:49:28, tokens_remaining: 1751, call: scores, phase: playing
2026-06-13 16:49:29, tokens_remaining: 1751, call: scores, phase: playing
2026-06-13 16:49:30, tokens_remaining: 1750, call: scores, phase: playing
2026-06-13 16:49:31, tokens_remaining: 1749, call: events, phase: playing
2026-06-13 16:49:32, tokens_remaining: 1748, call: scores, phase: playing
2026-06-13 16:49:33, tokens_remaining: 1748, call: scores, phase: playing
2026-06-13 16:49:34, tokens_remaining: 1747, call: scores, phase: playing
2026-06-13 16:49:35, tokens_remaining: 1747, call: scores, phase: playing
2026-06-13 16:49:36, tokens_remaining: 1746, call: scores, phase: playing
2026-06-13 16:49:37, tokens_remaining: 1746, call: scores, phase: playing
2026-06-13 16:49:38, tokens_remaining: 1745, call: scores, phase: playing
2026-06-13 16:49:38, tokens_remaining: 1745, call: scores, phase: playing
2026-06-13 16:49:40, tokens_remaining: 1744, call: scores, phase: playing
2026-06-13 16:49:41, tokens_remaining: 1743, call: events, phase: playing
2026-06-13 16:49:42, tokens_remaining: 1742, call: scores, phase: playing
2026-06-13 16:49:42, tokens_remaining: 1742, call: scores, phase: playing
2026-06-13 16:49:43, tokens_remaining: 1741, call: scores, phase: playing
2026-06-13 16:49:44, tokens_remaining: 1741, call: scores, phase: playing
2026-06-13 16:49:45, tokens_remaining: 1740, call: scores, phase: playing
2026-06-13 16:49:46, tokens_remaining: 1740, call: scores, phase: playing
2026-06-13 16:49:47, tokens_remaining: 1739, call: scores, phase: playing
2026-06-13 16:49:48, tokens_remaining: 1739, call: scores, phase: playing
2026-06-13 16:49:49, tokens_remaining: 1738, call: scores, phase: playing
2026-06-13 16:49:50, tokens_remaining: 1737, call: events, phase: playing
2026-06-13 16:49:51, tokens_remaining: 1736, call: scores, phase: playing
2026-06-13 16:49:52, tokens_remaining: 1736, call: scores, phase: playing
2026-06-13 16:49:53, tokens_remaining: 1735, call: scores, phase: playing
2026-06-13 16:49:53, tokens_remaining: 1735, call: scores, phase: playing
2026-06-13 16:49:54, tokens_remaining: 1734, call: scores, phase: playing
2026-06-13 16:49:55, tokens_remaining: 1734, call: scores, phase: playing
2026-06-13 16:49:56, tokens_remaining: 1733, call: scores, phase: playing
2026-06-13 16:49:57, tokens_remaining: 1733, call: scores, phase: playing
2026-06-13 16:49:58, tokens_remaining: 1732, call: scores, phase: playing
2026-06-13 16:49:59, tokens_remaining: 1731, call: events, phase: playing
2026-06-13 16:50:00, tokens_remaining: 1730, call: scores, phase: playing
2026-06-13 16:50:01, tokens_remaining: 1730, call: scores, phase: playing
2026-06-13 16:50:02, tokens_remaining: 1729, call: scores, phase: playing
2026-06-13 16:50:03, tokens_remaining: 1729, call: scores, phase: playing
2026-06-13 16:50:04, tokens_remaining: 1728, call: scores, phase: playing
2026-06-13 16:50:04, tokens_remaining: 1728, call: scores, phase: playing
2026-06-13 16:50:05, tokens_remaining: 1727, call: scores, phase: playing
2026-06-13 16:50:06, tokens_remaining: 1727, call: scores, phase: playing
2026-06-13 16:50:07, tokens_remaining: 1726, call: scores, phase: playing
2026-06-13 16:50:08, tokens_remaining: 1725, call: events, phase: playing
2026-06-13 16:50:09, tokens_remaining: 1724, call: scores, phase: playing
2026-06-13 16:50:10, tokens_remaining: 1724, call: scores, phase: playing
2026-06-13 16:50:11, tokens_remaining: 1723, call: scores, phase: playing
2026-06-13 16:50:12, tokens_remaining: 1723, call: scores, phase: playing
2026-06-13 16:50:13, tokens_remaining: 1722, call: scores, phase: playing
2026-06-13 16:50:14, tokens_remaining: 1722, call: scores, phase: playing
2026-06-13 16:50:15, tokens_remaining: 1721, call: scores, phase: playing
2026-06-13 16:50:16, tokens_remaining: 1721, call: scores, phase: playing
2026-06-13 16:50:17, tokens_remaining: 1720, call: scores, phase: playing
2026-06-13 16:50:18, tokens_remaining: 1719, call: events, phase: playing
2026-06-13 16:50:19, tokens_remaining: 1718, call: scores, phase: playing
2026-06-13 16:50:19, tokens_remaining: 1718, call: scores, phase: playing
2026-06-13 16:50:20, tokens_remaining: 1717, call: scores, phase: playing
2026-06-13 16:50:21, tokens_remaining: 1717, call: scores, phase: playing
2026-06-13 16:50:22, tokens_remaining: 1716, call: scores, phase: playing
2026-06-13 16:50:23, tokens_remaining: 1716, call: scores, phase: playing
2026-06-13 16:50:24, tokens_remaining: 1715, call: scores, phase: playing
2026-06-13 16:50:25, tokens_remaining: 1715, call: scores, phase: playing
2026-06-13 16:50:26, tokens_remaining: 1714, call: scores, phase: playing
2026-06-13 16:50:27, tokens_remaining: 1713, call: events, phase: playing
2026-06-13 16:50:28, tokens_remaining: 1712, call: scores, phase: playing
2026-06-13 16:50:29, tokens_remaining: 1712, call: scores, phase: playing
2026-06-13 16:50:30, tokens_remaining: 1711, call: scores, phase: playing
2026-06-13 16:50:31, tokens_remaining: 1711, call: scores, phase: playing
2026-06-13 16:50:32, tokens_remaining: 1710, call: scores, phase: playing
2026-06-13 16:50:32, tokens_remaining: 1710, call: scores, phase: playing
2026-06-13 16:50:33, tokens_remaining: 1709, call: scores, phase: playing
2026-06-13 16:50:34, tokens_remaining: 1709, call: scores, phase: playing
2026-06-13 16:50:35, tokens_remaining: 1708, call: scores, phase: playing
2026-06-13 16:50:36, tokens_remaining: 1707, call: events, phase: playing
2026-06-13 16:50:37, tokens_remaining: 1706, call: scores, phase: playing
2026-06-13 16:50:38, tokens_remaining: 1706, call: scores, phase: playing
2026-06-13 16:50:39, tokens_remaining: 1705, call: scores, phase: playing
2026-06-13 16:50:40, tokens_remaining: 1705, call: scores, phase: playing
2026-06-13 16:50:41, tokens_remaining: 1704, call: scores, phase: playing
2026-06-13 16:50:42, tokens_remaining: 1704, call: scores, phase: playing
2026-06-13 16:50:43, tokens_remaining: 1703, call: scores, phase: playing
2026-06-13 16:50:43, tokens_remaining: 1703, call: scores, phase: playing
2026-06-13 16:50:44, tokens_remaining: 1702, call: scores, phase: playing
2026-06-13 16:50:45, tokens_remaining: 1701, call: events, phase: playing
2026-06-13 16:50:47, tokens_remaining: 1700, call: scores, phase: playing
2026-06-13 16:50:47, tokens_remaining: 1700, call: scores, phase: playing
2026-06-13 16:50:48, tokens_remaining: 1699, call: scores, phase: playing
2026-06-13 16:50:49, tokens_remaining: 1699, call: scores, phase: playing
2026-06-13 16:50:50, tokens_remaining: 1698, call: scores, phase: playing
2026-06-13 16:50:51, tokens_remaining: 1698, call: scores, phase: playing
2026-06-13 16:50:52, tokens_remaining: 1697, call: scores, phase: playing
2026-06-13 16:50:53, tokens_remaining: 1697, call: scores, phase: playing
2026-06-13 16:50:54, tokens_remaining: 1696, call: scores, phase: playing
2026-06-13 16:50:55, tokens_remaining: 1695, call: events, phase: playing
2026-06-13 16:50:56, tokens_remaining: 1694, call: scores, phase: playing
2026-06-13 16:50:57, tokens_remaining: 1694, call: scores, phase: playing
2026-06-13 16:50:58, tokens_remaining: 1693, call: scores, phase: playing
2026-06-13 16:50:58, tokens_remaining: 1693, call: scores, phase: playing
2026-06-13 16:50:59, tokens_remaining: 1692, call: scores, phase: playing
2026-06-13 16:51:00, tokens_remaining: 1692, call: scores, phase: playing
2026-06-13 16:51:01, tokens_remaining: 1691, call: scores, phase: playing
2026-06-13 16:51:02, tokens_remaining: 1691, call: scores, phase: playing
2026-06-13 16:51:03, tokens_remaining: 1690, call: scores, phase: playing
2026-06-13 16:51:04, tokens_remaining: 1689, call: events, phase: playing
2026-06-13 16:51:05, tokens_remaining: 1688, call: scores, phase: playing
2026-06-13 16:51:06, tokens_remaining: 1688, call: scores, phase: playing
2026-06-13 16:51:07, tokens_remaining: 1687, call: scores, phase: playing
2026-06-13 16:51:08, tokens_remaining: 1687, call: scores, phase: playing
2026-06-13 16:51:09, tokens_remaining: 1686, call: scores, phase: playing
2026-06-13 16:51:10, tokens_remaining: 1686, call: scores, phase: playing
2026-06-13 16:51:11, tokens_remaining: 1685, call: scores, phase: playing
2026-06-13 16:51:11, tokens_remaining: 1685, call: scores, phase: playing
2026-06-13 16:51:12, tokens_remaining: 1684, call: scores, phase: playing
2026-06-13 16:51:13, tokens_remaining: 1683, call: events, phase: playing
2026-06-13 16:51:14, tokens_remaining: 1682, call: scores, phase: playing
2026-06-13 16:51:15, tokens_remaining: 1682, call: scores, phase: playing
2026-06-13 16:51:16, tokens_remaining: 1681, call: scores, phase: playing
2026-06-13 16:51:17, tokens_remaining: 1681, call: scores, phase: playing
2026-06-13 16:51:18, tokens_remaining: 1680, call: scores, phase: playing
2026-06-13 16:51:19, tokens_remaining: 1680, call: scores, phase: playing
2026-06-13 16:51:20, tokens_remaining: 1679, call: scores, phase: playing
2026-06-13 16:51:21, tokens_remaining: 1679, call: scores, phase: playing
2026-06-13 16:51:22, tokens_remaining: 1678, call: scores, phase: playing
2026-06-13 16:51:23, tokens_remaining: 1677, call: events, phase: playing
2026-06-13 16:51:24, tokens_remaining: 1676, call: scores, phase: playing
2026-06-13 16:51:25, tokens_remaining: 1676, call: scores, phase: playing
2026-06-13 16:51:26, tokens_remaining: 1675, call: scores, phase: playing
2026-06-13 16:51:26, tokens_remaining: 1675, call: scores, phase: playing
2026-06-13 16:51:27, tokens_remaining: 1674, call: scores, phase: playing
2026-06-13 16:51:28, tokens_remaining: 1674, call: scores, phase: playing
2026-06-13 16:51:29, tokens_remaining: 1673, call: scores, phase: playing
2026-06-13 16:51:30, tokens_remaining: 1673, call: scores, phase: playing
2026-06-13 16:51:31, tokens_remaining: 1672, call: scores, phase: playing
2026-06-13 16:51:32, tokens_remaining: 1671, call: events, phase: playing
2026-06-13 16:51:33, tokens_remaining: 1670, call: scores, phase: playing
2026-06-13 16:51:34, tokens_remaining: 1670, call: scores, phase: playing
2026-06-13 16:51:35, tokens_remaining: 1669, call: scores, phase: playing
2026-06-13 16:51:36, tokens_remaining: 1669, call: scores, phase: playing
2026-06-13 16:51:37, tokens_remaining: 1668, call: scores, phase: playing
2026-06-13 16:51:37, tokens_remaining: 1668, call: scores, phase: playing
2026-06-13 16:51:39, tokens_remaining: 1667, call: scores, phase: playing
2026-06-13 16:51:39, tokens_remaining: 1667, call: scores, phase: playing
2026-06-13 16:51:40, tokens_remaining: 1666, call: scores, phase: playing
2026-06-13 16:51:41, tokens_remaining: 1665, call: events, phase: playing
2026-06-13 16:51:42, tokens_remaining: 1664, call: scores, phase: playing
2026-06-13 16:51:43, tokens_remaining: 1664, call: scores, phase: playing
2026-06-13 16:51:44, tokens_remaining: 1663, call: scores, phase: playing
2026-06-13 16:51:45, tokens_remaining: 1663, call: scores, phase: playing
2026-06-13 16:51:46, tokens_remaining: 1662, call: scores, phase: playing
2026-06-13 16:51:47, tokens_remaining: 1662, call: scores, phase: playing
2026-06-13 16:51:48, tokens_remaining: 1661, call: scores, phase: playing
2026-06-13 16:51:49, tokens_remaining: 1661, call: scores, phase: playing
2026-06-13 16:51:50, tokens_remaining: 1660, call: scores, phase: playing
2026-06-13 16:51:51, tokens_remaining: 1659, call: events, phase: playing
2026-06-13 16:51:52, tokens_remaining: 1658, call: scores, phase: playing
2026-06-13 16:51:52, tokens_remaining: 1658, call: scores, phase: playing
2026-06-13 16:51:53, tokens_remaining: 1657, call: scores, phase: playing
2026-06-13 16:51:54, tokens_remaining: 1657, call: scores, phase: playing
2026-06-13 16:51:55, tokens_remaining: 1656, call: scores, phase: playing
2026-06-13 16:51:56, tokens_remaining: 1656, call: scores, phase: playing
2026-06-13 16:51:57, tokens_remaining: 1655, call: scores, phase: playing
2026-06-13 16:51:58, tokens_remaining: 1655, call: scores, phase: playing
2026-06-13 16:51:59, tokens_remaining: 1654, call: scores, phase: playing
2026-06-13 16:52:00, tokens_remaining: 1653, call: events, phase: playing
2026-06-13 16:52:01, tokens_remaining: 1652, call: scores, phase: playing
2026-06-13 16:52:02, tokens_remaining: 1652, call: scores, phase: playing
2026-06-13 16:52:03, tokens_remaining: 1651, call: scores, phase: playing
2026-06-13 16:52:04, tokens_remaining: 1651, call: scores, phase: playing
2026-06-13 16:52:05, tokens_remaining: 1650, call: scores, phase: playing
2026-06-13 16:52:05, tokens_remaining: 1650, call: scores, phase: playing
2026-06-13 16:52:06, tokens_remaining: 1649, call: scores, phase: playing
2026-06-13 16:52:07, tokens_remaining: 1649, call: scores, phase: playing
2026-06-13 16:52:08, tokens_remaining: 1648, call: scores, phase: playing
2026-06-13 16:52:09, tokens_remaining: 1647, call: events, phase: playing
2026-06-13 16:52:10, tokens_remaining: 1646, call: scores, phase: playing
2026-06-13 16:52:11, tokens_remaining: 1646, call: scores, phase: playing
2026-06-13 16:52:12, tokens_remaining: 1645, call: scores, phase: playing
2026-06-13 16:52:13, tokens_remaining: 1645, call: scores, phase: playing
2026-06-13 16:52:14, tokens_remaining: 1644, call: scores, phase: playing
2026-06-13 16:52:15, tokens_remaining: 1644, call: scores, phase: playing
2026-06-13 16:52:16, tokens_remaining: 1643, call: scores, phase: playing
2026-06-13 16:52:16, tokens_remaining: 1643, call: scores, phase: playing
2026-06-13 16:52:17, tokens_remaining: 1642, call: scores, phase: playing
2026-06-13 16:52:19, tokens_remaining: 1641, call: events, phase: playing
2026-06-13 16:52:20, tokens_remaining: 1640, call: scores, phase: playing
2026-06-13 16:52:20, tokens_remaining: 1640, call: scores, phase: playing
2026-06-13 16:52:21, tokens_remaining: 1639, call: scores, phase: playing
2026-06-13 16:52:22, tokens_remaining: 1639, call: scores, phase: playing
2026-06-13 16:52:23, tokens_remaining: 1638, call: scores, phase: playing
2026-06-13 16:52:24, tokens_remaining: 1638, call: scores, phase: playing
2026-06-13 16:52:25, tokens_remaining: 1637, call: scores, phase: playing
2026-06-13 16:52:26, tokens_remaining: 1637, call: scores, phase: playing
2026-06-13 16:52:27, tokens_remaining: 1636, call: scores, phase: playing
2026-06-13 16:52:28, tokens_remaining: 1635, call: events, phase: playing
2026-06-13 16:52:29, tokens_remaining: 1634, call: scores, phase: playing
2026-06-13 16:52:30, tokens_remaining: 1634, call: scores, phase: playing
2026-06-13 16:52:31, tokens_remaining: 1633, call: scores, phase: playing
2026-06-13 16:52:32, tokens_remaining: 1633, call: scores, phase: playing
2026-06-13 16:52:33, tokens_remaining: 1632, call: scores, phase: playing
2026-06-13 16:52:33, tokens_remaining: 1632, call: scores, phase: playing
2026-06-13 16:52:34, tokens_remaining: 1631, call: scores, phase: playing
2026-06-13 16:52:35, tokens_remaining: 1631, call: scores, phase: playing
2026-06-13 16:52:36, tokens_remaining: 1630, call: scores, phase: playing
2026-06-13 16:52:37, tokens_remaining: 1629, call: events, phase: playing
2026-06-13 16:52:38, tokens_remaining: 1628, call: scores, phase: playing
2026-06-13 16:52:39, tokens_remaining: 1628, call: scores, phase: playing
2026-06-13 16:52:40, tokens_remaining: 1627, call: scores, phase: playing
2026-06-13 16:52:41, tokens_remaining: 1627, call: scores, phase: playing
2026-06-13 16:52:42, tokens_remaining: 1626, call: scores, phase: playing
2026-06-13 16:52:43, tokens_remaining: 1626, call: scores, phase: playing
2026-06-13 16:52:44, tokens_remaining: 1625, call: scores, phase: playing
2026-06-13 16:52:44, tokens_remaining: 1625, call: scores, phase: playing
2026-06-13 16:52:45, tokens_remaining: 1624, call: scores, phase: playing
2026-06-13 16:52:47, tokens_remaining: 1623, call: events, phase: playing
2026-06-13 16:52:48, tokens_remaining: 1622, call: scores, phase: playing
2026-06-13 16:52:48, tokens_remaining: 1622, call: scores, phase: playing
2026-06-13 16:52:49, tokens_remaining: 1621, call: scores, phase: playing
2026-06-13 16:52:50, tokens_remaining: 1621, call: scores, phase: playing
2026-06-13 16:52:51, tokens_remaining: 1620, call: scores, phase: playing
2026-06-13 16:52:52, tokens_remaining: 1620, call: scores, phase: playing
2026-06-13 16:52:53, tokens_remaining: 1619, call: scores, phase: playing
2026-06-13 16:52:54, tokens_remaining: 1619, call: scores, phase: playing
2026-06-13 16:52:55, tokens_remaining: 1618, call: scores, phase: playing
2026-06-13 16:52:56, tokens_remaining: 1617, call: events, phase: playing
2026-06-13 16:52:57, tokens_remaining: 1616, call: scores, phase: playing
2026-06-13 16:52:58, tokens_remaining: 1616, call: scores, phase: playing
2026-06-13 16:52:59, tokens_remaining: 1615, call: scores, phase: playing
2026-06-13 16:52:59, tokens_remaining: 1615, call: scores, phase: playing
2026-06-13 16:53:01, tokens_remaining: 1614, call: scores, phase: playing
2026-06-13 16:53:01, tokens_remaining: 1614, call: scores, phase: playing
2026-06-13 16:53:02, tokens_remaining: 1613, call: scores, phase: playing
2026-06-13 16:53:03, tokens_remaining: 1613, call: scores, phase: playing
2026-06-13 16:53:04, tokens_remaining: 1612, call: scores, phase: playing
2026-06-13 16:53:05, tokens_remaining: 1611, call: events, phase: playing
2026-06-13 16:53:06, tokens_remaining: 1610, call: scores, phase: playing
2026-06-13 16:53:07, tokens_remaining: 1610, call: scores, phase: playing
2026-06-13 16:53:08, tokens_remaining: 1609, call: scores, phase: playing
2026-06-13 16:53:09, tokens_remaining: 1609, call: scores, phase: playing
2026-06-13 16:53:10, tokens_remaining: 1608, call: scores, phase: playing
2026-06-13 16:53:11, tokens_remaining: 1608, call: scores, phase: playing
2026-06-13 16:53:12, tokens_remaining: 1607, call: scores, phase: playing
2026-06-13 16:53:12, tokens_remaining: 1607, call: scores, phase: playing
2026-06-13 16:53:13, tokens_remaining: 1606, call: scores, phase: playing
2026-06-13 16:53:14, tokens_remaining: 1605, call: events, phase: playing
2026-06-13 16:53:15, tokens_remaining: 1604, call: scores, phase: playing
2026-06-13 16:53:16, tokens_remaining: 1604, call: scores, phase: playing
2026-06-13 16:53:17, tokens_remaining: 1603, call: scores, phase: playing
2026-06-13 16:53:18, tokens_remaining: 1603, call: scores, phase: playing
2026-06-13 16:53:19, tokens_remaining: 1602, call: scores, phase: playing
2026-06-13 16:53:20, tokens_remaining: 1602, call: scores, phase: playing
2026-06-13 16:53:21, tokens_remaining: 1601, call: scores, phase: playing
2026-06-13 16:53:22, tokens_remaining: 1601, call: scores, phase: playing
2026-06-13 16:53:23, tokens_remaining: 1600, call: scores, phase: playing
2026-06-13 16:53:24, tokens_remaining: 1599, call: events, phase: playing
2026-06-13 16:53:25, tokens_remaining: 1598, call: scores, phase: playing
2026-06-13 16:53:26, tokens_remaining: 1598, call: scores, phase: playing
2026-06-13 16:53:27, tokens_remaining: 1597, call: scores, phase: playing
2026-06-13 16:53:27, tokens_remaining: 1597, call: scores, phase: playing
2026-06-13 16:53:28, tokens_remaining: 1596, call: scores, phase: playing
2026-06-13 16:53:29, tokens_remaining: 1596, call: scores, phase: playing
2026-06-13 16:53:30, tokens_remaining: 1595, call: scores, phase: playing
2026-06-13 16:53:32, tokens_remaining: 1594, call: scores, phase: playing
2026-06-13 16:53:33, tokens_remaining: 1594, call: scores, phase: playing
2026-06-13 16:53:34, tokens_remaining: 1593, call: events, phase: playing
2026-06-13 16:53:35, tokens_remaining: 1592, call: scores, phase: playing
2026-06-13 16:53:36, tokens_remaining: 1592, call: scores, phase: playing
2026-06-13 16:53:37, tokens_remaining: 1591, call: scores, phase: playing
2026-06-13 16:53:38, tokens_remaining: 1591, call: scores, phase: playing
2026-06-13 16:53:39, tokens_remaining: 1590, call: scores, phase: playing
2026-06-13 16:53:40, tokens_remaining: 1590, call: scores, phase: playing
2026-06-13 16:53:41, tokens_remaining: 1589, call: scores, phase: playing
2026-06-13 16:53:41, tokens_remaining: 1589, call: scores, phase: playing
2026-06-13 16:53:42, tokens_remaining: 1588, call: scores, phase: playing
2026-06-13 16:53:43, tokens_remaining: 1587, call: events, phase: playing
2026-06-13 16:53:44, tokens_remaining: 1586, call: scores, phase: playing
2026-06-13 16:53:45, tokens_remaining: 1586, call: scores, phase: playing
2026-06-13 16:53:46, tokens_remaining: 1585, call: scores, phase: playing
2026-06-13 16:53:47, tokens_remaining: 1585, call: scores, phase: playing
2026-06-13 16:53:48, tokens_remaining: 1584, call: scores, phase: playing
2026-06-13 16:53:49, tokens_remaining: 1584, call: scores, phase: playing
2026-06-13 16:53:50, tokens_remaining: 1583, call: scores, phase: playing
2026-06-13 16:53:51, tokens_remaining: 1583, call: scores, phase: playing
2026-06-13 16:53:52, tokens_remaining: 1582, call: scores, phase: playing
2026-06-13 16:53:53, tokens_remaining: 1581, call: events, phase: playing
2026-06-13 16:53:54, tokens_remaining: 1580, call: scores, phase: playing
2026-06-13 16:53:54, tokens_remaining: 1580, call: scores, phase: playing
2026-06-13 16:53:56, tokens_remaining: 1579, call: scores, phase: playing
2026-06-13 16:53:56, tokens_remaining: 1579, call: scores, phase: playing
2026-06-13 16:53:57, tokens_remaining: 1578, call: scores, phase: playing
2026-06-13 16:53:58, tokens_remaining: 1578, call: scores, phase: playing
2026-06-13 16:53:59, tokens_remaining: 1577, call: scores, phase: playing
2026-06-13 16:54:00, tokens_remaining: 1577, call: scores, phase: playing
2026-06-13 16:54:01, tokens_remaining: 1576, call: scores, phase: playing
2026-06-13 16:54:02, tokens_remaining: 1575, call: events, phase: playing
2026-06-13 16:54:03, tokens_remaining: 1574, call: scores, phase: playing
2026-06-13 16:54:04, tokens_remaining: 1574, call: scores, phase: playing
2026-06-13 16:54:05, tokens_remaining: 1573, call: scores, phase: playing
2026-06-13 16:54:06, tokens_remaining: 1573, call: scores, phase: playing
2026-06-13 16:54:07, tokens_remaining: 1572, call: scores, phase: playing
2026-06-13 16:54:07, tokens_remaining: 1572, call: scores, phase: playing
2026-06-13 16:54:09, tokens_remaining: 1571, call: scores, phase: playing
2026-06-13 16:54:09, tokens_remaining: 1571, call: scores, phase: playing
2026-06-13 16:54:10, tokens_remaining: 1570, call: scores, phase: playing
2026-06-13 16:54:11, tokens_remaining: 1569, call: events, phase: playing
2026-06-13 16:54:12, tokens_remaining: 1568, call: scores, phase: playing
2026-06-13 16:54:13, tokens_remaining: 1568, call: scores, phase: playing
2026-06-13 16:54:14, tokens_remaining: 1567, call: scores, phase: playing
2026-06-13 16:54:15, tokens_remaining: 1567, call: scores, phase: playing
2026-06-13 16:54:16, tokens_remaining: 1566, call: scores, phase: playing
2026-06-13 16:54:17, tokens_remaining: 1566, call: scores, phase: playing
2026-06-13 16:54:18, tokens_remaining: 1565, call: scores, phase: playing
2026-06-13 16:54:19, tokens_remaining: 1565, call: scores, phase: playing
2026-06-13 16:54:20, tokens_remaining: 1564, call: scores, phase: playing
2026-06-13 16:54:21, tokens_remaining: 1563, call: events, phase: playing
2026-06-13 16:54:22, tokens_remaining: 1562, call: scores, phase: playing
2026-06-13 16:54:23, tokens_remaining: 1562, call: scores, phase: playing
2026-06-13 16:54:24, tokens_remaining: 1561, call: scores, phase: playing
2026-06-13 16:54:24, tokens_remaining: 1561, call: scores, phase: playing
2026-06-13 16:54:25, tokens_remaining: 1560, call: scores, phase: playing
2026-06-13 16:54:26, tokens_remaining: 1560, call: scores, phase: playing
2026-06-13 16:54:27, tokens_remaining: 1559, call: scores, phase: playing
2026-06-13 16:54:28, tokens_remaining: 1559, call: scores, phase: playing
2026-06-13 16:54:29, tokens_remaining: 1558, call: scores, phase: playing
2026-06-13 16:54:30, tokens_remaining: 1557, call: events, phase: playing
2026-06-13 16:54:31, tokens_remaining: 1556, call: scores, phase: playing
2026-06-13 16:54:32, tokens_remaining: 1556, call: scores, phase: playing
2026-06-13 16:54:33, tokens_remaining: 1555, call: scores, phase: playing
2026-06-13 16:54:34, tokens_remaining: 1555, call: scores, phase: playing
2026-06-13 16:54:35, tokens_remaining: 1554, call: scores, phase: playing
2026-06-13 16:54:35, tokens_remaining: 1554, call: scores, phase: playing
2026-06-13 16:54:37, tokens_remaining: 1553, call: scores, phase: playing
2026-06-13 16:54:37, tokens_remaining: 1553, call: scores, phase: playing
2026-06-13 16:54:38, tokens_remaining: 1552, call: scores, phase: playing
2026-06-13 16:54:39, tokens_remaining: 1551, call: events, phase: playing
2026-06-13 16:54:40, tokens_remaining: 1550, call: scores, phase: playing
2026-06-13 16:54:41, tokens_remaining: 1550, call: scores, phase: playing
2026-06-13 16:54:42, tokens_remaining: 1549, call: scores, phase: playing
2026-06-13 16:54:43, tokens_remaining: 1549, call: scores, phase: playing
2026-06-13 16:54:44, tokens_remaining: 1548, call: scores, phase: playing
2026-06-13 16:54:45, tokens_remaining: 1548, call: scores, phase: playing
2026-06-13 16:54:46, tokens_remaining: 1547, call: scores, phase: playing
2026-06-13 16:54:47, tokens_remaining: 1547, call: scores, phase: playing
2026-06-13 16:54:48, tokens_remaining: 1546, call: scores, phase: playing
2026-06-13 16:54:49, tokens_remaining: 1545, call: events, phase: playing
2026-06-13 16:54:50, tokens_remaining: 1544, call: scores, phase: playing
2026-06-13 16:54:51, tokens_remaining: 1544, call: scores, phase: playing
2026-06-13 16:54:52, tokens_remaining: 1543, call: scores, phase: playing
2026-06-13 16:54:52, tokens_remaining: 1543, call: scores, phase: playing
2026-06-13 16:54:53, tokens_remaining: 1542, call: scores, phase: playing
2026-06-13 16:54:54, tokens_remaining: 1542, call: scores, phase: playing
2026-06-13 16:54:55, tokens_remaining: 1541, call: scores, phase: playing
2026-06-13 16:54:56, tokens_remaining: 1541, call: scores, phase: playing
2026-06-13 16:54:57, tokens_remaining: 1540, call: scores, phase: playing
2026-06-13 16:54:58, tokens_remaining: 1539, call: events, phase: playing
2026-06-13 16:54:59, tokens_remaining: 1538, call: scores, phase: playing
2026-06-13 16:55:00, tokens_remaining: 1538, call: scores, phase: playing
2026-06-13 16:55:01, tokens_remaining: 1537, call: scores, phase: playing
2026-06-13 16:55:02, tokens_remaining: 1537, call: scores, phase: playing
2026-06-13 16:55:03, tokens_remaining: 1536, call: scores, phase: playing
2026-06-13 16:55:03, tokens_remaining: 1536, call: scores, phase: playing
2026-06-13 16:55:05, tokens_remaining: 1535, call: scores, phase: playing
2026-06-13 16:55:05, tokens_remaining: 1535, call: scores, phase: playing
2026-06-13 16:55:06, tokens_remaining: 1534, call: scores, phase: playing
2026-06-13 16:55:07, tokens_remaining: 1533, call: events, phase: playing
2026-06-13 16:55:08, tokens_remaining: 1532, call: scores, phase: playing
2026-06-13 16:55:09, tokens_remaining: 1532, call: scores, phase: playing
2026-06-13 16:55:11, tokens_remaining: 1531, call: scores, phase: playing
2026-06-13 16:55:11, tokens_remaining: 1531, call: scores, phase: playing
2026-06-13 16:55:12, tokens_remaining: 1530, call: scores, phase: playing
2026-06-13 16:55:13, tokens_remaining: 1530, call: scores, phase: playing
2026-06-13 16:55:14, tokens_remaining: 1529, call: scores, phase: playing
2026-06-13 16:55:15, tokens_remaining: 1529, call: scores, phase: playing
2026-06-13 16:55:16, tokens_remaining: 1528, call: scores, phase: playing
2026-06-13 16:55:17, tokens_remaining: 1527, call: events, phase: playing
2026-06-13 16:55:18, tokens_remaining: 1526, call: scores, phase: playing
2026-06-13 16:55:19, tokens_remaining: 1526, call: scores, phase: playing
2026-06-13 16:55:20, tokens_remaining: 1525, call: scores, phase: playing
2026-06-13 16:55:21, tokens_remaining: 1525, call: scores, phase: playing
2026-06-13 16:55:22, tokens_remaining: 1524, call: scores, phase: playing
2026-06-13 16:55:22, tokens_remaining: 1524, call: scores, phase: playing
2026-06-13 16:55:23, tokens_remaining: 1523, call: scores, phase: playing
2026-06-13 16:55:24, tokens_remaining: 1523, call: scores, phase: playing
2026-06-13 16:55:25, tokens_remaining: 1522, call: scores, phase: playing
2026-06-13 16:55:26, tokens_remaining: 1521, call: events, phase: playing
2026-06-13 16:55:27, tokens_remaining: 1520, call: scores, phase: playing
2026-06-13 16:55:28, tokens_remaining: 1520, call: scores, phase: playing
2026-06-13 16:55:29, tokens_remaining: 1519, call: scores, phase: playing
2026-06-13 16:55:30, tokens_remaining: 1519, call: scores, phase: playing
2026-06-13 16:55:31, tokens_remaining: 1518, call: scores, phase: playing
2026-06-13 16:55:32, tokens_remaining: 1518, call: scores, phase: playing
2026-06-13 16:55:33, tokens_remaining: 1517, call: scores, phase: playing
2026-06-13 16:55:34, tokens_remaining: 1517, call: scores, phase: playing
2026-06-13 16:55:35, tokens_remaining: 1516, call: scores, phase: playing
2026-06-13 16:55:36, tokens_remaining: 1515, call: events, phase: playing
2026-06-13 16:55:37, tokens_remaining: 1514, call: scores, phase: playing
2026-06-13 16:55:37, tokens_remaining: 1514, call: scores, phase: playing
2026-06-13 16:55:38, tokens_remaining: 1513, call: scores, phase: playing
2026-06-13 16:55:39, tokens_remaining: 1513, call: scores, phase: playing
2026-06-13 16:55:40, tokens_remaining: 1512, call: scores, phase: playing
2026-06-13 16:55:41, tokens_remaining: 1512, call: scores, phase: playing
2026-06-13 16:55:42, tokens_remaining: 1511, call: scores, phase: playing
2026-06-13 16:55:43, tokens_remaining: 1511, call: scores, phase: playing
2026-06-13 16:55:44, tokens_remaining: 1510, call: scores, phase: playing
2026-06-13 16:55:45, tokens_remaining: 1509, call: events, phase: playing
2026-06-13 16:55:46, tokens_remaining: 1508, call: scores, phase: playing
2026-06-13 16:55:47, tokens_remaining: 1508, call: scores, phase: playing
2026-06-13 16:55:48, tokens_remaining: 1507, call: scores, phase: playing
2026-06-13 16:55:49, tokens_remaining: 1507, call: scores, phase: playing
2026-06-13 16:55:50, tokens_remaining: 1506, call: scores, phase: playing
2026-06-13 16:55:50, tokens_remaining: 1506, call: scores, phase: playing
2026-06-13 16:55:51, tokens_remaining: 1505, call: scores, phase: playing
2026-06-13 16:55:52, tokens_remaining: 1505, call: scores, phase: playing
2026-06-13 16:55:53, tokens_remaining: 1504, call: scores, phase: playing
2026-06-13 16:55:54, tokens_remaining: 1503, call: events, phase: playing
2026-06-13 16:55:54, EVENT: SUBSTITUTION 89' Hasan Al-Haydos  [Qatar vs Switzerland]
2026-06-13 16:55:55, tokens_remaining: 1502, call: scores, phase: playing
2026-06-13 16:55:56, tokens_remaining: 1502, call: scores, phase: playing
2026-06-13 16:55:57, tokens_remaining: 1501, call: scores, phase: playing
2026-06-13 16:55:58, tokens_remaining: 1501, call: scores, phase: playing
2026-06-13 16:55:59, tokens_remaining: 1500, call: scores, phase: playing
2026-06-13 16:56:00, tokens_remaining: 1500, call: scores, phase: playing
2026-06-13 16:56:01, tokens_remaining: 1499, call: scores, phase: playing
2026-06-13 16:56:02, tokens_remaining: 1499, call: scores, phase: playing
2026-06-13 16:56:03, tokens_remaining: 1498, call: scores, phase: playing
2026-06-13 16:56:04, tokens_remaining: 1497, call: events, phase: playing
2026-06-13 16:56:05, tokens_remaining: 1496, call: scores, phase: playing
2026-06-13 16:56:05, tokens_remaining: 1496, call: scores, phase: playing
2026-06-13 16:56:06, tokens_remaining: 1495, call: scores, phase: playing
2026-06-13 16:56:07, tokens_remaining: 1495, call: scores, phase: playing
2026-06-13 16:56:08, tokens_remaining: 1494, call: scores, phase: playing
2026-06-13 16:56:09, tokens_remaining: 1494, call: scores, phase: playing
2026-06-13 16:56:10, tokens_remaining: 1493, call: scores, phase: playing
2026-06-13 16:56:11, tokens_remaining: 1493, call: scores, phase: playing
2026-06-13 16:56:12, tokens_remaining: 1492, call: scores, phase: playing
2026-06-13 16:56:13, tokens_remaining: 1491, call: events, phase: playing
2026-06-13 16:56:14, tokens_remaining: 1490, call: scores, phase: playing
2026-06-13 16:56:15, tokens_remaining: 1490, call: scores, phase: playing
2026-06-13 16:56:16, tokens_remaining: 1489, call: scores, phase: playing
2026-06-13 16:56:17, tokens_remaining: 1489, call: scores, phase: playing
2026-06-13 16:56:18, tokens_remaining: 1488, call: scores, phase: playing
2026-06-13 16:56:19, tokens_remaining: 1488, call: scores, phase: playing
2026-06-13 16:56:20, tokens_remaining: 1487, call: scores, phase: playing
2026-06-13 16:56:20, tokens_remaining: 1487, call: scores, phase: playing
2026-06-13 16:56:21, tokens_remaining: 1486, call: scores, phase: playing
2026-06-13 16:56:22, tokens_remaining: 1485, call: events, phase: playing
2026-06-13 16:56:22, EVENT: SUBSTITUTION 89' Ardon Jashari [Qatar vs Switzerland]
2026-06-13 16:56:22, EVENT: SUBSTITUTION 89' Miro Muheim [Qatar vs Switzerland]
2026-06-13 16:56:24, tokens_remaining: 1484, call: scores, phase: playing
2026-06-13 16:56:24, tokens_remaining: 1484, call: scores, phase: playing
2026-06-13 16:56:25, tokens_remaining: 1483, call: scores, phase: playing
2026-06-13 16:56:26, tokens_remaining: 1483, call: scores, phase: playing
2026-06-13 16:56:27, tokens_remaining: 1482, call: scores, phase: playing
2026-06-13 16:56:28, tokens_remaining: 1482, call: scores, phase: playing
2026-06-13 16:56:29, tokens_remaining: 1481, call: scores, phase: playing
2026-06-13 16:56:30, tokens_remaining: 1481, call: scores, phase: playing
2026-06-13 16:56:31, tokens_remaining: 1480, call: scores, phase: playing
2026-06-13 16:56:32, tokens_remaining: 1479, call: events, phase: playing
2026-06-13 16:56:33, tokens_remaining: 1478, call: scores, phase: playing
2026-06-13 16:56:34, tokens_remaining: 1478, call: scores, phase: playing
2026-06-13 16:56:35, tokens_remaining: 1477, call: scores, phase: playing
2026-06-13 16:56:36, tokens_remaining: 1477, call: scores, phase: playing
2026-06-13 16:56:37, tokens_remaining: 1476, call: scores, phase: playing
2026-06-13 16:56:37, tokens_remaining: 1476, call: scores, phase: playing
2026-06-13 16:56:39, tokens_remaining: 1475, call: scores, phase: playing
2026-06-13 16:56:39, tokens_remaining: 1475, call: scores, phase: playing
2026-06-13 16:56:40, tokens_remaining: 1474, call: scores, phase: playing
2026-06-13 16:56:41, tokens_remaining: 1473, call: events, phase: playing
2026-06-13 16:56:42, tokens_remaining: 1472, call: scores, phase: playing
2026-06-13 16:56:43, tokens_remaining: 1472, call: scores, phase: playing
2026-06-13 16:56:44, tokens_remaining: 1471, call: scores, phase: playing
2026-06-13 16:56:45, tokens_remaining: 1471, call: scores, phase: playing
2026-06-13 16:56:46, tokens_remaining: 1470, call: scores, phase: playing
2026-06-13 16:56:47, tokens_remaining: 1470, call: scores, phase: playing
2026-06-13 16:56:48, tokens_remaining: 1469, call: scores, phase: playing
2026-06-13 16:56:49, tokens_remaining: 1469, call: scores, phase: playing
2026-06-13 16:56:50, tokens_remaining: 1468, call: scores, phase: playing
2026-06-13 16:56:51, tokens_remaining: 1467, call: events, phase: playing
2026-06-13 16:56:52, tokens_remaining: 1466, call: scores, phase: playing
2026-06-13 16:56:53, tokens_remaining: 1466, call: scores, phase: playing
2026-06-13 16:56:54, tokens_remaining: 1465, call: scores, phase: playing
2026-06-13 16:56:54, tokens_remaining: 1465, call: scores, phase: playing
2026-06-13 16:56:55, tokens_remaining: 1464, call: scores, phase: playing
2026-06-13 16:56:56, tokens_remaining: 1464, call: scores, phase: playing
2026-06-13 16:56:57, tokens_remaining: 1463, call: scores, phase: playing
2026-06-13 16:56:58, tokens_remaining: 1463, call: scores, phase: playing
2026-06-13 16:56:59, tokens_remaining: 1462, call: scores, phase: playing
2026-06-13 16:57:00, tokens_remaining: 1461, call: events, phase: playing
2026-06-13 16:57:01, tokens_remaining: 1460, call: scores, phase: playing
2026-06-13 16:57:02, tokens_remaining: 1460, call: scores, phase: playing
2026-06-13 16:57:03, tokens_remaining: 1459, call: scores, phase: playing
2026-06-13 16:57:04, tokens_remaining: 1459, call: scores, phase: playing
2026-06-13 16:57:05, tokens_remaining: 1458, call: scores, phase: playing
2026-06-13 16:57:05, tokens_remaining: 1458, call: scores, phase: playing
2026-06-13 16:57:07, tokens_remaining: 1457, call: scores, phase: playing
2026-06-13 16:57:07, tokens_remaining: 1457, call: scores, phase: playing
2026-06-13 16:57:08, tokens_remaining: 1456, call: scores, phase: playing
2026-06-13 16:57:09, tokens_remaining: 1455, call: events, phase: playing
2026-06-13 16:57:10, tokens_remaining: 1454, call: scores, phase: playing
2026-06-13 16:57:11, tokens_remaining: 1454, call: scores, phase: playing
2026-06-13 16:57:12, tokens_remaining: 1453, call: scores, phase: playing
2026-06-13 16:57:13, tokens_remaining: 1453, call: scores, phase: playing
2026-06-13 16:57:14, tokens_remaining: 1452, call: scores, phase: playing
2026-06-13 16:57:15, tokens_remaining: 1452, call: scores, phase: playing
2026-06-13 16:57:16, tokens_remaining: 1451, call: scores, phase: playing
2026-06-13 16:57:17, tokens_remaining: 1451, call: scores, phase: playing
2026-06-13 16:57:18, tokens_remaining: 1450, call: scores, phase: playing
2026-06-13 16:57:19, tokens_remaining: 1449, call: events, phase: playing
2026-06-13 16:57:20, tokens_remaining: 1448, call: scores, phase: playing
2026-06-13 16:57:20, tokens_remaining: 1448, call: scores, phase: playing
2026-06-13 16:57:22, tokens_remaining: 1447, call: scores, phase: playing
2026-06-13 16:57:22, tokens_remaining: 1447, call: scores, phase: playing
2026-06-13 16:57:23, tokens_remaining: 1446, call: scores, phase: playing
2026-06-13 16:57:24, tokens_remaining: 1446, call: scores, phase: playing
2026-06-13 16:57:25, tokens_remaining: 1445, call: scores, phase: playing
2026-06-13 16:57:26, tokens_remaining: 1445, call: scores, phase: playing
2026-06-13 16:57:27, tokens_remaining: 1444, call: scores, phase: playing
2026-06-13 16:57:28, tokens_remaining: 1443, call: events, phase: playing
2026-06-13 16:57:29, tokens_remaining: 1442, call: scores, phase: playing
2026-06-13 16:57:30, tokens_remaining: 1442, call: scores, phase: playing
2026-06-13 16:57:31, tokens_remaining: 1441, call: scores, phase: playing
2026-06-13 16:57:32, tokens_remaining: 1441, call: scores, phase: playing
2026-06-13 16:57:33, tokens_remaining: 1440, call: scores, phase: playing
2026-06-13 16:57:33, tokens_remaining: 1440, call: scores, phase: playing
2026-06-13 16:57:34, tokens_remaining: 1439, call: scores, phase: playing
2026-06-13 16:57:35, tokens_remaining: 1439, call: scores, phase: playing
2026-06-13 16:57:36, tokens_remaining: 1438, call: scores, phase: playing
2026-06-13 16:57:37, tokens_remaining: 1437, call: events, phase: playing
2026-06-13 16:57:38, tokens_remaining: 1436, call: scores, phase: playing
2026-06-13 16:57:39, tokens_remaining: 1436, call: scores, phase: playing
2026-06-13 16:57:40, tokens_remaining: 1435, call: scores, phase: playing
2026-06-13 16:57:41, tokens_remaining: 1435, call: scores, phase: playing
2026-06-13 16:57:42, tokens_remaining: 1434, call: scores, phase: playing
2026-06-13 16:57:43, tokens_remaining: 1434, call: scores, phase: playing
2026-06-13 16:57:44, tokens_remaining: 1433, call: scores, phase: playing
2026-06-13 16:57:44, tokens_remaining: 1433, call: scores, phase: playing
2026-06-13 16:57:46, tokens_remaining: 1432, call: scores, phase: playing
2026-06-13 16:57:47, tokens_remaining: 1431, call: events, phase: playing
2026-06-13 16:57:48, tokens_remaining: 1430, call: scores, phase: playing
2026-06-13 16:57:48, tokens_remaining: 1430, call: scores, phase: playing
2026-06-13 16:57:49, tokens_remaining: 1429, call: scores, phase: playing
2026-06-13 16:57:50, tokens_remaining: 1429, call: scores, phase: playing
2026-06-13 16:57:51, tokens_remaining: 1428, call: scores, phase: playing
2026-06-13 16:57:52, tokens_remaining: 1428, call: scores, phase: playing
2026-06-13 16:57:53, tokens_remaining: 1427, call: scores, phase: playing
2026-06-13 16:57:54, tokens_remaining: 1427, call: scores, phase: playing
2026-06-13 16:57:55, tokens_remaining: 1426, call: scores, phase: playing
2026-06-13 16:57:56, tokens_remaining: 1425, call: events, phase: playing
2026-06-13 16:57:57, tokens_remaining: 1424, call: scores, phase: playing
2026-06-13 16:57:58, tokens_remaining: 1424, call: scores, phase: playing
2026-06-13 16:57:59, tokens_remaining: 1423, call: scores, phase: playing
2026-06-13 16:57:59, tokens_remaining: 1423, call: scores, phase: playing
2026-06-13 16:58:00, tokens_remaining: 1422, call: scores, phase: playing
2026-06-13 16:58:01, tokens_remaining: 1422, call: scores, phase: playing
2026-06-13 16:58:02, tokens_remaining: 1421, call: scores, phase: playing
2026-06-13 16:58:03, tokens_remaining: 1421, call: scores, phase: playing
2026-06-13 16:58:04, tokens_remaining: 1420, call: scores, phase: playing
2026-06-13 16:58:05, tokens_remaining: 1419, call: events, phase: playing
2026-06-13 16:58:06, tokens_remaining: 1418, call: scores, phase: playing
2026-06-13 16:58:07, tokens_remaining: 1418, call: scores, phase: playing
2026-06-13 16:58:08, tokens_remaining: 1417, call: scores, phase: playing
2026-06-13 16:58:09, tokens_remaining: 1417, call: scores, phase: playing
2026-06-13 16:58:10, tokens_remaining: 1416, call: scores, phase: playing
2026-06-13 16:58:11, tokens_remaining: 1416, call: scores, phase: playing
2026-06-13 16:58:12, tokens_remaining: 1415, call: scores, phase: playing
2026-06-13 16:58:12, tokens_remaining: 1415, call: scores, phase: playing
2026-06-13 16:58:13, tokens_remaining: 1414, call: scores, phase: playing
2026-06-13 16:58:14, tokens_remaining: 1413, call: events, phase: playing
2026-06-13 16:58:15, tokens_remaining: 1412, call: scores, phase: playing
2026-06-13 16:58:16, tokens_remaining: 1412, call: scores, phase: playing
2026-06-13 16:58:17, tokens_remaining: 1411, call: scores, phase: playing
2026-06-13 16:58:18, tokens_remaining: 1411, call: scores, phase: playing
2026-06-13 16:58:19, tokens_remaining: 1410, call: scores, phase: playing
2026-06-13 16:58:20, tokens_remaining: 1410, call: scores, phase: playing
2026-06-13 16:58:21, tokens_remaining: 1409, call: scores, phase: playing
2026-06-13 16:58:22, tokens_remaining: 1409, call: scores, phase: playing
2026-06-13 16:58:23, tokens_remaining: 1408, call: scores, phase: playing
2026-06-13 16:58:24, tokens_remaining: 1407, call: events, phase: playing
2026-06-13 16:58:25, tokens_remaining: 1406, call: scores, phase: playing
2026-06-13 16:58:25, tokens_remaining: 1406, call: scores, phase: playing
2026-06-13 16:58:27, tokens_remaining: 1405, call: scores, phase: playing
2026-06-13 16:58:27, tokens_remaining: 1405, call: scores, phase: playing
2026-06-13 16:58:28, tokens_remaining: 1404, call: scores, phase: playing
2026-06-13 16:58:29, tokens_remaining: 1404, call: scores, phase: playing
2026-06-13 16:58:30, tokens_remaining: 1403, call: scores, phase: playing
2026-06-13 16:58:31, tokens_remaining: 1403, call: scores, phase: playing
2026-06-13 16:58:32, tokens_remaining: 1402, call: scores, phase: playing
2026-06-13 16:58:33, tokens_remaining: 1401, call: events, phase: playing
2026-06-13 16:58:34, tokens_remaining: 1400, call: scores, phase: playing
2026-06-13 16:58:35, tokens_remaining: 1400, call: scores, phase: playing
2026-06-13 16:58:36, tokens_remaining: 1399, call: scores, phase: playing
2026-06-13 16:58:37, tokens_remaining: 1399, call: scores, phase: playing
2026-06-13 16:58:38, tokens_remaining: 1398, call: scores, phase: playing
2026-06-13 16:58:38, tokens_remaining: 1398, call: scores, phase: playing
2026-06-13 16:58:40, tokens_remaining: 1397, call: scores, phase: playing
2026-06-13 16:58:40, tokens_remaining: 1397, call: scores, phase: playing
2026-06-13 16:58:41, tokens_remaining: 1396, call: scores, phase: playing
2026-06-13 16:58:42, tokens_remaining: 1395, call: events, phase: playing
2026-06-13 16:58:43, tokens_remaining: 1394, call: scores, phase: playing
2026-06-13 16:58:44, tokens_remaining: 1394, call: scores, phase: playing
2026-06-13 16:58:45, tokens_remaining: 1393, call: scores, phase: playing
2026-06-13 16:58:46, tokens_remaining: 1393, call: scores, phase: playing
2026-06-13 16:58:47, tokens_remaining: 1392, call: scores, phase: playing
2026-06-13 16:58:48, tokens_remaining: 1392, call: scores, phase: playing
2026-06-13 16:58:49, tokens_remaining: 1391, call: scores, phase: playing
2026-06-13 16:58:50, tokens_remaining: 1391, call: scores, phase: playing
2026-06-13 16:58:51, tokens_remaining: 1390, call: scores, phase: playing
2026-06-13 16:58:52, tokens_remaining: 1389, call: events, phase: playing
2026-06-13 16:58:53, tokens_remaining: 1388, call: scores, phase: playing
2026-06-13 16:58:54, tokens_remaining: 1388, call: scores, phase: playing
2026-06-13 16:58:55, tokens_remaining: 1387, call: scores, phase: playing
2026-06-13 16:58:55, tokens_remaining: 1387, call: scores, phase: playing
2026-06-13 16:58:56, tokens_remaining: 1386, call: scores, phase: playing
2026-06-13 16:58:57, tokens_remaining: 1386, call: scores, phase: playing
2026-06-13 16:58:58, tokens_remaining: 1385, call: scores, phase: playing
2026-06-13 16:58:59, tokens_remaining: 1385, call: scores, phase: playing
2026-06-13 16:59:00, tokens_remaining: 1384, call: scores, phase: playing
2026-06-13 16:59:01, tokens_remaining: 1383, call: events, phase: playing
2026-06-13 16:59:02, tokens_remaining: 1382, call: scores, phase: playing
2026-06-13 16:59:03, tokens_remaining: 1382, call: scores, phase: playing
2026-06-13 16:59:04, tokens_remaining: 1381, call: scores, phase: playing
2026-06-13 16:59:05, tokens_remaining: 1381, call: scores, phase: playing
2026-06-13 16:59:06, tokens_remaining: 1380, call: scores, phase: playing
2026-06-13 16:59:06, tokens_remaining: 1380, call: scores, phase: playing
2026-06-13 16:59:07, tokens_remaining: 1379, call: scores, phase: playing
2026-06-13 16:59:08, tokens_remaining: 1379, call: scores, phase: playing
2026-06-13 16:59:09, tokens_remaining: 1378, call: scores, phase: playing
2026-06-13 16:59:10, tokens_remaining: 1377, call: events, phase: playing
2026-06-13 16:59:11, tokens_remaining: 1376, call: scores, phase: playing
2026-06-13 16:59:12, tokens_remaining: 1376, call: scores, phase: playing
2026-06-13 16:59:13, tokens_remaining: 1375, call: scores, phase: playing
2026-06-13 16:59:14, tokens_remaining: 1375, call: scores, phase: playing
2026-06-13 16:59:15, tokens_remaining: 1374, call: scores, phase: playing
2026-06-13 16:59:16, tokens_remaining: 1374, call: scores, phase: playing
2026-06-13 16:59:17, tokens_remaining: 1373, call: scores, phase: playing
2026-06-13 16:59:18, tokens_remaining: 1373, call: scores, phase: playing
2026-06-13 16:59:19, tokens_remaining: 1372, call: scores, phase: playing
2026-06-13 16:59:20, tokens_remaining: 1371, call: events, phase: playing
2026-06-13 16:59:21, tokens_remaining: 1370, call: scores, phase: playing
2026-06-13 16:59:21, tokens_remaining: 1370, call: scores, phase: playing
2026-06-13 16:59:23, tokens_remaining: 1369, call: scores, phase: playing
2026-06-13 16:59:23, tokens_remaining: 1369, call: scores, phase: playing
2026-06-13 16:59:24, tokens_remaining: 1368, call: scores, phase: playing
2026-06-13 16:59:25, tokens_remaining: 1368, call: scores, phase: playing
2026-06-13 16:59:26, tokens_remaining: 1367, call: scores, phase: playing
2026-06-13 16:59:27, tokens_remaining: 1367, call: scores, phase: playing
2026-06-13 16:59:28, tokens_remaining: 1366, call: scores, phase: playing
2026-06-13 16:59:29, tokens_remaining: 1365, call: events, phase: playing
2026-06-13 16:59:30, tokens_remaining: 1364, call: scores, phase: playing
2026-06-13 16:59:31, tokens_remaining: 1364, call: scores, phase: playing
2026-06-13 16:59:32, tokens_remaining: 1363, call: scores, phase: playing
2026-06-13 16:59:33, tokens_remaining: 1363, call: scores, phase: playing
2026-06-13 16:59:34, tokens_remaining: 1362, call: scores, phase: playing
2026-06-13 16:59:34, tokens_remaining: 1362, call: scores, phase: playing
2026-06-13 16:59:35, tokens_remaining: 1361, call: scores, phase: playing
2026-06-13 16:59:36, tokens_remaining: 1361, call: scores, phase: playing
2026-06-13 16:59:37, tokens_remaining: 1360, call: scores, phase: playing
2026-06-13 16:59:38, tokens_remaining: 1359, call: events, phase: playing
2026-06-13 16:59:39, tokens_remaining: 1358, call: scores, phase: playing
2026-06-13 16:59:40, tokens_remaining: 1358, call: scores, phase: playing
2026-06-13 16:59:41, tokens_remaining: 1357, call: scores, phase: playing
2026-06-13 16:59:42, tokens_remaining: 1357, call: scores, phase: playing
2026-06-13 16:59:43, tokens_remaining: 1356, call: scores, phase: playing
2026-06-13 16:59:44, tokens_remaining: 1356, call: scores, phase: playing
2026-06-13 16:59:45, tokens_remaining: 1355, call: scores, phase: playing
2026-06-13 16:59:46, tokens_remaining: 1355, call: scores, phase: playing
2026-06-13 16:59:47, tokens_remaining: 1354, call: scores, phase: playing
2026-06-13 16:59:48, tokens_remaining: 1353, call: events, phase: playing
2026-06-13 16:59:49, tokens_remaining: 1352, call: scores, phase: playing
2026-06-13 16:59:50, tokens_remaining: 1352, call: scores, phase: playing
2026-06-13 16:59:51, tokens_remaining: 1351, call: scores, phase: playing
2026-06-13 16:59:51, tokens_remaining: 1351, call: scores, phase: playing
2026-06-13 16:59:52, tokens_remaining: 1350, call: scores, phase: playing
2026-06-13 16:59:53, tokens_remaining: 1350, call: scores, phase: playing
2026-06-13 16:59:54, tokens_remaining: 1349, call: scores, phase: playing
2026-06-13 16:59:55, tokens_remaining: 1349, call: scores, phase: playing
2026-06-13 16:59:56, tokens_remaining: 1348, call: scores, phase: playing
2026-06-13 16:59:57, tokens_remaining: 1347, call: events, phase: playing
2026-06-13 16:59:58, tokens_remaining: 1346, call: scores, phase: playing
2026-06-13 16:59:59, tokens_remaining: 1346, call: scores, phase: playing
