2026-06-14 13:52:11, tokens_remaining: 702, call: events, phase: idle
2026-06-14 13:52:11, EVENT: GOAL 6' Felix Nmecha (1-0) [Germany vs Curacao]
2026-06-14 13:52:11, EVENT: GOAL 21' Livano Comenencia (1-1) [Germany vs Curacao]
2026-06-14 13:52:11, EVENT: GOAL 38' Nico Schlotterbeck (2-1) [Germany vs Curacao]
2026-06-14 13:52:11, EVENT: EVENT_16 45+5' Kai Havertz (3-1) [Germany vs Curacao]
2026-06-14 13:52:11, EVENT: GOAL 47' Jamal Musiala (4-1) [Germany vs Curacao]
2026-06-14 13:52:11, EVENT: GOAL 68' Nathaniel Brown (5-1) [Germany vs Curacao]
2026-06-14 13:52:11, EVENT: GOAL 78' Deniz Undav (6-1) [Germany vs Curacao]
2026-06-14 13:52:11, EVENT: GOAL 89' Kai Havertz (7-1) [Germany vs Curacao]
2026-06-14 13:52:11, EVENT: SUBSTITUTION 46' Jeremy Antonisse [Germany vs Curacao]
2026-06-14 13:52:11, EVENT: SUBSTITUTION 64' Jearl Margaritha [Germany vs Curacao]
2026-06-14 13:52:11, EVENT: SUBSTITUTION 64' Deniz Undav [Germany vs Curacao]
2026-06-14 13:52:11, EVENT: SUBSTITUTION 73' Leon Goretzka [Germany vs Curacao]
2026-06-14 13:52:11, EVENT: SUBSTITUTION 73' David Raum [Germany vs Curacao]
2026-06-14 13:52:11, EVENT: SUBSTITUTION 73' Antonio Rüdiger [Germany vs Curacao]
2026-06-14 13:52:11, EVENT: SUBSTITUTION 83' Waldemar Anton [Germany vs Curacao]
2026-06-14 13:52:11, EVENT: SUBSTITUTION 83' Gervane Kastaneer [Germany vs Curacao]
2026-06-14 13:52:11, STATE_CHANGE: Germany vs Curacao [— -> 2H]
2026-06-14 13:52:12, tokens_remaining: 701, call: scores, phase: playing
2026-06-14 13:52:13, tokens_remaining: 701, call: scores, phase: playing
2026-06-14 13:52:14, tokens_remaining: 700, call: scores, phase: playing
2026-06-14 13:52:15, tokens_remaining: 700, call: scores, phase: playing
2026-06-14 13:52:16, tokens_remaining: 699, call: scores, phase: playing
2026-06-14 13:52:17, tokens_remaining: 699, call: scores, phase: playing
2026-06-14 13:52:18, tokens_remaining: 698, call: scores, phase: playing
2026-06-14 13:52:18, tokens_remaining: 698, call: scores, phase: playing
2026-06-14 13:52:20, tokens_remaining: 697, call: events, phase: playing
2026-06-14 13:52:21, tokens_remaining: 696, call: scores, phase: playing
2026-06-14 13:52:21, tokens_remaining: 696, call: scores, phase: playing
2026-06-14 13:52:22, tokens_remaining: 695, call: scores, phase: playing
2026-06-14 13:52:23, tokens_remaining: 695, call: scores, phase: playing
2026-06-14 13:52:24, tokens_remaining: 694, call: scores, phase: playing
2026-06-14 13:52:25, tokens_remaining: 694, call: scores, phase: playing
2026-06-14 13:52:26, tokens_remaining: 693, call: scores, phase: playing
2026-06-14 13:52:27, tokens_remaining: 693, call: scores, phase: playing
2026-06-14 13:52:28, tokens_remaining: 692, call: scores, phase: playing
2026-06-14 13:52:29, tokens_remaining: 691, call: events, phase: playing
2026-06-14 13:52:30, tokens_remaining: 690, call: scores, phase: playing
2026-06-14 13:52:31, tokens_remaining: 690, call: scores, phase: playing
2026-06-14 13:52:32, tokens_remaining: 689, call: scores, phase: playing
2026-06-14 13:52:32, tokens_remaining: 689, call: scores, phase: playing
2026-06-14 13:52:33, tokens_remaining: 688, call: scores, phase: playing
2026-06-14 13:52:34, tokens_remaining: 688, call: scores, phase: playing
2026-06-14 13:52:35, tokens_remaining: 687, call: scores, phase: playing
2026-06-14 13:52:36, tokens_remaining: 687, call: scores, phase: playing
2026-06-14 13:52:37, tokens_remaining: 686, call: scores, phase: playing
2026-06-14 13:52:38, tokens_remaining: 685, call: events, phase: playing
2026-06-14 13:52:39, tokens_remaining: 684, call: scores, phase: playing
2026-06-14 13:52:40, tokens_remaining: 684, call: scores, phase: playing
2026-06-14 13:52:41, tokens_remaining: 683, call: scores, phase: playing
2026-06-14 13:52:41, tokens_remaining: 683, call: scores, phase: playing
2026-06-14 13:52:42, tokens_remaining: 682, call: scores, phase: playing
2026-06-14 13:52:43, tokens_remaining: 682, call: scores, phase: playing
2026-06-14 13:52:44, tokens_remaining: 681, call: scores, phase: playing
2026-06-14 13:52:45, tokens_remaining: 681, call: scores, phase: playing
2026-06-14 13:52:46, tokens_remaining: 680, call: scores, phase: playing
2026-06-14 13:52:47, tokens_remaining: 679, call: events, phase: playing
2026-06-14 13:52:48, tokens_remaining: 678, call: scores, phase: playing
2026-06-14 13:52:49, tokens_remaining: 678, call: scores, phase: playing
2026-06-14 13:52:50, tokens_remaining: 677, call: scores, phase: playing
2026-06-14 13:52:51, tokens_remaining: 677, call: scores, phase: playing
2026-06-14 13:52:52, tokens_remaining: 676, call: scores, phase: playing
2026-06-14 13:52:52, tokens_remaining: 676, call: scores, phase: playing
2026-06-14 13:52:53, tokens_remaining: 675, call: scores, phase: playing
2026-06-14 13:52:54, tokens_remaining: 675, call: scores, phase: playing
2026-06-14 13:52:55, tokens_remaining: 674, call: scores, phase: playing
2026-06-14 13:52:56, tokens_remaining: 673, call: events, phase: playing
2026-06-14 13:52:57, tokens_remaining: 672, call: scores, phase: playing
2026-06-14 13:52:58, tokens_remaining: 672, call: scores, phase: playing
2026-06-14 13:52:59, tokens_remaining: 671, call: scores, phase: playing
2026-06-14 13:53:00, tokens_remaining: 671, call: scores, phase: playing
2026-06-14 13:53:01, tokens_remaining: 670, call: scores, phase: playing
2026-06-14 13:53:01, tokens_remaining: 670, call: scores, phase: playing
2026-06-14 13:53:02, tokens_remaining: 669, call: scores, phase: playing
2026-06-14 13:53:03, tokens_remaining: 669, call: scores, phase: playing
2026-06-14 13:53:04, tokens_remaining: 668, call: scores, phase: playing
2026-06-14 13:53:05, tokens_remaining: 667, call: events, phase: playing
2026-06-14 13:53:06, tokens_remaining: 666, call: scores, phase: playing
2026-06-14 13:53:07, tokens_remaining: 666, call: scores, phase: playing
2026-06-14 13:53:08, tokens_remaining: 665, call: scores, phase: playing
2026-06-14 13:53:09, tokens_remaining: 665, call: scores, phase: playing
2026-06-14 13:53:10, tokens_remaining: 664, call: scores, phase: playing
2026-06-14 13:53:11, tokens_remaining: 664, call: scores, phase: playing
2026-06-14 13:53:12, tokens_remaining: 663, call: scores, phase: playing
2026-06-14 13:53:12, tokens_remaining: 663, call: scores, phase: playing
2026-06-14 13:53:13, tokens_remaining: 662, call: scores, phase: playing
2026-06-14 13:53:14, tokens_remaining: 661, call: events, phase: playing
2026-06-14 13:53:16, tokens_remaining: 660, call: scores, phase: playing
2026-06-14 13:53:16, tokens_remaining: 660, call: scores, phase: playing
2026-06-14 13:53:17, tokens_remaining: 659, call: scores, phase: playing
2026-06-14 13:53:18, tokens_remaining: 659, call: scores, phase: playing
2026-06-14 13:53:19, tokens_remaining: 658, call: scores, phase: playing
2026-06-14 13:53:20, tokens_remaining: 658, call: scores, phase: playing
2026-06-14 13:53:21, tokens_remaining: 657, call: scores, phase: playing
2026-06-14 13:53:22, tokens_remaining: 657, call: scores, phase: playing
2026-06-14 13:53:23, tokens_remaining: 656, call: scores, phase: playing
2026-06-14 13:53:24, tokens_remaining: 655, call: events, phase: playing
2026-06-14 13:53:25, tokens_remaining: 654, call: scores, phase: playing
2026-06-14 13:53:25, tokens_remaining: 654, call: scores, phase: playing
2026-06-14 13:53:26, tokens_remaining: 653, call: scores, phase: playing
2026-06-14 13:53:27, tokens_remaining: 653, call: scores, phase: playing
2026-06-14 13:53:28, tokens_remaining: 652, call: scores, phase: playing
2026-06-14 13:53:29, tokens_remaining: 652, call: scores, phase: playing
2026-06-14 13:53:30, tokens_remaining: 651, call: scores, phase: playing
2026-06-14 13:53:31, tokens_remaining: 651, call: scores, phase: playing
2026-06-14 13:53:32, tokens_remaining: 650, call: scores, phase: playing
2026-06-14 13:53:33, tokens_remaining: 649, call: events, phase: playing
2026-06-14 13:53:34, tokens_remaining: 648, call: scores, phase: playing
2026-06-14 13:53:34, tokens_remaining: 648, call: scores, phase: playing
2026-06-14 13:53:35, tokens_remaining: 647, call: scores, phase: playing
2026-06-14 13:53:36, tokens_remaining: 647, call: scores, phase: playing
2026-06-14 13:53:37, tokens_remaining: 646, call: scores, phase: playing
2026-06-14 13:53:38, tokens_remaining: 646, call: scores, phase: playing
2026-06-14 13:53:39, tokens_remaining: 645, call: scores, phase: playing
2026-06-14 13:53:40, tokens_remaining: 645, call: scores, phase: playing
2026-06-14 13:53:41, tokens_remaining: 644, call: scores, phase: playing
2026-06-14 13:53:42, tokens_remaining: 643, call: events, phase: playing
2026-06-14 13:53:43, tokens_remaining: 642, call: scores, phase: playing
2026-06-14 13:53:43, tokens_remaining: 642, call: scores, phase: playing
2026-06-14 13:53:44, tokens_remaining: 641, call: scores, phase: playing
2026-06-14 13:53:45, tokens_remaining: 641, call: scores, phase: playing
2026-06-14 13:53:46, tokens_remaining: 640, call: scores, phase: playing
2026-06-14 13:53:47, tokens_remaining: 640, call: scores, phase: playing
2026-06-14 13:53:48, tokens_remaining: 639, call: scores, phase: playing
2026-06-14 13:53:49, tokens_remaining: 639, call: scores, phase: playing
2026-06-14 13:53:50, tokens_remaining: 638, call: scores, phase: playing
2026-06-14 13:53:51, tokens_remaining: 637, call: events, phase: playing
2026-06-14 13:53:52, tokens_remaining: 636, call: scores, phase: playing
2026-06-14 13:53:52, tokens_remaining: 636, call: scores, phase: playing
2026-06-14 13:53:53, tokens_remaining: 635, call: scores, phase: playing
2026-06-14 13:53:54, tokens_remaining: 635, call: scores, phase: playing
2026-06-14 13:53:55, tokens_remaining: 634, call: scores, phase: playing
2026-06-14 13:53:56, tokens_remaining: 634, call: scores, phase: playing
2026-06-14 13:53:57, tokens_remaining: 633, call: scores, phase: playing
2026-06-14 13:53:58, tokens_remaining: 633, call: scores, phase: playing
2026-06-14 13:53:59, tokens_remaining: 632, call: scores, phase: playing
2026-06-14 13:54:00, tokens_remaining: 631, call: events, phase: playing
2026-06-14 13:54:01, tokens_remaining: 630, call: scores, phase: playing
2026-06-14 13:54:02, tokens_remaining: 630, call: scores, phase: playing
2026-06-14 13:54:03, tokens_remaining: 629, call: scores, phase: playing
2026-06-14 13:54:04, tokens_remaining: 629, call: scores, phase: playing
2026-06-14 13:54:05, tokens_remaining: 628, call: scores, phase: playing
2026-06-14 13:54:05, tokens_remaining: 628, call: scores, phase: playing
2026-06-14 13:54:07, tokens_remaining: 627, call: scores, phase: playing
2026-06-14 13:54:07, tokens_remaining: 627, call: scores, phase: playing
2026-06-14 13:54:08, tokens_remaining: 626, call: scores, phase: playing
2026-06-14 13:54:09, tokens_remaining: 625, call: events, phase: playing
2026-06-14 13:54:10, tokens_remaining: 624, call: scores, phase: playing
2026-06-14 13:54:11, tokens_remaining: 624, call: scores, phase: playing
2026-06-14 13:54:12, tokens_remaining: 623, call: scores, phase: playing
2026-06-14 13:54:13, tokens_remaining: 623, call: scores, phase: playing
2026-06-14 13:54:14, tokens_remaining: 622, call: scores, phase: playing
2026-06-14 13:54:15, tokens_remaining: 622, call: scores, phase: playing
2026-06-14 13:54:16, tokens_remaining: 621, call: scores, phase: playing
2026-06-14 13:54:16, tokens_remaining: 621, call: scores, phase: playing
2026-06-14 13:54:17, tokens_remaining: 620, call: scores, phase: playing
2026-06-14 13:54:18, tokens_remaining: 619, call: events, phase: playing
2026-06-14 13:54:19, tokens_remaining: 618, call: scores, phase: playing
2026-06-14 13:54:20, tokens_remaining: 618, call: scores, phase: playing
2026-06-14 13:54:21, tokens_remaining: 617, call: scores, phase: playing
2026-06-14 13:54:22, tokens_remaining: 617, call: scores, phase: playing
2026-06-14 13:54:23, tokens_remaining: 616, call: scores, phase: playing
2026-06-14 13:54:24, tokens_remaining: 616, call: scores, phase: playing
2026-06-14 13:54:25, tokens_remaining: 615, call: scores, phase: playing
2026-06-14 13:54:25, tokens_remaining: 615, call: scores, phase: playing
2026-06-14 13:54:26, tokens_remaining: 614, call: scores, phase: playing
2026-06-14 13:54:28, tokens_remaining: 613, call: events, phase: playing
2026-06-14 13:54:29, tokens_remaining: 612, call: scores, phase: playing
2026-06-14 13:54:29, tokens_remaining: 612, call: scores, phase: playing
2026-06-14 13:54:30, tokens_remaining: 611, call: scores, phase: playing
2026-06-14 13:54:31, tokens_remaining: 611, call: scores, phase: playing
2026-06-14 13:54:32, tokens_remaining: 610, call: scores, phase: playing
2026-06-14 13:54:33, tokens_remaining: 610, call: scores, phase: playing
2026-06-14 13:54:34, tokens_remaining: 609, call: scores, phase: playing
2026-06-14 13:54:35, tokens_remaining: 609, call: scores, phase: playing
2026-06-14 13:54:36, tokens_remaining: 608, call: scores, phase: playing
2026-06-14 13:54:37, tokens_remaining: 607, call: events, phase: playing
2026-06-14 13:54:38, tokens_remaining: 606, call: scores, phase: playing
2026-06-14 13:54:39, tokens_remaining: 606, call: scores, phase: playing
2026-06-14 13:54:40, tokens_remaining: 605, call: scores, phase: playing
2026-06-14 13:54:41, tokens_remaining: 605, call: scores, phase: playing
2026-06-14 13:54:42, tokens_remaining: 604, call: scores, phase: playing
2026-06-14 13:54:43, tokens_remaining: 604, call: scores, phase: playing
2026-06-14 13:54:44, tokens_remaining: 603, call: scores, phase: playing
2026-06-14 13:54:44, tokens_remaining: 603, call: scores, phase: playing
2026-06-14 13:54:45, tokens_remaining: 602, call: scores, phase: playing
2026-06-14 13:54:46, tokens_remaining: 601, call: events, phase: playing
2026-06-14 13:54:47, tokens_remaining: 600, call: scores, phase: playing
2026-06-14 13:54:48, tokens_remaining: 600, call: scores, phase: playing
2026-06-14 13:54:49, tokens_remaining: 599, call: scores, phase: playing
2026-06-14 13:54:50, tokens_remaining: 599, call: scores, phase: playing
2026-06-14 13:54:51, tokens_remaining: 598, call: scores, phase: playing
2026-06-14 13:54:52, tokens_remaining: 598, call: scores, phase: playing
2026-06-14 13:54:53, tokens_remaining: 597, call: scores, phase: playing
2026-06-14 13:54:53, tokens_remaining: 597, call: scores, phase: playing
2026-06-14 13:54:54, tokens_remaining: 596, call: scores, phase: playing
2026-06-14 13:54:55, tokens_remaining: 595, call: events, phase: playing
2026-06-14 13:54:56, tokens_remaining: 594, call: scores, phase: playing
2026-06-14 13:54:57, tokens_remaining: 594, call: scores, phase: playing
2026-06-14 13:54:58, tokens_remaining: 593, call: scores, phase: playing
2026-06-14 13:54:59, tokens_remaining: 593, call: scores, phase: playing
2026-06-14 13:55:00, tokens_remaining: 592, call: scores, phase: playing
2026-06-14 13:55:01, tokens_remaining: 592, call: scores, phase: playing
2026-06-14 13:55:02, tokens_remaining: 591, call: scores, phase: playing
2026-06-14 13:55:03, tokens_remaining: 591, call: scores, phase: playing
2026-06-14 13:55:04, tokens_remaining: 590, call: scores, phase: playing
2026-06-14 13:55:05, tokens_remaining: 589, call: events, phase: playing
2026-06-14 13:55:06, tokens_remaining: 588, call: scores, phase: playing
2026-06-14 13:55:06, tokens_remaining: 588, call: scores, phase: playing
2026-06-14 13:55:07, tokens_remaining: 587, call: scores, phase: playing
2026-06-14 13:55:08, tokens_remaining: 587, call: scores, phase: playing
2026-06-14 13:55:09, tokens_remaining: 586, call: scores, phase: playing
2026-06-14 13:55:10, tokens_remaining: 586, call: scores, phase: playing
2026-06-14 13:55:11, tokens_remaining: 585, call: scores, phase: playing
2026-06-14 13:55:12, tokens_remaining: 585, call: scores, phase: playing
2026-06-14 13:55:13, tokens_remaining: 584, call: scores, phase: playing
2026-06-14 13:55:14, tokens_remaining: 583, call: events, phase: playing
2026-06-14 13:55:15, tokens_remaining: 582, call: scores, phase: playing
2026-06-14 13:55:15, tokens_remaining: 582, call: scores, phase: playing
2026-06-14 13:55:16, tokens_remaining: 581, call: scores, phase: playing
2026-06-14 13:55:17, tokens_remaining: 581, call: scores, phase: playing
2026-06-14 13:55:18, tokens_remaining: 580, call: scores, phase: playing
2026-06-14 13:55:19, tokens_remaining: 580, call: scores, phase: playing
2026-06-14 13:55:20, tokens_remaining: 579, call: scores, phase: playing
2026-06-14 13:55:21, tokens_remaining: 579, call: scores, phase: playing
2026-06-14 13:55:22, tokens_remaining: 578, call: scores, phase: playing
2026-06-14 13:55:23, tokens_remaining: 577, call: events, phase: playing
2026-06-14 13:55:24, tokens_remaining: 576, call: scores, phase: playing
2026-06-14 13:55:25, tokens_remaining: 576, call: scores, phase: playing
2026-06-14 13:55:26, tokens_remaining: 575, call: scores, phase: playing
2026-06-14 13:55:26, tokens_remaining: 575, call: scores, phase: playing
2026-06-14 13:55:27, tokens_remaining: 574, call: scores, phase: playing
2026-06-14 13:55:28, tokens_remaining: 574, call: scores, phase: playing
2026-06-14 13:55:29, tokens_remaining: 573, call: scores, phase: playing
2026-06-14 13:55:30, tokens_remaining: 573, call: scores, phase: playing
2026-06-14 13:55:31, tokens_remaining: 572, call: scores, phase: playing
2026-06-14 13:55:32, tokens_remaining: 571, call: events, phase: playing
2026-06-14 13:55:33, tokens_remaining: 570, call: scores, phase: playing
2026-06-14 13:55:34, tokens_remaining: 570, call: scores, phase: playing
2026-06-14 13:55:35, tokens_remaining: 569, call: scores, phase: playing
2026-06-14 13:55:35, tokens_remaining: 569, call: scores, phase: playing
2026-06-14 13:55:36, tokens_remaining: 568, call: scores, phase: playing
2026-06-14 13:55:37, tokens_remaining: 568, call: scores, phase: playing
2026-06-14 13:55:38, tokens_remaining: 567, call: scores, phase: playing
2026-06-14 13:55:39, tokens_remaining: 567, call: scores, phase: playing
2026-06-14 13:55:40, tokens_remaining: 566, call: scores, phase: playing
2026-06-14 13:55:41, tokens_remaining: 565, call: events, phase: playing
2026-06-14 13:55:42, tokens_remaining: 564, call: scores, phase: playing
2026-06-14 13:55:43, tokens_remaining: 564, call: scores, phase: playing
2026-06-14 13:55:44, tokens_remaining: 563, call: scores, phase: playing
2026-06-14 13:55:45, tokens_remaining: 563, call: scores, phase: playing
2026-06-14 13:55:46, tokens_remaining: 562, call: scores, phase: playing
2026-06-14 13:55:46, tokens_remaining: 562, call: scores, phase: playing
2026-06-14 13:55:47, tokens_remaining: 561, call: scores, phase: playing
2026-06-14 13:55:48, tokens_remaining: 561, call: scores, phase: playing
2026-06-14 13:55:49, tokens_remaining: 560, call: scores, phase: playing
2026-06-14 13:55:50, tokens_remaining: 559, call: events, phase: playing
2026-06-14 13:55:51, tokens_remaining: 558, call: scores, phase: playing
2026-06-14 13:55:52, tokens_remaining: 558, call: scores, phase: playing
2026-06-14 13:55:53, tokens_remaining: 557, call: scores, phase: playing
2026-06-14 13:55:54, tokens_remaining: 557, call: scores, phase: playing
2026-06-14 13:55:55, tokens_remaining: 556, call: scores, phase: playing
