2026-06-15 22:00:00, tokens_remaining: 575, call: scores, phase: playing
2026-06-15 22:00:01, tokens_remaining: 575, call: scores, phase: playing
2026-06-15 22:00:02, tokens_remaining: 574, call: scores, phase: playing
2026-06-15 22:00:03, tokens_remaining: 573, call: events, phase: playing
2026-06-15 22:00:04, tokens_remaining: 572, call: scores, phase: playing
2026-06-15 22:00:05, tokens_remaining: 572, call: scores, phase: playing
2026-06-15 22:00:06, tokens_remaining: 571, call: scores, phase: playing
2026-06-15 22:00:06, tokens_remaining: 571, call: scores, phase: playing
2026-06-15 22:00:08, tokens_remaining: 570, call: scores, phase: playing
2026-06-15 22:00:08, tokens_remaining: 570, call: scores, phase: playing
2026-06-15 22:00:10, tokens_remaining: 569, call: scores, phase: playing
2026-06-15 22:00:10, tokens_remaining: 569, call: scores, phase: playing
2026-06-15 22:00:11, tokens_remaining: 568, call: scores, phase: playing
2026-06-15 22:00:12, tokens_remaining: 567, call: events, phase: playing
2026-06-15 22:00:13, tokens_remaining: 566, call: scores, phase: playing
2026-06-15 22:00:14, tokens_remaining: 566, call: scores, phase: playing
2026-06-15 22:00:15, tokens_remaining: 565, call: scores, phase: playing
2026-06-15 22:00:16, tokens_remaining: 565, call: scores, phase: playing
2026-06-15 22:00:17, tokens_remaining: 564, call: scores, phase: playing
2026-06-15 22:00:18, tokens_remaining: 564, call: scores, phase: playing
2026-06-15 22:00:19, tokens_remaining: 563, call: scores, phase: playing
2026-06-15 22:00:19, tokens_remaining: 563, call: scores, phase: playing
2026-06-15 22:00:20, tokens_remaining: 562, call: scores, phase: playing
2026-06-15 22:00:21, tokens_remaining: 561, call: events, phase: playing
2026-06-15 22:00:23, tokens_remaining: 560, call: scores, phase: playing
2026-06-15 22:00:23, tokens_remaining: 560, call: scores, phase: playing
2026-06-15 22:00:24, tokens_remaining: 559, call: scores, phase: playing
2026-06-15 22:00:25, tokens_remaining: 559, call: scores, phase: playing
2026-06-15 22:00:26, tokens_remaining: 558, call: scores, phase: playing
2026-06-15 22:00:27, tokens_remaining: 558, call: scores, phase: playing
2026-06-15 22:00:28, tokens_remaining: 557, call: scores, phase: playing
2026-06-15 22:00:29, tokens_remaining: 557, call: scores, phase: playing
2026-06-15 22:00:30, tokens_remaining: 556, call: scores, phase: playing
2026-06-15 22:00:31, tokens_remaining: 555, call: events, phase: playing
2026-06-15 22:00:32, tokens_remaining: 554, call: scores, phase: playing
2026-06-15 22:00:32, tokens_remaining: 554, call: scores, phase: playing
2026-06-15 22:00:34, tokens_remaining: 553, call: scores, phase: playing
2026-06-15 22:00:34, tokens_remaining: 553, call: scores, phase: playing
2026-06-15 22:00:35, tokens_remaining: 552, call: scores, phase: playing
2026-06-15 22:00:36, tokens_remaining: 552, call: scores, phase: playing
2026-06-15 22:00:37, tokens_remaining: 551, call: scores, phase: playing
2026-06-15 22:00:38, tokens_remaining: 551, call: scores, phase: playing
2026-06-15 22:00:39, tokens_remaining: 550, call: scores, phase: playing
2026-06-15 22:00:41, tokens_remaining: 549, call: events, phase: playing
2026-06-15 22:00:42, tokens_remaining: 548, call: scores, phase: playing
2026-06-15 22:00:42, tokens_remaining: 548, call: scores, phase: playing
2026-06-15 22:00:43, tokens_remaining: 547, call: scores, phase: playing
2026-06-15 22:00:44, tokens_remaining: 547, call: scores, phase: playing
2026-06-15 22:00:45, tokens_remaining: 546, call: scores, phase: playing
2026-06-15 22:00:46, tokens_remaining: 546, call: scores, phase: playing
2026-06-15 22:00:47, tokens_remaining: 545, call: scores, phase: playing
2026-06-15 22:00:48, tokens_remaining: 545, call: scores, phase: playing
2026-06-15 22:00:49, tokens_remaining: 544, call: scores, phase: playing
2026-06-15 22:00:51, tokens_remaining: 543, call: events, phase: playing
2026-06-15 22:00:52, tokens_remaining: 542, call: scores, phase: playing
2026-06-15 22:00:52, tokens_remaining: 542, call: scores, phase: playing
2026-06-15 22:00:53, tokens_remaining: 541, call: scores, phase: playing
2026-06-15 22:00:54, tokens_remaining: 541, call: scores, phase: playing
2026-06-15 22:00:55, tokens_remaining: 540, call: scores, phase: playing
2026-06-15 22:00:56, tokens_remaining: 540, call: scores, phase: playing
2026-06-15 22:00:57, tokens_remaining: 539, call: scores, phase: playing
2026-06-15 22:00:58, tokens_remaining: 539, call: scores, phase: playing
2026-06-15 22:00:59, tokens_remaining: 538, call: scores, phase: playing
2026-06-15 22:01:00, tokens_remaining: 537, call: events, phase: playing
2026-06-15 22:01:01, tokens_remaining: 536, call: scores, phase: playing
2026-06-15 22:01:01, tokens_remaining: 536, call: scores, phase: playing
2026-06-15 22:01:02, tokens_remaining: 535, call: scores, phase: playing
2026-06-15 22:01:03, tokens_remaining: 535, call: scores, phase: playing
2026-06-15 22:01:04, tokens_remaining: 534, call: scores, phase: playing
2026-06-15 22:01:05, tokens_remaining: 534, call: scores, phase: playing
2026-06-15 22:01:06, tokens_remaining: 533, call: scores, phase: playing
2026-06-15 22:01:07, tokens_remaining: 533, call: scores, phase: playing
2026-06-15 22:01:08, tokens_remaining: 532, call: scores, phase: playing
2026-06-15 22:01:09, tokens_remaining: 531, call: events, phase: playing
2026-06-15 22:01:10, tokens_remaining: 530, call: scores, phase: playing
2026-06-15 22:01:11, tokens_remaining: 530, call: scores, phase: playing
2026-06-15 22:01:12, tokens_remaining: 529, call: scores, phase: playing
2026-06-15 22:01:12, tokens_remaining: 529, call: scores, phase: playing
2026-06-15 22:01:13, tokens_remaining: 528, call: scores, phase: playing
2026-06-15 22:01:14, tokens_remaining: 528, call: scores, phase: playing
2026-06-15 22:01:15, tokens_remaining: 527, call: scores, phase: playing
2026-06-15 22:01:16, tokens_remaining: 527, call: scores, phase: playing
2026-06-15 22:01:17, tokens_remaining: 526, call: scores, phase: playing
2026-06-15 22:01:18, tokens_remaining: 525, call: events, phase: playing
2026-06-15 22:01:19, tokens_remaining: 524, call: scores, phase: playing
2026-06-15 22:01:20, tokens_remaining: 524, call: scores, phase: playing
2026-06-15 22:01:21, tokens_remaining: 523, call: scores, phase: playing
2026-06-15 22:01:21, tokens_remaining: 523, call: scores, phase: playing
2026-06-15 22:01:22, tokens_remaining: 522, call: scores, phase: playing
2026-06-15 22:01:23, tokens_remaining: 522, call: scores, phase: playing
2026-06-15 22:01:24, tokens_remaining: 521, call: scores, phase: playing
2026-06-15 22:01:25, tokens_remaining: 521, call: scores, phase: playing
2026-06-15 22:01:26, tokens_remaining: 520, call: scores, phase: playing
2026-06-15 22:01:27, tokens_remaining: 519, call: events, phase: playing
2026-06-15 22:01:28, tokens_remaining: 518, call: scores, phase: playing
2026-06-15 22:01:29, tokens_remaining: 518, call: scores, phase: playing
2026-06-15 22:01:30, tokens_remaining: 517, call: scores, phase: playing
2026-06-15 22:01:31, tokens_remaining: 517, call: scores, phase: playing
2026-06-15 22:01:32, tokens_remaining: 516, call: scores, phase: playing
2026-06-15 22:01:32, tokens_remaining: 516, call: scores, phase: playing
2026-06-15 22:01:33, tokens_remaining: 515, call: scores, phase: playing
2026-06-15 22:01:34, tokens_remaining: 515, call: scores, phase: playing
2026-06-15 22:01:35, tokens_remaining: 514, call: scores, phase: playing
2026-06-15 22:01:36, tokens_remaining: 513, call: events, phase: playing
2026-06-15 22:01:37, tokens_remaining: 512, call: scores, phase: playing
2026-06-15 22:01:38, tokens_remaining: 512, call: scores, phase: playing
2026-06-15 22:01:39, tokens_remaining: 511, call: scores, phase: playing
2026-06-15 22:01:40, tokens_remaining: 511, call: scores, phase: playing
2026-06-15 22:01:41, tokens_remaining: 510, call: scores, phase: playing
2026-06-15 22:01:41, tokens_remaining: 510, call: scores, phase: playing
2026-06-15 22:01:42, tokens_remaining: 509, call: scores, phase: playing
2026-06-15 22:01:43, tokens_remaining: 509, call: scores, phase: playing
2026-06-15 22:01:44, tokens_remaining: 508, call: scores, phase: playing
2026-06-15 22:01:45, tokens_remaining: 507, call: events, phase: playing
2026-06-15 22:01:46, tokens_remaining: 506, call: scores, phase: playing
2026-06-15 22:01:47, tokens_remaining: 506, call: scores, phase: playing
2026-06-15 22:01:48, tokens_remaining: 505, call: scores, phase: playing
2026-06-15 22:01:49, tokens_remaining: 505, call: scores, phase: playing
2026-06-15 22:01:50, tokens_remaining: 504, call: scores, phase: playing
2026-06-15 22:01:51, tokens_remaining: 504, call: scores, phase: playing
2026-06-15 22:01:52, tokens_remaining: 503, call: scores, phase: playing
2026-06-15 22:01:52, tokens_remaining: 503, call: scores, phase: playing
2026-06-15 22:01:53, tokens_remaining: 502, call: scores, phase: playing
2026-06-15 22:01:54, tokens_remaining: 501, call: events, phase: playing
2026-06-15 22:01:55, tokens_remaining: 500, call: scores, phase: playing
2026-06-15 22:01:56, tokens_remaining: 500, call: scores, phase: playing
2026-06-15 22:01:57, tokens_remaining: 499, call: scores, phase: playing
2026-06-15 22:01:58, tokens_remaining: 499, call: scores, phase: playing
2026-06-15 22:01:59, tokens_remaining: 498, call: scores, phase: playing
2026-06-15 22:02:00, tokens_remaining: 498, call: scores, phase: playing
2026-06-15 22:02:01, tokens_remaining: 497, call: scores, phase: playing
2026-06-15 22:02:01, tokens_remaining: 497, call: scores, phase: playing
2026-06-15 22:02:02, tokens_remaining: 496, call: scores, phase: playing
2026-06-15 22:02:04, tokens_remaining: 495, call: events, phase: playing
2026-06-15 22:02:05, tokens_remaining: 494, call: scores, phase: playing
2026-06-15 22:02:05, tokens_remaining: 494, call: scores, phase: playing
2026-06-15 22:02:06, tokens_remaining: 493, call: scores, phase: playing
2026-06-15 22:02:07, tokens_remaining: 493, call: scores, phase: playing
2026-06-15 22:02:08, tokens_remaining: 492, call: scores, phase: playing
2026-06-15 22:02:09, tokens_remaining: 492, call: scores, phase: playing
2026-06-15 22:02:10, tokens_remaining: 491, call: scores, phase: playing
2026-06-15 22:02:11, tokens_remaining: 491, call: scores, phase: playing
2026-06-15 22:02:12, tokens_remaining: 490, call: scores, phase: playing
2026-06-15 22:02:13, tokens_remaining: 489, call: events, phase: playing
2026-06-15 22:02:14, tokens_remaining: 488, call: scores, phase: playing
2026-06-15 22:02:14, tokens_remaining: 488, call: scores, phase: playing
2026-06-15 22:02:15, tokens_remaining: 487, call: scores, phase: playing
2026-06-15 22:02:16, tokens_remaining: 487, call: scores, phase: playing
2026-06-15 22:02:17, tokens_remaining: 486, call: scores, phase: playing
2026-06-15 22:02:18, tokens_remaining: 486, call: scores, phase: playing
2026-06-15 22:02:19, tokens_remaining: 485, call: scores, phase: playing
2026-06-15 22:02:20, tokens_remaining: 485, call: scores, phase: playing
2026-06-15 22:02:21, tokens_remaining: 484, call: scores, phase: playing
2026-06-15 22:02:22, tokens_remaining: 483, call: events, phase: playing
2026-06-15 22:02:23, tokens_remaining: 482, call: scores, phase: playing
2026-06-15 22:02:23, tokens_remaining: 482, call: scores, phase: playing
2026-06-15 22:02:24, tokens_remaining: 481, call: scores, phase: playing
2026-06-15 22:02:25, tokens_remaining: 481, call: scores, phase: playing
2026-06-15 22:02:26, tokens_remaining: 480, call: scores, phase: playing
2026-06-15 22:02:27, tokens_remaining: 480, call: scores, phase: playing
2026-06-15 22:02:28, tokens_remaining: 479, call: scores, phase: playing
2026-06-15 22:02:29, tokens_remaining: 479, call: scores, phase: playing
2026-06-15 22:02:30, tokens_remaining: 478, call: scores, phase: playing
2026-06-15 22:02:31, tokens_remaining: 477, call: events, phase: playing
2026-06-15 22:02:32, tokens_remaining: 476, call: scores, phase: playing
2026-06-15 22:02:33, tokens_remaining: 476, call: scores, phase: playing
2026-06-15 22:02:35, tokens_remaining: 475, call: scores, phase: playing
2026-06-15 22:02:35, tokens_remaining: 475, call: scores, phase: playing
2026-06-15 22:02:36, tokens_remaining: 474, call: scores, phase: playing
2026-06-15 22:02:37, tokens_remaining: 474, call: scores, phase: playing
2026-06-15 22:02:38, tokens_remaining: 473, call: scores, phase: playing
2026-06-15 22:02:39, tokens_remaining: 473, call: scores, phase: playing
2026-06-15 22:02:40, tokens_remaining: 472, call: scores, phase: playing
2026-06-15 22:02:41, tokens_remaining: 471, call: events, phase: playing
2026-06-15 22:02:42, tokens_remaining: 470, call: scores, phase: playing
2026-06-15 22:02:43, tokens_remaining: 470, call: scores, phase: playing
2026-06-15 22:02:44, tokens_remaining: 469, call: scores, phase: playing
2026-06-15 22:02:45, tokens_remaining: 469, call: scores, phase: playing
2026-06-15 22:02:46, tokens_remaining: 468, call: scores, phase: playing
2026-06-15 22:02:46, tokens_remaining: 468, call: scores, phase: playing
2026-06-15 22:02:47, tokens_remaining: 467, call: scores, phase: playing
2026-06-15 22:02:48, tokens_remaining: 467, call: scores, phase: playing
2026-06-15 22:02:49, tokens_remaining: 466, call: scores, phase: playing
2026-06-15 22:02:50, tokens_remaining: 465, call: events, phase: playing
2026-06-15 22:02:51, tokens_remaining: 464, call: scores, phase: playing
2026-06-15 22:02:52, tokens_remaining: 464, call: scores, phase: playing
2026-06-15 22:02:53, tokens_remaining: 463, call: scores, phase: playing
2026-06-15 22:02:54, tokens_remaining: 463, call: scores, phase: playing
2026-06-15 22:02:55, tokens_remaining: 462, call: scores, phase: playing
2026-06-15 22:02:55, tokens_remaining: 462, call: scores, phase: playing
2026-06-15 22:02:57, tokens_remaining: 461, call: scores, phase: playing
2026-06-15 22:02:57, tokens_remaining: 461, call: scores, phase: playing
2026-06-15 22:02:58, tokens_remaining: 460, call: scores, phase: playing
2026-06-15 22:02:59, tokens_remaining: 459, call: events, phase: playing
2026-06-15 22:03:00, tokens_remaining: 458, call: scores, phase: playing
2026-06-15 22:03:01, tokens_remaining: 458, call: scores, phase: playing
2026-06-15 22:03:02, tokens_remaining: 457, call: scores, phase: playing
2026-06-15 22:03:03, tokens_remaining: 457, call: scores, phase: playing
2026-06-15 22:03:04, tokens_remaining: 456, call: scores, phase: playing
2026-06-15 22:03:05, tokens_remaining: 456, call: scores, phase: playing
2026-06-15 22:03:06, tokens_remaining: 455, call: scores, phase: playing
2026-06-15 22:03:07, tokens_remaining: 455, call: scores, phase: playing
2026-06-15 22:03:08, tokens_remaining: 454, call: scores, phase: playing
2026-06-15 22:03:08, STATE_CHANGE: Iran vs New Zealand [2H -> FT]
2026-06-15 22:03:18, tokens_remaining: 453, call: events, phase: postgame
2026-06-15 22:03:28, tokens_remaining: 452, call: scores, phase: postgame
2026-06-15 22:03:38, tokens_remaining: 451, call: scores, phase: postgame
2026-06-15 22:03:49, tokens_remaining: 450, call: scores, phase: postgame
2026-06-15 22:03:59, tokens_remaining: 449, call: scores, phase: postgame
2026-06-15 22:05:00, tokens_remaining: 448, call: scores, phase: postgame
2026-06-15 22:06:00, tokens_remaining: 447, call: scores, phase: postgame
2026-06-15 22:07:01, tokens_remaining: 446, call: scores, phase: postgame
2026-06-15 22:08:01, tokens_remaining: 445, call: scores, phase: postgame
2026-06-15 22:09:02, tokens_remaining: 444, call: scores, phase: postgame
2026-06-15 22:10:03, tokens_remaining: 443, call: events, phase: postgame
2026-06-15 22:11:03, tokens_remaining: 442, call: scores, phase: postgame
2026-06-15 22:12:04, tokens_remaining: 441, call: scores, phase: postgame
2026-06-15 22:13:04, tokens_remaining: 2499, call: scores, phase: postgame
2026-06-15 22:14:05, tokens_remaining: 2498, call: scores, phase: postgame
2026-06-15 22:15:05, tokens_remaining: 2497, call: scores, phase: postgame
2026-06-15 22:16:06, tokens_remaining: 2496, call: scores, phase: postgame
2026-06-15 22:17:07, tokens_remaining: 2495, call: scores, phase: postgame
2026-06-15 22:18:07, tokens_remaining: 2494, call: scores, phase: postgame
2026-06-15 22:19:08, tokens_remaining: 2493, call: scores, phase: idle
2026-06-15 22:20:08, tokens_remaining: 2492, call: events, phase: idle
2026-06-15 22:21:09, tokens_remaining: 2491, call: scores, phase: idle
2026-06-15 22:22:09, tokens_remaining: 2490, call: scores, phase: idle
2026-06-15 22:23:10, tokens_remaining: 2489, call: scores, phase: idle
2026-06-15 22:24:10, tokens_remaining: 2488, call: scores, phase: idle
2026-06-15 22:25:11, tokens_remaining: 2487, call: scores, phase: idle
2026-06-15 22:26:12, tokens_remaining: 2486, call: scores, phase: idle
2026-06-15 22:27:12, tokens_remaining: 2485, call: scores, phase: idle
2026-06-15 22:28:13, tokens_remaining: 2484, call: scores, phase: idle
2026-06-15 22:29:13, tokens_remaining: 2483, call: scores, phase: idle
2026-06-15 22:30:14, tokens_remaining: 2482, call: events, phase: idle
2026-06-15 22:31:14, tokens_remaining: 2481, call: scores, phase: idle
2026-06-15 22:32:15, tokens_remaining: 2480, call: scores, phase: idle
2026-06-15 22:33:16, tokens_remaining: 2479, call: scores, phase: idle
2026-06-15 22:34:16, tokens_remaining: 2478, call: scores, phase: idle
2026-06-15 22:35:17, tokens_remaining: 2477, call: scores, phase: idle
2026-06-15 22:36:17, tokens_remaining: 2476, call: scores, phase: idle
2026-06-15 22:37:18, tokens_remaining: 2475, call: scores, phase: idle
2026-06-15 22:38:18, tokens_remaining: 2474, call: scores, phase: idle
2026-06-15 22:39:19, tokens_remaining: 2473, call: scores, phase: idle
2026-06-15 22:40:20, tokens_remaining: 2472, call: events, phase: idle
2026-06-15 22:41:20, tokens_remaining: 2471, call: scores, phase: idle
2026-06-15 22:42:21, tokens_remaining: 2470, call: scores, phase: idle
2026-06-15 22:43:21, tokens_remaining: 2469, call: scores, phase: idle
2026-06-15 22:44:22, tokens_remaining: 2468, call: scores, phase: idle
2026-06-15 22:45:22, tokens_remaining: 2467, call: scores, phase: idle
2026-06-15 22:46:23, tokens_remaining: 2466, call: scores, phase: idle
2026-06-15 22:47:23, tokens_remaining: 2465, call: scores, phase: idle
2026-06-15 22:48:24, tokens_remaining: 2464, call: scores, phase: idle
2026-06-15 22:49:24, tokens_remaining: 2463, call: scores, phase: idle
2026-06-15 22:50:25, tokens_remaining: 2462, call: events, phase: idle
2026-06-15 22:51:26, tokens_remaining: 2461, call: scores, phase: idle
2026-06-15 22:52:26, tokens_remaining: 2460, call: scores, phase: idle
2026-06-15 22:53:27, tokens_remaining: 2459, call: scores, phase: idle
2026-06-15 22:54:27, tokens_remaining: 2458, call: scores, phase: idle
2026-06-15 22:55:28, tokens_remaining: 2457, call: scores, phase: idle
2026-06-15 22:56:28, tokens_remaining: 2456, call: scores, phase: idle
2026-06-15 22:57:28, tokens_remaining: 2455, call: scores, phase: idle
2026-06-15 22:58:29, tokens_remaining: 2454, call: scores, phase: idle
2026-06-15 22:59:30, tokens_remaining: 2453, call: scores, phase: idle
