2026-06-16 15:00:23, tokens_remaining: 2057, call: scores, phase: break
2026-06-16 15:01:08, tokens_remaining: 2056, call: scores, phase: break
2026-06-16 15:01:53, tokens_remaining: 2055, call: scores, phase: break
2026-06-16 15:02:39, tokens_remaining: 2054, call: scores, phase: break
2026-06-16 15:03:24, tokens_remaining: 2053, call: scores, phase: break
2026-06-16 15:04:10, tokens_remaining: 2052, call: scores, phase: break
2026-06-16 15:04:56, tokens_remaining: 2051, call: scores, phase: break
2026-06-16 15:05:41, tokens_remaining: 2050, call: scores, phase: break
2026-06-16 15:06:27, tokens_remaining: 2049, call: events, phase: break
2026-06-16 15:07:13, tokens_remaining: 2048, call: scores, phase: break
2026-06-16 15:07:58, tokens_remaining: 2047, call: scores, phase: break
2026-06-16 15:08:44, tokens_remaining: 2046, call: scores, phase: break
2026-06-16 15:09:29, tokens_remaining: 2045, call: scores, phase: break
2026-06-16 15:09:29, STATE_CHANGE: France vs Senegal [HT -> 2H]
2026-06-16 15:09:30, tokens_remaining: 2044, call: scores, phase: playing
2026-06-16 15:09:31, tokens_remaining: 2044, call: scores, phase: playing
2026-06-16 15:09:32, tokens_remaining: 2043, call: scores, phase: playing
2026-06-16 15:09:34, tokens_remaining: 2042, call: scores, phase: playing
2026-06-16 15:09:35, tokens_remaining: 2041, call: scores, phase: playing
2026-06-16 15:09:37, tokens_remaining: 2040, call: events, phase: playing
2026-06-16 15:09:38, tokens_remaining: 2039, call: scores, phase: playing
2026-06-16 15:09:39, tokens_remaining: 2038, call: scores, phase: playing
2026-06-16 15:09:40, tokens_remaining: 2037, call: scores, phase: playing
2026-06-16 15:09:42, tokens_remaining: 2036, call: scores, phase: playing
2026-06-16 15:09:43, tokens_remaining: 2035, call: scores, phase: playing
2026-06-16 15:09:44, tokens_remaining: 2034, call: scores, phase: playing
2026-06-16 15:09:46, tokens_remaining: 2033, call: scores, phase: playing
2026-06-16 15:09:47, tokens_remaining: 2032, call: scores, phase: playing
2026-06-16 15:09:48, tokens_remaining: 2031, call: scores, phase: playing
2026-06-16 15:09:50, tokens_remaining: 2030, call: events, phase: playing
2026-06-16 15:09:51, tokens_remaining: 2029, call: scores, phase: playing
2026-06-16 15:09:52, tokens_remaining: 2028, call: scores, phase: playing
2026-06-16 15:09:54, tokens_remaining: 2027, call: scores, phase: playing
2026-06-16 15:09:55, tokens_remaining: 2026, call: scores, phase: playing
2026-06-16 15:09:56, tokens_remaining: 2025, call: scores, phase: playing
2026-06-16 15:09:58, tokens_remaining: 2024, call: scores, phase: playing
2026-06-16 15:09:59, tokens_remaining: 2023, call: scores, phase: playing
2026-06-16 15:10:00, tokens_remaining: 2022, call: scores, phase: playing
2026-06-16 15:10:02, tokens_remaining: 2021, call: scores, phase: playing
2026-06-16 15:10:03, tokens_remaining: 2020, call: events, phase: playing
2026-06-16 15:10:04, tokens_remaining: 2019, call: scores, phase: playing
2026-06-16 15:10:06, tokens_remaining: 2018, call: scores, phase: playing
2026-06-16 15:10:07, tokens_remaining: 2017, call: scores, phase: playing
2026-06-16 15:10:08, tokens_remaining: 2016, call: scores, phase: playing
2026-06-16 15:10:10, tokens_remaining: 2015, call: scores, phase: playing
2026-06-16 15:10:11, tokens_remaining: 2014, call: scores, phase: playing
2026-06-16 15:10:12, tokens_remaining: 2013, call: scores, phase: playing
2026-06-16 15:10:14, tokens_remaining: 2012, call: scores, phase: playing
2026-06-16 15:10:15, tokens_remaining: 2011, call: scores, phase: playing
2026-06-16 15:10:16, tokens_remaining: 2010, call: events, phase: playing
2026-06-16 15:10:18, tokens_remaining: 2009, call: scores, phase: playing
2026-06-16 15:10:19, tokens_remaining: 2008, call: scores, phase: playing
2026-06-16 15:10:20, tokens_remaining: 2007, call: scores, phase: playing
2026-06-16 15:10:22, tokens_remaining: 2006, call: scores, phase: playing
2026-06-16 15:10:23, tokens_remaining: 2005, call: scores, phase: playing
2026-06-16 15:10:24, tokens_remaining: 2004, call: scores, phase: playing
2026-06-16 15:10:26, tokens_remaining: 2003, call: scores, phase: playing
2026-06-16 15:10:27, tokens_remaining: 2002, call: scores, phase: playing
2026-06-16 15:10:28, tokens_remaining: 2001, call: scores, phase: playing
2026-06-16 15:10:30, tokens_remaining: 2000, call: events, phase: playing
2026-06-16 15:10:31, tokens_remaining: 1999, call: scores, phase: playing
2026-06-16 15:10:32, tokens_remaining: 1998, call: scores, phase: playing
2026-06-16 15:10:34, tokens_remaining: 1997, call: scores, phase: playing
2026-06-16 15:10:35, tokens_remaining: 1996, call: scores, phase: playing
2026-06-16 15:10:36, tokens_remaining: 1995, call: scores, phase: playing
2026-06-16 15:10:38, tokens_remaining: 1994, call: scores, phase: playing
2026-06-16 15:10:39, tokens_remaining: 1993, call: scores, phase: playing
2026-06-16 15:10:40, tokens_remaining: 1992, call: scores, phase: playing
2026-06-16 15:10:41, tokens_remaining: 1991, call: scores, phase: playing
2026-06-16 15:10:43, tokens_remaining: 1990, call: events, phase: playing
2026-06-16 15:10:44, tokens_remaining: 1989, call: scores, phase: playing
2026-06-16 15:10:45, tokens_remaining: 1988, call: scores, phase: playing
2026-06-16 15:10:47, tokens_remaining: 1987, call: scores, phase: playing
2026-06-16 15:10:48, tokens_remaining: 1986, call: scores, phase: playing
2026-06-16 15:10:49, tokens_remaining: 1985, call: scores, phase: playing
2026-06-16 15:10:51, tokens_remaining: 1984, call: scores, phase: playing
2026-06-16 15:10:52, tokens_remaining: 1983, call: scores, phase: playing
2026-06-16 15:10:53, tokens_remaining: 1982, call: scores, phase: playing
2026-06-16 15:10:55, tokens_remaining: 1981, call: scores, phase: playing
2026-06-16 15:10:56, tokens_remaining: 1980, call: events, phase: playing
2026-06-16 15:10:57, tokens_remaining: 1979, call: scores, phase: playing
2026-06-16 15:10:59, tokens_remaining: 1978, call: scores, phase: playing
2026-06-16 15:11:00, tokens_remaining: 1977, call: scores, phase: playing
2026-06-16 15:11:01, tokens_remaining: 1976, call: scores, phase: playing
2026-06-16 15:11:03, tokens_remaining: 1975, call: scores, phase: playing
2026-06-16 15:11:04, tokens_remaining: 1974, call: scores, phase: playing
2026-06-16 15:11:05, tokens_remaining: 1973, call: scores, phase: playing
2026-06-16 15:11:07, tokens_remaining: 1972, call: scores, phase: playing
2026-06-16 15:11:08, tokens_remaining: 1971, call: scores, phase: playing
2026-06-16 15:11:09, tokens_remaining: 1970, call: events, phase: playing
2026-06-16 15:11:11, tokens_remaining: 1969, call: scores, phase: playing
2026-06-16 15:11:12, tokens_remaining: 1968, call: scores, phase: playing
2026-06-16 15:11:13, tokens_remaining: 1967, call: scores, phase: playing
2026-06-16 15:11:15, tokens_remaining: 1966, call: scores, phase: playing
2026-06-16 15:11:16, tokens_remaining: 1965, call: scores, phase: playing
2026-06-16 15:11:17, tokens_remaining: 1964, call: scores, phase: playing
2026-06-16 15:11:19, tokens_remaining: 1963, call: scores, phase: playing
2026-06-16 15:11:20, tokens_remaining: 1962, call: scores, phase: playing
2026-06-16 15:11:21, tokens_remaining: 1961, call: scores, phase: playing
2026-06-16 15:11:23, tokens_remaining: 1960, call: events, phase: playing
2026-06-16 15:11:24, tokens_remaining: 1959, call: scores, phase: playing
2026-06-16 15:11:25, tokens_remaining: 1958, call: scores, phase: playing
2026-06-16 15:11:27, tokens_remaining: 1957, call: scores, phase: playing
2026-06-16 15:11:28, tokens_remaining: 1956, call: scores, phase: playing
2026-06-16 15:11:29, tokens_remaining: 1955, call: scores, phase: playing
2026-06-16 15:11:31, tokens_remaining: 1954, call: scores, phase: playing
2026-06-16 15:11:32, tokens_remaining: 1953, call: scores, phase: playing
2026-06-16 15:11:33, tokens_remaining: 1952, call: scores, phase: playing
2026-06-16 15:11:34, tokens_remaining: 1951, call: scores, phase: playing
2026-06-16 15:11:36, tokens_remaining: 1950, call: events, phase: playing
2026-06-16 15:11:37, tokens_remaining: 1949, call: scores, phase: playing
2026-06-16 15:11:38, tokens_remaining: 1948, call: scores, phase: playing
2026-06-16 15:11:40, tokens_remaining: 1947, call: scores, phase: playing
2026-06-16 15:11:41, tokens_remaining: 1946, call: scores, phase: playing
2026-06-16 15:11:42, tokens_remaining: 1945, call: scores, phase: playing
2026-06-16 15:11:44, tokens_remaining: 1944, call: scores, phase: playing
2026-06-16 15:11:45, tokens_remaining: 1943, call: scores, phase: playing
2026-06-16 15:11:46, tokens_remaining: 1942, call: scores, phase: playing
2026-06-16 15:11:48, tokens_remaining: 1941, call: scores, phase: playing
2026-06-16 15:11:49, tokens_remaining: 1940, call: events, phase: playing
2026-06-16 15:11:50, tokens_remaining: 1939, call: scores, phase: playing
2026-06-16 15:11:52, tokens_remaining: 1938, call: scores, phase: playing
2026-06-16 15:11:53, tokens_remaining: 1937, call: scores, phase: playing
2026-06-16 15:11:54, tokens_remaining: 1936, call: scores, phase: playing
2026-06-16 15:11:56, tokens_remaining: 1935, call: scores, phase: playing
2026-06-16 15:11:57, tokens_remaining: 1934, call: scores, phase: playing
2026-06-16 15:11:58, tokens_remaining: 1933, call: scores, phase: playing
2026-06-16 15:12:00, tokens_remaining: 1932, call: scores, phase: playing
2026-06-16 15:12:01, tokens_remaining: 1931, call: scores, phase: playing
2026-06-16 15:12:02, tokens_remaining: 1930, call: events, phase: playing
2026-06-16 15:12:04, tokens_remaining: 1929, call: scores, phase: playing
2026-06-16 15:12:05, tokens_remaining: 1928, call: scores, phase: playing
2026-06-16 15:12:06, tokens_remaining: 1927, call: scores, phase: playing
2026-06-16 15:12:07, tokens_remaining: 1926, call: scores, phase: playing
2026-06-16 15:12:09, tokens_remaining: 1925, call: scores, phase: playing
2026-06-16 15:12:10, tokens_remaining: 1924, call: scores, phase: playing
2026-06-16 15:12:11, tokens_remaining: 1923, call: scores, phase: playing
2026-06-16 15:12:13, tokens_remaining: 1922, call: scores, phase: playing
2026-06-16 15:12:14, tokens_remaining: 1921, call: scores, phase: playing
2026-06-16 15:12:15, tokens_remaining: 1920, call: events, phase: playing
2026-06-16 15:12:17, tokens_remaining: 1919, call: scores, phase: playing
2026-06-16 15:12:18, tokens_remaining: 1918, call: scores, phase: playing
2026-06-16 15:12:19, tokens_remaining: 1917, call: scores, phase: playing
2026-06-16 15:12:21, tokens_remaining: 1916, call: scores, phase: playing
2026-06-16 15:12:22, tokens_remaining: 1915, call: scores, phase: playing
2026-06-16 15:12:23, tokens_remaining: 1914, call: scores, phase: playing
2026-06-16 15:12:24, tokens_remaining: 1913, call: scores, phase: playing
2026-06-16 15:12:26, tokens_remaining: 1912, call: scores, phase: playing
2026-06-16 15:12:27, tokens_remaining: 1911, call: scores, phase: playing
2026-06-16 15:12:28, tokens_remaining: 1910, call: events, phase: playing
2026-06-16 15:12:30, tokens_remaining: 1909, call: scores, phase: playing
2026-06-16 15:12:31, tokens_remaining: 1908, call: scores, phase: playing
2026-06-16 15:12:32, tokens_remaining: 1907, call: scores, phase: playing
2026-06-16 15:12:34, tokens_remaining: 1906, call: scores, phase: playing
2026-06-16 15:12:35, tokens_remaining: 1905, call: scores, phase: playing
2026-06-16 15:12:36, tokens_remaining: 1904, call: scores, phase: playing
2026-06-16 15:12:38, tokens_remaining: 1903, call: scores, phase: playing
2026-06-16 15:12:39, tokens_remaining: 1902, call: scores, phase: playing
2026-06-16 15:12:40, tokens_remaining: 1901, call: scores, phase: playing
2026-06-16 15:12:42, tokens_remaining: 1900, call: events, phase: playing
2026-06-16 15:12:43, tokens_remaining: 1899, call: scores, phase: playing
2026-06-16 15:12:44, tokens_remaining: 1898, call: scores, phase: playing
2026-06-16 15:12:45, tokens_remaining: 1897, call: scores, phase: playing
2026-06-16 15:12:47, tokens_remaining: 1896, call: scores, phase: playing
2026-06-16 15:12:48, tokens_remaining: 1895, call: scores, phase: playing
2026-06-16 15:12:49, tokens_remaining: 1894, call: scores, phase: playing
2026-06-16 15:12:51, tokens_remaining: 1893, call: scores, phase: playing
2026-06-16 15:12:52, tokens_remaining: 1892, call: scores, phase: playing
2026-06-16 15:12:53, tokens_remaining: 1891, call: scores, phase: playing
2026-06-16 15:12:55, tokens_remaining: 1890, call: events, phase: playing
2026-06-16 15:12:56, tokens_remaining: 1889, call: scores, phase: playing
2026-06-16 15:12:57, tokens_remaining: 1888, call: scores, phase: playing
2026-06-16 15:12:59, tokens_remaining: 1887, call: scores, phase: playing
2026-06-16 15:13:00, tokens_remaining: 1886, call: scores, phase: playing
2026-06-16 15:13:01, tokens_remaining: 1885, call: scores, phase: playing
2026-06-16 15:13:03, tokens_remaining: 1884, call: scores, phase: playing
2026-06-16 15:13:04, tokens_remaining: 1883, call: scores, phase: playing
2026-06-16 15:13:05, tokens_remaining: 1882, call: scores, phase: playing
2026-06-16 15:13:06, tokens_remaining: 1881, call: scores, phase: playing
2026-06-16 15:13:08, tokens_remaining: 1880, call: events, phase: playing
2026-06-16 15:13:09, tokens_remaining: 1879, call: scores, phase: playing
2026-06-16 15:13:10, tokens_remaining: 1878, call: scores, phase: playing
2026-06-16 15:13:12, tokens_remaining: 1877, call: scores, phase: playing
2026-06-16 15:13:13, tokens_remaining: 1876, call: scores, phase: playing
2026-06-16 15:13:14, tokens_remaining: 1875, call: scores, phase: playing
2026-06-16 15:13:16, tokens_remaining: 1874, call: scores, phase: playing
2026-06-16 15:13:17, tokens_remaining: 1873, call: scores, phase: playing
2026-06-16 15:13:18, tokens_remaining: 1872, call: scores, phase: playing
2026-06-16 15:13:19, tokens_remaining: 1871, call: scores, phase: playing
2026-06-16 15:13:21, tokens_remaining: 1870, call: events, phase: playing
2026-06-16 15:13:22, tokens_remaining: 1869, call: scores, phase: playing
2026-06-16 15:13:23, tokens_remaining: 1868, call: scores, phase: playing
2026-06-16 15:13:25, tokens_remaining: 1867, call: scores, phase: playing
2026-06-16 15:13:26, tokens_remaining: 1866, call: scores, phase: playing
2026-06-16 15:13:27, tokens_remaining: 1865, call: scores, phase: playing
2026-06-16 15:13:29, tokens_remaining: 1864, call: scores, phase: playing
2026-06-16 15:13:30, tokens_remaining: 1863, call: scores, phase: playing
2026-06-16 15:13:31, tokens_remaining: 1862, call: scores, phase: playing
2026-06-16 15:13:32, tokens_remaining: 1861, call: scores, phase: playing
2026-06-16 15:13:34, tokens_remaining: 1860, call: events, phase: playing
2026-06-16 15:13:35, tokens_remaining: 1859, call: scores, phase: playing
2026-06-16 15:13:36, tokens_remaining: 1858, call: scores, phase: playing
2026-06-16 15:13:38, tokens_remaining: 1857, call: scores, phase: playing
2026-06-16 15:13:39, tokens_remaining: 1856, call: scores, phase: playing
2026-06-16 15:13:40, tokens_remaining: 1855, call: scores, phase: playing
2026-06-16 15:13:42, tokens_remaining: 1854, call: scores, phase: playing
2026-06-16 15:13:43, tokens_remaining: 1853, call: scores, phase: playing
2026-06-16 15:13:44, tokens_remaining: 1852, call: scores, phase: playing
2026-06-16 15:13:46, tokens_remaining: 1851, call: scores, phase: playing
2026-06-16 15:13:47, tokens_remaining: 1850, call: events, phase: playing
2026-06-16 15:13:48, tokens_remaining: 1849, call: scores, phase: playing
2026-06-16 15:13:49, tokens_remaining: 1848, call: scores, phase: playing
2026-06-16 15:13:51, tokens_remaining: 1847, call: scores, phase: playing
2026-06-16 15:13:52, tokens_remaining: 1846, call: scores, phase: playing
2026-06-16 15:13:53, tokens_remaining: 1845, call: scores, phase: playing
2026-06-16 15:13:55, tokens_remaining: 1844, call: scores, phase: playing
2026-06-16 15:13:56, tokens_remaining: 1843, call: scores, phase: playing
2026-06-16 15:13:57, tokens_remaining: 1842, call: scores, phase: playing
2026-06-16 15:13:58, tokens_remaining: 1841, call: scores, phase: playing
2026-06-16 15:14:00, tokens_remaining: 1840, call: events, phase: playing
2026-06-16 15:14:01, tokens_remaining: 1839, call: scores, phase: playing
2026-06-16 15:14:02, tokens_remaining: 1838, call: scores, phase: playing
2026-06-16 15:14:04, tokens_remaining: 1837, call: scores, phase: playing
2026-06-16 15:14:05, tokens_remaining: 1836, call: scores, phase: playing
2026-06-16 15:14:06, tokens_remaining: 1835, call: scores, phase: playing
2026-06-16 15:14:07, tokens_remaining: 1834, call: scores, phase: playing
2026-06-16 15:14:09, tokens_remaining: 1833, call: scores, phase: playing
2026-06-16 15:14:10, tokens_remaining: 1832, call: scores, phase: playing
2026-06-16 15:14:11, tokens_remaining: 1831, call: scores, phase: playing
2026-06-16 15:14:13, tokens_remaining: 1830, call: events, phase: playing
2026-06-16 15:14:14, tokens_remaining: 1829, call: scores, phase: playing
2026-06-16 15:14:15, tokens_remaining: 1828, call: scores, phase: playing
2026-06-16 15:14:17, tokens_remaining: 1827, call: scores, phase: playing
2026-06-16 15:14:18, tokens_remaining: 1826, call: scores, phase: playing
2026-06-16 15:14:19, tokens_remaining: 1825, call: scores, phase: playing
2026-06-16 15:14:20, tokens_remaining: 1824, call: scores, phase: playing
2026-06-16 15:14:22, tokens_remaining: 1823, call: scores, phase: playing
2026-06-16 15:14:23, tokens_remaining: 1822, call: scores, phase: playing
2026-06-16 15:14:24, tokens_remaining: 1821, call: scores, phase: playing
2026-06-16 15:14:26, tokens_remaining: 1820, call: events, phase: playing
2026-06-16 15:14:27, tokens_remaining: 1819, call: scores, phase: playing
2026-06-16 15:14:28, tokens_remaining: 1818, call: scores, phase: playing
2026-06-16 15:14:30, tokens_remaining: 1817, call: scores, phase: playing
2026-06-16 15:14:31, tokens_remaining: 1816, call: scores, phase: playing
2026-06-16 15:14:32, tokens_remaining: 1815, call: scores, phase: playing
2026-06-16 15:14:33, tokens_remaining: 1814, call: scores, phase: playing
2026-06-16 15:14:35, tokens_remaining: 1813, call: scores, phase: playing
2026-06-16 15:14:36, tokens_remaining: 1812, call: scores, phase: playing
2026-06-16 15:14:38, tokens_remaining: 1811, call: scores, phase: playing
2026-06-16 15:14:39, tokens_remaining: 1810, call: events, phase: playing
2026-06-16 15:14:40, tokens_remaining: 1809, call: scores, phase: playing
2026-06-16 15:14:41, tokens_remaining: 1808, call: scores, phase: playing
2026-06-16 15:14:43, tokens_remaining: 1807, call: scores, phase: playing
2026-06-16 15:14:44, tokens_remaining: 1806, call: scores, phase: playing
2026-06-16 15:14:45, tokens_remaining: 1805, call: scores, phase: playing
2026-06-16 15:14:47, tokens_remaining: 1804, call: scores, phase: playing
2026-06-16 15:14:48, tokens_remaining: 1803, call: scores, phase: playing
2026-06-16 15:14:49, tokens_remaining: 1802, call: scores, phase: playing
2026-06-16 15:14:50, tokens_remaining: 1801, call: scores, phase: playing
2026-06-16 15:14:52, tokens_remaining: 1800, call: events, phase: playing
2026-06-16 15:14:53, tokens_remaining: 1799, call: scores, phase: playing
2026-06-16 15:14:54, tokens_remaining: 1798, call: scores, phase: playing
2026-06-16 15:14:56, tokens_remaining: 1797, call: scores, phase: playing
2026-06-16 15:14:57, tokens_remaining: 1796, call: scores, phase: playing
2026-06-16 15:14:58, tokens_remaining: 1795, call: scores, phase: playing
2026-06-16 15:14:59, tokens_remaining: 1794, call: scores, phase: playing
2026-06-16 15:15:01, tokens_remaining: 1793, call: scores, phase: playing
2026-06-16 15:15:02, tokens_remaining: 1792, call: scores, phase: playing
2026-06-16 15:15:03, tokens_remaining: 1791, call: scores, phase: playing
2026-06-16 15:15:05, tokens_remaining: 1790, call: events, phase: playing
2026-06-16 15:15:06, tokens_remaining: 1789, call: scores, phase: playing
2026-06-16 15:15:08, tokens_remaining: 1788, call: scores, phase: playing
2026-06-16 15:15:10, tokens_remaining: 1787, call: scores, phase: playing
2026-06-16 15:15:12, tokens_remaining: 1786, call: scores, phase: playing
2026-06-16 15:15:13, tokens_remaining: 1785, call: scores, phase: playing
2026-06-16 15:15:14, tokens_remaining: 1784, call: scores, phase: playing
2026-06-16 15:15:16, tokens_remaining: 1783, call: scores, phase: playing
2026-06-16 15:15:17, tokens_remaining: 1782, call: scores, phase: playing
2026-06-16 15:15:18, tokens_remaining: 1781, call: scores, phase: playing
2026-06-16 15:15:20, tokens_remaining: 1780, call: events, phase: playing
2026-06-16 15:15:21, tokens_remaining: 1779, call: scores, phase: playing
2026-06-16 15:15:22, tokens_remaining: 1778, call: scores, phase: playing
2026-06-16 15:15:24, tokens_remaining: 1777, call: scores, phase: playing
2026-06-16 15:15:25, tokens_remaining: 1776, call: scores, phase: playing
2026-06-16 15:15:26, tokens_remaining: 1775, call: scores, phase: playing
2026-06-16 15:15:27, tokens_remaining: 1774, call: scores, phase: playing
2026-06-16 15:15:29, tokens_remaining: 1773, call: scores, phase: playing
2026-06-16 15:15:30, tokens_remaining: 1772, call: scores, phase: playing
2026-06-16 15:15:31, tokens_remaining: 1771, call: scores, phase: playing
2026-06-16 15:15:33, tokens_remaining: 1770, call: events, phase: playing
2026-06-16 15:15:34, tokens_remaining: 1769, call: scores, phase: playing
2026-06-16 15:15:35, tokens_remaining: 1768, call: scores, phase: playing
2026-06-16 15:15:36, tokens_remaining: 1767, call: scores, phase: playing
2026-06-16 15:15:38, tokens_remaining: 1766, call: scores, phase: playing
2026-06-16 15:15:39, tokens_remaining: 1765, call: scores, phase: playing
2026-06-16 15:15:40, tokens_remaining: 1764, call: scores, phase: playing
2026-06-16 15:15:42, tokens_remaining: 1763, call: scores, phase: playing
2026-06-16 15:15:43, tokens_remaining: 1762, call: scores, phase: playing
2026-06-16 15:15:44, tokens_remaining: 1761, call: scores, phase: playing
2026-06-16 15:15:45, tokens_remaining: 1760, call: events, phase: playing
2026-06-16 15:15:47, tokens_remaining: 1759, call: scores, phase: playing
2026-06-16 15:15:48, tokens_remaining: 1758, call: scores, phase: playing
2026-06-16 15:15:49, tokens_remaining: 1757, call: scores, phase: playing
2026-06-16 15:15:51, tokens_remaining: 1756, call: scores, phase: playing
2026-06-16 15:15:52, tokens_remaining: 1755, call: scores, phase: playing
2026-06-16 15:15:53, tokens_remaining: 1754, call: scores, phase: playing
2026-06-16 15:15:54, tokens_remaining: 1753, call: scores, phase: playing
2026-06-16 15:15:56, tokens_remaining: 1752, call: scores, phase: playing
2026-06-16 15:15:57, tokens_remaining: 1751, call: scores, phase: playing
2026-06-16 15:15:58, tokens_remaining: 1750, call: events, phase: playing
2026-06-16 15:16:00, tokens_remaining: 1749, call: scores, phase: playing
2026-06-16 15:16:01, tokens_remaining: 1748, call: scores, phase: playing
2026-06-16 15:16:02, tokens_remaining: 1747, call: scores, phase: playing
2026-06-16 15:16:03, tokens_remaining: 1746, call: scores, phase: playing
2026-06-16 15:16:05, tokens_remaining: 1745, call: scores, phase: playing
2026-06-16 15:16:06, tokens_remaining: 1744, call: scores, phase: playing
2026-06-16 15:16:07, tokens_remaining: 1743, call: scores, phase: playing
2026-06-16 15:16:09, tokens_remaining: 1742, call: scores, phase: playing
2026-06-16 15:16:10, tokens_remaining: 1741, call: scores, phase: playing
2026-06-16 15:16:11, tokens_remaining: 1740, call: events, phase: playing
2026-06-16 15:16:12, tokens_remaining: 1739, call: scores, phase: playing
2026-06-16 15:16:14, tokens_remaining: 1738, call: scores, phase: playing
2026-06-16 15:16:15, tokens_remaining: 1737, call: scores, phase: playing
2026-06-16 15:16:16, tokens_remaining: 1736, call: scores, phase: playing
2026-06-16 15:16:17, tokens_remaining: 1735, call: scores, phase: playing
2026-06-16 15:16:19, tokens_remaining: 1734, call: scores, phase: playing
2026-06-16 15:16:20, tokens_remaining: 1733, call: scores, phase: playing
2026-06-16 15:16:21, tokens_remaining: 1732, call: scores, phase: playing
2026-06-16 15:16:23, tokens_remaining: 1731, call: scores, phase: playing
2026-06-16 15:16:24, tokens_remaining: 1730, call: events, phase: playing
2026-06-16 15:16:25, tokens_remaining: 1729, call: scores, phase: playing
2026-06-16 15:16:26, tokens_remaining: 1728, call: scores, phase: playing
2026-06-16 15:16:28, tokens_remaining: 1727, call: scores, phase: playing
2026-06-16 15:16:29, tokens_remaining: 1726, call: scores, phase: playing
2026-06-16 15:16:30, tokens_remaining: 1725, call: scores, phase: playing
2026-06-16 15:16:31, tokens_remaining: 1724, call: scores, phase: playing
2026-06-16 15:16:33, tokens_remaining: 1723, call: scores, phase: playing
2026-06-16 15:16:34, tokens_remaining: 1722, call: scores, phase: playing
2026-06-16 15:16:35, tokens_remaining: 1721, call: scores, phase: playing
2026-06-16 15:16:37, tokens_remaining: 1720, call: events, phase: playing
2026-06-16 15:16:38, tokens_remaining: 1719, call: scores, phase: playing
2026-06-16 15:16:39, tokens_remaining: 1718, call: scores, phase: playing
2026-06-16 15:16:40, tokens_remaining: 1717, call: scores, phase: playing
2026-06-16 15:16:42, tokens_remaining: 1716, call: scores, phase: playing
2026-06-16 15:16:43, tokens_remaining: 1715, call: scores, phase: playing
2026-06-16 15:16:44, tokens_remaining: 1714, call: scores, phase: playing
2026-06-16 15:16:46, tokens_remaining: 1713, call: scores, phase: playing
2026-06-16 15:16:47, tokens_remaining: 1712, call: scores, phase: playing
2026-06-16 15:16:48, tokens_remaining: 1711, call: scores, phase: playing
2026-06-16 15:16:49, tokens_remaining: 1710, call: events, phase: playing
2026-06-16 15:16:51, tokens_remaining: 1709, call: scores, phase: playing
2026-06-16 15:16:52, tokens_remaining: 1708, call: scores, phase: playing
2026-06-16 15:16:53, tokens_remaining: 1707, call: scores, phase: playing
2026-06-16 15:16:54, tokens_remaining: 1706, call: scores, phase: playing
2026-06-16 15:16:56, tokens_remaining: 1705, call: scores, phase: playing
2026-06-16 15:16:57, tokens_remaining: 1704, call: scores, phase: playing
2026-06-16 15:16:58, tokens_remaining: 1703, call: scores, phase: playing
2026-06-16 15:17:00, tokens_remaining: 1702, call: scores, phase: playing
2026-06-16 15:17:01, tokens_remaining: 1701, call: scores, phase: playing
2026-06-16 15:17:02, tokens_remaining: 1700, call: events, phase: playing
2026-06-16 15:17:03, tokens_remaining: 1699, call: scores, phase: playing
2026-06-16 15:17:05, tokens_remaining: 1698, call: scores, phase: playing
2026-06-16 15:17:06, tokens_remaining: 1697, call: scores, phase: playing
2026-06-16 15:17:07, tokens_remaining: 1696, call: scores, phase: playing
2026-06-16 15:17:08, tokens_remaining: 1695, call: scores, phase: playing
2026-06-16 15:17:10, tokens_remaining: 1694, call: scores, phase: playing
2026-06-16 15:17:11, tokens_remaining: 1693, call: scores, phase: playing
2026-06-16 15:17:12, tokens_remaining: 1692, call: scores, phase: playing
2026-06-16 15:17:13, tokens_remaining: 1691, call: scores, phase: playing
2026-06-16 15:17:15, tokens_remaining: 1690, call: events, phase: playing
2026-06-16 15:17:16, tokens_remaining: 1689, call: scores, phase: playing
2026-06-16 15:17:17, tokens_remaining: 1688, call: scores, phase: playing
2026-06-16 15:17:19, tokens_remaining: 1687, call: scores, phase: playing
2026-06-16 15:17:20, tokens_remaining: 1686, call: scores, phase: playing
2026-06-16 15:17:21, tokens_remaining: 1685, call: scores, phase: playing
2026-06-16 15:17:22, tokens_remaining: 1684, call: scores, phase: playing
2026-06-16 15:17:24, tokens_remaining: 1683, call: scores, phase: playing
2026-06-16 15:17:25, tokens_remaining: 1682, call: scores, phase: playing
2026-06-16 15:17:26, tokens_remaining: 1681, call: scores, phase: playing
2026-06-16 15:17:27, tokens_remaining: 1680, call: events, phase: playing
2026-06-16 15:17:29, tokens_remaining: 1679, call: scores, phase: playing
2026-06-16 15:17:30, tokens_remaining: 1678, call: scores, phase: playing
2026-06-16 15:17:31, tokens_remaining: 1677, call: scores, phase: playing
2026-06-16 15:17:32, tokens_remaining: 1676, call: scores, phase: playing
2026-06-16 15:17:34, tokens_remaining: 1675, call: scores, phase: playing
2026-06-16 15:17:35, tokens_remaining: 1674, call: scores, phase: playing
2026-06-16 15:17:36, tokens_remaining: 1673, call: scores, phase: playing
2026-06-16 15:17:37, tokens_remaining: 1672, call: scores, phase: playing
2026-06-16 15:17:39, tokens_remaining: 1671, call: scores, phase: playing
2026-06-16 15:17:40, tokens_remaining: 1670, call: events, phase: playing
2026-06-16 15:17:41, tokens_remaining: 1669, call: scores, phase: playing
2026-06-16 15:17:42, tokens_remaining: 1668, call: scores, phase: playing
2026-06-16 15:17:44, tokens_remaining: 1667, call: scores, phase: playing
2026-06-16 15:17:45, tokens_remaining: 1666, call: scores, phase: playing
2026-06-16 15:17:46, tokens_remaining: 1665, call: scores, phase: playing
2026-06-16 15:17:47, tokens_remaining: 1664, call: scores, phase: playing
2026-06-16 15:17:49, tokens_remaining: 1663, call: scores, phase: playing
2026-06-16 15:17:50, tokens_remaining: 1662, call: scores, phase: playing
2026-06-16 15:17:51, tokens_remaining: 1661, call: scores, phase: playing
2026-06-16 15:17:52, tokens_remaining: 1660, call: events, phase: playing
2026-06-16 15:17:54, tokens_remaining: 1659, call: scores, phase: playing
2026-06-16 15:17:55, tokens_remaining: 1658, call: scores, phase: playing
2026-06-16 15:17:56, tokens_remaining: 1657, call: scores, phase: playing
2026-06-16 15:17:57, tokens_remaining: 1656, call: scores, phase: playing
2026-06-16 15:17:58, tokens_remaining: 1656, call: scores, phase: playing
2026-06-16 15:18:00, tokens_remaining: 1655, call: scores, phase: playing
2026-06-16 15:18:01, tokens_remaining: 1654, call: scores, phase: playing
2026-06-16 15:18:03, tokens_remaining: 1653, call: scores, phase: playing
2026-06-16 15:18:04, tokens_remaining: 1653, call: scores, phase: playing
2026-06-16 15:18:06, tokens_remaining: 1652, call: events, phase: playing
2026-06-16 15:18:07, tokens_remaining: 1651, call: scores, phase: playing
2026-06-16 15:18:08, tokens_remaining: 1650, call: scores, phase: playing
2026-06-16 15:18:10, tokens_remaining: 1649, call: scores, phase: playing
2026-06-16 15:18:11, tokens_remaining: 1649, call: scores, phase: playing
2026-06-16 15:18:12, tokens_remaining: 1648, call: scores, phase: playing
2026-06-16 15:18:13, tokens_remaining: 1648, call: scores, phase: playing
2026-06-16 15:18:14, tokens_remaining: 1647, call: scores, phase: playing
2026-06-16 15:18:15, tokens_remaining: 1646, call: scores, phase: playing
2026-06-16 15:18:16, tokens_remaining: 1646, call: scores, phase: playing
2026-06-16 15:18:18, tokens_remaining: 1645, call: events, phase: playing
2026-06-16 15:18:19, tokens_remaining: 1644, call: scores, phase: playing
2026-06-16 15:18:20, tokens_remaining: 1643, call: scores, phase: playing
2026-06-16 15:18:21, tokens_remaining: 1642, call: scores, phase: playing
2026-06-16 15:18:22, tokens_remaining: 1642, call: scores, phase: playing
2026-06-16 15:18:24, tokens_remaining: 1641, call: scores, phase: playing
2026-06-16 15:18:25, tokens_remaining: 1640, call: scores, phase: playing
2026-06-16 15:18:26, tokens_remaining: 1640, call: scores, phase: playing
2026-06-16 15:18:27, tokens_remaining: 1639, call: scores, phase: playing
2026-06-16 15:18:28, tokens_remaining: 1638, call: scores, phase: playing
2026-06-16 15:18:30, tokens_remaining: 1637, call: events, phase: playing
2026-06-16 15:18:31, tokens_remaining: 1636, call: scores, phase: playing
2026-06-16 15:18:32, tokens_remaining: 1636, call: scores, phase: playing
2026-06-16 15:18:33, tokens_remaining: 1635, call: scores, phase: playing
2026-06-16 15:18:34, tokens_remaining: 1634, call: scores, phase: playing
2026-06-16 15:18:36, tokens_remaining: 1633, call: scores, phase: playing
2026-06-16 15:18:36, tokens_remaining: 1633, call: scores, phase: playing
2026-06-16 15:18:39, tokens_remaining: 1632, call: scores, phase: playing
2026-06-16 15:18:40, tokens_remaining: 1631, call: scores, phase: playing
2026-06-16 15:18:41, tokens_remaining: 1631, call: scores, phase: playing
2026-06-16 15:18:42, tokens_remaining: 1630, call: events, phase: playing
2026-06-16 15:18:43, tokens_remaining: 1629, call: scores, phase: playing
2026-06-16 15:18:44, tokens_remaining: 1629, call: scores, phase: playing
2026-06-16 15:18:46, tokens_remaining: 1628, call: scores, phase: playing
2026-06-16 15:18:47, tokens_remaining: 1628, call: scores, phase: playing
2026-06-16 15:18:48, tokens_remaining: 1627, call: scores, phase: playing
2026-06-16 15:18:49, tokens_remaining: 1627, call: scores, phase: playing
2026-06-16 15:18:50, tokens_remaining: 1626, call: scores, phase: playing
2026-06-16 15:18:51, tokens_remaining: 1625, call: scores, phase: playing
2026-06-16 15:18:52, tokens_remaining: 1625, call: scores, phase: playing
2026-06-16 15:18:54, tokens_remaining: 1624, call: events, phase: playing
2026-06-16 15:18:55, tokens_remaining: 1623, call: scores, phase: playing
2026-06-16 15:18:56, tokens_remaining: 1623, call: scores, phase: playing
2026-06-16 15:18:57, tokens_remaining: 1622, call: scores, phase: playing
2026-06-16 15:18:58, tokens_remaining: 1622, call: scores, phase: playing
2026-06-16 15:18:59, tokens_remaining: 1621, call: scores, phase: playing
2026-06-16 15:19:00, tokens_remaining: 1621, call: scores, phase: playing
2026-06-16 15:19:02, tokens_remaining: 1620, call: scores, phase: playing
2026-06-16 15:19:02, tokens_remaining: 1620, call: scores, phase: playing
2026-06-16 15:19:04, tokens_remaining: 1619, call: scores, phase: playing
2026-06-16 15:19:05, tokens_remaining: 1618, call: events, phase: playing
2026-06-16 15:19:06, tokens_remaining: 1617, call: scores, phase: playing
2026-06-16 15:19:07, tokens_remaining: 1617, call: scores, phase: playing
2026-06-16 15:19:08, tokens_remaining: 1616, call: scores, phase: playing
2026-06-16 15:19:09, tokens_remaining: 1616, call: scores, phase: playing
2026-06-16 15:19:11, tokens_remaining: 1615, call: scores, phase: playing
2026-06-16 15:19:12, tokens_remaining: 1615, call: scores, phase: playing
2026-06-16 15:19:13, tokens_remaining: 1614, call: scores, phase: playing
2026-06-16 15:19:14, tokens_remaining: 1614, call: scores, phase: playing
2026-06-16 15:19:15, tokens_remaining: 1613, call: scores, phase: playing
2026-06-16 15:19:16, tokens_remaining: 1612, call: events, phase: playing
2026-06-16 15:19:17, tokens_remaining: 1611, call: scores, phase: playing
2026-06-16 15:19:18, tokens_remaining: 1611, call: scores, phase: playing
2026-06-16 15:19:20, tokens_remaining: 1610, call: scores, phase: playing
2026-06-16 15:19:21, tokens_remaining: 1610, call: scores, phase: playing
2026-06-16 15:19:22, tokens_remaining: 1609, call: scores, phase: playing
2026-06-16 15:19:23, tokens_remaining: 1609, call: scores, phase: playing
2026-06-16 15:19:24, tokens_remaining: 1608, call: scores, phase: playing
2026-06-16 15:19:25, tokens_remaining: 1608, call: scores, phase: playing
2026-06-16 15:19:26, tokens_remaining: 1607, call: scores, phase: playing
2026-06-16 15:19:28, tokens_remaining: 1606, call: events, phase: playing
2026-06-16 15:19:29, tokens_remaining: 1605, call: scores, phase: playing
2026-06-16 15:19:30, tokens_remaining: 1605, call: scores, phase: playing
2026-06-16 15:19:31, tokens_remaining: 1604, call: scores, phase: playing
2026-06-16 15:19:32, tokens_remaining: 1604, call: scores, phase: playing
2026-06-16 15:19:33, tokens_remaining: 1603, call: scores, phase: playing
2026-06-16 15:19:34, tokens_remaining: 1603, call: scores, phase: playing
2026-06-16 15:19:35, tokens_remaining: 1602, call: scores, phase: playing
2026-06-16 15:19:36, tokens_remaining: 1602, call: scores, phase: playing
2026-06-16 15:19:38, tokens_remaining: 1601, call: scores, phase: playing
2026-06-16 15:19:39, tokens_remaining: 1600, call: events, phase: playing
2026-06-16 15:19:40, tokens_remaining: 1599, call: scores, phase: playing
2026-06-16 15:19:41, tokens_remaining: 1599, call: scores, phase: playing
2026-06-16 15:19:42, tokens_remaining: 1598, call: scores, phase: playing
2026-06-16 15:19:43, tokens_remaining: 1598, call: scores, phase: playing
2026-06-16 15:19:44, tokens_remaining: 1597, call: scores, phase: playing
2026-06-16 15:19:45, tokens_remaining: 1597, call: scores, phase: playing
2026-06-16 15:19:47, tokens_remaining: 1596, call: scores, phase: playing
2026-06-16 15:19:48, tokens_remaining: 1596, call: scores, phase: playing
2026-06-16 15:19:49, tokens_remaining: 1595, call: scores, phase: playing
2026-06-16 15:19:50, tokens_remaining: 1594, call: events, phase: playing
2026-06-16 15:19:51, tokens_remaining: 1593, call: scores, phase: playing
2026-06-16 15:19:52, tokens_remaining: 1593, call: scores, phase: playing
2026-06-16 15:19:54, tokens_remaining: 1592, call: scores, phase: playing
2026-06-16 15:19:54, tokens_remaining: 1592, call: scores, phase: playing
2026-06-16 15:19:56, tokens_remaining: 1591, call: scores, phase: playing
2026-06-16 15:19:57, tokens_remaining: 1591, call: scores, phase: playing
2026-06-16 15:19:58, tokens_remaining: 1590, call: scores, phase: playing
2026-06-16 15:19:59, tokens_remaining: 1590, call: scores, phase: playing
2026-06-16 15:20:00, tokens_remaining: 1589, call: scores, phase: playing
2026-06-16 15:20:01, tokens_remaining: 1588, call: events, phase: playing
2026-06-16 15:20:03, tokens_remaining: 1587, call: scores, phase: playing
2026-06-16 15:20:04, tokens_remaining: 1587, call: scores, phase: playing
2026-06-16 15:20:05, tokens_remaining: 1586, call: scores, phase: playing
2026-06-16 15:20:06, tokens_remaining: 1586, call: scores, phase: playing
2026-06-16 15:20:07, tokens_remaining: 1585, call: scores, phase: playing
2026-06-16 15:20:08, tokens_remaining: 1585, call: scores, phase: playing
2026-06-16 15:20:09, tokens_remaining: 1584, call: scores, phase: playing
2026-06-16 15:20:10, tokens_remaining: 1584, call: scores, phase: playing
2026-06-16 15:20:11, tokens_remaining: 1583, call: scores, phase: playing
2026-06-16 15:20:13, tokens_remaining: 1582, call: events, phase: playing
2026-06-16 15:20:14, tokens_remaining: 1581, call: scores, phase: playing
2026-06-16 15:20:15, tokens_remaining: 1581, call: scores, phase: playing
2026-06-16 15:20:16, tokens_remaining: 1580, call: scores, phase: playing
2026-06-16 15:20:17, tokens_remaining: 1580, call: scores, phase: playing
2026-06-16 15:20:18, tokens_remaining: 1579, call: scores, phase: playing
2026-06-16 15:20:19, tokens_remaining: 1579, call: scores, phase: playing
2026-06-16 15:20:20, tokens_remaining: 1578, call: scores, phase: playing
2026-06-16 15:20:21, tokens_remaining: 1578, call: scores, phase: playing
2026-06-16 15:20:23, tokens_remaining: 1577, call: scores, phase: playing
2026-06-16 15:20:24, tokens_remaining: 1576, call: events, phase: playing
2026-06-16 15:20:25, tokens_remaining: 1575, call: scores, phase: playing
2026-06-16 15:20:26, tokens_remaining: 1575, call: scores, phase: playing
2026-06-16 15:20:27, tokens_remaining: 1574, call: scores, phase: playing
2026-06-16 15:20:28, tokens_remaining: 1574, call: scores, phase: playing
2026-06-16 15:20:29, tokens_remaining: 1573, call: scores, phase: playing
2026-06-16 15:20:30, tokens_remaining: 1573, call: scores, phase: playing
2026-06-16 15:20:32, tokens_remaining: 1572, call: scores, phase: playing
2026-06-16 15:20:32, tokens_remaining: 1572, call: scores, phase: playing
2026-06-16 15:20:34, tokens_remaining: 1571, call: scores, phase: playing
2026-06-16 15:20:35, tokens_remaining: 1570, call: events, phase: playing
2026-06-16 15:20:36, tokens_remaining: 1569, call: scores, phase: playing
2026-06-16 15:20:37, tokens_remaining: 1569, call: scores, phase: playing
2026-06-16 15:20:38, tokens_remaining: 1568, call: scores, phase: playing
2026-06-16 15:20:39, tokens_remaining: 1568, call: scores, phase: playing
2026-06-16 15:20:40, tokens_remaining: 1567, call: scores, phase: playing
2026-06-16 15:20:41, tokens_remaining: 1567, call: scores, phase: playing
2026-06-16 15:20:43, tokens_remaining: 1566, call: scores, phase: playing
2026-06-16 15:20:43, tokens_remaining: 1566, call: scores, phase: playing
2026-06-16 15:20:45, tokens_remaining: 1565, call: scores, phase: playing
2026-06-16 15:20:46, tokens_remaining: 1564, call: events, phase: playing
2026-06-16 15:20:47, tokens_remaining: 1563, call: scores, phase: playing
2026-06-16 15:20:48, tokens_remaining: 1563, call: scores, phase: playing
2026-06-16 15:20:49, tokens_remaining: 1562, call: scores, phase: playing
2026-06-16 15:20:50, tokens_remaining: 1562, call: scores, phase: playing
2026-06-16 15:20:51, tokens_remaining: 1561, call: scores, phase: playing
2026-06-16 15:20:52, tokens_remaining: 1561, call: scores, phase: playing
2026-06-16 15:20:54, tokens_remaining: 1560, call: scores, phase: playing
2026-06-16 15:20:55, tokens_remaining: 1560, call: scores, phase: playing
2026-06-16 15:20:56, tokens_remaining: 1559, call: scores, phase: playing
2026-06-16 15:20:57, tokens_remaining: 1558, call: events, phase: playing
2026-06-16 15:20:58, tokens_remaining: 1557, call: scores, phase: playing
2026-06-16 15:20:59, tokens_remaining: 1557, call: scores, phase: playing
2026-06-16 15:21:00, tokens_remaining: 1556, call: scores, phase: playing
2026-06-16 15:21:01, tokens_remaining: 1556, call: scores, phase: playing
2026-06-16 15:21:03, tokens_remaining: 1555, call: scores, phase: playing
2026-06-16 15:21:03, tokens_remaining: 1555, call: scores, phase: playing
2026-06-16 15:21:05, tokens_remaining: 1554, call: scores, phase: playing
2026-06-16 15:21:06, tokens_remaining: 1554, call: scores, phase: playing
2026-06-16 15:21:07, tokens_remaining: 1553, call: scores, phase: playing
2026-06-16 15:21:08, tokens_remaining: 1552, call: events, phase: playing
2026-06-16 15:21:09, tokens_remaining: 1551, call: scores, phase: playing
2026-06-16 15:21:10, tokens_remaining: 1551, call: scores, phase: playing
2026-06-16 15:21:11, tokens_remaining: 1550, call: scores, phase: playing
2026-06-16 15:21:12, tokens_remaining: 1550, call: scores, phase: playing
2026-06-16 15:21:14, tokens_remaining: 1549, call: scores, phase: playing
2026-06-16 15:21:14, tokens_remaining: 1549, call: scores, phase: playing
2026-06-16 15:21:16, tokens_remaining: 1548, call: scores, phase: playing
2026-06-16 15:21:17, tokens_remaining: 1548, call: scores, phase: playing
2026-06-16 15:21:18, tokens_remaining: 1547, call: scores, phase: playing
2026-06-16 15:21:19, tokens_remaining: 1546, call: events, phase: playing
2026-06-16 15:21:20, tokens_remaining: 1545, call: scores, phase: playing
2026-06-16 15:21:21, tokens_remaining: 1545, call: scores, phase: playing
2026-06-16 15:21:22, tokens_remaining: 1544, call: scores, phase: playing
2026-06-16 15:21:23, tokens_remaining: 1544, call: scores, phase: playing
2026-06-16 15:21:24, tokens_remaining: 1543, call: scores, phase: playing
2026-06-16 15:21:25, tokens_remaining: 1543, call: scores, phase: playing
2026-06-16 15:21:27, tokens_remaining: 1542, call: scores, phase: playing
2026-06-16 15:21:27, tokens_remaining: 1542, call: scores, phase: playing
2026-06-16 15:21:29, tokens_remaining: 1541, call: scores, phase: playing
2026-06-16 15:21:30, tokens_remaining: 1540, call: events, phase: playing
2026-06-16 15:21:31, tokens_remaining: 1539, call: scores, phase: playing
2026-06-16 15:21:32, tokens_remaining: 1539, call: scores, phase: playing
2026-06-16 15:21:33, tokens_remaining: 1538, call: scores, phase: playing
2026-06-16 15:21:34, tokens_remaining: 1538, call: scores, phase: playing
2026-06-16 15:21:35, tokens_remaining: 1537, call: scores, phase: playing
2026-06-16 15:21:36, tokens_remaining: 1537, call: scores, phase: playing
2026-06-16 15:21:37, tokens_remaining: 1536, call: scores, phase: playing
2026-06-16 15:21:38, tokens_remaining: 1536, call: scores, phase: playing
2026-06-16 15:21:39, tokens_remaining: 1535, call: scores, phase: playing
2026-06-16 15:21:41, tokens_remaining: 1534, call: events, phase: playing
2026-06-16 15:21:42, tokens_remaining: 1533, call: scores, phase: playing
2026-06-16 15:21:43, tokens_remaining: 1533, call: scores, phase: playing
2026-06-16 15:21:44, tokens_remaining: 1532, call: scores, phase: playing
2026-06-16 15:21:45, tokens_remaining: 1532, call: scores, phase: playing
2026-06-16 15:21:46, tokens_remaining: 1531, call: scores, phase: playing
2026-06-16 15:21:47, tokens_remaining: 1531, call: scores, phase: playing
2026-06-16 15:21:48, tokens_remaining: 1530, call: scores, phase: playing
2026-06-16 15:21:49, tokens_remaining: 1530, call: scores, phase: playing
2026-06-16 15:21:50, tokens_remaining: 1529, call: scores, phase: playing
2026-06-16 15:21:51, tokens_remaining: 1528, call: events, phase: playing
2026-06-16 15:21:53, tokens_remaining: 1527, call: scores, phase: playing
2026-06-16 15:21:54, tokens_remaining: 1527, call: scores, phase: playing
2026-06-16 15:21:55, tokens_remaining: 1526, call: scores, phase: playing
2026-06-16 15:21:56, tokens_remaining: 1526, call: scores, phase: playing
2026-06-16 15:21:57, tokens_remaining: 1525, call: scores, phase: playing
2026-06-16 15:21:58, tokens_remaining: 1525, call: scores, phase: playing
2026-06-16 15:21:59, tokens_remaining: 1524, call: scores, phase: playing
2026-06-16 15:22:00, tokens_remaining: 1524, call: scores, phase: playing
2026-06-16 15:22:01, tokens_remaining: 1523, call: scores, phase: playing
2026-06-16 15:22:02, tokens_remaining: 1522, call: events, phase: playing
2026-06-16 15:22:03, tokens_remaining: 1521, call: scores, phase: playing
2026-06-16 15:22:04, tokens_remaining: 1521, call: scores, phase: playing
2026-06-16 15:22:06, tokens_remaining: 1520, call: scores, phase: playing
2026-06-16 15:22:06, tokens_remaining: 1520, call: scores, phase: playing
2026-06-16 15:22:08, tokens_remaining: 1519, call: scores, phase: playing
2026-06-16 15:22:09, tokens_remaining: 1519, call: scores, phase: playing
2026-06-16 15:22:10, tokens_remaining: 1518, call: scores, phase: playing
2026-06-16 15:22:11, tokens_remaining: 1518, call: scores, phase: playing
2026-06-16 15:22:12, tokens_remaining: 1517, call: scores, phase: playing
2026-06-16 15:22:13, tokens_remaining: 1516, call: events, phase: playing
2026-06-16 15:22:14, tokens_remaining: 1515, call: scores, phase: playing
2026-06-16 15:22:15, tokens_remaining: 1515, call: scores, phase: playing
2026-06-16 15:22:16, tokens_remaining: 1514, call: scores, phase: playing
2026-06-16 15:22:17, tokens_remaining: 1514, call: scores, phase: playing
2026-06-16 15:22:18, tokens_remaining: 1513, call: scores, phase: playing
2026-06-16 15:22:19, tokens_remaining: 1513, call: scores, phase: playing
2026-06-16 15:22:20, tokens_remaining: 1512, call: scores, phase: playing
2026-06-16 15:22:21, tokens_remaining: 1512, call: scores, phase: playing
2026-06-16 15:22:23, tokens_remaining: 1511, call: scores, phase: playing
2026-06-16 15:22:24, tokens_remaining: 1510, call: events, phase: playing
2026-06-16 15:22:25, tokens_remaining: 1509, call: scores, phase: playing
2026-06-16 15:22:26, tokens_remaining: 1509, call: scores, phase: playing
2026-06-16 15:22:27, tokens_remaining: 1508, call: scores, phase: playing
2026-06-16 15:22:28, tokens_remaining: 1508, call: scores, phase: playing
2026-06-16 15:22:29, tokens_remaining: 1507, call: scores, phase: playing
2026-06-16 15:22:30, tokens_remaining: 1507, call: scores, phase: playing
2026-06-16 15:22:31, tokens_remaining: 1506, call: scores, phase: playing
2026-06-16 15:22:32, tokens_remaining: 1506, call: scores, phase: playing
2026-06-16 15:22:33, tokens_remaining: 1505, call: scores, phase: playing
2026-06-16 15:22:34, tokens_remaining: 1504, call: events, phase: playing
2026-06-16 15:22:36, tokens_remaining: 1503, call: scores, phase: playing
2026-06-16 15:22:37, tokens_remaining: 1503, call: scores, phase: playing
2026-06-16 15:22:38, tokens_remaining: 1502, call: scores, phase: playing
2026-06-16 15:22:39, tokens_remaining: 1502, call: scores, phase: playing
2026-06-16 15:22:40, tokens_remaining: 1501, call: scores, phase: playing
2026-06-16 15:22:41, tokens_remaining: 1501, call: scores, phase: playing
2026-06-16 15:22:42, tokens_remaining: 1500, call: scores, phase: playing
2026-06-16 15:22:43, tokens_remaining: 1500, call: scores, phase: playing
2026-06-16 15:22:44, tokens_remaining: 1499, call: scores, phase: playing
2026-06-16 15:22:45, tokens_remaining: 1498, call: events, phase: playing
2026-06-16 15:22:46, tokens_remaining: 1497, call: scores, phase: playing
2026-06-16 15:22:47, tokens_remaining: 1497, call: scores, phase: playing
2026-06-16 15:22:48, tokens_remaining: 1496, call: scores, phase: playing
2026-06-16 15:22:49, tokens_remaining: 1496, call: scores, phase: playing
2026-06-16 15:22:50, tokens_remaining: 1495, call: scores, phase: playing
2026-06-16 15:22:51, tokens_remaining: 1495, call: scores, phase: playing
2026-06-16 15:22:52, tokens_remaining: 1494, call: scores, phase: playing
2026-06-16 15:22:53, tokens_remaining: 1494, call: scores, phase: playing
2026-06-16 15:22:54, tokens_remaining: 1493, call: scores, phase: playing
2026-06-16 15:22:56, tokens_remaining: 1492, call: events, phase: playing
2026-06-16 15:22:56, EVENT: EVENT_10 59'   [France vs Senegal]
2026-06-16 15:22:57, tokens_remaining: 1491, call: scores, phase: playing
2026-06-16 15:22:58, tokens_remaining: 1491, call: scores, phase: playing
2026-06-16 15:22:59, tokens_remaining: 1490, call: scores, phase: playing
2026-06-16 15:23:00, tokens_remaining: 1490, call: scores, phase: playing
2026-06-16 15:23:01, tokens_remaining: 1489, call: scores, phase: playing
2026-06-16 15:23:02, tokens_remaining: 1489, call: scores, phase: playing
2026-06-16 15:23:03, tokens_remaining: 1488, call: scores, phase: playing
2026-06-16 15:23:04, tokens_remaining: 1488, call: scores, phase: playing
2026-06-16 15:23:05, tokens_remaining: 1487, call: scores, phase: playing
2026-06-16 15:23:06, tokens_remaining: 1486, call: events, phase: playing
2026-06-16 15:23:07, tokens_remaining: 1485, call: scores, phase: playing
2026-06-16 15:23:08, tokens_remaining: 1485, call: scores, phase: playing
2026-06-16 15:23:09, tokens_remaining: 1484, call: scores, phase: playing
2026-06-16 15:23:10, tokens_remaining: 1484, call: scores, phase: playing
2026-06-16 15:23:11, tokens_remaining: 1483, call: scores, phase: playing
2026-06-16 15:23:12, tokens_remaining: 1483, call: scores, phase: playing
2026-06-16 15:23:13, tokens_remaining: 1482, call: scores, phase: playing
2026-06-16 15:23:14, tokens_remaining: 1482, call: scores, phase: playing
2026-06-16 15:23:16, tokens_remaining: 1481, call: scores, phase: playing
2026-06-16 15:23:17, tokens_remaining: 1480, call: events, phase: playing
2026-06-16 15:23:18, tokens_remaining: 1479, call: scores, phase: playing
2026-06-16 15:23:19, tokens_remaining: 1479, call: scores, phase: playing
2026-06-16 15:23:20, tokens_remaining: 1478, call: scores, phase: playing
2026-06-16 15:23:21, tokens_remaining: 1478, call: scores, phase: playing
2026-06-16 15:23:22, tokens_remaining: 1477, call: scores, phase: playing
2026-06-16 15:23:23, tokens_remaining: 1477, call: scores, phase: playing
2026-06-16 15:23:24, tokens_remaining: 1476, call: scores, phase: playing
2026-06-16 15:23:25, tokens_remaining: 1476, call: scores, phase: playing
2026-06-16 15:23:26, tokens_remaining: 1475, call: scores, phase: playing
2026-06-16 15:23:27, tokens_remaining: 1474, call: events, phase: playing
2026-06-16 15:23:28, tokens_remaining: 1473, call: scores, phase: playing
2026-06-16 15:23:29, tokens_remaining: 1473, call: scores, phase: playing
2026-06-16 15:23:30, tokens_remaining: 1472, call: scores, phase: playing
2026-06-16 15:23:31, tokens_remaining: 1472, call: scores, phase: playing
2026-06-16 15:23:32, tokens_remaining: 1471, call: scores, phase: playing
2026-06-16 15:23:33, tokens_remaining: 1471, call: scores, phase: playing
2026-06-16 15:23:34, tokens_remaining: 1470, call: scores, phase: playing
2026-06-16 15:23:35, tokens_remaining: 1470, call: scores, phase: playing
2026-06-16 15:23:36, tokens_remaining: 1469, call: scores, phase: playing
2026-06-16 15:23:38, tokens_remaining: 1468, call: events, phase: playing
2026-06-16 15:23:39, tokens_remaining: 1467, call: scores, phase: playing
2026-06-16 15:23:40, tokens_remaining: 1467, call: scores, phase: playing
2026-06-16 15:23:41, tokens_remaining: 1466, call: scores, phase: playing
2026-06-16 15:23:42, tokens_remaining: 1466, call: scores, phase: playing
2026-06-16 15:23:43, tokens_remaining: 1465, call: scores, phase: playing
2026-06-16 15:23:44, tokens_remaining: 1465, call: scores, phase: playing
2026-06-16 15:23:45, tokens_remaining: 1464, call: scores, phase: playing
2026-06-16 15:23:46, tokens_remaining: 1464, call: scores, phase: playing
2026-06-16 15:23:47, tokens_remaining: 1463, call: scores, phase: playing
2026-06-16 15:23:48, tokens_remaining: 1462, call: events, phase: playing
2026-06-16 15:23:49, tokens_remaining: 1461, call: scores, phase: playing
2026-06-16 15:23:50, tokens_remaining: 1461, call: scores, phase: playing
2026-06-16 15:23:51, tokens_remaining: 1460, call: scores, phase: playing
2026-06-16 15:23:52, tokens_remaining: 1460, call: scores, phase: playing
2026-06-16 15:23:53, tokens_remaining: 1459, call: scores, phase: playing
2026-06-16 15:23:54, tokens_remaining: 1459, call: scores, phase: playing
2026-06-16 15:23:55, tokens_remaining: 1458, call: scores, phase: playing
2026-06-16 15:23:56, tokens_remaining: 1458, call: scores, phase: playing
2026-06-16 15:23:57, tokens_remaining: 1457, call: scores, phase: playing
2026-06-16 15:23:59, tokens_remaining: 1456, call: events, phase: playing
2026-06-16 15:24:00, tokens_remaining: 1455, call: scores, phase: playing
2026-06-16 15:24:01, tokens_remaining: 1455, call: scores, phase: playing
2026-06-16 15:24:02, tokens_remaining: 1454, call: scores, phase: playing
2026-06-16 15:24:03, tokens_remaining: 1454, call: scores, phase: playing
2026-06-16 15:24:04, tokens_remaining: 1453, call: scores, phase: playing
2026-06-16 15:24:05, tokens_remaining: 1453, call: scores, phase: playing
2026-06-16 15:24:06, tokens_remaining: 1452, call: scores, phase: playing
2026-06-16 15:24:07, tokens_remaining: 1452, call: scores, phase: playing
2026-06-16 15:24:08, tokens_remaining: 1451, call: scores, phase: playing
2026-06-16 15:24:09, tokens_remaining: 1450, call: events, phase: playing
2026-06-16 15:24:10, tokens_remaining: 1449, call: scores, phase: playing
2026-06-16 15:24:11, tokens_remaining: 1449, call: scores, phase: playing
2026-06-16 15:24:12, tokens_remaining: 1448, call: scores, phase: playing
2026-06-16 15:24:13, tokens_remaining: 1448, call: scores, phase: playing
2026-06-16 15:24:14, tokens_remaining: 1447, call: scores, phase: playing
2026-06-16 15:24:15, tokens_remaining: 1447, call: scores, phase: playing
2026-06-16 15:24:16, tokens_remaining: 1446, call: scores, phase: playing
2026-06-16 15:24:17, tokens_remaining: 1446, call: scores, phase: playing
2026-06-16 15:24:18, tokens_remaining: 1445, call: scores, phase: playing
2026-06-16 15:24:19, tokens_remaining: 1444, call: events, phase: playing
2026-06-16 15:24:20, tokens_remaining: 1443, call: scores, phase: playing
2026-06-16 15:24:21, tokens_remaining: 1443, call: scores, phase: playing
2026-06-16 15:24:22, tokens_remaining: 1442, call: scores, phase: playing
2026-06-16 15:24:23, tokens_remaining: 1442, call: scores, phase: playing
2026-06-16 15:24:24, tokens_remaining: 1441, call: scores, phase: playing
2026-06-16 15:24:25, tokens_remaining: 1441, call: scores, phase: playing
2026-06-16 15:24:26, tokens_remaining: 1440, call: scores, phase: playing
2026-06-16 15:24:27, tokens_remaining: 1440, call: scores, phase: playing
2026-06-16 15:24:28, tokens_remaining: 1439, call: scores, phase: playing
2026-06-16 15:24:29, tokens_remaining: 1438, call: events, phase: playing
2026-06-16 15:24:31, tokens_remaining: 1437, call: scores, phase: playing
2026-06-16 15:24:31, tokens_remaining: 1437, call: scores, phase: playing
2026-06-16 15:24:33, tokens_remaining: 1436, call: scores, phase: playing
2026-06-16 15:24:33, tokens_remaining: 1436, call: scores, phase: playing
2026-06-16 15:24:35, tokens_remaining: 1435, call: scores, phase: playing
2026-06-16 15:24:35, tokens_remaining: 1435, call: scores, phase: playing
2026-06-16 15:24:37, tokens_remaining: 1434, call: scores, phase: playing
2026-06-16 15:24:37, tokens_remaining: 1434, call: scores, phase: playing
2026-06-16 15:24:39, tokens_remaining: 1433, call: scores, phase: playing
2026-06-16 15:24:40, tokens_remaining: 1432, call: events, phase: playing
2026-06-16 15:24:41, tokens_remaining: 1431, call: scores, phase: playing
2026-06-16 15:24:42, tokens_remaining: 1431, call: scores, phase: playing
2026-06-16 15:24:43, tokens_remaining: 1430, call: scores, phase: playing
2026-06-16 15:24:44, tokens_remaining: 1430, call: scores, phase: playing
2026-06-16 15:24:45, tokens_remaining: 1429, call: scores, phase: playing
2026-06-16 15:24:46, tokens_remaining: 1429, call: scores, phase: playing
2026-06-16 15:24:47, tokens_remaining: 1428, call: scores, phase: playing
2026-06-16 15:24:48, tokens_remaining: 1428, call: scores, phase: playing
2026-06-16 15:24:49, tokens_remaining: 1427, call: scores, phase: playing
2026-06-16 15:24:50, tokens_remaining: 1426, call: events, phase: playing
2026-06-16 15:24:51, tokens_remaining: 1425, call: scores, phase: playing
2026-06-16 15:24:52, tokens_remaining: 1425, call: scores, phase: playing
2026-06-16 15:24:53, tokens_remaining: 1424, call: scores, phase: playing
2026-06-16 15:24:54, tokens_remaining: 1424, call: scores, phase: playing
2026-06-16 15:24:55, tokens_remaining: 1423, call: scores, phase: playing
2026-06-16 15:24:56, tokens_remaining: 1422, call: scores, phase: playing
2026-06-16 15:24:57, tokens_remaining: 1422, call: scores, phase: playing
2026-06-16 15:24:58, tokens_remaining: 1421, call: scores, phase: playing
2026-06-16 15:24:59, tokens_remaining: 1421, call: scores, phase: playing
2026-06-16 15:25:00, tokens_remaining: 1420, call: events, phase: playing
2026-06-16 15:25:02, tokens_remaining: 1419, call: scores, phase: playing
2026-06-16 15:25:02, tokens_remaining: 1419, call: scores, phase: playing
2026-06-16 15:25:04, tokens_remaining: 1418, call: scores, phase: playing
2026-06-16 15:25:04, tokens_remaining: 1418, call: scores, phase: playing
2026-06-16 15:25:06, tokens_remaining: 1417, call: scores, phase: playing
2026-06-16 15:25:06, tokens_remaining: 1417, call: scores, phase: playing
2026-06-16 15:25:08, tokens_remaining: 1416, call: scores, phase: playing
2026-06-16 15:25:08, tokens_remaining: 1416, call: scores, phase: playing
2026-06-16 15:25:09, tokens_remaining: 1415, call: scores, phase: playing
2026-06-16 15:25:11, tokens_remaining: 1414, call: events, phase: playing
2026-06-16 15:25:12, tokens_remaining: 1413, call: scores, phase: playing
2026-06-16 15:25:13, tokens_remaining: 1413, call: scores, phase: playing
2026-06-16 15:25:14, tokens_remaining: 1412, call: scores, phase: playing
2026-06-16 15:25:15, tokens_remaining: 1412, call: scores, phase: playing
2026-06-16 15:25:16, tokens_remaining: 1411, call: scores, phase: playing
2026-06-16 15:25:17, tokens_remaining: 1411, call: scores, phase: playing
2026-06-16 15:25:18, tokens_remaining: 1410, call: scores, phase: playing
2026-06-16 15:25:19, tokens_remaining: 1410, call: scores, phase: playing
2026-06-16 15:25:20, tokens_remaining: 1409, call: scores, phase: playing
2026-06-16 15:25:21, tokens_remaining: 1408, call: events, phase: playing
2026-06-16 15:25:22, tokens_remaining: 1407, call: scores, phase: playing
2026-06-16 15:25:23, tokens_remaining: 1407, call: scores, phase: playing
2026-06-16 15:25:24, tokens_remaining: 1406, call: scores, phase: playing
2026-06-16 15:25:25, tokens_remaining: 1406, call: scores, phase: playing
2026-06-16 15:25:26, tokens_remaining: 1405, call: scores, phase: playing
2026-06-16 15:25:27, tokens_remaining: 1405, call: scores, phase: playing
2026-06-16 15:25:28, tokens_remaining: 1404, call: scores, phase: playing
2026-06-16 15:25:29, tokens_remaining: 1404, call: scores, phase: playing
2026-06-16 15:25:30, tokens_remaining: 1403, call: scores, phase: playing
2026-06-16 15:25:31, tokens_remaining: 1402, call: events, phase: playing
2026-06-16 15:25:31, EVENT: EVENT_10 60' Kylian Mbappé [France vs Senegal]
2026-06-16 15:25:32, tokens_remaining: 1401, call: scores, phase: playing
2026-06-16 15:25:33, tokens_remaining: 1401, call: scores, phase: playing
2026-06-16 15:25:34, tokens_remaining: 1400, call: scores, phase: playing
2026-06-16 15:25:35, tokens_remaining: 1400, call: scores, phase: playing
2026-06-16 15:25:36, tokens_remaining: 1399, call: scores, phase: playing
2026-06-16 15:25:37, tokens_remaining: 1399, call: scores, phase: playing
2026-06-16 15:25:38, tokens_remaining: 1398, call: scores, phase: playing
2026-06-16 15:25:39, tokens_remaining: 1398, call: scores, phase: playing
2026-06-16 15:25:40, tokens_remaining: 1397, call: scores, phase: playing
2026-06-16 15:25:41, tokens_remaining: 1396, call: events, phase: playing
2026-06-16 15:25:42, tokens_remaining: 1395, call: scores, phase: playing
2026-06-16 15:25:43, tokens_remaining: 1395, call: scores, phase: playing
2026-06-16 15:25:44, tokens_remaining: 1394, call: scores, phase: playing
2026-06-16 15:25:45, tokens_remaining: 1394, call: scores, phase: playing
2026-06-16 15:25:46, tokens_remaining: 1393, call: scores, phase: playing
2026-06-16 15:25:47, tokens_remaining: 1393, call: scores, phase: playing
2026-06-16 15:25:48, tokens_remaining: 1392, call: scores, phase: playing
2026-06-16 15:25:49, tokens_remaining: 1392, call: scores, phase: playing
2026-06-16 15:25:50, tokens_remaining: 1391, call: scores, phase: playing
2026-06-16 15:25:51, tokens_remaining: 1390, call: events, phase: playing
2026-06-16 15:25:52, tokens_remaining: 1389, call: scores, phase: playing
2026-06-16 15:25:53, tokens_remaining: 1389, call: scores, phase: playing
2026-06-16 15:25:54, tokens_remaining: 1388, call: scores, phase: playing
2026-06-16 15:25:55, tokens_remaining: 1388, call: scores, phase: playing
2026-06-16 15:25:56, tokens_remaining: 1387, call: scores, phase: playing
2026-06-16 15:25:56, tokens_remaining: 1387, call: scores, phase: playing
2026-06-16 15:25:58, tokens_remaining: 1386, call: scores, phase: playing
2026-06-16 15:25:58, tokens_remaining: 1386, call: scores, phase: playing
2026-06-16 15:25:59, tokens_remaining: 1385, call: scores, phase: playing
2026-06-16 15:26:01, tokens_remaining: 1384, call: events, phase: playing
2026-06-16 15:26:02, tokens_remaining: 1383, call: scores, phase: playing
2026-06-16 15:26:03, tokens_remaining: 1383, call: scores, phase: playing
2026-06-16 15:26:04, tokens_remaining: 1382, call: scores, phase: playing
2026-06-16 15:26:04, tokens_remaining: 1382, call: scores, phase: playing
2026-06-16 15:26:06, tokens_remaining: 1381, call: scores, phase: playing
2026-06-16 15:26:06, tokens_remaining: 1381, call: scores, phase: playing
2026-06-16 15:26:07, tokens_remaining: 1380, call: scores, phase: playing
2026-06-16 15:26:08, tokens_remaining: 1380, call: scores, phase: playing
2026-06-16 15:26:09, tokens_remaining: 1379, call: scores, phase: playing
2026-06-16 15:26:10, tokens_remaining: 1378, call: events, phase: playing
2026-06-16 15:26:12, tokens_remaining: 1377, call: scores, phase: playing
2026-06-16 15:26:12, tokens_remaining: 1377, call: scores, phase: playing
2026-06-16 15:26:13, tokens_remaining: 1376, call: scores, phase: playing
2026-06-16 15:26:14, tokens_remaining: 1376, call: scores, phase: playing
2026-06-16 15:26:15, tokens_remaining: 1375, call: scores, phase: playing
2026-06-16 15:26:16, tokens_remaining: 1375, call: scores, phase: playing
2026-06-16 15:26:17, tokens_remaining: 1374, call: scores, phase: playing
2026-06-16 15:26:18, tokens_remaining: 1374, call: scores, phase: playing
2026-06-16 15:26:19, tokens_remaining: 1373, call: scores, phase: playing
2026-06-16 15:26:20, tokens_remaining: 1372, call: events, phase: playing
2026-06-16 15:26:21, tokens_remaining: 1371, call: scores, phase: playing
2026-06-16 15:26:22, tokens_remaining: 1371, call: scores, phase: playing
2026-06-16 15:26:23, tokens_remaining: 1370, call: scores, phase: playing
2026-06-16 15:26:24, tokens_remaining: 1370, call: scores, phase: playing
2026-06-16 15:26:25, tokens_remaining: 1369, call: scores, phase: playing
2026-06-16 15:26:26, tokens_remaining: 1369, call: scores, phase: playing
2026-06-16 15:26:27, tokens_remaining: 1368, call: scores, phase: playing
2026-06-16 15:26:28, tokens_remaining: 1368, call: scores, phase: playing
2026-06-16 15:26:29, tokens_remaining: 1367, call: scores, phase: playing
2026-06-16 15:26:30, tokens_remaining: 1366, call: events, phase: playing
2026-06-16 15:26:31, tokens_remaining: 1365, call: scores, phase: playing
2026-06-16 15:26:32, tokens_remaining: 1365, call: scores, phase: playing
2026-06-16 15:26:33, tokens_remaining: 1364, call: scores, phase: playing
2026-06-16 15:26:34, tokens_remaining: 1364, call: scores, phase: playing
2026-06-16 15:26:35, tokens_remaining: 1363, call: scores, phase: playing
2026-06-16 15:26:36, tokens_remaining: 1363, call: scores, phase: playing
2026-06-16 15:26:37, tokens_remaining: 1362, call: scores, phase: playing
2026-06-16 15:26:38, tokens_remaining: 1362, call: scores, phase: playing
2026-06-16 15:26:39, tokens_remaining: 1361, call: scores, phase: playing
2026-06-16 15:26:40, tokens_remaining: 1360, call: events, phase: playing
2026-06-16 15:26:41, tokens_remaining: 1359, call: scores, phase: playing
2026-06-16 15:26:42, tokens_remaining: 1359, call: scores, phase: playing
2026-06-16 15:26:43, tokens_remaining: 1358, call: scores, phase: playing
2026-06-16 15:26:44, tokens_remaining: 1358, call: scores, phase: playing
2026-06-16 15:26:45, tokens_remaining: 1357, call: scores, phase: playing
2026-06-16 15:26:46, tokens_remaining: 1357, call: scores, phase: playing
2026-06-16 15:26:47, tokens_remaining: 1356, call: scores, phase: playing
2026-06-16 15:26:48, tokens_remaining: 1356, call: scores, phase: playing
2026-06-16 15:26:49, tokens_remaining: 1355, call: scores, phase: playing
2026-06-16 15:26:50, tokens_remaining: 1354, call: events, phase: playing
2026-06-16 15:26:51, tokens_remaining: 1353, call: scores, phase: playing
2026-06-16 15:26:52, tokens_remaining: 1353, call: scores, phase: playing
2026-06-16 15:26:53, tokens_remaining: 1352, call: scores, phase: playing
2026-06-16 15:26:54, tokens_remaining: 1352, call: scores, phase: playing
2026-06-16 15:26:55, tokens_remaining: 1351, call: scores, phase: playing
2026-06-16 15:26:55, tokens_remaining: 1351, call: scores, phase: playing
2026-06-16 15:26:57, tokens_remaining: 1350, call: scores, phase: playing
2026-06-16 15:26:57, tokens_remaining: 1350, call: scores, phase: playing
2026-06-16 15:26:58, tokens_remaining: 1349, call: scores, phase: playing
2026-06-16 15:27:00, tokens_remaining: 1348, call: events, phase: playing
2026-06-16 15:27:01, tokens_remaining: 1347, call: scores, phase: playing
2026-06-16 15:27:01, tokens_remaining: 1347, call: scores, phase: playing
2026-06-16 15:27:02, tokens_remaining: 1346, call: scores, phase: playing
2026-06-16 15:27:03, tokens_remaining: 1346, call: scores, phase: playing
2026-06-16 15:27:04, tokens_remaining: 1345, call: scores, phase: playing
2026-06-16 15:27:05, tokens_remaining: 1345, call: scores, phase: playing
2026-06-16 15:27:06, tokens_remaining: 1344, call: scores, phase: playing
2026-06-16 15:27:07, tokens_remaining: 1344, call: scores, phase: playing
2026-06-16 15:27:08, tokens_remaining: 1343, call: scores, phase: playing
2026-06-16 15:27:09, tokens_remaining: 1342, call: events, phase: playing
2026-06-16 15:27:10, tokens_remaining: 1341, call: scores, phase: playing
2026-06-16 15:27:11, tokens_remaining: 1341, call: scores, phase: playing
2026-06-16 15:27:12, tokens_remaining: 1340, call: scores, phase: playing
2026-06-16 15:27:13, tokens_remaining: 1340, call: scores, phase: playing
2026-06-16 15:27:14, tokens_remaining: 1339, call: scores, phase: playing
2026-06-16 15:27:15, tokens_remaining: 1339, call: scores, phase: playing
2026-06-16 15:27:16, tokens_remaining: 1338, call: scores, phase: playing
2026-06-16 15:27:17, tokens_remaining: 1338, call: scores, phase: playing
2026-06-16 15:27:18, tokens_remaining: 1337, call: scores, phase: playing
2026-06-16 15:27:19, tokens_remaining: 1336, call: events, phase: playing
2026-06-16 15:27:20, tokens_remaining: 1335, call: scores, phase: playing
2026-06-16 15:27:21, tokens_remaining: 1335, call: scores, phase: playing
2026-06-16 15:27:22, tokens_remaining: 1334, call: scores, phase: playing
2026-06-16 15:27:22, tokens_remaining: 1334, call: scores, phase: playing
2026-06-16 15:27:24, tokens_remaining: 1333, call: scores, phase: playing
2026-06-16 15:27:24, tokens_remaining: 1333, call: scores, phase: playing
2026-06-16 15:27:25, tokens_remaining: 1332, call: scores, phase: playing
2026-06-16 15:27:26, tokens_remaining: 1332, call: scores, phase: playing
2026-06-16 15:27:27, tokens_remaining: 1331, call: scores, phase: playing
2026-06-16 15:27:28, tokens_remaining: 1330, call: events, phase: playing
2026-06-16 15:27:29, tokens_remaining: 1329, call: scores, phase: playing
2026-06-16 15:27:30, tokens_remaining: 1329, call: scores, phase: playing
2026-06-16 15:27:31, tokens_remaining: 1328, call: scores, phase: playing
2026-06-16 15:27:32, tokens_remaining: 1328, call: scores, phase: playing
2026-06-16 15:27:33, tokens_remaining: 1327, call: scores, phase: playing
2026-06-16 15:27:34, tokens_remaining: 1327, call: scores, phase: playing
2026-06-16 15:27:35, tokens_remaining: 1326, call: scores, phase: playing
2026-06-16 15:27:36, tokens_remaining: 1326, call: scores, phase: playing
2026-06-16 15:27:37, tokens_remaining: 1325, call: scores, phase: playing
2026-06-16 15:27:38, tokens_remaining: 1324, call: events, phase: playing
2026-06-16 15:27:39, tokens_remaining: 1323, call: scores, phase: playing
2026-06-16 15:27:40, tokens_remaining: 1323, call: scores, phase: playing
2026-06-16 15:27:41, tokens_remaining: 1322, call: scores, phase: playing
2026-06-16 15:27:42, tokens_remaining: 1322, call: scores, phase: playing
2026-06-16 15:27:43, tokens_remaining: 1321, call: scores, phase: playing
2026-06-16 15:27:43, tokens_remaining: 1321, call: scores, phase: playing
2026-06-16 15:27:44, tokens_remaining: 1320, call: scores, phase: playing
2026-06-16 15:27:45, tokens_remaining: 1320, call: scores, phase: playing
2026-06-16 15:27:46, tokens_remaining: 1319, call: scores, phase: playing
2026-06-16 15:27:47, tokens_remaining: 1318, call: events, phase: playing
2026-06-16 15:27:48, tokens_remaining: 1317, call: scores, phase: playing
2026-06-16 15:27:49, tokens_remaining: 1317, call: scores, phase: playing
2026-06-16 15:27:50, tokens_remaining: 1316, call: scores, phase: playing
2026-06-16 15:27:51, tokens_remaining: 1316, call: scores, phase: playing
2026-06-16 15:27:52, tokens_remaining: 1315, call: scores, phase: playing
2026-06-16 15:27:53, tokens_remaining: 1315, call: scores, phase: playing
2026-06-16 15:27:54, tokens_remaining: 1314, call: scores, phase: playing
2026-06-16 15:27:55, tokens_remaining: 1314, call: scores, phase: playing
2026-06-16 15:27:56, tokens_remaining: 1313, call: scores, phase: playing
2026-06-16 15:27:57, tokens_remaining: 1312, call: events, phase: playing
2026-06-16 15:27:58, tokens_remaining: 1311, call: scores, phase: playing
2026-06-16 15:27:59, tokens_remaining: 1311, call: scores, phase: playing
2026-06-16 15:28:00, tokens_remaining: 1310, call: scores, phase: playing
2026-06-16 15:28:00, tokens_remaining: 1310, call: scores, phase: playing
2026-06-16 15:28:02, tokens_remaining: 1309, call: scores, phase: playing
2026-06-16 15:28:02, tokens_remaining: 1309, call: scores, phase: playing
2026-06-16 15:28:03, tokens_remaining: 1308, call: scores, phase: playing
2026-06-16 15:28:04, tokens_remaining: 1308, call: scores, phase: playing
2026-06-16 15:28:05, tokens_remaining: 1307, call: scores, phase: playing
2026-06-16 15:28:06, tokens_remaining: 1306, call: events, phase: playing
2026-06-16 15:28:07, tokens_remaining: 1305, call: scores, phase: playing
2026-06-16 15:28:08, tokens_remaining: 1305, call: scores, phase: playing
2026-06-16 15:28:09, tokens_remaining: 1304, call: scores, phase: playing
2026-06-16 15:28:10, tokens_remaining: 1304, call: scores, phase: playing
2026-06-16 15:28:11, tokens_remaining: 1303, call: scores, phase: playing
2026-06-16 15:28:12, tokens_remaining: 1303, call: scores, phase: playing
2026-06-16 15:28:13, tokens_remaining: 1302, call: scores, phase: playing
2026-06-16 15:28:13, tokens_remaining: 1302, call: scores, phase: playing
2026-06-16 15:28:15, tokens_remaining: 1301, call: scores, phase: playing
2026-06-16 15:28:16, tokens_remaining: 1300, call: events, phase: playing
2026-06-16 15:28:17, tokens_remaining: 1299, call: scores, phase: playing
2026-06-16 15:28:17, tokens_remaining: 1299, call: scores, phase: playing
2026-06-16 15:28:18, tokens_remaining: 1298, call: scores, phase: playing
2026-06-16 15:28:19, tokens_remaining: 1298, call: scores, phase: playing
2026-06-16 15:28:20, tokens_remaining: 1297, call: scores, phase: playing
2026-06-16 15:28:21, tokens_remaining: 1297, call: scores, phase: playing
2026-06-16 15:28:22, tokens_remaining: 1296, call: scores, phase: playing
2026-06-16 15:28:23, tokens_remaining: 1296, call: scores, phase: playing
2026-06-16 15:28:24, tokens_remaining: 1295, call: scores, phase: playing
2026-06-16 15:28:25, tokens_remaining: 1294, call: events, phase: playing
2026-06-16 15:28:26, tokens_remaining: 1293, call: scores, phase: playing
2026-06-16 15:28:27, tokens_remaining: 1293, call: scores, phase: playing
2026-06-16 15:28:28, tokens_remaining: 1292, call: scores, phase: playing
2026-06-16 15:28:28, tokens_remaining: 1292, call: scores, phase: playing
2026-06-16 15:28:29, tokens_remaining: 1291, call: scores, phase: playing
2026-06-16 15:28:30, tokens_remaining: 1291, call: scores, phase: playing
2026-06-16 15:28:31, tokens_remaining: 1290, call: scores, phase: playing
2026-06-16 15:28:32, tokens_remaining: 1290, call: scores, phase: playing
2026-06-16 15:28:33, tokens_remaining: 1289, call: scores, phase: playing
2026-06-16 15:28:34, tokens_remaining: 1288, call: events, phase: playing
2026-06-16 15:28:35, tokens_remaining: 1287, call: scores, phase: playing
2026-06-16 15:28:36, tokens_remaining: 1287, call: scores, phase: playing
2026-06-16 15:28:37, tokens_remaining: 1286, call: scores, phase: playing
2026-06-16 15:28:38, tokens_remaining: 1286, call: scores, phase: playing
2026-06-16 15:28:39, tokens_remaining: 1285, call: scores, phase: playing
2026-06-16 15:28:39, tokens_remaining: 1285, call: scores, phase: playing
2026-06-16 15:28:41, tokens_remaining: 1284, call: scores, phase: playing
2026-06-16 15:28:41, tokens_remaining: 1284, call: scores, phase: playing
2026-06-16 15:28:42, tokens_remaining: 1283, call: scores, phase: playing
2026-06-16 15:28:43, tokens_remaining: 1282, call: events, phase: playing
2026-06-16 15:28:44, tokens_remaining: 1281, call: scores, phase: playing
2026-06-16 15:28:45, tokens_remaining: 1281, call: scores, phase: playing
2026-06-16 15:28:46, tokens_remaining: 1280, call: scores, phase: playing
2026-06-16 15:28:47, tokens_remaining: 1280, call: scores, phase: playing
2026-06-16 15:28:48, tokens_remaining: 1279, call: scores, phase: playing
2026-06-16 15:28:49, tokens_remaining: 1279, call: scores, phase: playing
2026-06-16 15:28:50, tokens_remaining: 1278, call: scores, phase: playing
2026-06-16 15:28:50, tokens_remaining: 1278, call: scores, phase: playing
2026-06-16 15:28:51, tokens_remaining: 1277, call: scores, phase: playing
2026-06-16 15:28:53, tokens_remaining: 1276, call: events, phase: playing
2026-06-16 15:28:54, tokens_remaining: 1275, call: scores, phase: playing
2026-06-16 15:28:54, tokens_remaining: 1275, call: scores, phase: playing
2026-06-16 15:28:55, tokens_remaining: 1274, call: scores, phase: playing
2026-06-16 15:28:56, tokens_remaining: 1274, call: scores, phase: playing
2026-06-16 15:28:57, tokens_remaining: 1273, call: scores, phase: playing
2026-06-16 15:28:58, tokens_remaining: 1273, call: scores, phase: playing
2026-06-16 15:28:59, tokens_remaining: 1272, call: scores, phase: playing
2026-06-16 15:29:00, tokens_remaining: 1272, call: scores, phase: playing
2026-06-16 15:29:01, tokens_remaining: 1271, call: scores, phase: playing
2026-06-16 15:29:02, tokens_remaining: 1270, call: events, phase: playing
2026-06-16 15:29:03, tokens_remaining: 1269, call: scores, phase: playing
2026-06-16 15:29:04, tokens_remaining: 1269, call: scores, phase: playing
2026-06-16 15:29:05, tokens_remaining: 1268, call: scores, phase: playing
2026-06-16 15:29:05, tokens_remaining: 1268, call: scores, phase: playing
2026-06-16 15:29:06, tokens_remaining: 1267, call: scores, phase: playing
2026-06-16 15:29:07, tokens_remaining: 1267, call: scores, phase: playing
2026-06-16 15:29:08, tokens_remaining: 1266, call: scores, phase: playing
2026-06-16 15:29:09, tokens_remaining: 1266, call: scores, phase: playing
2026-06-16 15:29:10, tokens_remaining: 1265, call: scores, phase: playing
2026-06-16 15:29:11, tokens_remaining: 1264, call: events, phase: playing
2026-06-16 15:29:12, tokens_remaining: 1263, call: scores, phase: playing
2026-06-16 15:29:13, tokens_remaining: 1263, call: scores, phase: playing
2026-06-16 15:29:14, tokens_remaining: 1262, call: scores, phase: playing
2026-06-16 15:29:15, tokens_remaining: 1262, call: scores, phase: playing
2026-06-16 15:29:16, tokens_remaining: 1261, call: scores, phase: playing
2026-06-16 15:29:16, tokens_remaining: 1261, call: scores, phase: playing
2026-06-16 15:29:17, tokens_remaining: 1260, call: scores, phase: playing
2026-06-16 15:29:18, tokens_remaining: 1260, call: scores, phase: playing
2026-06-16 15:29:19, tokens_remaining: 1259, call: scores, phase: playing
2026-06-16 15:29:20, tokens_remaining: 1258, call: events, phase: playing
2026-06-16 15:29:21, tokens_remaining: 1257, call: scores, phase: playing
2026-06-16 15:29:22, tokens_remaining: 1257, call: scores, phase: playing
2026-06-16 15:29:23, tokens_remaining: 1256, call: scores, phase: playing
2026-06-16 15:29:24, tokens_remaining: 1256, call: scores, phase: playing
2026-06-16 15:29:25, tokens_remaining: 1255, call: scores, phase: playing
2026-06-16 15:29:25, tokens_remaining: 1255, call: scores, phase: playing
2026-06-16 15:29:28, tokens_remaining: 1254, call: scores, phase: playing
2026-06-16 15:29:29, tokens_remaining: 1253, call: scores, phase: playing
2026-06-16 15:29:30, tokens_remaining: 1253, call: scores, phase: playing
2026-06-16 15:29:31, tokens_remaining: 1252, call: events, phase: playing
2026-06-16 15:29:32, tokens_remaining: 1251, call: scores, phase: playing
2026-06-16 15:29:33, tokens_remaining: 1250, call: scores, phase: playing
2026-06-16 15:29:34, tokens_remaining: 1250, call: scores, phase: playing
2026-06-16 15:29:35, tokens_remaining: 1249, call: scores, phase: playing
2026-06-16 15:29:36, tokens_remaining: 1249, call: scores, phase: playing
2026-06-16 15:29:37, tokens_remaining: 1248, call: scores, phase: playing
2026-06-16 15:29:38, tokens_remaining: 1248, call: scores, phase: playing
2026-06-16 15:29:39, tokens_remaining: 1247, call: scores, phase: playing
2026-06-16 15:29:40, tokens_remaining: 1247, call: scores, phase: playing
2026-06-16 15:29:41, tokens_remaining: 1246, call: events, phase: playing
2026-06-16 15:29:42, tokens_remaining: 1245, call: scores, phase: playing
2026-06-16 15:29:42, tokens_remaining: 1245, call: scores, phase: playing
2026-06-16 15:29:43, tokens_remaining: 1244, call: scores, phase: playing
2026-06-16 15:29:44, tokens_remaining: 1244, call: scores, phase: playing
2026-06-16 15:29:45, tokens_remaining: 1243, call: scores, phase: playing
2026-06-16 15:29:46, tokens_remaining: 1243, call: scores, phase: playing
2026-06-16 15:29:47, tokens_remaining: 1242, call: scores, phase: playing
2026-06-16 15:29:48, tokens_remaining: 1242, call: scores, phase: playing
2026-06-16 15:29:49, tokens_remaining: 1241, call: scores, phase: playing
2026-06-16 15:29:50, tokens_remaining: 1240, call: events, phase: playing
2026-06-16 15:29:51, tokens_remaining: 1239, call: scores, phase: playing
2026-06-16 15:29:51, tokens_remaining: 1239, call: scores, phase: playing
2026-06-16 15:29:52, tokens_remaining: 1238, call: scores, phase: playing
2026-06-16 15:29:53, tokens_remaining: 1238, call: scores, phase: playing
2026-06-16 15:29:54, tokens_remaining: 1237, call: scores, phase: playing
2026-06-16 15:29:55, tokens_remaining: 1237, call: scores, phase: playing
2026-06-16 15:29:56, tokens_remaining: 1236, call: scores, phase: playing
2026-06-16 15:29:56, tokens_remaining: 1236, call: scores, phase: playing
2026-06-16 15:29:57, tokens_remaining: 1235, call: scores, phase: playing
2026-06-16 15:29:59, tokens_remaining: 1234, call: events, phase: playing
2026-06-16 15:29:59, GOAL: France (France 1-0 Senegal)
2026-06-16 15:30:00, tokens_remaining: 1233, call: scores, phase: playing
2026-06-16 15:30:00, tokens_remaining: 1233, call: scores, phase: playing
2026-06-16 15:30:01, tokens_remaining: 1232, call: scores, phase: playing
2026-06-16 15:30:02, tokens_remaining: 1232, call: scores, phase: playing
2026-06-16 15:30:03, tokens_remaining: 1231, call: scores, phase: playing
2026-06-16 15:30:04, tokens_remaining: 1231, call: scores, phase: playing
2026-06-16 15:30:05, tokens_remaining: 1230, call: scores, phase: playing
2026-06-16 15:30:06, tokens_remaining: 1230, call: scores, phase: playing
2026-06-16 15:30:07, tokens_remaining: 1229, call: scores, phase: playing
2026-06-16 15:30:08, tokens_remaining: 1228, call: events, phase: playing
2026-06-16 15:30:08, tokens_remaining: 1227, call: scores, phase: playing
2026-06-16 15:30:09, tokens_remaining: 1227, call: scores, phase: playing
2026-06-16 15:30:10, tokens_remaining: 1226, call: scores, phase: playing
2026-06-16 15:30:11, tokens_remaining: 1226, call: scores, phase: playing
2026-06-16 15:30:12, tokens_remaining: 1225, call: scores, phase: playing
2026-06-16 15:30:13, tokens_remaining: 1225, call: scores, phase: playing
2026-06-16 15:30:14, tokens_remaining: 1224, call: scores, phase: playing
2026-06-16 15:30:14, tokens_remaining: 1224, call: scores, phase: playing
2026-06-16 15:30:15, tokens_remaining: 1223, call: scores, phase: playing
2026-06-16 15:30:16, tokens_remaining: 1222, call: events, phase: playing
2026-06-16 15:30:17, tokens_remaining: 1221, call: scores, phase: playing
2026-06-16 15:30:18, tokens_remaining: 1221, call: scores, phase: playing
2026-06-16 15:30:19, tokens_remaining: 1220, call: scores, phase: playing
2026-06-16 15:30:20, tokens_remaining: 1220, call: scores, phase: playing
2026-06-16 15:30:21, tokens_remaining: 1219, call: scores, phase: playing
2026-06-16 15:30:21, tokens_remaining: 1219, call: scores, phase: playing
2026-06-16 15:30:22, tokens_remaining: 1218, call: scores, phase: playing
2026-06-16 15:30:23, tokens_remaining: 1218, call: scores, phase: playing
2026-06-16 15:30:24, tokens_remaining: 1217, call: scores, phase: playing
2026-06-16 15:30:25, tokens_remaining: 1216, call: events, phase: playing
2026-06-16 15:30:26, tokens_remaining: 1215, call: scores, phase: playing
2026-06-16 15:30:27, tokens_remaining: 1215, call: scores, phase: playing
2026-06-16 15:30:28, tokens_remaining: 1214, call: scores, phase: playing
2026-06-16 15:30:29, tokens_remaining: 1214, call: scores, phase: playing
2026-06-16 15:30:30, tokens_remaining: 1213, call: scores, phase: playing
2026-06-16 15:30:30, tokens_remaining: 1213, call: scores, phase: playing
2026-06-16 15:30:31, tokens_remaining: 1212, call: scores, phase: playing
2026-06-16 15:30:32, tokens_remaining: 1212, call: scores, phase: playing
2026-06-16 15:30:33, tokens_remaining: 1211, call: scores, phase: playing
2026-06-16 15:30:34, tokens_remaining: 1210, call: events, phase: playing
2026-06-16 15:30:35, tokens_remaining: 1209, call: scores, phase: playing
2026-06-16 15:30:36, tokens_remaining: 1209, call: scores, phase: playing
2026-06-16 15:30:37, tokens_remaining: 1208, call: scores, phase: playing
2026-06-16 15:30:37, tokens_remaining: 1208, call: scores, phase: playing
2026-06-16 15:30:38, tokens_remaining: 1207, call: scores, phase: playing
2026-06-16 15:30:39, tokens_remaining: 1207, call: scores, phase: playing
2026-06-16 15:30:40, tokens_remaining: 1206, call: scores, phase: playing
2026-06-16 15:30:41, tokens_remaining: 1206, call: scores, phase: playing
2026-06-16 15:30:42, tokens_remaining: 1205, call: scores, phase: playing
2026-06-16 15:30:43, tokens_remaining: 1204, call: events, phase: playing
2026-06-16 15:30:45, tokens_remaining: 1203, call: scores, phase: playing
2026-06-16 15:30:45, tokens_remaining: 1203, call: scores, phase: playing
2026-06-16 15:30:46, tokens_remaining: 1202, call: scores, phase: playing
2026-06-16 15:30:47, tokens_remaining: 1202, call: scores, phase: playing
2026-06-16 15:30:48, tokens_remaining: 1201, call: scores, phase: playing
2026-06-16 15:30:49, tokens_remaining: 1201, call: scores, phase: playing
2026-06-16 15:30:50, tokens_remaining: 1200, call: scores, phase: playing
2026-06-16 15:30:51, tokens_remaining: 1200, call: scores, phase: playing
2026-06-16 15:30:51, tokens_remaining: 1199, call: scores, phase: playing
2026-06-16 15:30:53, tokens_remaining: 1198, call: events, phase: playing
