2026-06-16 16:00:01, tokens_remaining: 1889, call: events, phase: playing
2026-06-16 16:00:02, tokens_remaining: 1888, call: scores, phase: playing
2026-06-16 16:00:03, tokens_remaining: 1888, call: scores, phase: playing
2026-06-16 16:00:04, tokens_remaining: 1887, call: scores, phase: playing
2026-06-16 16:00:04, tokens_remaining: 1887, call: scores, phase: playing
2026-06-16 16:00:05, tokens_remaining: 1886, call: scores, phase: playing
2026-06-16 16:00:06, tokens_remaining: 1886, call: scores, phase: playing
2026-06-16 16:00:07, tokens_remaining: 1885, call: scores, phase: playing
2026-06-16 16:00:08, tokens_remaining: 1885, call: scores, phase: playing
2026-06-16 16:00:09, tokens_remaining: 1884, call: scores, phase: playing
2026-06-16 16:00:10, tokens_remaining: 1883, call: events, phase: playing
2026-06-16 16:00:11, tokens_remaining: 1882, call: scores, phase: playing
2026-06-16 16:00:12, tokens_remaining: 1882, call: scores, phase: playing
2026-06-16 16:00:13, tokens_remaining: 1881, call: scores, phase: playing
2026-06-16 16:00:14, tokens_remaining: 1881, call: scores, phase: playing
2026-06-16 16:00:15, tokens_remaining: 1880, call: scores, phase: playing
2026-06-16 16:00:16, tokens_remaining: 1880, call: scores, phase: playing
2026-06-16 16:00:17, tokens_remaining: 1879, call: scores, phase: playing
2026-06-16 16:00:17, tokens_remaining: 1879, call: scores, phase: playing
2026-06-16 16:00:18, tokens_remaining: 1878, call: scores, phase: playing
2026-06-16 16:00:19, tokens_remaining: 1877, call: events, phase: playing
2026-06-16 16:00:21, tokens_remaining: 1876, call: scores, phase: playing
2026-06-16 16:00:22, tokens_remaining: 1875, call: scores, phase: playing
2026-06-16 16:00:22, GOAL: France (France 3-1 Senegal)
2026-06-16 16:00:23, tokens_remaining: 1875, call: scores, phase: playing
2026-06-16 16:00:24, tokens_remaining: 1874, call: scores, phase: playing
2026-06-16 16:00:25, tokens_remaining: 1874, call: scores, phase: playing
2026-06-16 16:00:26, tokens_remaining: 1873, call: scores, phase: playing
2026-06-16 16:00:26, tokens_remaining: 1873, call: scores, phase: playing
2026-06-16 16:00:27, tokens_remaining: 1872, call: scores, phase: playing
2026-06-16 16:00:28, tokens_remaining: 1872, call: scores, phase: playing
2026-06-16 16:00:29, tokens_remaining: 1871, call: events, phase: playing
2026-06-16 16:00:30, tokens_remaining: 1870, call: scores, phase: playing
2026-06-16 16:00:31, tokens_remaining: 1870, call: scores, phase: playing
2026-06-16 16:00:32, tokens_remaining: 1869, call: scores, phase: playing
2026-06-16 16:00:33, tokens_remaining: 1869, call: scores, phase: playing
2026-06-16 16:00:34, tokens_remaining: 1868, call: scores, phase: playing
2026-06-16 16:00:35, tokens_remaining: 1868, call: scores, phase: playing
2026-06-16 16:00:36, tokens_remaining: 1867, call: scores, phase: playing
2026-06-16 16:00:36, tokens_remaining: 1867, call: scores, phase: playing
2026-06-16 16:00:37, tokens_remaining: 1866, call: scores, phase: playing
2026-06-16 16:00:38, tokens_remaining: 1865, call: events, phase: playing
2026-06-16 16:00:39, tokens_remaining: 1864, call: scores, phase: playing
2026-06-16 16:00:40, tokens_remaining: 1864, call: scores, phase: playing
2026-06-16 16:00:41, tokens_remaining: 1863, call: scores, phase: playing
2026-06-16 16:00:42, tokens_remaining: 1863, call: scores, phase: playing
2026-06-16 16:00:43, tokens_remaining: 1862, call: scores, phase: playing
2026-06-16 16:00:44, tokens_remaining: 1862, call: scores, phase: playing
2026-06-16 16:00:45, tokens_remaining: 1861, call: scores, phase: playing
2026-06-16 16:00:46, tokens_remaining: 1861, call: scores, phase: playing
2026-06-16 16:00:47, tokens_remaining: 1860, call: scores, phase: playing
2026-06-16 16:00:48, tokens_remaining: 1859, call: events, phase: playing
2026-06-16 16:00:49, tokens_remaining: 1858, call: scores, phase: playing
2026-06-16 16:00:50, tokens_remaining: 1858, call: scores, phase: playing
2026-06-16 16:00:51, tokens_remaining: 1857, call: scores, phase: playing
2026-06-16 16:00:52, tokens_remaining: 1857, call: scores, phase: playing
2026-06-16 16:00:53, tokens_remaining: 1856, call: scores, phase: playing
2026-06-16 16:00:54, tokens_remaining: 1856, call: scores, phase: playing
2026-06-16 16:00:55, tokens_remaining: 1855, call: scores, phase: playing
2026-06-16 16:00:55, tokens_remaining: 1855, call: scores, phase: playing
2026-06-16 16:00:56, tokens_remaining: 1854, call: scores, phase: playing
2026-06-16 16:00:58, tokens_remaining: 1853, call: events, phase: playing
2026-06-16 16:00:59, tokens_remaining: 1852, call: scores, phase: playing
2026-06-16 16:00:59, tokens_remaining: 1852, call: scores, phase: playing
2026-06-16 16:01:00, tokens_remaining: 1851, call: scores, phase: playing
2026-06-16 16:01:01, tokens_remaining: 1851, call: scores, phase: playing
2026-06-16 16:01:03, tokens_remaining: 1850, call: scores, phase: playing
2026-06-16 16:01:04, tokens_remaining: 1849, call: scores, phase: playing
2026-06-16 16:01:05, tokens_remaining: 1849, call: scores, phase: playing
2026-06-16 16:01:06, tokens_remaining: 1848, call: scores, phase: playing
2026-06-16 16:01:08, tokens_remaining: 1847, call: events, phase: playing
2026-06-16 16:01:08, EVENT: GOAL 90+6' Kylian Mbappé (3-1) [France vs Senegal]
2026-06-16 16:01:09, tokens_remaining: 1846, call: scores, phase: playing
2026-06-16 16:01:09, tokens_remaining: 1846, call: scores, phase: playing
2026-06-16 16:01:11, tokens_remaining: 1845, call: scores, phase: playing
2026-06-16 16:01:11, tokens_remaining: 1845, call: scores, phase: playing
2026-06-16 16:01:12, tokens_remaining: 1844, call: scores, phase: playing
2026-06-16 16:01:13, tokens_remaining: 1844, call: scores, phase: playing
2026-06-16 16:01:15, tokens_remaining: 1843, call: scores, phase: playing
2026-06-16 16:01:16, tokens_remaining: 1842, call: scores, phase: playing
2026-06-16 16:01:17, tokens_remaining: 1842, call: scores, phase: playing
2026-06-16 16:01:18, tokens_remaining: 1841, call: events, phase: playing
2026-06-16 16:01:19, tokens_remaining: 1840, call: scores, phase: playing
2026-06-16 16:01:20, tokens_remaining: 1840, call: scores, phase: playing
2026-06-16 16:01:21, tokens_remaining: 1839, call: scores, phase: playing
2026-06-16 16:01:22, tokens_remaining: 1839, call: scores, phase: playing
2026-06-16 16:01:23, tokens_remaining: 1838, call: scores, phase: playing
2026-06-16 16:01:23, tokens_remaining: 1838, call: scores, phase: playing
2026-06-16 16:01:24, tokens_remaining: 1837, call: scores, phase: playing
2026-06-16 16:01:25, tokens_remaining: 1837, call: scores, phase: playing
2026-06-16 16:01:26, tokens_remaining: 1836, call: scores, phase: playing
2026-06-16 16:01:27, tokens_remaining: 1835, call: events, phase: playing
2026-06-16 16:01:29, tokens_remaining: 1834, call: scores, phase: playing
2026-06-16 16:01:29, tokens_remaining: 1834, call: scores, phase: playing
2026-06-16 16:01:30, tokens_remaining: 1833, call: scores, phase: playing
2026-06-16 16:01:31, tokens_remaining: 1833, call: scores, phase: playing
2026-06-16 16:01:32, tokens_remaining: 1832, call: scores, phase: playing
2026-06-16 16:01:33, tokens_remaining: 1832, call: scores, phase: playing
2026-06-16 16:01:34, tokens_remaining: 1831, call: scores, phase: playing
2026-06-16 16:01:35, tokens_remaining: 1831, call: scores, phase: playing
2026-06-16 16:01:36, tokens_remaining: 1830, call: scores, phase: playing
2026-06-16 16:01:37, tokens_remaining: 1829, call: events, phase: playing
2026-06-16 16:01:38, tokens_remaining: 1828, call: scores, phase: playing
2026-06-16 16:01:39, tokens_remaining: 1828, call: scores, phase: playing
2026-06-16 16:01:40, tokens_remaining: 1827, call: scores, phase: playing
2026-06-16 16:01:41, tokens_remaining: 1827, call: scores, phase: playing
2026-06-16 16:01:42, tokens_remaining: 1826, call: scores, phase: playing
2026-06-16 16:01:42, tokens_remaining: 1826, call: scores, phase: playing
2026-06-16 16:01:43, tokens_remaining: 1825, call: scores, phase: playing
2026-06-16 16:01:44, tokens_remaining: 1825, call: scores, phase: playing
2026-06-16 16:01:45, tokens_remaining: 1824, call: scores, phase: playing
2026-06-16 16:01:46, tokens_remaining: 1823, call: events, phase: playing
2026-06-16 16:01:47, tokens_remaining: 1822, call: scores, phase: playing
2026-06-16 16:01:48, tokens_remaining: 1822, call: scores, phase: playing
2026-06-16 16:01:49, tokens_remaining: 1821, call: scores, phase: playing
2026-06-16 16:01:50, tokens_remaining: 1821, call: scores, phase: playing
2026-06-16 16:01:51, tokens_remaining: 1820, call: scores, phase: playing
2026-06-16 16:01:52, tokens_remaining: 1820, call: scores, phase: playing
2026-06-16 16:01:53, tokens_remaining: 1819, call: scores, phase: playing
2026-06-16 16:01:53, tokens_remaining: 1819, call: scores, phase: playing
2026-06-16 16:01:54, tokens_remaining: 1818, call: scores, phase: playing
2026-06-16 16:01:56, tokens_remaining: 1817, call: events, phase: playing
2026-06-16 16:01:57, tokens_remaining: 1816, call: scores, phase: playing
2026-06-16 16:01:57, tokens_remaining: 1816, call: scores, phase: playing
2026-06-16 16:01:58, tokens_remaining: 1815, call: scores, phase: playing
2026-06-16 16:01:59, tokens_remaining: 1815, call: scores, phase: playing
2026-06-16 16:02:00, tokens_remaining: 1814, call: scores, phase: playing
2026-06-16 16:02:01, tokens_remaining: 1814, call: scores, phase: playing
2026-06-16 16:02:02, tokens_remaining: 1813, call: scores, phase: playing
2026-06-16 16:02:03, tokens_remaining: 1813, call: scores, phase: playing
2026-06-16 16:02:04, tokens_remaining: 1812, call: scores, phase: playing
2026-06-16 16:02:05, tokens_remaining: 1811, call: events, phase: playing
2026-06-16 16:02:06, tokens_remaining: 1810, call: scores, phase: playing
2026-06-16 16:02:06, tokens_remaining: 1810, call: scores, phase: playing
2026-06-16 16:02:08, tokens_remaining: 1809, call: scores, phase: playing
2026-06-16 16:02:08, tokens_remaining: 1809, call: scores, phase: playing
2026-06-16 16:02:10, tokens_remaining: 1808, call: scores, phase: playing
2026-06-16 16:02:10, tokens_remaining: 1808, call: scores, phase: playing
2026-06-16 16:02:12, tokens_remaining: 1807, call: scores, phase: playing
2026-06-16 16:02:12, tokens_remaining: 1807, call: scores, phase: playing
2026-06-16 16:02:13, tokens_remaining: 1806, call: scores, phase: playing
2026-06-16 16:02:14, tokens_remaining: 1805, call: events, phase: playing
2026-06-16 16:02:16, tokens_remaining: 1804, call: scores, phase: playing
2026-06-16 16:02:16, tokens_remaining: 1804, call: scores, phase: playing
2026-06-16 16:02:17, tokens_remaining: 1803, call: scores, phase: playing
2026-06-16 16:02:18, tokens_remaining: 1803, call: scores, phase: playing
2026-06-16 16:02:19, tokens_remaining: 1802, call: scores, phase: playing
2026-06-16 16:02:20, tokens_remaining: 1802, call: scores, phase: playing
2026-06-16 16:02:21, tokens_remaining: 1801, call: scores, phase: playing
2026-06-16 16:02:22, tokens_remaining: 1801, call: scores, phase: playing
2026-06-16 16:02:23, tokens_remaining: 1800, call: scores, phase: playing
2026-06-16 16:02:24, tokens_remaining: 1799, call: events, phase: playing
2026-06-16 16:02:25, tokens_remaining: 1798, call: scores, phase: playing
2026-06-16 16:02:26, tokens_remaining: 1798, call: scores, phase: playing
2026-06-16 16:02:27, tokens_remaining: 1797, call: scores, phase: playing
2026-06-16 16:02:27, tokens_remaining: 1797, call: scores, phase: playing
2026-06-16 16:02:29, tokens_remaining: 1796, call: scores, phase: playing
2026-06-16 16:02:29, tokens_remaining: 1796, call: scores, phase: playing
2026-06-16 16:02:30, tokens_remaining: 1795, call: scores, phase: playing
2026-06-16 16:02:31, tokens_remaining: 1795, call: scores, phase: playing
2026-06-16 16:02:32, tokens_remaining: 1794, call: scores, phase: playing
2026-06-16 16:02:33, tokens_remaining: 1793, call: events, phase: playing
2026-06-16 16:02:34, tokens_remaining: 1792, call: scores, phase: playing
2026-06-16 16:02:35, tokens_remaining: 1792, call: scores, phase: playing
2026-06-16 16:02:36, tokens_remaining: 1791, call: scores, phase: playing
2026-06-16 16:02:37, tokens_remaining: 1791, call: scores, phase: playing
2026-06-16 16:02:38, tokens_remaining: 1790, call: scores, phase: playing
2026-06-16 16:02:38, tokens_remaining: 1790, call: scores, phase: playing
2026-06-16 16:02:39, tokens_remaining: 1789, call: scores, phase: playing
2026-06-16 16:02:40, tokens_remaining: 1789, call: scores, phase: playing
2026-06-16 16:02:41, tokens_remaining: 1788, call: scores, phase: playing
2026-06-16 16:02:42, tokens_remaining: 1787, call: events, phase: playing
2026-06-16 16:02:44, tokens_remaining: 1786, call: scores, phase: playing
2026-06-16 16:02:45, tokens_remaining: 1785, call: scores, phase: playing
2026-06-16 16:02:46, tokens_remaining: 1785, call: scores, phase: playing
2026-06-16 16:02:47, tokens_remaining: 1784, call: scores, phase: playing
2026-06-16 16:02:48, tokens_remaining: 1784, call: scores, phase: playing
2026-06-16 16:02:49, tokens_remaining: 1783, call: scores, phase: playing
2026-06-16 16:02:49, tokens_remaining: 1783, call: scores, phase: playing
2026-06-16 16:02:50, tokens_remaining: 1782, call: scores, phase: playing
2026-06-16 16:02:51, tokens_remaining: 1782, call: scores, phase: playing
2026-06-16 16:02:52, tokens_remaining: 1781, call: events, phase: playing
2026-06-16 16:02:53, tokens_remaining: 1780, call: scores, phase: playing
2026-06-16 16:02:54, tokens_remaining: 1780, call: scores, phase: playing
2026-06-16 16:02:55, tokens_remaining: 1779, call: scores, phase: playing
2026-06-16 16:02:56, tokens_remaining: 1779, call: scores, phase: playing
2026-06-16 16:02:57, tokens_remaining: 1778, call: scores, phase: playing
2026-06-16 16:02:58, tokens_remaining: 1778, call: scores, phase: playing
2026-06-16 16:03:00, tokens_remaining: 1777, call: scores, phase: playing
2026-06-16 16:03:00, tokens_remaining: 1777, call: scores, phase: playing
2026-06-16 16:03:01, tokens_remaining: 1776, call: scores, phase: playing
2026-06-16 16:03:03, tokens_remaining: 1775, call: events, phase: playing
2026-06-16 16:03:04, tokens_remaining: 1774, call: scores, phase: playing
2026-06-16 16:03:05, tokens_remaining: 1774, call: scores, phase: playing
2026-06-16 16:03:06, tokens_remaining: 1773, call: scores, phase: playing
2026-06-16 16:03:06, tokens_remaining: 1773, call: scores, phase: playing
2026-06-16 16:03:08, tokens_remaining: 1772, call: scores, phase: playing
2026-06-16 16:03:08, tokens_remaining: 1772, call: scores, phase: playing
2026-06-16 16:03:10, tokens_remaining: 1771, call: scores, phase: playing
2026-06-16 16:03:11, tokens_remaining: 1771, call: scores, phase: playing
2026-06-16 16:03:12, tokens_remaining: 1770, call: scores, phase: playing
2026-06-16 16:03:13, tokens_remaining: 1769, call: events, phase: playing
2026-06-16 16:03:14, tokens_remaining: 1768, call: scores, phase: playing
2026-06-16 16:03:15, tokens_remaining: 1768, call: scores, phase: playing
2026-06-16 16:03:16, tokens_remaining: 1767, call: scores, phase: playing
2026-06-16 16:03:16, tokens_remaining: 1767, call: scores, phase: playing
2026-06-16 16:03:17, tokens_remaining: 1766, call: scores, phase: playing
2026-06-16 16:03:18, tokens_remaining: 1766, call: scores, phase: playing
2026-06-16 16:03:19, tokens_remaining: 1765, call: scores, phase: playing
2026-06-16 16:03:20, tokens_remaining: 1765, call: scores, phase: playing
2026-06-16 16:03:21, tokens_remaining: 1764, call: scores, phase: playing
2026-06-16 16:03:22, tokens_remaining: 1763, call: events, phase: playing
2026-06-16 16:03:23, tokens_remaining: 1762, call: scores, phase: playing
2026-06-16 16:03:24, tokens_remaining: 1762, call: scores, phase: playing
2026-06-16 16:03:25, tokens_remaining: 1761, call: scores, phase: playing
2026-06-16 16:03:25, tokens_remaining: 1761, call: scores, phase: playing
2026-06-16 16:03:26, tokens_remaining: 1760, call: scores, phase: playing
2026-06-16 16:03:27, tokens_remaining: 1760, call: scores, phase: playing
2026-06-16 16:03:28, tokens_remaining: 1759, call: scores, phase: playing
2026-06-16 16:03:29, tokens_remaining: 1759, call: scores, phase: playing
2026-06-16 16:03:30, tokens_remaining: 1758, call: scores, phase: playing
2026-06-16 16:03:31, tokens_remaining: 1757, call: events, phase: playing
2026-06-16 16:03:32, tokens_remaining: 1756, call: scores, phase: playing
2026-06-16 16:03:33, tokens_remaining: 1756, call: scores, phase: playing
2026-06-16 16:03:34, tokens_remaining: 1755, call: scores, phase: playing
2026-06-16 16:03:35, tokens_remaining: 1755, call: scores, phase: playing
2026-06-16 16:03:36, tokens_remaining: 1754, call: scores, phase: playing
2026-06-16 16:03:36, tokens_remaining: 1754, call: scores, phase: playing
2026-06-16 16:03:37, tokens_remaining: 1753, call: scores, phase: playing
2026-06-16 16:03:38, tokens_remaining: 1753, call: scores, phase: playing
2026-06-16 16:03:39, tokens_remaining: 1752, call: scores, phase: playing
2026-06-16 16:03:40, tokens_remaining: 1751, call: events, phase: playing
2026-06-16 16:03:41, tokens_remaining: 1750, call: scores, phase: playing
2026-06-16 16:03:42, tokens_remaining: 1750, call: scores, phase: playing
2026-06-16 16:03:43, tokens_remaining: 1749, call: scores, phase: playing
2026-06-16 16:03:44, tokens_remaining: 1749, call: scores, phase: playing
2026-06-16 16:03:45, tokens_remaining: 1748, call: scores, phase: playing
2026-06-16 16:03:46, tokens_remaining: 1748, call: scores, phase: playing
2026-06-16 16:03:47, tokens_remaining: 1747, call: scores, phase: playing
2026-06-16 16:03:47, tokens_remaining: 1747, call: scores, phase: playing
2026-06-16 16:03:48, tokens_remaining: 1746, call: scores, phase: playing
2026-06-16 16:03:49, tokens_remaining: 1745, call: events, phase: playing
2026-06-16 16:03:50, tokens_remaining: 1744, call: scores, phase: playing
2026-06-16 16:03:51, tokens_remaining: 1744, call: scores, phase: playing
2026-06-16 16:03:52, tokens_remaining: 1743, call: scores, phase: playing
2026-06-16 16:03:53, tokens_remaining: 1743, call: scores, phase: playing
2026-06-16 16:03:54, tokens_remaining: 1742, call: scores, phase: playing
2026-06-16 16:03:55, tokens_remaining: 1742, call: scores, phase: playing
2026-06-16 16:03:56, tokens_remaining: 1741, call: scores, phase: playing
2026-06-16 16:03:56, tokens_remaining: 1741, call: scores, phase: playing
2026-06-16 16:03:57, tokens_remaining: 1740, call: scores, phase: playing
2026-06-16 16:03:58, tokens_remaining: 1739, call: events, phase: playing
2026-06-16 16:03:59, tokens_remaining: 1738, call: scores, phase: playing
2026-06-16 16:04:00, tokens_remaining: 1738, call: scores, phase: playing
2026-06-16 16:04:01, tokens_remaining: 1737, call: scores, phase: playing
2026-06-16 16:04:02, tokens_remaining: 1737, call: scores, phase: playing
2026-06-16 16:04:03, tokens_remaining: 1736, call: scores, phase: playing
2026-06-16 16:04:04, tokens_remaining: 1736, call: scores, phase: playing
2026-06-16 16:04:05, tokens_remaining: 1735, call: scores, phase: playing
2026-06-16 16:04:06, tokens_remaining: 1735, call: scores, phase: playing
2026-06-16 16:04:07, tokens_remaining: 1734, call: scores, phase: playing
2026-06-16 16:04:08, tokens_remaining: 1733, call: events, phase: playing
2026-06-16 16:04:09, tokens_remaining: 1732, call: scores, phase: playing
2026-06-16 16:04:09, tokens_remaining: 1732, call: scores, phase: playing
2026-06-16 16:04:10, tokens_remaining: 1731, call: scores, phase: playing
2026-06-16 16:04:11, tokens_remaining: 1731, call: scores, phase: playing
2026-06-16 16:04:12, tokens_remaining: 1730, call: scores, phase: playing
2026-06-16 16:04:13, tokens_remaining: 1730, call: scores, phase: playing
2026-06-16 16:04:14, tokens_remaining: 1729, call: scores, phase: playing
2026-06-16 16:04:15, tokens_remaining: 1729, call: scores, phase: playing
2026-06-16 16:04:16, tokens_remaining: 1728, call: scores, phase: playing
2026-06-16 16:04:17, tokens_remaining: 1727, call: events, phase: playing
2026-06-16 16:04:18, tokens_remaining: 1726, call: scores, phase: playing
2026-06-16 16:04:19, tokens_remaining: 1726, call: scores, phase: playing
2026-06-16 16:04:20, tokens_remaining: 1725, call: scores, phase: playing
2026-06-16 16:04:20, STATE_CHANGE: France vs Senegal [2H -> FT]
2026-06-16 16:04:30, tokens_remaining: 1724, call: scores, phase: postgame
2026-06-16 16:04:40, tokens_remaining: 1723, call: scores, phase: postgame
2026-06-16 16:04:50, tokens_remaining: 1722, call: scores, phase: postgame
2026-06-16 16:05:01, tokens_remaining: 1721, call: scores, phase: postgame
2026-06-16 16:05:11, tokens_remaining: 1720, call: scores, phase: postgame
2026-06-16 16:06:12, tokens_remaining: 1719, call: scores, phase: postgame
2026-06-16 16:07:12, tokens_remaining: 1718, call: events, phase: postgame
2026-06-16 16:08:13, tokens_remaining: 1717, call: scores, phase: postgame
2026-06-16 16:09:13, tokens_remaining: 1716, call: scores, phase: postgame
