2026-06-15 17:37:38, tokens_remaining: 1530, call: events, phase: idle
2026-06-15 17:37:38, STATE_CHANGE: Saudi Arabia vs Uruguay [— -> 1H]
2026-06-15 17:37:39, tokens_remaining: 1529, call: scores, phase: playing
2026-06-15 17:37:40, tokens_remaining: 1528, call: scores, phase: playing
2026-06-15 17:37:42, tokens_remaining: 1527, call: scores, phase: playing
2026-06-15 17:37:43, tokens_remaining: 1526, call: scores, phase: playing
2026-06-15 17:37:44, tokens_remaining: 1526, call: scores, phase: playing
2026-06-15 17:37:45, tokens_remaining: 1525, call: scores, phase: playing
2026-06-15 17:37:46, tokens_remaining: 1525, call: scores, phase: playing
2026-06-15 17:37:47, tokens_remaining: 1524, call: scores, phase: playing
2026-06-15 17:37:48, tokens_remaining: 1523, call: events, phase: playing
2026-06-15 17:37:49, tokens_remaining: 1522, call: scores, phase: playing
2026-06-15 17:37:50, tokens_remaining: 1522, call: scores, phase: playing
2026-06-15 17:37:51, tokens_remaining: 1521, call: scores, phase: playing
2026-06-15 17:37:52, tokens_remaining: 1521, call: scores, phase: playing
2026-06-15 17:37:53, tokens_remaining: 1520, call: scores, phase: playing
2026-06-15 17:37:54, tokens_remaining: 1520, call: scores, phase: playing
2026-06-15 17:37:55, tokens_remaining: 1519, call: scores, phase: playing
2026-06-15 17:37:56, tokens_remaining: 1519, call: scores, phase: playing
2026-06-15 17:37:57, tokens_remaining: 1518, call: scores, phase: playing
2026-06-15 17:37:58, tokens_remaining: 1517, call: events, phase: playing
2026-06-15 17:37:59, tokens_remaining: 1516, call: scores, phase: playing
2026-06-15 17:38:00, tokens_remaining: 1516, call: scores, phase: playing
2026-06-15 17:38:01, tokens_remaining: 1515, call: scores, phase: playing
2026-06-15 17:38:02, tokens_remaining: 1515, call: scores, phase: playing
2026-06-15 17:38:03, tokens_remaining: 1514, call: scores, phase: playing
2026-06-15 17:38:03, tokens_remaining: 1514, call: scores, phase: playing
2026-06-15 17:38:04, tokens_remaining: 1513, call: scores, phase: playing
2026-06-15 17:38:05, tokens_remaining: 1513, call: scores, phase: playing
2026-06-15 17:38:06, tokens_remaining: 1512, call: scores, phase: playing
2026-06-15 17:38:07, tokens_remaining: 1511, call: events, phase: playing
2026-06-15 17:38:09, tokens_remaining: 1510, call: scores, phase: playing
2026-06-15 17:38:09, tokens_remaining: 1510, call: scores, phase: playing
2026-06-15 17:38:10, tokens_remaining: 1509, call: scores, phase: playing
2026-06-15 17:38:11, tokens_remaining: 1509, call: scores, phase: playing
2026-06-15 17:38:12, tokens_remaining: 1508, call: scores, phase: playing
2026-06-15 17:38:13, tokens_remaining: 1508, call: scores, phase: playing
2026-06-15 17:38:14, tokens_remaining: 1507, call: scores, phase: playing
2026-06-15 17:38:15, tokens_remaining: 1507, call: scores, phase: playing
2026-06-15 17:38:16, tokens_remaining: 1506, call: scores, phase: playing
2026-06-15 17:38:17, tokens_remaining: 1505, call: events, phase: playing
2026-06-15 17:38:18, tokens_remaining: 1504, call: scores, phase: playing
2026-06-15 17:38:19, tokens_remaining: 1504, call: scores, phase: playing
2026-06-15 17:38:20, tokens_remaining: 1503, call: scores, phase: playing
2026-06-15 17:38:21, tokens_remaining: 1503, call: scores, phase: playing
2026-06-15 17:38:22, tokens_remaining: 1502, call: scores, phase: playing
2026-06-15 17:38:23, tokens_remaining: 1502, call: scores, phase: playing
2026-06-15 17:38:24, tokens_remaining: 1501, call: scores, phase: playing
2026-06-15 17:38:24, tokens_remaining: 1501, call: scores, phase: playing
2026-06-15 17:38:25, tokens_remaining: 1500, call: scores, phase: playing
2026-06-15 17:38:27, tokens_remaining: 1499, call: events, phase: playing
2026-06-15 17:38:28, tokens_remaining: 1498, call: scores, phase: playing
2026-06-15 17:38:28, tokens_remaining: 1498, call: scores, phase: playing
2026-06-15 17:38:29, tokens_remaining: 1497, call: scores, phase: playing
2026-06-15 17:38:30, tokens_remaining: 1497, call: scores, phase: playing
2026-06-15 17:38:31, tokens_remaining: 1496, call: scores, phase: playing
2026-06-15 17:38:32, tokens_remaining: 1496, call: scores, phase: playing
2026-06-15 17:38:33, tokens_remaining: 1495, call: scores, phase: playing
2026-06-15 17:38:34, tokens_remaining: 1495, call: scores, phase: playing
2026-06-15 17:38:35, tokens_remaining: 1494, call: scores, phase: playing
2026-06-15 17:38:36, tokens_remaining: 1493, call: events, phase: playing
2026-06-15 17:38:37, tokens_remaining: 1492, call: scores, phase: playing
2026-06-15 17:38:38, tokens_remaining: 1492, call: scores, phase: playing
2026-06-15 17:38:39, tokens_remaining: 1491, call: scores, phase: playing
2026-06-15 17:38:40, tokens_remaining: 1491, call: scores, phase: playing
2026-06-15 17:38:41, tokens_remaining: 1490, call: scores, phase: playing
2026-06-15 17:38:41, tokens_remaining: 1490, call: scores, phase: playing
2026-06-15 17:38:43, tokens_remaining: 1489, call: scores, phase: playing
2026-06-15 17:38:43, tokens_remaining: 1489, call: scores, phase: playing
2026-06-15 17:38:44, tokens_remaining: 1488, call: scores, phase: playing
2026-06-15 17:38:45, tokens_remaining: 1487, call: events, phase: playing
2026-06-15 17:38:46, tokens_remaining: 1486, call: scores, phase: playing
2026-06-15 17:38:47, tokens_remaining: 1486, call: scores, phase: playing
2026-06-15 17:38:48, tokens_remaining: 1485, call: scores, phase: playing
2026-06-15 17:38:49, tokens_remaining: 1485, call: scores, phase: playing
2026-06-15 17:38:50, tokens_remaining: 1484, call: scores, phase: playing
2026-06-15 17:38:51, tokens_remaining: 1484, call: scores, phase: playing
2026-06-15 17:38:52, tokens_remaining: 1483, call: scores, phase: playing
2026-06-15 17:38:53, tokens_remaining: 1483, call: scores, phase: playing
2026-06-15 17:38:54, tokens_remaining: 1482, call: scores, phase: playing
2026-06-15 17:38:55, tokens_remaining: 1481, call: events, phase: playing
2026-06-15 17:38:56, tokens_remaining: 1480, call: scores, phase: playing
2026-06-15 17:38:57, tokens_remaining: 1480, call: scores, phase: playing
2026-06-15 17:38:58, tokens_remaining: 1479, call: scores, phase: playing
2026-06-15 17:38:58, tokens_remaining: 1479, call: scores, phase: playing
2026-06-15 17:38:59, tokens_remaining: 1478, call: scores, phase: playing
2026-06-15 17:39:00, tokens_remaining: 1478, call: scores, phase: playing
2026-06-15 17:39:01, tokens_remaining: 1477, call: scores, phase: playing
2026-06-15 17:39:02, tokens_remaining: 1477, call: scores, phase: playing
2026-06-15 17:39:03, tokens_remaining: 1476, call: scores, phase: playing
2026-06-15 17:39:04, tokens_remaining: 1475, call: events, phase: playing
2026-06-15 17:39:05, tokens_remaining: 1474, call: scores, phase: playing
2026-06-15 17:39:06, tokens_remaining: 1474, call: scores, phase: playing
2026-06-15 17:39:07, tokens_remaining: 1473, call: scores, phase: playing
2026-06-15 17:39:08, tokens_remaining: 1473, call: scores, phase: playing
2026-06-15 17:39:09, tokens_remaining: 1472, call: scores, phase: playing
2026-06-15 17:39:10, tokens_remaining: 1472, call: scores, phase: playing
2026-06-15 17:39:11, tokens_remaining: 1471, call: scores, phase: playing
2026-06-15 17:39:12, tokens_remaining: 1471, call: scores, phase: playing
2026-06-15 17:39:13, tokens_remaining: 1470, call: scores, phase: playing
2026-06-15 17:39:14, tokens_remaining: 1469, call: events, phase: playing
2026-06-15 17:39:15, tokens_remaining: 1468, call: scores, phase: playing
2026-06-15 17:39:15, tokens_remaining: 1468, call: scores, phase: playing
2026-06-15 17:39:16, tokens_remaining: 1467, call: scores, phase: playing
2026-06-15 17:39:17, tokens_remaining: 1467, call: scores, phase: playing
2026-06-15 17:39:18, tokens_remaining: 1466, call: scores, phase: playing
2026-06-15 17:39:19, tokens_remaining: 1466, call: scores, phase: playing
2026-06-15 17:39:20, tokens_remaining: 1465, call: scores, phase: playing
2026-06-15 17:39:21, tokens_remaining: 1465, call: scores, phase: playing
2026-06-15 17:39:22, tokens_remaining: 1464, call: scores, phase: playing
2026-06-15 17:39:23, tokens_remaining: 1463, call: events, phase: playing
2026-06-15 17:39:24, tokens_remaining: 1462, call: scores, phase: playing
2026-06-15 17:39:25, tokens_remaining: 1462, call: scores, phase: playing
2026-06-15 17:39:26, tokens_remaining: 1461, call: scores, phase: playing
2026-06-15 17:39:26, tokens_remaining: 1461, call: scores, phase: playing
2026-06-15 17:39:27, tokens_remaining: 1460, call: scores, phase: playing
2026-06-15 17:39:28, tokens_remaining: 1460, call: scores, phase: playing
2026-06-15 17:39:29, tokens_remaining: 1459, call: scores, phase: playing
2026-06-15 17:39:30, tokens_remaining: 1459, call: scores, phase: playing
2026-06-15 17:39:31, tokens_remaining: 1458, call: scores, phase: playing
2026-06-15 17:39:32, tokens_remaining: 1457, call: events, phase: playing
2026-06-15 17:39:33, tokens_remaining: 1456, call: scores, phase: playing
2026-06-15 17:39:34, tokens_remaining: 1456, call: scores, phase: playing
2026-06-15 17:39:35, tokens_remaining: 1455, call: scores, phase: playing
2026-06-15 17:39:36, tokens_remaining: 1455, call: scores, phase: playing
2026-06-15 17:39:37, tokens_remaining: 1454, call: scores, phase: playing
2026-06-15 17:39:37, tokens_remaining: 1454, call: scores, phase: playing
2026-06-15 17:39:38, tokens_remaining: 1453, call: scores, phase: playing
2026-06-15 17:39:39, tokens_remaining: 1453, call: scores, phase: playing
2026-06-15 17:39:40, tokens_remaining: 1452, call: scores, phase: playing
2026-06-15 17:39:41, tokens_remaining: 1451, call: events, phase: playing
2026-06-15 17:39:42, tokens_remaining: 1450, call: scores, phase: playing
2026-06-15 17:39:43, tokens_remaining: 1450, call: scores, phase: playing
2026-06-15 17:39:44, tokens_remaining: 1449, call: scores, phase: playing
2026-06-15 17:39:45, tokens_remaining: 1449, call: scores, phase: playing
2026-06-15 17:39:46, tokens_remaining: 1448, call: scores, phase: playing
2026-06-15 17:39:47, tokens_remaining: 1448, call: scores, phase: playing
2026-06-15 17:39:48, tokens_remaining: 1447, call: scores, phase: playing
2026-06-15 17:39:48, tokens_remaining: 1447, call: scores, phase: playing
2026-06-15 17:39:49, tokens_remaining: 1446, call: scores, phase: playing
2026-06-15 17:39:50, tokens_remaining: 1445, call: events, phase: playing
2026-06-15 17:39:52, tokens_remaining: 1444, call: scores, phase: playing
2026-06-15 17:39:52, tokens_remaining: 1444, call: scores, phase: playing
2026-06-15 17:39:53, tokens_remaining: 1443, call: scores, phase: playing
2026-06-15 17:39:54, tokens_remaining: 1443, call: scores, phase: playing
2026-06-15 17:39:55, tokens_remaining: 1442, call: scores, phase: playing
2026-06-15 17:39:56, tokens_remaining: 1442, call: scores, phase: playing
2026-06-15 17:39:57, tokens_remaining: 1441, call: scores, phase: playing
2026-06-15 17:39:58, tokens_remaining: 1441, call: scores, phase: playing
2026-06-15 17:39:59, tokens_remaining: 1440, call: scores, phase: playing
2026-06-15 17:40:00, tokens_remaining: 1439, call: events, phase: playing
2026-06-15 17:40:01, tokens_remaining: 1438, call: scores, phase: playing
2026-06-15 17:40:01, tokens_remaining: 1438, call: scores, phase: playing
2026-06-15 17:40:02, tokens_remaining: 1437, call: scores, phase: playing
2026-06-15 17:40:03, tokens_remaining: 1437, call: scores, phase: playing
2026-06-15 17:40:04, tokens_remaining: 1436, call: scores, phase: playing
2026-06-15 17:40:05, tokens_remaining: 1436, call: scores, phase: playing
2026-06-15 17:40:06, tokens_remaining: 1435, call: scores, phase: playing
2026-06-15 17:40:07, tokens_remaining: 1435, call: scores, phase: playing
2026-06-15 17:40:08, tokens_remaining: 1434, call: scores, phase: playing
2026-06-15 17:40:09, tokens_remaining: 1433, call: events, phase: playing
2026-06-15 17:40:10, tokens_remaining: 1432, call: scores, phase: playing
2026-06-15 17:40:11, tokens_remaining: 1432, call: scores, phase: playing
2026-06-15 17:40:12, tokens_remaining: 1431, call: scores, phase: playing
2026-06-15 17:40:12, tokens_remaining: 1431, call: scores, phase: playing
2026-06-15 17:40:13, tokens_remaining: 1430, call: scores, phase: playing
2026-06-15 17:40:14, tokens_remaining: 1430, call: scores, phase: playing
2026-06-15 17:40:15, tokens_remaining: 1429, call: scores, phase: playing
2026-06-15 17:40:16, tokens_remaining: 1429, call: scores, phase: playing
2026-06-15 17:40:17, tokens_remaining: 1428, call: scores, phase: playing
2026-06-15 17:40:18, tokens_remaining: 1427, call: events, phase: playing
2026-06-15 17:40:19, tokens_remaining: 1426, call: scores, phase: playing
2026-06-15 17:40:20, tokens_remaining: 1426, call: scores, phase: playing
2026-06-15 17:40:21, tokens_remaining: 1425, call: scores, phase: playing
2026-06-15 17:40:22, tokens_remaining: 1425, call: scores, phase: playing
2026-06-15 17:40:23, tokens_remaining: 1424, call: scores, phase: playing
2026-06-15 17:40:23, tokens_remaining: 1424, call: scores, phase: playing
2026-06-15 17:40:24, tokens_remaining: 1423, call: scores, phase: playing
2026-06-15 17:40:25, tokens_remaining: 1423, call: scores, phase: playing
2026-06-15 17:40:26, tokens_remaining: 1422, call: scores, phase: playing
2026-06-15 17:40:27, tokens_remaining: 1421, call: events, phase: playing
2026-06-15 17:40:28, tokens_remaining: 1420, call: scores, phase: playing
2026-06-15 17:40:29, tokens_remaining: 1420, call: scores, phase: playing
2026-06-15 17:40:30, tokens_remaining: 1419, call: scores, phase: playing
2026-06-15 17:40:31, tokens_remaining: 1419, call: scores, phase: playing
2026-06-15 17:40:32, tokens_remaining: 1418, call: scores, phase: playing
2026-06-15 17:40:32, tokens_remaining: 1418, call: scores, phase: playing
2026-06-15 17:40:33, tokens_remaining: 1417, call: scores, phase: playing
2026-06-15 17:40:34, tokens_remaining: 1417, call: scores, phase: playing
2026-06-15 17:40:35, tokens_remaining: 1416, call: scores, phase: playing
2026-06-15 17:40:36, tokens_remaining: 1415, call: events, phase: playing
2026-06-15 17:40:37, tokens_remaining: 1414, call: scores, phase: playing
2026-06-15 17:40:38, tokens_remaining: 1414, call: scores, phase: playing
2026-06-15 17:40:39, tokens_remaining: 1413, call: scores, phase: playing
2026-06-15 17:40:40, tokens_remaining: 1413, call: scores, phase: playing
2026-06-15 17:40:41, tokens_remaining: 1412, call: scores, phase: playing
2026-06-15 17:40:41, tokens_remaining: 1412, call: scores, phase: playing
2026-06-15 17:40:42, tokens_remaining: 1411, call: scores, phase: playing
2026-06-15 17:40:43, tokens_remaining: 1411, call: scores, phase: playing
2026-06-15 17:40:44, tokens_remaining: 1410, call: scores, phase: playing
2026-06-15 17:40:45, tokens_remaining: 1409, call: events, phase: playing
2026-06-15 17:40:46, tokens_remaining: 1408, call: scores, phase: playing
2026-06-15 17:40:47, tokens_remaining: 1408, call: scores, phase: playing
2026-06-15 17:40:48, tokens_remaining: 1407, call: scores, phase: playing
2026-06-15 17:40:49, tokens_remaining: 1407, call: scores, phase: playing
2026-06-15 17:40:51, tokens_remaining: 1406, call: scores, phase: playing
2026-06-15 17:40:51, tokens_remaining: 1406, call: scores, phase: playing
2026-06-15 17:40:52, tokens_remaining: 1405, call: scores, phase: playing
2026-06-15 17:40:53, tokens_remaining: 1405, call: scores, phase: playing
2026-06-15 17:40:54, tokens_remaining: 1404, call: scores, phase: playing
2026-06-15 17:40:55, tokens_remaining: 1403, call: events, phase: playing
2026-06-15 17:40:56, tokens_remaining: 1402, call: scores, phase: playing
2026-06-15 17:40:57, tokens_remaining: 1402, call: scores, phase: playing
2026-06-15 17:40:58, tokens_remaining: 1401, call: scores, phase: playing
2026-06-15 17:40:59, tokens_remaining: 1401, call: scores, phase: playing
2026-06-15 17:41:00, tokens_remaining: 1400, call: scores, phase: playing
2026-06-15 17:41:01, tokens_remaining: 1400, call: scores, phase: playing
2026-06-15 17:41:02, tokens_remaining: 1399, call: scores, phase: playing
2026-06-15 17:41:02, tokens_remaining: 1399, call: scores, phase: playing
2026-06-15 17:41:03, tokens_remaining: 1398, call: scores, phase: playing
2026-06-15 17:41:04, tokens_remaining: 1397, call: events, phase: playing
2026-06-15 17:41:06, tokens_remaining: 1396, call: scores, phase: playing
2026-06-15 17:41:07, tokens_remaining: 1396, call: scores, phase: playing
2026-06-15 17:41:08, tokens_remaining: 1395, call: scores, phase: playing
2026-06-15 17:41:09, tokens_remaining: 1395, call: scores, phase: playing
2026-06-15 17:41:10, tokens_remaining: 1394, call: scores, phase: playing
2026-06-15 17:41:11, tokens_remaining: 1394, call: scores, phase: playing
2026-06-15 17:41:12, tokens_remaining: 1393, call: scores, phase: playing
2026-06-15 17:41:13, tokens_remaining: 1393, call: scores, phase: playing
2026-06-15 17:41:14, tokens_remaining: 1392, call: scores, phase: playing
2026-06-15 17:41:15, tokens_remaining: 1391, call: events, phase: playing
2026-06-15 17:41:16, tokens_remaining: 1390, call: scores, phase: playing
2026-06-15 17:41:17, tokens_remaining: 1390, call: scores, phase: playing
2026-06-15 17:41:18, tokens_remaining: 1389, call: scores, phase: playing
2026-06-15 17:41:18, tokens_remaining: 1389, call: scores, phase: playing
2026-06-15 17:41:19, tokens_remaining: 1388, call: scores, phase: playing
2026-06-15 17:41:20, tokens_remaining: 1388, call: scores, phase: playing
2026-06-15 17:41:21, tokens_remaining: 1387, call: scores, phase: playing
2026-06-15 17:41:22, tokens_remaining: 1387, call: scores, phase: playing
2026-06-15 17:41:25, tokens_remaining: 1386, call: scores, phase: playing
2026-06-15 17:41:26, tokens_remaining: 1385, call: events, phase: playing
2026-06-15 17:41:27, tokens_remaining: 1384, call: scores, phase: playing
2026-06-15 17:41:28, tokens_remaining: 1384, call: scores, phase: playing
2026-06-15 17:41:29, tokens_remaining: 1383, call: scores, phase: playing
2026-06-15 17:41:34, tokens_remaining: 1382, call: scores, phase: playing
2026-06-15 17:41:35, tokens_remaining: 1382, call: scores, phase: playing
2026-06-15 17:41:36, tokens_remaining: 1381, call: scores, phase: playing
2026-06-15 17:41:37, tokens_remaining: 1380, call: scores, phase: playing
2026-06-15 17:41:38, tokens_remaining: 1380, call: scores, phase: playing
2026-06-15 17:41:39, tokens_remaining: 1379, call: scores, phase: playing
2026-06-15 17:41:40, tokens_remaining: 1378, call: events, phase: playing
2026-06-15 17:41:41, tokens_remaining: 1377, call: scores, phase: playing
2026-06-15 17:41:41, tokens_remaining: 1377, call: scores, phase: playing
2026-06-15 17:41:42, tokens_remaining: 1376, call: scores, phase: playing
2026-06-15 17:41:43, tokens_remaining: 1376, call: scores, phase: playing
2026-06-15 17:41:45, tokens_remaining: 1375, call: scores, phase: playing
2026-06-15 17:41:46, tokens_remaining: 1375, call: scores, phase: playing
2026-06-15 17:41:47, tokens_remaining: 1374, call: scores, phase: playing
2026-06-15 17:41:48, tokens_remaining: 1374, call: scores, phase: playing
2026-06-15 17:41:49, tokens_remaining: 1373, call: scores, phase: playing
2026-06-15 17:41:51, tokens_remaining: 1372, call: events, phase: playing
2026-06-15 17:41:52, tokens_remaining: 1371, call: scores, phase: playing
2026-06-15 17:41:53, tokens_remaining: 1371, call: scores, phase: playing
2026-06-15 17:41:54, tokens_remaining: 1370, call: scores, phase: playing
2026-06-15 17:41:55, tokens_remaining: 1370, call: scores, phase: playing
2026-06-15 17:41:56, tokens_remaining: 1369, call: scores, phase: playing
2026-06-15 17:41:57, tokens_remaining: 1369, call: scores, phase: playing
2026-06-15 17:41:58, tokens_remaining: 1368, call: scores, phase: playing
2026-06-15 17:41:58, tokens_remaining: 1368, call: scores, phase: playing
2026-06-15 17:42:00, tokens_remaining: 1367, call: scores, phase: playing
2026-06-15 17:42:13, tokens_remaining: 1366, call: events, phase: playing
2026-06-15 17:42:14, tokens_remaining: 1365, call: scores, phase: playing
2026-06-15 17:42:14, tokens_remaining: 1365, call: scores, phase: playing
2026-06-15 17:42:16, tokens_remaining: 1364, call: scores, phase: playing
2026-06-15 17:42:17, tokens_remaining: 1364, call: scores, phase: playing
2026-06-15 17:42:18, tokens_remaining: 1363, call: scores, phase: playing
2026-06-15 17:42:19, tokens_remaining: 1363, call: scores, phase: playing
2026-06-15 17:42:20, tokens_remaining: 1362, call: scores, phase: playing
2026-06-15 17:42:20, tokens_remaining: 1362, call: scores, phase: playing
2026-06-15 17:42:22, tokens_remaining: 1361, call: scores, phase: playing
2026-06-15 17:42:23, tokens_remaining: 1360, call: events, phase: playing
2026-06-15 17:42:24, tokens_remaining: 1359, call: scores, phase: playing
2026-06-15 17:42:24, tokens_remaining: 1359, call: scores, phase: playing
2026-06-15 17:42:25, tokens_remaining: 1358, call: scores, phase: playing
2026-06-15 17:42:26, tokens_remaining: 1358, call: scores, phase: playing
2026-06-15 17:42:28, tokens_remaining: 1357, call: scores, phase: playing
2026-06-15 17:42:29, tokens_remaining: 1357, call: scores, phase: playing
2026-06-15 17:42:30, tokens_remaining: 1356, call: scores, phase: playing
2026-06-15 17:42:31, tokens_remaining: 1355, call: scores, phase: playing
2026-06-15 17:42:32, tokens_remaining: 1355, call: scores, phase: playing
2026-06-15 17:42:33, tokens_remaining: 1354, call: events, phase: playing
2026-06-15 17:42:34, tokens_remaining: 1353, call: scores, phase: playing
2026-06-15 17:42:35, tokens_remaining: 1353, call: scores, phase: playing
2026-06-15 17:42:36, tokens_remaining: 1352, call: scores, phase: playing
2026-06-15 17:42:36, tokens_remaining: 1352, call: scores, phase: playing
2026-06-15 17:42:37, tokens_remaining: 1351, call: scores, phase: playing
2026-06-15 17:42:38, tokens_remaining: 1351, call: scores, phase: playing
2026-06-15 17:42:39, tokens_remaining: 1350, call: scores, phase: playing
2026-06-15 17:42:40, tokens_remaining: 1350, call: scores, phase: playing
2026-06-15 17:42:41, tokens_remaining: 1349, call: scores, phase: playing
2026-06-15 17:42:41, tokens_remaining: 1348, call: events, phase: playing
2026-06-15 17:42:42, tokens_remaining: 1347, call: scores, phase: playing
2026-06-15 17:42:43, tokens_remaining: 1347, call: scores, phase: playing
2026-06-15 17:42:44, tokens_remaining: 1346, call: scores, phase: playing
2026-06-15 17:42:45, tokens_remaining: 1346, call: scores, phase: playing
2026-06-15 17:42:46, tokens_remaining: 1345, call: scores, phase: playing
2026-06-15 17:42:46, tokens_remaining: 1345, call: scores, phase: playing
2026-06-15 17:42:47, tokens_remaining: 1344, call: scores, phase: playing
2026-06-15 17:42:48, tokens_remaining: 1344, call: scores, phase: playing
2026-06-15 17:42:49, tokens_remaining: 1343, call: scores, phase: playing
2026-06-15 17:42:50, tokens_remaining: 1342, call: events, phase: playing
2026-06-15 17:42:51, tokens_remaining: 1341, call: scores, phase: playing
2026-06-15 17:42:51, tokens_remaining: 1341, call: scores, phase: playing
2026-06-15 17:42:52, tokens_remaining: 1340, call: scores, phase: playing
2026-06-15 17:42:53, tokens_remaining: 1340, call: scores, phase: playing
2026-06-15 17:42:54, tokens_remaining: 1339, call: scores, phase: playing
2026-06-15 17:42:55, tokens_remaining: 1339, call: scores, phase: playing
2026-06-15 17:42:56, tokens_remaining: 1338, call: scores, phase: playing
2026-06-15 17:42:56, tokens_remaining: 1338, call: scores, phase: playing
2026-06-15 17:42:57, tokens_remaining: 1337, call: scores, phase: playing
2026-06-15 17:42:58, tokens_remaining: 1336, call: events, phase: playing
2026-06-15 17:42:59, tokens_remaining: 1335, call: scores, phase: playing
2026-06-15 17:43:00, tokens_remaining: 1335, call: scores, phase: playing
2026-06-15 17:43:01, tokens_remaining: 1334, call: scores, phase: playing
2026-06-15 17:43:01, tokens_remaining: 1334, call: scores, phase: playing
2026-06-15 17:43:02, tokens_remaining: 1333, call: scores, phase: playing
2026-06-15 17:43:03, tokens_remaining: 1333, call: scores, phase: playing
2026-06-15 17:43:04, tokens_remaining: 1332, call: scores, phase: playing
2026-06-15 17:43:05, tokens_remaining: 1332, call: scores, phase: playing
2026-06-15 17:43:06, tokens_remaining: 1331, call: scores, phase: playing
2026-06-15 17:43:07, tokens_remaining: 1330, call: events, phase: playing
2026-06-15 17:43:07, tokens_remaining: 1329, call: scores, phase: playing
2026-06-15 17:43:08, tokens_remaining: 1329, call: scores, phase: playing
2026-06-15 17:43:09, tokens_remaining: 1328, call: scores, phase: playing
2026-06-15 17:43:10, tokens_remaining: 1328, call: scores, phase: playing
2026-06-15 17:43:11, tokens_remaining: 1327, call: scores, phase: playing
2026-06-15 17:43:11, tokens_remaining: 1327, call: scores, phase: playing
2026-06-15 17:43:12, tokens_remaining: 1326, call: scores, phase: playing
2026-06-15 17:43:13, tokens_remaining: 1326, call: scores, phase: playing
2026-06-15 17:43:14, tokens_remaining: 1325, call: scores, phase: playing
2026-06-15 17:43:15, tokens_remaining: 1324, call: events, phase: playing
2026-06-15 17:43:16, tokens_remaining: 1323, call: scores, phase: playing
2026-06-15 17:43:16, tokens_remaining: 1323, call: scores, phase: playing
2026-06-15 17:43:17, tokens_remaining: 1322, call: scores, phase: playing
2026-06-15 17:43:18, tokens_remaining: 1322, call: scores, phase: playing
2026-06-15 17:43:19, tokens_remaining: 1321, call: scores, phase: playing
2026-06-15 17:43:20, tokens_remaining: 1321, call: scores, phase: playing
2026-06-15 17:43:20, tokens_remaining: 1320, call: scores, phase: playing
2026-06-15 17:43:21, tokens_remaining: 1320, call: scores, phase: playing
2026-06-15 17:43:22, tokens_remaining: 1319, call: scores, phase: playing
2026-06-15 17:43:23, tokens_remaining: 1318, call: events, phase: playing
2026-06-15 17:43:24, tokens_remaining: 1317, call: scores, phase: playing
2026-06-15 17:43:25, tokens_remaining: 1317, call: scores, phase: playing
2026-06-15 17:43:26, tokens_remaining: 1316, call: scores, phase: playing
2026-06-15 17:43:26, tokens_remaining: 1316, call: scores, phase: playing
2026-06-15 17:43:27, tokens_remaining: 1315, call: scores, phase: playing
2026-06-15 17:43:28, tokens_remaining: 1315, call: scores, phase: playing
2026-06-15 17:43:29, tokens_remaining: 1314, call: scores, phase: playing
2026-06-15 17:43:29, tokens_remaining: 1314, call: scores, phase: playing
2026-06-15 17:43:30, tokens_remaining: 1313, call: scores, phase: playing
2026-06-15 17:43:31, tokens_remaining: 1312, call: events, phase: playing
2026-06-15 17:43:32, tokens_remaining: 1311, call: scores, phase: playing
2026-06-15 17:43:33, tokens_remaining: 1311, call: scores, phase: playing
2026-06-15 17:43:34, tokens_remaining: 1310, call: scores, phase: playing
2026-06-15 17:43:34, tokens_remaining: 1310, call: scores, phase: playing
2026-06-15 17:43:35, tokens_remaining: 1309, call: scores, phase: playing
2026-06-15 17:43:36, tokens_remaining: 1309, call: scores, phase: playing
2026-06-15 17:43:37, tokens_remaining: 1308, call: scores, phase: playing
2026-06-15 17:43:38, tokens_remaining: 1308, call: scores, phase: playing
2026-06-15 17:43:38, tokens_remaining: 1307, call: scores, phase: playing
2026-06-15 17:43:39, tokens_remaining: 1306, call: events, phase: playing
2026-06-15 17:43:40, tokens_remaining: 1305, call: scores, phase: playing
2026-06-15 17:43:41, tokens_remaining: 1305, call: scores, phase: playing
2026-06-15 17:43:42, tokens_remaining: 1304, call: scores, phase: playing
2026-06-15 17:43:43, tokens_remaining: 1304, call: scores, phase: playing
2026-06-15 17:43:44, tokens_remaining: 1303, call: scores, phase: playing
2026-06-15 17:43:44, tokens_remaining: 1303, call: scores, phase: playing
2026-06-15 17:43:45, tokens_remaining: 1302, call: scores, phase: playing
2026-06-15 17:43:46, tokens_remaining: 1302, call: scores, phase: playing
2026-06-15 17:43:47, tokens_remaining: 1301, call: scores, phase: playing
2026-06-15 17:43:48, tokens_remaining: 1300, call: events, phase: playing
2026-06-15 17:43:49, tokens_remaining: 1299, call: scores, phase: playing
2026-06-15 17:43:49, tokens_remaining: 1299, call: scores, phase: playing
2026-06-15 17:43:50, tokens_remaining: 1298, call: scores, phase: playing
2026-06-15 17:43:51, tokens_remaining: 1298, call: scores, phase: playing
2026-06-15 17:43:52, tokens_remaining: 1297, call: scores, phase: playing
2026-06-15 17:43:52, tokens_remaining: 1297, call: scores, phase: playing
2026-06-15 17:43:53, tokens_remaining: 1296, call: scores, phase: playing
2026-06-15 17:43:54, tokens_remaining: 1296, call: scores, phase: playing
2026-06-15 17:43:55, tokens_remaining: 1295, call: scores, phase: playing
2026-06-15 17:43:56, tokens_remaining: 1294, call: events, phase: playing
2026-06-15 17:43:57, tokens_remaining: 1293, call: scores, phase: playing
2026-06-15 17:43:57, tokens_remaining: 1293, call: scores, phase: playing
2026-06-15 17:43:58, tokens_remaining: 1292, call: scores, phase: playing
2026-06-15 17:43:59, tokens_remaining: 1292, call: scores, phase: playing
2026-06-15 17:44:00, tokens_remaining: 1291, call: scores, phase: playing
2026-06-15 17:44:00, tokens_remaining: 1291, call: scores, phase: playing
2026-06-15 17:44:01, tokens_remaining: 1290, call: scores, phase: playing
2026-06-15 17:44:02, tokens_remaining: 1290, call: scores, phase: playing
2026-06-15 17:44:03, tokens_remaining: 1289, call: scores, phase: playing
2026-06-15 17:44:04, tokens_remaining: 1288, call: events, phase: playing
2026-06-15 17:44:05, tokens_remaining: 1287, call: scores, phase: playing
2026-06-15 17:44:06, tokens_remaining: 1287, call: scores, phase: playing
2026-06-15 17:44:06, tokens_remaining: 1286, call: scores, phase: playing
2026-06-15 17:44:07, tokens_remaining: 1286, call: scores, phase: playing
2026-06-15 17:44:08, tokens_remaining: 1285, call: scores, phase: playing
2026-06-15 17:44:09, tokens_remaining: 1285, call: scores, phase: playing
2026-06-15 17:44:10, tokens_remaining: 1284, call: scores, phase: playing
2026-06-15 17:44:10, tokens_remaining: 1284, call: scores, phase: playing
2026-06-15 17:44:11, tokens_remaining: 1283, call: scores, phase: playing
2026-06-15 17:44:12, tokens_remaining: 1282, call: events, phase: playing
2026-06-15 17:44:13, tokens_remaining: 1281, call: scores, phase: playing
2026-06-15 17:44:14, tokens_remaining: 1281, call: scores, phase: playing
2026-06-15 17:44:15, tokens_remaining: 1280, call: scores, phase: playing
2026-06-15 17:44:15, tokens_remaining: 1280, call: scores, phase: playing
2026-06-15 17:44:16, tokens_remaining: 1279, call: scores, phase: playing
2026-06-15 17:44:17, tokens_remaining: 1279, call: scores, phase: playing
2026-06-15 17:44:18, tokens_remaining: 1278, call: scores, phase: playing
2026-06-15 17:44:18, tokens_remaining: 1278, call: scores, phase: playing
2026-06-15 17:44:19, tokens_remaining: 1277, call: scores, phase: playing
2026-06-15 17:44:19, GOAL: Saudi Arabia (Saudi Arabia 1-0 Uruguay)
2026-06-15 17:44:20, tokens_remaining: 1276, call: events, phase: playing
2026-06-15 17:44:21, tokens_remaining: 1275, call: scores, phase: playing
2026-06-15 17:44:22, tokens_remaining: 1275, call: scores, phase: playing
2026-06-15 17:44:23, tokens_remaining: 1274, call: scores, phase: playing
2026-06-15 17:44:23, tokens_remaining: 1274, call: scores, phase: playing
2026-06-15 17:44:24, tokens_remaining: 1273, call: scores, phase: playing
2026-06-15 17:44:25, tokens_remaining: 1273, call: scores, phase: playing
2026-06-15 17:44:26, tokens_remaining: 1272, call: scores, phase: playing
2026-06-15 17:44:26, tokens_remaining: 1272, call: scores, phase: playing
2026-06-15 17:44:27, tokens_remaining: 1271, call: scores, phase: playing
2026-06-15 17:44:28, tokens_remaining: 1270, call: events, phase: playing
2026-06-15 17:44:29, tokens_remaining: 1269, call: scores, phase: playing
2026-06-15 17:44:30, tokens_remaining: 1269, call: scores, phase: playing
2026-06-15 17:44:31, tokens_remaining: 1268, call: scores, phase: playing
2026-06-15 17:44:31, tokens_remaining: 1268, call: scores, phase: playing
2026-06-15 17:44:32, tokens_remaining: 1267, call: scores, phase: playing
2026-06-15 17:44:33, tokens_remaining: 1267, call: scores, phase: playing
2026-06-15 17:44:34, tokens_remaining: 1266, call: scores, phase: playing
2026-06-15 17:44:34, tokens_remaining: 1266, call: scores, phase: playing
2026-06-15 17:44:35, tokens_remaining: 1265, call: scores, phase: playing
2026-06-15 17:44:36, tokens_remaining: 1264, call: events, phase: playing
2026-06-15 17:44:37, tokens_remaining: 1263, call: scores, phase: playing
2026-06-15 17:44:38, tokens_remaining: 1263, call: scores, phase: playing
2026-06-15 17:44:39, tokens_remaining: 1262, call: scores, phase: playing
2026-06-15 17:44:39, tokens_remaining: 1262, call: scores, phase: playing
2026-06-15 17:44:40, tokens_remaining: 1261, call: scores, phase: playing
2026-06-15 17:44:41, tokens_remaining: 1261, call: scores, phase: playing
2026-06-15 17:44:42, tokens_remaining: 1260, call: scores, phase: playing
2026-06-15 17:44:42, tokens_remaining: 1260, call: scores, phase: playing
2026-06-15 17:44:43, tokens_remaining: 1259, call: scores, phase: playing
2026-06-15 17:44:44, tokens_remaining: 1258, call: events, phase: playing
2026-06-15 17:44:44, EVENT: GOAL 41' Abdulelah Al-Amri (1-0) [Saudi Arabia vs Uruguay]
2026-06-15 17:44:45, tokens_remaining: 1257, call: scores, phase: playing
2026-06-15 17:44:46, tokens_remaining: 1257, call: scores, phase: playing
2026-06-15 17:44:46, tokens_remaining: 1256, call: scores, phase: playing
2026-06-15 17:44:47, tokens_remaining: 1256, call: scores, phase: playing
2026-06-15 17:44:48, tokens_remaining: 1255, call: scores, phase: playing
2026-06-15 17:44:49, tokens_remaining: 1255, call: scores, phase: playing
2026-06-15 17:44:49, tokens_remaining: 1254, call: scores, phase: playing
2026-06-15 17:44:50, tokens_remaining: 1254, call: scores, phase: playing
2026-06-15 17:44:51, tokens_remaining: 1253, call: scores, phase: playing
2026-06-15 17:44:52, tokens_remaining: 1252, call: events, phase: playing
2026-06-15 17:44:53, tokens_remaining: 1251, call: scores, phase: playing
2026-06-15 17:44:53, tokens_remaining: 1251, call: scores, phase: playing
2026-06-15 17:44:54, tokens_remaining: 1250, call: scores, phase: playing
2026-06-15 17:44:55, tokens_remaining: 1250, call: scores, phase: playing
2026-06-15 17:44:56, tokens_remaining: 1249, call: scores, phase: playing
2026-06-15 17:44:56, tokens_remaining: 1249, call: scores, phase: playing
2026-06-15 17:44:57, tokens_remaining: 1248, call: scores, phase: playing
2026-06-15 17:44:58, tokens_remaining: 1248, call: scores, phase: playing
2026-06-15 17:44:59, tokens_remaining: 1247, call: scores, phase: playing
2026-06-15 17:45:00, tokens_remaining: 1246, call: events, phase: playing
2026-06-15 17:45:01, tokens_remaining: 1245, call: scores, phase: playing
2026-06-15 17:45:01, tokens_remaining: 1245, call: scores, phase: playing
2026-06-15 17:45:02, tokens_remaining: 1244, call: scores, phase: playing
2026-06-15 17:45:03, tokens_remaining: 1244, call: scores, phase: playing
2026-06-15 17:45:04, tokens_remaining: 1243, call: scores, phase: playing
2026-06-15 17:45:04, tokens_remaining: 1243, call: scores, phase: playing
2026-06-15 17:45:05, tokens_remaining: 1242, call: scores, phase: playing
2026-06-15 17:45:06, tokens_remaining: 1242, call: scores, phase: playing
2026-06-15 17:45:07, tokens_remaining: 1241, call: scores, phase: playing
2026-06-15 17:45:08, tokens_remaining: 1240, call: events, phase: playing
2026-06-15 17:45:08, tokens_remaining: 1239, call: scores, phase: playing
2026-06-15 17:45:09, tokens_remaining: 1239, call: scores, phase: playing
2026-06-15 17:45:10, tokens_remaining: 1238, call: scores, phase: playing
2026-06-15 17:45:11, tokens_remaining: 1238, call: scores, phase: playing
2026-06-15 17:45:11, tokens_remaining: 1237, call: scores, phase: playing
2026-06-15 17:45:12, tokens_remaining: 1237, call: scores, phase: playing
2026-06-15 17:45:13, tokens_remaining: 1236, call: scores, phase: playing
2026-06-15 17:45:14, tokens_remaining: 1236, call: scores, phase: playing
2026-06-15 17:45:14, tokens_remaining: 1235, call: scores, phase: playing
2026-06-15 17:45:15, tokens_remaining: 1234, call: events, phase: playing
2026-06-15 17:45:16, tokens_remaining: 1233, call: scores, phase: playing
2026-06-15 17:45:17, tokens_remaining: 1233, call: scores, phase: playing
2026-06-15 17:45:18, tokens_remaining: 1232, call: scores, phase: playing
2026-06-15 17:45:18, tokens_remaining: 1232, call: scores, phase: playing
2026-06-15 17:45:19, tokens_remaining: 1231, call: scores, phase: playing
2026-06-15 17:45:20, tokens_remaining: 1231, call: scores, phase: playing
2026-06-15 17:45:21, tokens_remaining: 1230, call: scores, phase: playing
2026-06-15 17:45:21, tokens_remaining: 1230, call: scores, phase: playing
2026-06-15 17:45:22, tokens_remaining: 1229, call: scores, phase: playing
2026-06-15 17:45:23, tokens_remaining: 1228, call: events, phase: playing
2026-06-15 17:45:24, tokens_remaining: 1227, call: scores, phase: playing
2026-06-15 17:45:25, tokens_remaining: 1227, call: scores, phase: playing
2026-06-15 17:45:26, tokens_remaining: 1226, call: scores, phase: playing
2026-06-15 17:45:26, tokens_remaining: 1226, call: scores, phase: playing
2026-06-15 17:45:27, tokens_remaining: 1225, call: scores, phase: playing
2026-06-15 17:45:28, tokens_remaining: 1225, call: scores, phase: playing
2026-06-15 17:45:28, tokens_remaining: 1224, call: scores, phase: playing
2026-06-15 17:45:29, tokens_remaining: 1224, call: scores, phase: playing
2026-06-15 17:45:30, tokens_remaining: 1223, call: scores, phase: playing
2026-06-15 17:45:31, tokens_remaining: 1222, call: events, phase: playing
2026-06-15 17:45:32, tokens_remaining: 1221, call: scores, phase: playing
2026-06-15 17:45:32, tokens_remaining: 1221, call: scores, phase: playing
2026-06-15 17:45:33, tokens_remaining: 1220, call: scores, phase: playing
2026-06-15 17:45:34, tokens_remaining: 1220, call: scores, phase: playing
2026-06-15 17:45:35, tokens_remaining: 1219, call: scores, phase: playing
2026-06-15 17:45:35, tokens_remaining: 1219, call: scores, phase: playing
2026-06-15 17:45:36, tokens_remaining: 1218, call: scores, phase: playing
2026-06-15 17:45:37, tokens_remaining: 1218, call: scores, phase: playing
2026-06-15 17:45:38, tokens_remaining: 1217, call: scores, phase: playing
2026-06-15 17:45:39, tokens_remaining: 1216, call: events, phase: playing
2026-06-15 17:45:39, tokens_remaining: 1215, call: scores, phase: playing
2026-06-15 17:45:40, tokens_remaining: 1215, call: scores, phase: playing
2026-06-15 17:45:41, tokens_remaining: 1214, call: scores, phase: playing
2026-06-15 17:45:41, tokens_remaining: 1214, call: scores, phase: playing
2026-06-15 17:45:42, tokens_remaining: 1213, call: scores, phase: playing
2026-06-15 17:45:43, tokens_remaining: 1213, call: scores, phase: playing
2026-06-15 17:45:44, tokens_remaining: 1212, call: scores, phase: playing
2026-06-15 17:45:44, tokens_remaining: 1212, call: scores, phase: playing
2026-06-15 17:45:45, tokens_remaining: 1211, call: scores, phase: playing
2026-06-15 17:45:46, tokens_remaining: 1210, call: events, phase: playing
2026-06-15 17:45:47, tokens_remaining: 1209, call: scores, phase: playing
2026-06-15 17:45:48, tokens_remaining: 1209, call: scores, phase: playing
2026-06-15 17:45:48, tokens_remaining: 1208, call: scores, phase: playing
2026-06-15 17:45:49, tokens_remaining: 1208, call: scores, phase: playing
2026-06-15 17:45:50, tokens_remaining: 1207, call: scores, phase: playing
2026-06-15 17:45:51, tokens_remaining: 1207, call: scores, phase: playing
2026-06-15 17:45:51, tokens_remaining: 1206, call: scores, phase: playing
2026-06-15 17:45:52, tokens_remaining: 1206, call: scores, phase: playing
2026-06-15 17:45:53, tokens_remaining: 1205, call: scores, phase: playing
2026-06-15 17:45:54, tokens_remaining: 1204, call: events, phase: playing
2026-06-15 17:45:55, tokens_remaining: 1203, call: scores, phase: playing
2026-06-15 17:45:55, tokens_remaining: 1203, call: scores, phase: playing
2026-06-15 17:45:56, tokens_remaining: 1202, call: scores, phase: playing
2026-06-15 17:45:57, tokens_remaining: 1202, call: scores, phase: playing
2026-06-15 17:45:58, tokens_remaining: 1201, call: scores, phase: playing
2026-06-15 17:45:58, tokens_remaining: 1201, call: scores, phase: playing
2026-06-15 17:45:59, tokens_remaining: 1200, call: scores, phase: playing
2026-06-15 17:46:00, tokens_remaining: 1200, call: scores, phase: playing
2026-06-15 17:46:00, tokens_remaining: 1199, call: scores, phase: playing
2026-06-15 17:46:01, tokens_remaining: 1198, call: events, phase: playing
2026-06-15 17:46:02, tokens_remaining: 1197, call: scores, phase: playing
2026-06-15 17:46:03, tokens_remaining: 1197, call: scores, phase: playing
2026-06-15 17:46:04, tokens_remaining: 1196, call: scores, phase: playing
2026-06-15 17:46:04, tokens_remaining: 1196, call: scores, phase: playing
2026-06-15 17:46:05, tokens_remaining: 1195, call: scores, phase: playing
2026-06-15 17:46:06, tokens_remaining: 1195, call: scores, phase: playing
2026-06-15 17:46:07, tokens_remaining: 1194, call: scores, phase: playing
2026-06-15 17:46:07, tokens_remaining: 1194, call: scores, phase: playing
2026-06-15 17:46:08, tokens_remaining: 1193, call: scores, phase: playing
2026-06-15 17:46:09, tokens_remaining: 1192, call: events, phase: playing
2026-06-15 17:46:10, tokens_remaining: 1191, call: scores, phase: playing
2026-06-15 17:46:10, tokens_remaining: 1191, call: scores, phase: playing
2026-06-15 17:46:11, tokens_remaining: 1190, call: scores, phase: playing
2026-06-15 17:46:12, tokens_remaining: 1190, call: scores, phase: playing
2026-06-15 17:46:13, tokens_remaining: 1189, call: scores, phase: playing
2026-06-15 17:46:13, tokens_remaining: 1189, call: scores, phase: playing
2026-06-15 17:46:14, tokens_remaining: 1188, call: scores, phase: playing
2026-06-15 17:46:15, tokens_remaining: 1188, call: scores, phase: playing
2026-06-15 17:46:16, tokens_remaining: 1187, call: scores, phase: playing
2026-06-15 17:46:16, tokens_remaining: 1186, call: events, phase: playing
2026-06-15 17:46:17, tokens_remaining: 1185, call: scores, phase: playing
2026-06-15 17:46:18, tokens_remaining: 1185, call: scores, phase: playing
2026-06-15 17:46:19, tokens_remaining: 1184, call: scores, phase: playing
2026-06-15 17:46:19, tokens_remaining: 1184, call: scores, phase: playing
2026-06-15 17:46:20, tokens_remaining: 1183, call: scores, phase: playing
2026-06-15 17:46:21, tokens_remaining: 1183, call: scores, phase: playing
2026-06-15 17:46:22, tokens_remaining: 1182, call: scores, phase: playing
2026-06-15 17:46:22, tokens_remaining: 1182, call: scores, phase: playing
2026-06-15 17:46:23, tokens_remaining: 1181, call: scores, phase: playing
2026-06-15 17:46:24, tokens_remaining: 1180, call: events, phase: playing
2026-06-15 17:46:25, tokens_remaining: 1179, call: scores, phase: playing
2026-06-15 17:46:25, tokens_remaining: 1179, call: scores, phase: playing
2026-06-15 17:46:26, tokens_remaining: 1178, call: scores, phase: playing
2026-06-15 17:46:27, tokens_remaining: 1178, call: scores, phase: playing
2026-06-15 17:46:28, tokens_remaining: 1177, call: scores, phase: playing
2026-06-15 17:46:28, tokens_remaining: 1177, call: scores, phase: playing
2026-06-15 17:46:29, tokens_remaining: 1176, call: scores, phase: playing
2026-06-15 17:46:30, tokens_remaining: 1176, call: scores, phase: playing
2026-06-15 17:46:30, tokens_remaining: 1175, call: scores, phase: playing
2026-06-15 17:46:31, tokens_remaining: 1174, call: events, phase: playing
2026-06-15 17:46:32, tokens_remaining: 1173, call: scores, phase: playing
2026-06-15 17:46:33, tokens_remaining: 1173, call: scores, phase: playing
2026-06-15 17:46:34, tokens_remaining: 1172, call: scores, phase: playing
2026-06-15 17:46:34, tokens_remaining: 1172, call: scores, phase: playing
2026-06-15 17:46:35, tokens_remaining: 1171, call: scores, phase: playing
2026-06-15 17:46:36, tokens_remaining: 1171, call: scores, phase: playing
2026-06-15 17:46:36, tokens_remaining: 1170, call: scores, phase: playing
2026-06-15 17:46:37, tokens_remaining: 1170, call: scores, phase: playing
2026-06-15 17:46:38, tokens_remaining: 1169, call: scores, phase: playing
2026-06-15 17:46:39, tokens_remaining: 1168, call: events, phase: playing
2026-06-15 17:46:40, tokens_remaining: 1167, call: scores, phase: playing
2026-06-15 17:46:40, tokens_remaining: 1167, call: scores, phase: playing
2026-06-15 17:46:41, tokens_remaining: 1166, call: scores, phase: playing
2026-06-15 17:46:42, tokens_remaining: 1166, call: scores, phase: playing
2026-06-15 17:46:42, tokens_remaining: 1165, call: scores, phase: playing
2026-06-15 17:46:43, tokens_remaining: 1165, call: scores, phase: playing
2026-06-15 17:46:44, tokens_remaining: 1164, call: scores, phase: playing
2026-06-15 17:46:44, tokens_remaining: 1164, call: scores, phase: playing
2026-06-15 17:46:45, tokens_remaining: 1163, call: scores, phase: playing
2026-06-15 17:46:46, tokens_remaining: 1162, call: events, phase: playing
2026-06-15 17:46:47, tokens_remaining: 1161, call: scores, phase: playing
2026-06-15 17:46:48, tokens_remaining: 1161, call: scores, phase: playing
2026-06-15 17:46:48, tokens_remaining: 1160, call: scores, phase: playing
2026-06-15 17:46:49, tokens_remaining: 1160, call: scores, phase: playing
2026-06-15 17:46:50, tokens_remaining: 1159, call: scores, phase: playing
2026-06-15 17:46:50, tokens_remaining: 1159, call: scores, phase: playing
2026-06-15 17:46:51, tokens_remaining: 1158, call: scores, phase: playing
2026-06-15 17:46:52, tokens_remaining: 1158, call: scores, phase: playing
2026-06-15 17:46:53, tokens_remaining: 1157, call: scores, phase: playing
2026-06-15 17:46:53, tokens_remaining: 1156, call: events, phase: playing
2026-06-15 17:46:54, tokens_remaining: 1155, call: scores, phase: playing
2026-06-15 17:46:55, tokens_remaining: 1155, call: scores, phase: playing
2026-06-15 17:46:56, tokens_remaining: 1154, call: scores, phase: playing
2026-06-15 17:46:56, tokens_remaining: 1154, call: scores, phase: playing
2026-06-15 17:46:57, tokens_remaining: 1153, call: scores, phase: playing
2026-06-15 17:46:58, tokens_remaining: 1153, call: scores, phase: playing
2026-06-15 17:46:58, tokens_remaining: 1152, call: scores, phase: playing
2026-06-15 17:46:59, tokens_remaining: 1152, call: scores, phase: playing
2026-06-15 17:47:00, tokens_remaining: 1151, call: scores, phase: playing
2026-06-15 17:47:01, tokens_remaining: 1150, call: events, phase: playing
2026-06-15 17:47:02, tokens_remaining: 1149, call: scores, phase: playing
2026-06-15 17:47:02, tokens_remaining: 1149, call: scores, phase: playing
2026-06-15 17:47:03, tokens_remaining: 1148, call: scores, phase: playing
2026-06-15 17:47:04, tokens_remaining: 1148, call: scores, phase: playing
2026-06-15 17:47:05, tokens_remaining: 1147, call: scores, phase: playing
2026-06-15 17:47:05, tokens_remaining: 1147, call: scores, phase: playing
2026-06-15 17:47:06, tokens_remaining: 1146, call: scores, phase: playing
2026-06-15 17:47:06, tokens_remaining: 1146, call: scores, phase: playing
2026-06-15 17:47:07, tokens_remaining: 1145, call: scores, phase: playing
2026-06-15 17:47:08, tokens_remaining: 1144, call: events, phase: playing
2026-06-15 17:47:09, tokens_remaining: 1143, call: scores, phase: playing
2026-06-15 17:47:10, tokens_remaining: 1143, call: scores, phase: playing
2026-06-15 17:47:10, tokens_remaining: 1142, call: scores, phase: playing
2026-06-15 17:47:11, tokens_remaining: 1142, call: scores, phase: playing
2026-06-15 17:47:12, tokens_remaining: 1141, call: scores, phase: playing
2026-06-15 17:47:12, tokens_remaining: 1141, call: scores, phase: playing
2026-06-15 17:47:13, tokens_remaining: 1140, call: scores, phase: playing
2026-06-15 17:47:14, tokens_remaining: 1140, call: scores, phase: playing
2026-06-15 17:47:14, tokens_remaining: 1139, call: scores, phase: playing
2026-06-15 17:47:15, tokens_remaining: 1138, call: events, phase: playing
2026-06-15 17:47:16, tokens_remaining: 1137, call: scores, phase: playing
2026-06-15 17:47:17, tokens_remaining: 1137, call: scores, phase: playing
2026-06-15 17:47:18, tokens_remaining: 1136, call: scores, phase: playing
2026-06-15 17:47:18, tokens_remaining: 1136, call: scores, phase: playing
2026-06-15 17:47:19, tokens_remaining: 1135, call: scores, phase: playing
2026-06-15 17:47:20, tokens_remaining: 1135, call: scores, phase: playing
2026-06-15 17:47:21, tokens_remaining: 1134, call: scores, phase: playing
2026-06-15 17:47:21, tokens_remaining: 1134, call: scores, phase: playing
2026-06-15 17:47:22, tokens_remaining: 1133, call: scores, phase: playing
2026-06-15 17:47:23, tokens_remaining: 1132, call: events, phase: playing
2026-06-15 17:47:24, tokens_remaining: 1131, call: scores, phase: playing
2026-06-15 17:47:24, tokens_remaining: 1131, call: scores, phase: playing
2026-06-15 17:47:25, tokens_remaining: 1130, call: scores, phase: playing
2026-06-15 17:47:25, tokens_remaining: 1130, call: scores, phase: playing
2026-06-15 17:47:26, tokens_remaining: 1129, call: scores, phase: playing
2026-06-15 17:47:27, tokens_remaining: 1129, call: scores, phase: playing
2026-06-15 17:47:28, tokens_remaining: 1128, call: scores, phase: playing
2026-06-15 17:47:28, tokens_remaining: 1128, call: scores, phase: playing
2026-06-15 17:47:29, tokens_remaining: 1127, call: scores, phase: playing
2026-06-15 17:47:30, tokens_remaining: 1126, call: events, phase: playing
2026-06-15 17:47:31, tokens_remaining: 1125, call: scores, phase: playing
2026-06-15 17:47:31, tokens_remaining: 1125, call: scores, phase: playing
2026-06-15 17:47:32, tokens_remaining: 1124, call: scores, phase: playing
2026-06-15 17:47:33, tokens_remaining: 1124, call: scores, phase: playing
2026-06-15 17:47:33, tokens_remaining: 1123, call: scores, phase: playing
2026-06-15 17:47:34, tokens_remaining: 1123, call: scores, phase: playing
2026-06-15 17:47:35, tokens_remaining: 1122, call: scores, phase: playing
2026-06-15 17:47:35, tokens_remaining: 1122, call: scores, phase: playing
2026-06-15 17:47:36, tokens_remaining: 1121, call: scores, phase: playing
2026-06-15 17:47:37, tokens_remaining: 1120, call: events, phase: playing
2026-06-15 17:47:38, tokens_remaining: 1119, call: scores, phase: playing
2026-06-15 17:47:38, tokens_remaining: 1119, call: scores, phase: playing
2026-06-15 17:47:39, tokens_remaining: 1118, call: scores, phase: playing
2026-06-15 17:47:40, tokens_remaining: 1118, call: scores, phase: playing
2026-06-15 17:47:40, tokens_remaining: 1117, call: scores, phase: playing
2026-06-15 17:47:41, tokens_remaining: 1117, call: scores, phase: playing
2026-06-15 17:47:42, tokens_remaining: 1116, call: scores, phase: playing
2026-06-15 17:47:42, tokens_remaining: 1116, call: scores, phase: playing
2026-06-15 17:47:43, tokens_remaining: 1115, call: scores, phase: playing
2026-06-15 17:47:44, tokens_remaining: 1114, call: events, phase: playing
2026-06-15 17:47:45, tokens_remaining: 1113, call: scores, phase: playing
2026-06-15 17:47:45, tokens_remaining: 1113, call: scores, phase: playing
2026-06-15 17:47:46, tokens_remaining: 1112, call: scores, phase: playing
2026-06-15 17:47:47, tokens_remaining: 1112, call: scores, phase: playing
2026-06-15 17:47:47, tokens_remaining: 1111, call: scores, phase: playing
2026-06-15 17:47:48, tokens_remaining: 1111, call: scores, phase: playing
2026-06-15 17:47:49, tokens_remaining: 1110, call: scores, phase: playing
2026-06-15 17:47:49, tokens_remaining: 1110, call: scores, phase: playing
2026-06-15 17:47:50, tokens_remaining: 1109, call: scores, phase: playing
2026-06-15 17:47:51, tokens_remaining: 1108, call: events, phase: playing
2026-06-15 17:47:52, tokens_remaining: 1107, call: scores, phase: playing
2026-06-15 17:47:52, tokens_remaining: 1107, call: scores, phase: playing
2026-06-15 17:47:53, tokens_remaining: 1106, call: scores, phase: playing
2026-06-15 17:47:54, tokens_remaining: 1106, call: scores, phase: playing
2026-06-15 17:47:54, tokens_remaining: 1105, call: scores, phase: playing
2026-06-15 17:47:55, tokens_remaining: 1105, call: scores, phase: playing
2026-06-15 17:47:56, tokens_remaining: 1104, call: scores, phase: playing
2026-06-15 17:47:56, tokens_remaining: 1104, call: scores, phase: playing
2026-06-15 17:47:57, tokens_remaining: 1103, call: scores, phase: playing
2026-06-15 17:47:58, tokens_remaining: 1102, call: events, phase: playing
2026-06-15 17:47:59, tokens_remaining: 1101, call: scores, phase: playing
2026-06-15 17:47:59, tokens_remaining: 1101, call: scores, phase: playing
2026-06-15 17:48:00, tokens_remaining: 1100, call: scores, phase: playing
2026-06-15 17:48:01, tokens_remaining: 1100, call: scores, phase: playing
2026-06-15 17:48:01, tokens_remaining: 1099, call: scores, phase: playing
2026-06-15 17:48:02, tokens_remaining: 1099, call: scores, phase: playing
2026-06-15 17:48:03, tokens_remaining: 1098, call: scores, phase: playing
2026-06-15 17:48:03, tokens_remaining: 1098, call: scores, phase: playing
2026-06-15 17:48:04, tokens_remaining: 1097, call: scores, phase: playing
2026-06-15 17:48:05, tokens_remaining: 1096, call: events, phase: playing
2026-06-15 17:48:05, EVENT: YELLOW_CARD 44' Abdulelah Al-Amri [Saudi Arabia vs Uruguay]
2026-06-15 17:48:06, tokens_remaining: 1095, call: scores, phase: playing
2026-06-15 17:48:06, tokens_remaining: 1095, call: scores, phase: playing
2026-06-15 17:48:07, tokens_remaining: 1094, call: scores, phase: playing
2026-06-15 17:48:07, tokens_remaining: 1094, call: scores, phase: playing
2026-06-15 17:48:08, tokens_remaining: 1093, call: scores, phase: playing
2026-06-15 17:48:09, tokens_remaining: 1093, call: scores, phase: playing
2026-06-15 17:48:10, tokens_remaining: 1092, call: scores, phase: playing
2026-06-15 17:48:10, tokens_remaining: 1092, call: scores, phase: playing
2026-06-15 17:48:11, tokens_remaining: 1091, call: scores, phase: playing
2026-06-15 17:48:12, tokens_remaining: 1090, call: events, phase: playing
2026-06-15 17:48:13, tokens_remaining: 1089, call: scores, phase: playing
2026-06-15 17:48:13, tokens_remaining: 1089, call: scores, phase: playing
2026-06-15 17:48:14, tokens_remaining: 1088, call: scores, phase: playing
2026-06-15 17:48:14, tokens_remaining: 1088, call: scores, phase: playing
2026-06-15 17:48:15, tokens_remaining: 1087, call: scores, phase: playing
2026-06-15 17:48:16, tokens_remaining: 1087, call: scores, phase: playing
2026-06-15 17:48:17, tokens_remaining: 1086, call: scores, phase: playing
2026-06-15 17:48:17, tokens_remaining: 1086, call: scores, phase: playing
2026-06-15 17:48:18, tokens_remaining: 1085, call: scores, phase: playing
2026-06-15 17:48:19, tokens_remaining: 1084, call: events, phase: playing
2026-06-15 17:48:19, tokens_remaining: 1083, call: scores, phase: playing
2026-06-15 17:48:20, tokens_remaining: 1083, call: scores, phase: playing
2026-06-15 17:48:21, tokens_remaining: 1082, call: scores, phase: playing
2026-06-15 17:48:21, tokens_remaining: 1082, call: scores, phase: playing
2026-06-15 17:48:22, tokens_remaining: 1081, call: scores, phase: playing
2026-06-15 17:48:23, tokens_remaining: 1081, call: scores, phase: playing
2026-06-15 17:48:23, tokens_remaining: 1080, call: scores, phase: playing
2026-06-15 17:48:24, tokens_remaining: 1080, call: scores, phase: playing
2026-06-15 17:48:25, tokens_remaining: 1079, call: scores, phase: playing
2026-06-15 17:48:25, tokens_remaining: 1078, call: events, phase: playing
2026-06-15 17:48:26, tokens_remaining: 1077, call: scores, phase: playing
2026-06-15 17:48:27, tokens_remaining: 1077, call: scores, phase: playing
2026-06-15 17:48:27, tokens_remaining: 1076, call: scores, phase: playing
2026-06-15 17:48:28, tokens_remaining: 1076, call: scores, phase: playing
2026-06-15 17:48:29, tokens_remaining: 1075, call: scores, phase: playing
2026-06-15 17:48:29, tokens_remaining: 1075, call: scores, phase: playing
2026-06-15 17:48:30, tokens_remaining: 1074, call: scores, phase: playing
2026-06-15 17:48:31, tokens_remaining: 1074, call: scores, phase: playing
2026-06-15 17:48:31, tokens_remaining: 1073, call: scores, phase: playing
2026-06-15 17:48:32, tokens_remaining: 1072, call: events, phase: playing
2026-06-15 17:48:33, tokens_remaining: 1071, call: scores, phase: playing
2026-06-15 17:48:33, tokens_remaining: 1071, call: scores, phase: playing
2026-06-15 17:48:34, tokens_remaining: 1070, call: scores, phase: playing
2026-06-15 17:48:35, tokens_remaining: 1070, call: scores, phase: playing
2026-06-15 17:48:36, tokens_remaining: 1069, call: scores, phase: playing
2026-06-15 17:48:36, tokens_remaining: 1069, call: scores, phase: playing
2026-06-15 17:48:37, tokens_remaining: 1068, call: scores, phase: playing
2026-06-15 17:48:37, tokens_remaining: 1068, call: scores, phase: playing
2026-06-15 17:48:38, tokens_remaining: 1067, call: scores, phase: playing
2026-06-15 17:48:39, tokens_remaining: 1066, call: events, phase: playing
2026-06-15 17:48:40, tokens_remaining: 1065, call: scores, phase: playing
2026-06-15 17:48:40, tokens_remaining: 1065, call: scores, phase: playing
2026-06-15 17:48:41, tokens_remaining: 1064, call: scores, phase: playing
2026-06-15 17:48:41, tokens_remaining: 1064, call: scores, phase: playing
2026-06-15 17:48:42, tokens_remaining: 1063, call: scores, phase: playing
2026-06-15 17:48:43, tokens_remaining: 1063, call: scores, phase: playing
2026-06-15 17:48:43, tokens_remaining: 1062, call: scores, phase: playing
2026-06-15 17:48:44, tokens_remaining: 1062, call: scores, phase: playing
2026-06-15 17:48:45, tokens_remaining: 1061, call: scores, phase: playing
2026-06-15 17:48:46, tokens_remaining: 1060, call: events, phase: playing
2026-06-15 17:48:46, tokens_remaining: 1059, call: scores, phase: playing
2026-06-15 17:48:47, tokens_remaining: 1059, call: scores, phase: playing
2026-06-15 17:48:48, tokens_remaining: 1058, call: scores, phase: playing
2026-06-15 17:48:48, tokens_remaining: 1058, call: scores, phase: playing
2026-06-15 17:48:49, tokens_remaining: 1057, call: scores, phase: playing
2026-06-15 17:48:49, tokens_remaining: 1057, call: scores, phase: playing
2026-06-15 17:48:50, tokens_remaining: 1056, call: scores, phase: playing
2026-06-15 17:48:51, tokens_remaining: 1056, call: scores, phase: playing
2026-06-15 17:48:51, tokens_remaining: 1055, call: scores, phase: playing
2026-06-15 17:48:52, tokens_remaining: 1054, call: events, phase: playing
2026-06-15 17:48:53, tokens_remaining: 1053, call: scores, phase: playing
2026-06-15 17:48:53, tokens_remaining: 1053, call: scores, phase: playing
2026-06-15 17:48:54, tokens_remaining: 1052, call: scores, phase: playing
2026-06-15 17:48:55, tokens_remaining: 1052, call: scores, phase: playing
2026-06-15 17:48:55, tokens_remaining: 1051, call: scores, phase: playing
2026-06-15 17:48:56, tokens_remaining: 1051, call: scores, phase: playing
2026-06-15 17:48:57, tokens_remaining: 1050, call: scores, phase: playing
2026-06-15 17:48:57, tokens_remaining: 1050, call: scores, phase: playing
2026-06-15 17:48:58, tokens_remaining: 1049, call: scores, phase: playing
2026-06-15 17:48:59, tokens_remaining: 1048, call: events, phase: playing
2026-06-15 17:49:00, tokens_remaining: 1047, call: scores, phase: playing
2026-06-15 17:49:00, tokens_remaining: 1047, call: scores, phase: playing
2026-06-15 17:49:01, tokens_remaining: 1046, call: scores, phase: playing
2026-06-15 17:49:01, tokens_remaining: 1046, call: scores, phase: playing
2026-06-15 17:49:02, tokens_remaining: 1045, call: scores, phase: playing
2026-06-15 17:49:03, tokens_remaining: 1045, call: scores, phase: playing
2026-06-15 17:49:03, tokens_remaining: 1044, call: scores, phase: playing
2026-06-15 17:49:04, tokens_remaining: 1044, call: scores, phase: playing
2026-06-15 17:49:05, tokens_remaining: 1043, call: scores, phase: playing
2026-06-15 17:49:05, tokens_remaining: 1042, call: events, phase: playing
2026-06-15 17:49:06, tokens_remaining: 1041, call: scores, phase: playing
2026-06-15 17:49:07, tokens_remaining: 1041, call: scores, phase: playing
2026-06-15 17:49:07, tokens_remaining: 1040, call: scores, phase: playing
2026-06-15 17:49:08, tokens_remaining: 1040, call: scores, phase: playing
2026-06-15 17:49:09, tokens_remaining: 1039, call: scores, phase: playing
2026-06-15 17:49:09, tokens_remaining: 1039, call: scores, phase: playing
2026-06-15 17:49:10, tokens_remaining: 1038, call: scores, phase: playing
2026-06-15 17:49:10, tokens_remaining: 1038, call: scores, phase: playing
2026-06-15 17:49:11, tokens_remaining: 1037, call: scores, phase: playing
2026-06-15 17:49:12, tokens_remaining: 1036, call: events, phase: playing
2026-06-15 17:49:13, tokens_remaining: 1035, call: scores, phase: playing
2026-06-15 17:49:13, tokens_remaining: 1035, call: scores, phase: playing
2026-06-15 17:49:14, tokens_remaining: 1034, call: scores, phase: playing
2026-06-15 17:49:14, tokens_remaining: 1034, call: scores, phase: playing
2026-06-15 17:49:15, tokens_remaining: 1034, call: scores, phase: playing
2026-06-15 17:49:16, tokens_remaining: 1033, call: scores, phase: playing
2026-06-15 17:49:16, tokens_remaining: 1033, call: scores, phase: playing
2026-06-15 17:49:17, tokens_remaining: 1032, call: scores, phase: playing
2026-06-15 17:49:17, tokens_remaining: 1032, call: scores, phase: playing
2026-06-15 17:49:18, tokens_remaining: 1031, call: events, phase: playing
2026-06-15 17:49:19, tokens_remaining: 1030, call: scores, phase: playing
2026-06-15 17:49:19, tokens_remaining: 1030, call: scores, phase: playing
2026-06-15 17:49:20, tokens_remaining: 1030, call: scores, phase: playing
2026-06-15 17:49:21, tokens_remaining: 1029, call: scores, phase: playing
2026-06-15 17:49:21, tokens_remaining: 1029, call: scores, phase: playing
2026-06-15 17:49:22, tokens_remaining: 1029, call: scores, phase: playing
2026-06-15 17:49:22, tokens_remaining: 1028, call: scores, phase: playing
2026-06-15 17:49:23, tokens_remaining: 1028, call: scores, phase: playing
2026-06-15 17:49:23, tokens_remaining: 1028, call: scores, phase: playing
2026-06-15 17:49:24, tokens_remaining: 1027, call: events, phase: playing
2026-06-15 17:49:25, tokens_remaining: 1026, call: scores, phase: playing
2026-06-15 17:49:25, tokens_remaining: 1026, call: scores, phase: playing
2026-06-15 17:49:26, tokens_remaining: 1026, call: scores, phase: playing
2026-06-15 17:49:26, tokens_remaining: 1025, call: scores, phase: playing
2026-06-15 17:49:27, tokens_remaining: 1025, call: scores, phase: playing
2026-06-15 17:49:27, tokens_remaining: 1025, call: scores, phase: playing
2026-06-15 17:49:28, tokens_remaining: 1024, call: scores, phase: playing
2026-06-15 17:49:29, tokens_remaining: 1024, call: scores, phase: playing
2026-06-15 17:49:29, tokens_remaining: 1024, call: scores, phase: playing
2026-06-15 17:49:30, tokens_remaining: 1023, call: events, phase: playing
2026-06-15 17:49:31, tokens_remaining: 1022, call: scores, phase: playing
2026-06-15 17:49:31, tokens_remaining: 1022, call: scores, phase: playing
2026-06-15 17:49:32, tokens_remaining: 1022, call: scores, phase: playing
2026-06-15 17:49:32, tokens_remaining: 1021, call: scores, phase: playing
2026-06-15 17:49:33, tokens_remaining: 1021, call: scores, phase: playing
2026-06-15 17:49:33, tokens_remaining: 1021, call: scores, phase: playing
2026-06-15 17:49:34, tokens_remaining: 1020, call: scores, phase: playing
2026-06-15 17:49:35, tokens_remaining: 1020, call: scores, phase: playing
2026-06-15 17:49:35, tokens_remaining: 1020, call: scores, phase: playing
2026-06-15 17:49:36, tokens_remaining: 1019, call: events, phase: playing
2026-06-15 17:49:37, tokens_remaining: 1018, call: scores, phase: playing
2026-06-15 17:49:37, tokens_remaining: 1018, call: scores, phase: playing
2026-06-15 17:49:37, tokens_remaining: 1018, call: scores, phase: playing
2026-06-15 17:49:38, tokens_remaining: 1017, call: scores, phase: playing
2026-06-15 17:49:39, tokens_remaining: 1017, call: scores, phase: playing
2026-06-15 17:49:39, tokens_remaining: 1017, call: scores, phase: playing
2026-06-15 17:49:40, tokens_remaining: 1016, call: scores, phase: playing
2026-06-15 17:49:40, tokens_remaining: 1016, call: scores, phase: playing
2026-06-15 17:49:41, tokens_remaining: 1016, call: scores, phase: playing
2026-06-15 17:49:42, tokens_remaining: 1015, call: events, phase: playing
2026-06-15 17:49:42, tokens_remaining: 1014, call: scores, phase: playing
2026-06-15 17:49:43, tokens_remaining: 1014, call: scores, phase: playing
2026-06-15 17:49:43, tokens_remaining: 1014, call: scores, phase: playing
2026-06-15 17:49:44, tokens_remaining: 1013, call: scores, phase: playing
2026-06-15 17:49:44, tokens_remaining: 1013, call: scores, phase: playing
2026-06-15 17:49:45, tokens_remaining: 1013, call: scores, phase: playing
2026-06-15 17:49:46, tokens_remaining: 1012, call: scores, phase: playing
2026-06-15 17:49:46, tokens_remaining: 1012, call: scores, phase: playing
2026-06-15 17:49:47, tokens_remaining: 1012, call: scores, phase: playing
2026-06-15 17:49:47, tokens_remaining: 1011, call: events, phase: playing
2026-06-15 17:49:48, tokens_remaining: 1010, call: scores, phase: playing
2026-06-15 17:49:49, tokens_remaining: 1010, call: scores, phase: playing
2026-06-15 17:49:49, tokens_remaining: 1010, call: scores, phase: playing
2026-06-15 17:49:50, tokens_remaining: 1009, call: scores, phase: playing
2026-06-15 17:49:50, tokens_remaining: 1009, call: scores, phase: playing
2026-06-15 17:49:51, tokens_remaining: 1009, call: scores, phase: playing
2026-06-15 17:49:51, tokens_remaining: 1008, call: scores, phase: playing
2026-06-15 17:49:52, tokens_remaining: 1008, call: scores, phase: playing
2026-06-15 17:49:52, tokens_remaining: 1008, call: scores, phase: playing
2026-06-15 17:49:53, tokens_remaining: 1007, call: events, phase: playing
2026-06-15 17:49:54, tokens_remaining: 1006, call: scores, phase: playing
2026-06-15 17:49:54, tokens_remaining: 1006, call: scores, phase: playing
2026-06-15 17:49:55, tokens_remaining: 1006, call: scores, phase: playing
2026-06-15 17:49:55, tokens_remaining: 1005, call: scores, phase: playing
2026-06-15 17:49:56, tokens_remaining: 1005, call: scores, phase: playing
2026-06-15 17:49:56, tokens_remaining: 1005, call: scores, phase: playing
2026-06-15 17:49:57, tokens_remaining: 1004, call: scores, phase: playing
2026-06-15 17:49:58, tokens_remaining: 1004, call: scores, phase: playing
2026-06-15 17:49:58, tokens_remaining: 1004, call: scores, phase: playing
2026-06-15 17:49:59, tokens_remaining: 1003, call: events, phase: playing
2026-06-15 17:50:00, tokens_remaining: 1002, call: scores, phase: playing
2026-06-15 17:50:00, tokens_remaining: 1002, call: scores, phase: playing
2026-06-15 17:50:00, tokens_remaining: 1002, call: scores, phase: playing
2026-06-15 17:50:01, tokens_remaining: 1001, call: scores, phase: playing
2026-06-15 17:50:02, tokens_remaining: 1001, call: scores, phase: playing
2026-06-15 17:50:02, tokens_remaining: 1001, call: scores, phase: playing
2026-06-15 17:50:03, tokens_remaining: 1000, call: scores, phase: playing
2026-06-15 17:50:03, tokens_remaining: 1000, call: scores, phase: playing
2026-06-15 17:50:04, tokens_remaining: 1000, call: scores, phase: playing
2026-06-15 17:50:05, tokens_remaining: 999, call: events, phase: playing
2026-06-15 17:50:05, tokens_remaining: 998, call: scores, phase: playing
2026-06-15 17:50:06, tokens_remaining: 998, call: scores, phase: playing
2026-06-15 17:50:06, tokens_remaining: 998, call: scores, phase: playing
2026-06-15 17:50:07, tokens_remaining: 997, call: scores, phase: playing
2026-06-15 17:50:07, tokens_remaining: 997, call: scores, phase: playing
2026-06-15 17:50:08, tokens_remaining: 997, call: scores, phase: playing
2026-06-15 17:50:09, tokens_remaining: 996, call: scores, phase: playing
2026-06-15 17:50:09, tokens_remaining: 996, call: scores, phase: playing
2026-06-15 17:50:09, tokens_remaining: 996, call: scores, phase: playing
2026-06-15 17:50:10, tokens_remaining: 995, call: events, phase: playing
2026-06-15 17:50:11, tokens_remaining: 994, call: scores, phase: playing
2026-06-15 17:50:11, tokens_remaining: 994, call: scores, phase: playing
2026-06-15 17:50:12, tokens_remaining: 994, call: scores, phase: playing
2026-06-15 17:50:13, tokens_remaining: 993, call: scores, phase: playing
2026-06-15 17:50:13, tokens_remaining: 993, call: scores, phase: playing
2026-06-15 17:50:13, tokens_remaining: 993, call: scores, phase: playing
2026-06-15 17:50:14, tokens_remaining: 992, call: scores, phase: playing
2026-06-15 17:50:15, tokens_remaining: 992, call: scores, phase: playing
2026-06-15 17:50:15, tokens_remaining: 992, call: scores, phase: playing
2026-06-15 17:50:16, tokens_remaining: 991, call: events, phase: playing
2026-06-15 17:50:17, tokens_remaining: 990, call: scores, phase: playing
2026-06-15 17:50:17, tokens_remaining: 990, call: scores, phase: playing
2026-06-15 17:50:17, tokens_remaining: 990, call: scores, phase: playing
2026-06-15 17:50:18, tokens_remaining: 989, call: scores, phase: playing
2026-06-15 17:50:19, tokens_remaining: 989, call: scores, phase: playing
2026-06-15 17:50:19, tokens_remaining: 989, call: scores, phase: playing
2026-06-15 17:50:20, tokens_remaining: 988, call: scores, phase: playing
2026-06-15 17:50:20, tokens_remaining: 988, call: scores, phase: playing
2026-06-15 17:50:21, tokens_remaining: 988, call: scores, phase: playing
2026-06-15 17:50:21, tokens_remaining: 987, call: events, phase: playing
2026-06-15 17:50:22, tokens_remaining: 986, call: scores, phase: playing
2026-06-15 17:50:23, tokens_remaining: 986, call: scores, phase: playing
2026-06-15 17:50:23, tokens_remaining: 985, call: scores, phase: playing
2026-06-15 17:50:24, tokens_remaining: 985, call: scores, phase: playing
2026-06-15 17:50:24, tokens_remaining: 985, call: scores, phase: playing
2026-06-15 17:50:25, tokens_remaining: 984, call: scores, phase: playing
2026-06-15 17:50:25, tokens_remaining: 984, call: scores, phase: playing
2026-06-15 17:50:26, tokens_remaining: 984, call: scores, phase: playing
2026-06-15 17:50:27, tokens_remaining: 983, call: scores, phase: playing
2026-06-15 17:50:27, tokens_remaining: 982, call: events, phase: playing
2026-06-15 17:50:28, tokens_remaining: 981, call: scores, phase: playing
2026-06-15 17:50:28, tokens_remaining: 981, call: scores, phase: playing
2026-06-15 17:50:29, tokens_remaining: 981, call: scores, phase: playing
2026-06-15 17:50:29, tokens_remaining: 980, call: scores, phase: playing
2026-06-15 17:50:30, tokens_remaining: 980, call: scores, phase: playing
2026-06-15 17:50:30, tokens_remaining: 980, call: scores, phase: playing
2026-06-15 17:50:31, tokens_remaining: 979, call: scores, phase: playing
2026-06-15 17:50:31, tokens_remaining: 979, call: scores, phase: playing
2026-06-15 17:50:32, tokens_remaining: 979, call: scores, phase: playing
2026-06-15 17:50:33, tokens_remaining: 978, call: events, phase: playing
2026-06-15 17:50:33, tokens_remaining: 977, call: scores, phase: playing
2026-06-15 17:50:34, tokens_remaining: 977, call: scores, phase: playing
2026-06-15 17:50:34, tokens_remaining: 977, call: scores, phase: playing
2026-06-15 17:50:35, tokens_remaining: 976, call: scores, phase: playing
2026-06-15 17:50:35, tokens_remaining: 976, call: scores, phase: playing
2026-06-15 17:50:36, tokens_remaining: 976, call: scores, phase: playing
2026-06-15 17:50:36, tokens_remaining: 975, call: scores, phase: playing
2026-06-15 17:50:37, tokens_remaining: 975, call: scores, phase: playing
2026-06-15 17:50:37, tokens_remaining: 975, call: scores, phase: playing
2026-06-15 17:50:38, tokens_remaining: 974, call: events, phase: playing
2026-06-15 17:50:39, tokens_remaining: 973, call: scores, phase: playing
2026-06-15 17:50:39, tokens_remaining: 973, call: scores, phase: playing
2026-06-15 17:50:40, tokens_remaining: 973, call: scores, phase: playing
2026-06-15 17:50:40, tokens_remaining: 972, call: scores, phase: playing
2026-06-15 17:50:41, tokens_remaining: 972, call: scores, phase: playing
2026-06-15 17:50:41, tokens_remaining: 972, call: scores, phase: playing
2026-06-15 17:50:42, tokens_remaining: 971, call: scores, phase: playing
2026-06-15 17:50:42, tokens_remaining: 971, call: scores, phase: playing
2026-06-15 17:50:43, tokens_remaining: 971, call: scores, phase: playing
2026-06-15 17:50:43, tokens_remaining: 970, call: events, phase: playing
2026-06-15 17:50:44, tokens_remaining: 969, call: scores, phase: playing
2026-06-15 17:50:45, tokens_remaining: 969, call: scores, phase: playing
2026-06-15 17:50:45, tokens_remaining: 969, call: scores, phase: playing
2026-06-15 17:50:46, tokens_remaining: 968, call: scores, phase: playing
2026-06-15 17:50:46, tokens_remaining: 968, call: scores, phase: playing
2026-06-15 17:50:47, tokens_remaining: 968, call: scores, phase: playing
2026-06-15 17:50:47, tokens_remaining: 967, call: scores, phase: playing
2026-06-15 17:50:48, tokens_remaining: 967, call: scores, phase: playing
2026-06-15 17:50:48, tokens_remaining: 967, call: scores, phase: playing
2026-06-15 17:50:49, tokens_remaining: 966, call: events, phase: playing
2026-06-15 17:50:49, tokens_remaining: 965, call: scores, phase: playing
2026-06-15 17:50:50, tokens_remaining: 965, call: scores, phase: playing
2026-06-15 17:50:50, tokens_remaining: 965, call: scores, phase: playing
2026-06-15 17:50:51, tokens_remaining: 964, call: scores, phase: playing
2026-06-15 17:50:51, tokens_remaining: 964, call: scores, phase: playing
2026-06-15 17:50:52, tokens_remaining: 964, call: scores, phase: playing
2026-06-15 17:50:53, tokens_remaining: 963, call: scores, phase: playing
2026-06-15 17:50:53, tokens_remaining: 963, call: scores, phase: playing
2026-06-15 17:50:53, tokens_remaining: 963, call: scores, phase: playing
2026-06-15 17:50:54, tokens_remaining: 962, call: events, phase: playing
2026-06-15 17:50:55, tokens_remaining: 961, call: scores, phase: playing
2026-06-15 17:50:55, tokens_remaining: 961, call: scores, phase: playing
2026-06-15 17:50:56, tokens_remaining: 961, call: scores, phase: playing
2026-06-15 17:50:56, tokens_remaining: 960, call: scores, phase: playing
2026-06-15 17:50:57, tokens_remaining: 960, call: scores, phase: playing
2026-06-15 17:50:57, tokens_remaining: 960, call: scores, phase: playing
2026-06-15 17:50:58, tokens_remaining: 959, call: scores, phase: playing
2026-06-15 17:50:58, tokens_remaining: 959, call: scores, phase: playing
2026-06-15 17:50:59, tokens_remaining: 959, call: scores, phase: playing
2026-06-15 17:50:59, tokens_remaining: 958, call: events, phase: playing
2026-06-15 17:51:00, tokens_remaining: 957, call: scores, phase: playing
2026-06-15 17:51:01, tokens_remaining: 957, call: scores, phase: playing
2026-06-15 17:51:01, tokens_remaining: 957, call: scores, phase: playing
2026-06-15 17:51:02, tokens_remaining: 956, call: scores, phase: playing
2026-06-15 17:51:02, tokens_remaining: 956, call: scores, phase: playing
2026-06-15 17:51:02, tokens_remaining: 956, call: scores, phase: playing
2026-06-15 17:51:03, tokens_remaining: 955, call: scores, phase: playing
2026-06-15 17:51:04, tokens_remaining: 955, call: scores, phase: playing
2026-06-15 17:51:04, tokens_remaining: 955, call: scores, phase: playing
2026-06-15 17:51:05, tokens_remaining: 954, call: events, phase: playing
2026-06-15 17:51:05, tokens_remaining: 953, call: scores, phase: playing
2026-06-15 17:51:06, tokens_remaining: 953, call: scores, phase: playing
2026-06-15 17:51:06, tokens_remaining: 953, call: scores, phase: playing
2026-06-15 17:51:07, tokens_remaining: 952, call: scores, phase: playing
2026-06-15 17:51:07, tokens_remaining: 952, call: scores, phase: playing
2026-06-15 17:51:08, tokens_remaining: 952, call: scores, phase: playing
2026-06-15 17:51:08, tokens_remaining: 951, call: scores, phase: playing
2026-06-15 17:51:09, tokens_remaining: 951, call: scores, phase: playing
2026-06-15 17:51:09, tokens_remaining: 951, call: scores, phase: playing
2026-06-15 17:51:10, tokens_remaining: 950, call: events, phase: playing
2026-06-15 17:51:10, tokens_remaining: 949, call: scores, phase: playing
2026-06-15 17:51:11, tokens_remaining: 949, call: scores, phase: playing
2026-06-15 17:51:11, tokens_remaining: 949, call: scores, phase: playing
2026-06-15 17:51:12, tokens_remaining: 948, call: scores, phase: playing
2026-06-15 17:51:12, tokens_remaining: 948, call: scores, phase: playing
2026-06-15 17:51:13, tokens_remaining: 948, call: scores, phase: playing
2026-06-15 17:51:14, tokens_remaining: 947, call: scores, phase: playing
2026-06-15 17:51:14, tokens_remaining: 947, call: scores, phase: playing
