2026-06-14 12:48:54, tokens_remaining: 2485, call: events, phase: idle
2026-06-14 12:48:54, EVENT: GOAL 6' Felix Nmecha (1-0) [Germany vs Curacao]
2026-06-14 12:48:54, EVENT: GOAL 21' Livano Comenencia (1-1) [Germany vs Curacao]
2026-06-14 12:48:54, EVENT: GOAL 38' Nico Schlotterbeck (2-1) [Germany vs Curacao]
2026-06-14 12:48:54, STATE_CHANGE: Germany vs Curacao [— -> 1H]
2026-06-14 12:48:55, tokens_remaining: 2484, call: scores, phase: playing
2026-06-14 12:48:56, tokens_remaining: 2484, call: scores, phase: playing
2026-06-14 12:48:56, tokens_remaining: 2484, call: scores, phase: playing
2026-06-14 12:48:56, tokens_remaining: 2484, call: scores, phase: playing
2026-06-14 12:48:57, tokens_remaining: 2483, call: scores, phase: playing
2026-06-14 12:48:57, tokens_remaining: 2483, call: scores, phase: playing
2026-06-14 12:48:57, tokens_remaining: 2483, call: scores, phase: playing
2026-06-14 12:48:57, tokens_remaining: 2483, call: scores, phase: playing
2026-06-14 12:48:58, tokens_remaining: 2482, call: events, phase: playing
2026-06-14 12:48:58, tokens_remaining: 2481, call: scores, phase: playing
2026-06-14 12:48:58, tokens_remaining: 2481, call: scores, phase: playing
2026-06-14 12:48:58, tokens_remaining: 2481, call: scores, phase: playing
2026-06-14 12:48:59, tokens_remaining: 2481, call: scores, phase: playing
2026-06-14 12:48:59, tokens_remaining: 2481, call: scores, phase: playing
2026-06-14 12:48:59, tokens_remaining: 2481, call: scores, phase: playing
2026-06-14 12:48:59, tokens_remaining: 2481, call: scores, phase: playing
2026-06-14 12:48:59, tokens_remaining: 2480, call: scores, phase: playing
2026-06-14 12:49:00, tokens_remaining: 2480, call: scores, phase: playing
2026-06-14 12:49:00, tokens_remaining: 2479, call: events, phase: playing
2026-06-14 12:49:00, tokens_remaining: 2480, call: scores, phase: playing
2026-06-14 12:49:00, tokens_remaining: 2480, call: scores, phase: playing
2026-06-14 12:49:01, tokens_remaining: 2478, call: scores, phase: playing
2026-06-14 12:49:01, tokens_remaining: 2478, call: scores, phase: playing
2026-06-14 12:49:01, tokens_remaining: 2478, call: scores, phase: playing
2026-06-14 12:49:01, tokens_remaining: 2478, call: scores, phase: playing
2026-06-14 12:49:01, tokens_remaining: 2478, call: scores, phase: playing
2026-06-14 12:49:02, tokens_remaining: 2478, call: scores, phase: playing
2026-06-14 12:49:02, tokens_remaining: 2478, call: scores, phase: playing
2026-06-14 12:49:02, tokens_remaining: 2477, call: events, phase: playing
2026-06-14 12:49:03, tokens_remaining: 2476, call: scores, phase: playing
2026-06-14 12:49:03, tokens_remaining: 2476, call: scores, phase: playing
2026-06-14 12:49:03, tokens_remaining: 2476, call: scores, phase: playing
2026-06-14 12:49:03, tokens_remaining: 2476, call: scores, phase: playing
2026-06-14 12:49:03, tokens_remaining: 2476, call: scores, phase: playing
2026-06-14 12:49:03, tokens_remaining: 2476, call: scores, phase: playing
2026-06-14 12:49:03, tokens_remaining: 2476, call: scores, phase: playing
2026-06-14 12:49:04, tokens_remaining: 2475, call: scores, phase: playing
2026-06-14 12:49:04, tokens_remaining: 2475, call: scores, phase: playing
2026-06-14 12:49:04, tokens_remaining: 2474, call: events, phase: playing
2026-06-14 12:49:05, tokens_remaining: 2475, call: scores, phase: playing
2026-06-14 12:49:05, tokens_remaining: 2475, call: scores, phase: playing
2026-06-14 12:49:05, tokens_remaining: 2473, call: scores, phase: playing
2026-06-14 12:49:06, tokens_remaining: 2473, call: scores, phase: playing
2026-06-14 12:49:06, tokens_remaining: 2473, call: scores, phase: playing
2026-06-14 12:49:06, tokens_remaining: 2473, call: scores, phase: playing
2026-06-14 12:49:07, tokens_remaining: 2473, call: scores, phase: playing
2026-06-14 12:49:07, tokens_remaining: 2472, call: scores, phase: playing
2026-06-14 12:49:09, tokens_remaining: 2471, call: scores, phase: playing
2026-06-14 12:49:09, tokens_remaining: 2470, call: events, phase: playing
2026-06-14 12:49:10, tokens_remaining: 2471, call: scores, phase: playing
2026-06-14 12:49:10, tokens_remaining: 2471, call: scores, phase: playing
2026-06-14 12:49:10, tokens_remaining: 2469, call: scores, phase: playing
2026-06-14 12:49:10, tokens_remaining: 2469, call: scores, phase: playing
2026-06-14 12:49:10, tokens_remaining: 2469, call: scores, phase: playing
2026-06-14 12:49:11, tokens_remaining: 2469, call: scores, phase: playing
2026-06-14 12:49:11, tokens_remaining: 2469, call: scores, phase: playing
2026-06-14 12:49:11, tokens_remaining: 2469, call: scores, phase: playing
2026-06-14 12:49:11, tokens_remaining: 2469, call: scores, phase: playing
2026-06-14 12:49:12, tokens_remaining: 2468, call: events, phase: playing
2026-06-14 12:49:12, tokens_remaining: 2467, call: scores, phase: playing
2026-06-14 12:49:12, tokens_remaining: 2467, call: scores, phase: playing
2026-06-14 12:49:13, tokens_remaining: 2467, call: scores, phase: playing
2026-06-14 12:49:13, tokens_remaining: 2466, call: scores, phase: playing
2026-06-14 12:49:14, tokens_remaining: 2466, call: scores, phase: playing
2026-06-14 12:49:14, tokens_remaining: 2466, call: scores, phase: playing
2026-06-14 12:49:14, tokens_remaining: 2466, call: scores, phase: playing
2026-06-14 12:49:14, tokens_remaining: 2466, call: scores, phase: playing
2026-06-14 12:49:16, tokens_remaining: 2465, call: scores, phase: playing
2026-06-14 12:49:16, tokens_remaining: 2464, call: events, phase: playing
2026-06-14 12:49:16, tokens_remaining: 2465, call: scores, phase: playing
2026-06-14 12:49:16, tokens_remaining: 2465, call: scores, phase: playing
2026-06-14 12:49:16, tokens_remaining: 2465, call: scores, phase: playing
2026-06-14 12:49:17, tokens_remaining: 2463, call: scores, phase: playing
2026-06-14 12:49:17, tokens_remaining: 2463, call: scores, phase: playing
2026-06-14 12:49:17, tokens_remaining: 2463, call: scores, phase: playing
2026-06-14 12:49:18, tokens_remaining: 2463, call: scores, phase: playing
2026-06-14 12:49:18, tokens_remaining: 2463, call: scores, phase: playing
2026-06-14 12:49:18, tokens_remaining: 2462, call: scores, phase: playing
2026-06-14 12:49:19, tokens_remaining: 2461, call: events, phase: playing
2026-06-14 12:49:19, tokens_remaining: 2462, call: scores, phase: playing
2026-06-14 12:49:19, tokens_remaining: 2462, call: scores, phase: playing
2026-06-14 12:49:19, tokens_remaining: 2462, call: scores, phase: playing
2026-06-14 12:49:20, tokens_remaining: 2460, call: scores, phase: playing
2026-06-14 12:49:20, tokens_remaining: 2460, call: scores, phase: playing
2026-06-14 12:49:20, tokens_remaining: 2460, call: scores, phase: playing
2026-06-14 12:49:21, tokens_remaining: 2459, call: scores, phase: playing
2026-06-14 12:49:22, tokens_remaining: 2459, call: scores, phase: playing
2026-06-14 12:49:22, tokens_remaining: 2459, call: scores, phase: playing
2026-06-14 12:49:22, tokens_remaining: 2458, call: events, phase: playing
2026-06-14 12:49:22, tokens_remaining: 2459, call: scores, phase: playing
2026-06-14 12:49:23, tokens_remaining: 2457, call: scores, phase: playing
2026-06-14 12:49:23, tokens_remaining: 2457, call: scores, phase: playing
2026-06-14 12:49:23, tokens_remaining: 2457, call: scores, phase: playing
2026-06-14 12:49:23, tokens_remaining: 2457, call: scores, phase: playing
2026-06-14 12:49:23, tokens_remaining: 2457, call: scores, phase: playing
2026-06-14 12:49:23, tokens_remaining: 2457, call: scores, phase: playing
2026-06-14 12:49:24, tokens_remaining: 2457, call: scores, phase: playing
2026-06-14 12:49:24, tokens_remaining: 2456, call: scores, phase: playing
2026-06-14 12:49:25, tokens_remaining: 2455, call: events, phase: playing
2026-06-14 12:49:25, tokens_remaining: 2456, call: scores, phase: playing
2026-06-14 12:49:26, tokens_remaining: 2454, call: scores, phase: playing
2026-06-14 12:49:26, tokens_remaining: 2454, call: scores, phase: playing
2026-06-14 12:49:26, tokens_remaining: 2454, call: scores, phase: playing
2026-06-14 12:49:27, tokens_remaining: 2454, call: scores, phase: playing
2026-06-14 12:49:28, tokens_remaining: 2453, call: scores, phase: playing
2026-06-14 12:49:28, tokens_remaining: 2453, call: scores, phase: playing
2026-06-14 12:49:28, tokens_remaining: 2453, call: scores, phase: playing
2026-06-14 12:49:28, tokens_remaining: 2453, call: scores, phase: playing
2026-06-14 12:49:30, tokens_remaining: 2452, call: events, phase: playing
2026-06-14 12:49:31, tokens_remaining: 2451, call: scores, phase: playing
2026-06-14 12:49:31, tokens_remaining: 2451, call: scores, phase: playing
2026-06-14 12:49:31, tokens_remaining: 2451, call: scores, phase: playing
2026-06-14 12:49:31, tokens_remaining: 2451, call: scores, phase: playing
2026-06-14 12:49:31, tokens_remaining: 2451, call: scores, phase: playing
2026-06-14 12:49:31, tokens_remaining: 2451, call: scores, phase: playing
2026-06-14 12:49:31, tokens_remaining: 2451, call: scores, phase: playing
2026-06-14 12:49:32, tokens_remaining: 2450, call: scores, phase: playing
2026-06-14 12:49:32, tokens_remaining: 2450, call: scores, phase: playing
2026-06-14 12:49:32, tokens_remaining: 2449, call: events, phase: playing
2026-06-14 12:49:33, tokens_remaining: 2450, call: scores, phase: playing
2026-06-14 12:49:33, tokens_remaining: 2450, call: scores, phase: playing
2026-06-14 12:49:33, tokens_remaining: 2448, call: scores, phase: playing
2026-06-14 12:49:33, tokens_remaining: 2448, call: scores, phase: playing
2026-06-14 12:49:33, tokens_remaining: 2448, call: scores, phase: playing
2026-06-14 12:49:34, tokens_remaining: 2448, call: scores, phase: playing
2026-06-14 12:49:34, tokens_remaining: 2448, call: scores, phase: playing
2026-06-14 12:49:34, tokens_remaining: 2448, call: scores, phase: playing
2026-06-14 12:49:34, tokens_remaining: 2448, call: scores, phase: playing
2026-06-14 12:49:35, tokens_remaining: 2447, call: events, phase: playing
2026-06-14 12:49:35, tokens_remaining: 2446, call: scores, phase: playing
2026-06-14 12:49:35, tokens_remaining: 2446, call: scores, phase: playing
2026-06-14 12:49:35, tokens_remaining: 2446, call: scores, phase: playing
2026-06-14 12:49:35, tokens_remaining: 2446, call: scores, phase: playing
2026-06-14 12:49:36, tokens_remaining: 2446, call: scores, phase: playing
2026-06-14 12:49:36, tokens_remaining: 2446, call: scores, phase: playing
2026-06-14 12:49:36, tokens_remaining: 2446, call: scores, phase: playing
2026-06-14 12:49:36, tokens_remaining: 2445, call: scores, phase: playing
2026-06-14 12:49:36, tokens_remaining: 2445, call: scores, phase: playing
2026-06-14 12:49:37, tokens_remaining: 2444, call: events, phase: playing
2026-06-14 12:49:37, tokens_remaining: 2445, call: scores, phase: playing
2026-06-14 12:49:37, tokens_remaining: 2445, call: scores, phase: playing
2026-06-14 12:49:38, tokens_remaining: 2443, call: scores, phase: playing
2026-06-14 12:49:38, tokens_remaining: 2443, call: scores, phase: playing
2026-06-14 12:49:38, tokens_remaining: 2443, call: scores, phase: playing
2026-06-14 12:49:38, tokens_remaining: 2443, call: scores, phase: playing
2026-06-14 12:49:38, tokens_remaining: 2443, call: scores, phase: playing
2026-06-14 12:49:38, tokens_remaining: 2443, call: scores, phase: playing
2026-06-14 12:49:39, tokens_remaining: 2443, call: scores, phase: playing
2026-06-14 12:49:39, tokens_remaining: 2442, call: events, phase: playing
2026-06-14 12:49:39, tokens_remaining: 2441, call: scores, phase: playing
2026-06-14 12:49:40, tokens_remaining: 2441, call: scores, phase: playing
2026-06-14 12:49:40, tokens_remaining: 2441, call: scores, phase: playing
2026-06-14 12:49:40, tokens_remaining: 2441, call: scores, phase: playing
2026-06-14 12:49:40, tokens_remaining: 2441, call: scores, phase: playing
2026-06-14 12:49:40, tokens_remaining: 2441, call: scores, phase: playing
2026-06-14 12:49:40, tokens_remaining: 2441, call: scores, phase: playing
2026-06-14 12:49:41, tokens_remaining: 2440, call: scores, phase: playing
2026-06-14 12:49:41, tokens_remaining: 2440, call: scores, phase: playing
2026-06-14 12:49:41, tokens_remaining: 2439, call: events, phase: playing
2026-06-14 12:49:42, tokens_remaining: 2440, call: scores, phase: playing
2026-06-14 12:49:42, tokens_remaining: 2440, call: scores, phase: playing
2026-06-14 12:49:42, tokens_remaining: 2438, call: scores, phase: playing
2026-06-14 12:49:42, tokens_remaining: 2438, call: scores, phase: playing
2026-06-14 12:49:42, tokens_remaining: 2438, call: scores, phase: playing
2026-06-14 12:49:43, tokens_remaining: 2438, call: scores, phase: playing
2026-06-14 12:49:43, tokens_remaining: 2438, call: scores, phase: playing
2026-06-14 12:49:43, tokens_remaining: 2438, call: scores, phase: playing
2026-06-14 12:49:43, tokens_remaining: 2438, call: scores, phase: playing
2026-06-14 12:49:44, tokens_remaining: 2437, call: events, phase: playing
2026-06-14 12:49:44, tokens_remaining: 2436, call: scores, phase: playing
2026-06-14 12:49:44, tokens_remaining: 2436, call: scores, phase: playing
2026-06-14 12:49:44, tokens_remaining: 2436, call: scores, phase: playing
2026-06-14 12:49:44, tokens_remaining: 2436, call: scores, phase: playing
2026-06-14 12:49:45, tokens_remaining: 2436, call: scores, phase: playing
2026-06-14 12:49:45, tokens_remaining: 2436, call: scores, phase: playing
2026-06-14 12:49:45, tokens_remaining: 2436, call: scores, phase: playing
2026-06-14 12:49:45, tokens_remaining: 2435, call: scores, phase: playing
2026-06-14 12:49:45, tokens_remaining: 2435, call: scores, phase: playing
2026-06-14 12:49:46, tokens_remaining: 2434, call: events, phase: playing
2026-06-14 12:49:46, tokens_remaining: 2435, call: scores, phase: playing
2026-06-14 12:49:46, tokens_remaining: 2435, call: scores, phase: playing
2026-06-14 12:49:47, tokens_remaining: 2433, call: scores, phase: playing
2026-06-14 12:49:47, tokens_remaining: 2433, call: scores, phase: playing
2026-06-14 12:49:47, tokens_remaining: 2433, call: scores, phase: playing
2026-06-14 12:49:47, tokens_remaining: 2433, call: scores, phase: playing
2026-06-14 12:49:47, tokens_remaining: 2433, call: scores, phase: playing
2026-06-14 12:49:47, tokens_remaining: 2433, call: scores, phase: playing
2026-06-14 12:49:47, tokens_remaining: 2433, call: scores, phase: playing
2026-06-14 12:49:48, tokens_remaining: 2432, call: events, phase: playing
2026-06-14 12:49:48, tokens_remaining: 2431, call: scores, phase: playing
2026-06-14 12:49:48, tokens_remaining: 2431, call: scores, phase: playing
2026-06-14 12:49:49, tokens_remaining: 2431, call: scores, phase: playing
2026-06-14 12:49:49, tokens_remaining: 2431, call: scores, phase: playing
2026-06-14 12:49:49, tokens_remaining: 2431, call: scores, phase: playing
2026-06-14 12:49:49, tokens_remaining: 2431, call: scores, phase: playing
2026-06-14 12:49:49, tokens_remaining: 2431, call: scores, phase: playing
2026-06-14 12:49:50, tokens_remaining: 2430, call: scores, phase: playing
2026-06-14 12:49:50, tokens_remaining: 2430, call: scores, phase: playing
2026-06-14 12:49:50, tokens_remaining: 2429, call: events, phase: playing
2026-06-14 12:49:50, tokens_remaining: 2430, call: scores, phase: playing
2026-06-14 12:49:50, tokens_remaining: 2430, call: scores, phase: playing
2026-06-14 12:49:51, tokens_remaining: 2428, call: scores, phase: playing
2026-06-14 12:49:51, tokens_remaining: 2428, call: scores, phase: playing
2026-06-14 12:49:51, tokens_remaining: 2428, call: scores, phase: playing
2026-06-14 12:49:51, tokens_remaining: 2428, call: scores, phase: playing
2026-06-14 12:49:51, tokens_remaining: 2428, call: scores, phase: playing
2026-06-14 12:49:52, tokens_remaining: 2428, call: scores, phase: playing
2026-06-14 12:49:52, tokens_remaining: 2428, call: scores, phase: playing
2026-06-14 12:49:52, tokens_remaining: 2427, call: events, phase: playing
2026-06-14 12:49:53, tokens_remaining: 2426, call: scores, phase: playing
2026-06-14 12:49:53, tokens_remaining: 2426, call: scores, phase: playing
2026-06-14 12:49:53, tokens_remaining: 2426, call: scores, phase: playing
2026-06-14 12:49:53, tokens_remaining: 2426, call: scores, phase: playing
2026-06-14 12:49:53, tokens_remaining: 2426, call: scores, phase: playing
2026-06-14 12:49:53, tokens_remaining: 2426, call: scores, phase: playing
2026-06-14 12:49:53, tokens_remaining: 2426, call: scores, phase: playing
2026-06-14 12:49:54, tokens_remaining: 2426, call: scores, phase: playing
2026-06-14 12:49:54, tokens_remaining: 2425, call: scores, phase: playing
2026-06-14 12:49:54, tokens_remaining: 2424, call: events, phase: playing
2026-06-14 12:49:55, tokens_remaining: 2425, call: scores, phase: playing
2026-06-14 12:49:55, tokens_remaining: 2425, call: scores, phase: playing
2026-06-14 12:49:55, tokens_remaining: 2425, call: scores, phase: playing
2026-06-14 12:49:55, tokens_remaining: 2423, call: scores, phase: playing
2026-06-14 12:49:55, tokens_remaining: 2423, call: scores, phase: playing
2026-06-14 12:49:56, tokens_remaining: 2423, call: scores, phase: playing
2026-06-14 12:49:56, tokens_remaining: 2423, call: scores, phase: playing
2026-06-14 12:49:56, tokens_remaining: 2423, call: scores, phase: playing
2026-06-14 12:49:56, tokens_remaining: 2423, call: scores, phase: playing
2026-06-14 12:49:56, tokens_remaining: 2422, call: events, phase: playing
2026-06-14 12:49:57, tokens_remaining: 2421, call: scores, phase: playing
2026-06-14 12:49:57, tokens_remaining: 2421, call: scores, phase: playing
2026-06-14 12:49:57, tokens_remaining: 2421, call: scores, phase: playing
2026-06-14 12:49:57, tokens_remaining: 2421, call: scores, phase: playing
2026-06-14 12:49:57, tokens_remaining: 2421, call: scores, phase: playing
2026-06-14 12:49:58, tokens_remaining: 2421, call: scores, phase: playing
2026-06-14 12:49:58, tokens_remaining: 2421, call: scores, phase: playing
2026-06-14 12:49:58, tokens_remaining: 2420, call: scores, phase: playing
2026-06-14 12:49:58, tokens_remaining: 2420, call: scores, phase: playing
2026-06-14 12:49:59, tokens_remaining: 2419, call: events, phase: playing
2026-06-14 12:49:59, tokens_remaining: 2420, call: scores, phase: playing
2026-06-14 12:49:59, tokens_remaining: 2420, call: scores, phase: playing
2026-06-14 12:49:59, tokens_remaining: 2418, call: scores, phase: playing
2026-06-14 12:50:00, tokens_remaining: 2418, call: scores, phase: playing
2026-06-14 12:50:00, tokens_remaining: 2418, call: scores, phase: playing
2026-06-14 12:50:00, tokens_remaining: 2418, call: scores, phase: playing
2026-06-14 12:50:00, tokens_remaining: 2418, call: scores, phase: playing
2026-06-14 12:50:00, tokens_remaining: 2418, call: scores, phase: playing
2026-06-14 12:50:00, tokens_remaining: 2418, call: scores, phase: playing
2026-06-14 12:50:01, tokens_remaining: 2417, call: events, phase: playing
2026-06-14 12:50:01, tokens_remaining: 2416, call: scores, phase: playing
2026-06-14 12:50:01, tokens_remaining: 2416, call: scores, phase: playing
2026-06-14 12:50:01, tokens_remaining: 2416, call: scores, phase: playing
2026-06-14 12:50:02, tokens_remaining: 2416, call: scores, phase: playing
2026-06-14 12:50:02, tokens_remaining: 2416, call: scores, phase: playing
2026-06-14 12:50:02, tokens_remaining: 2416, call: scores, phase: playing
2026-06-14 12:50:02, tokens_remaining: 2416, call: scores, phase: playing
2026-06-14 12:50:02, tokens_remaining: 2415, call: scores, phase: playing
2026-06-14 12:50:03, tokens_remaining: 2415, call: scores, phase: playing
2026-06-14 12:50:03, tokens_remaining: 2414, call: events, phase: playing
2026-06-14 12:50:03, tokens_remaining: 2415, call: scores, phase: playing
2026-06-14 12:50:03, tokens_remaining: 2415, call: scores, phase: playing
2026-06-14 12:50:04, tokens_remaining: 2413, call: scores, phase: playing
2026-06-14 12:50:04, tokens_remaining: 2413, call: scores, phase: playing
2026-06-14 12:50:04, tokens_remaining: 2413, call: scores, phase: playing
2026-06-14 12:50:04, tokens_remaining: 2413, call: scores, phase: playing
2026-06-14 12:50:04, tokens_remaining: 2413, call: scores, phase: playing
2026-06-14 12:50:05, tokens_remaining: 2413, call: scores, phase: playing
2026-06-14 12:50:05, tokens_remaining: 2413, call: scores, phase: playing
2026-06-14 12:50:05, tokens_remaining: 2412, call: events, phase: playing
2026-06-14 12:50:06, tokens_remaining: 2411, call: scores, phase: playing
2026-06-14 12:50:06, tokens_remaining: 2411, call: scores, phase: playing
2026-06-14 12:50:06, tokens_remaining: 2411, call: scores, phase: playing
2026-06-14 12:50:06, tokens_remaining: 2411, call: scores, phase: playing
2026-06-14 12:50:06, tokens_remaining: 2411, call: scores, phase: playing
2026-06-14 12:50:06, tokens_remaining: 2411, call: scores, phase: playing
2026-06-14 12:50:06, tokens_remaining: 2411, call: scores, phase: playing
2026-06-14 12:50:07, tokens_remaining: 2410, call: scores, phase: playing
2026-06-14 12:50:07, tokens_remaining: 2410, call: scores, phase: playing
2026-06-14 12:50:07, tokens_remaining: 2409, call: events, phase: playing
2026-06-14 12:50:08, tokens_remaining: 2410, call: scores, phase: playing
2026-06-14 12:50:08, tokens_remaining: 2410, call: scores, phase: playing
2026-06-14 12:50:08, tokens_remaining: 2408, call: scores, phase: playing
2026-06-14 12:50:08, tokens_remaining: 2408, call: scores, phase: playing
2026-06-14 12:50:08, tokens_remaining: 2408, call: scores, phase: playing
2026-06-14 12:50:09, tokens_remaining: 2408, call: scores, phase: playing
2026-06-14 12:50:09, tokens_remaining: 2408, call: scores, phase: playing
2026-06-14 12:50:09, tokens_remaining: 2408, call: scores, phase: playing
2026-06-14 12:50:09, tokens_remaining: 2408, call: scores, phase: playing
2026-06-14 12:50:09, tokens_remaining: 2407, call: events, phase: playing
2026-06-14 12:50:10, tokens_remaining: 2406, call: scores, phase: playing
2026-06-14 12:50:10, tokens_remaining: 2406, call: scores, phase: playing
2026-06-14 12:50:10, tokens_remaining: 2406, call: scores, phase: playing
2026-06-14 12:50:10, tokens_remaining: 2406, call: scores, phase: playing
2026-06-14 12:50:10, tokens_remaining: 2406, call: scores, phase: playing
2026-06-14 12:50:11, tokens_remaining: 2406, call: scores, phase: playing
2026-06-14 12:50:11, tokens_remaining: 2406, call: scores, phase: playing
2026-06-14 12:50:11, tokens_remaining: 2405, call: scores, phase: playing
2026-06-14 12:50:11, tokens_remaining: 2405, call: scores, phase: playing
2026-06-14 12:50:12, tokens_remaining: 2404, call: events, phase: playing
2026-06-14 12:50:12, tokens_remaining: 2405, call: scores, phase: playing
2026-06-14 12:50:12, tokens_remaining: 2405, call: scores, phase: playing
2026-06-14 12:50:13, tokens_remaining: 2403, call: scores, phase: playing
2026-06-14 12:50:13, tokens_remaining: 2403, call: scores, phase: playing
2026-06-14 12:50:13, tokens_remaining: 2403, call: scores, phase: playing
2026-06-14 12:50:13, tokens_remaining: 2403, call: scores, phase: playing
2026-06-14 12:50:13, tokens_remaining: 2403, call: scores, phase: playing
2026-06-14 12:50:13, tokens_remaining: 2403, call: scores, phase: playing
2026-06-14 12:50:14, tokens_remaining: 2403, call: scores, phase: playing
2026-06-14 12:50:14, tokens_remaining: 2402, call: events, phase: playing
2026-06-14 12:50:14, tokens_remaining: 2401, call: scores, phase: playing
2026-06-14 12:50:15, tokens_remaining: 2401, call: scores, phase: playing
2026-06-14 12:50:15, tokens_remaining: 2401, call: scores, phase: playing
2026-06-14 12:50:15, tokens_remaining: 2401, call: scores, phase: playing
2026-06-14 12:50:15, tokens_remaining: 2401, call: scores, phase: playing
2026-06-14 12:50:15, tokens_remaining: 2401, call: scores, phase: playing
2026-06-14 12:50:15, tokens_remaining: 2401, call: scores, phase: playing
2026-06-14 12:50:16, tokens_remaining: 2400, call: scores, phase: playing
2026-06-14 12:50:16, tokens_remaining: 2400, call: scores, phase: playing
2026-06-14 12:50:16, tokens_remaining: 2399, call: events, phase: playing
2026-06-14 12:50:16, tokens_remaining: 2400, call: scores, phase: playing
2026-06-14 12:50:17, tokens_remaining: 2400, call: scores, phase: playing
2026-06-14 12:50:17, tokens_remaining: 2398, call: scores, phase: playing
2026-06-14 12:50:17, tokens_remaining: 2398, call: scores, phase: playing
2026-06-14 12:50:17, tokens_remaining: 2398, call: scores, phase: playing
2026-06-14 12:50:18, tokens_remaining: 2398, call: scores, phase: playing
2026-06-14 12:50:18, tokens_remaining: 2398, call: scores, phase: playing
2026-06-14 12:50:18, tokens_remaining: 2398, call: scores, phase: playing
2026-06-14 12:50:18, tokens_remaining: 2398, call: scores, phase: playing
2026-06-14 12:50:18, tokens_remaining: 2397, call: events, phase: playing
2026-06-14 12:50:19, tokens_remaining: 2396, call: scores, phase: playing
2026-06-14 12:50:19, tokens_remaining: 2396, call: scores, phase: playing
2026-06-14 12:50:19, tokens_remaining: 2396, call: scores, phase: playing
2026-06-14 12:50:19, tokens_remaining: 2396, call: scores, phase: playing
2026-06-14 12:50:19, tokens_remaining: 2396, call: scores, phase: playing
2026-06-14 12:50:20, tokens_remaining: 2396, call: scores, phase: playing
2026-06-14 12:50:20, tokens_remaining: 2396, call: scores, phase: playing
2026-06-14 12:50:20, tokens_remaining: 2395, call: scores, phase: playing
2026-06-14 12:50:20, tokens_remaining: 2395, call: scores, phase: playing
2026-06-14 12:50:21, tokens_remaining: 2394, call: events, phase: playing
2026-06-14 12:50:21, tokens_remaining: 2395, call: scores, phase: playing
2026-06-14 12:50:21, tokens_remaining: 2395, call: scores, phase: playing
2026-06-14 12:50:21, tokens_remaining: 2393, call: scores, phase: playing
2026-06-14 12:50:21, tokens_remaining: 2393, call: scores, phase: playing
2026-06-14 12:50:22, tokens_remaining: 2393, call: scores, phase: playing
2026-06-14 12:50:22, tokens_remaining: 2393, call: scores, phase: playing
2026-06-14 12:50:22, tokens_remaining: 2393, call: scores, phase: playing
2026-06-14 12:50:22, tokens_remaining: 2393, call: scores, phase: playing
2026-06-14 12:50:22, tokens_remaining: 2393, call: scores, phase: playing
2026-06-14 12:50:23, tokens_remaining: 2392, call: events, phase: playing
2026-06-14 12:50:23, tokens_remaining: 2391, call: scores, phase: playing
2026-06-14 12:50:23, tokens_remaining: 2391, call: scores, phase: playing
2026-06-14 12:50:23, tokens_remaining: 2391, call: scores, phase: playing
2026-06-14 12:50:24, tokens_remaining: 2391, call: scores, phase: playing
2026-06-14 12:50:24, tokens_remaining: 2391, call: scores, phase: playing
2026-06-14 12:50:24, tokens_remaining: 2391, call: scores, phase: playing
2026-06-14 12:50:24, tokens_remaining: 2391, call: scores, phase: playing
2026-06-14 12:50:24, tokens_remaining: 2390, call: scores, phase: playing
2026-06-14 12:50:25, tokens_remaining: 2390, call: scores, phase: playing
2026-06-14 12:50:25, tokens_remaining: 2389, call: events, phase: playing
2026-06-14 12:50:25, tokens_remaining: 2390, call: scores, phase: playing
2026-06-14 12:50:25, tokens_remaining: 2390, call: scores, phase: playing
2026-06-14 12:50:26, tokens_remaining: 2388, call: scores, phase: playing
2026-06-14 12:50:26, tokens_remaining: 2388, call: scores, phase: playing
2026-06-14 12:50:26, tokens_remaining: 2388, call: scores, phase: playing
2026-06-14 12:50:26, tokens_remaining: 2388, call: scores, phase: playing
2026-06-14 12:50:26, tokens_remaining: 2388, call: scores, phase: playing
2026-06-14 12:50:26, tokens_remaining: 2388, call: scores, phase: playing
2026-06-14 12:50:27, tokens_remaining: 2388, call: scores, phase: playing
2026-06-14 12:50:27, tokens_remaining: 2387, call: events, phase: playing
2026-06-14 12:50:27, tokens_remaining: 2386, call: scores, phase: playing
2026-06-14 12:50:28, tokens_remaining: 2386, call: scores, phase: playing
2026-06-14 12:50:28, tokens_remaining: 2386, call: scores, phase: playing
2026-06-14 12:50:28, tokens_remaining: 2386, call: scores, phase: playing
2026-06-14 12:50:28, tokens_remaining: 2386, call: scores, phase: playing
2026-06-14 12:50:28, tokens_remaining: 2386, call: scores, phase: playing
2026-06-14 12:50:29, tokens_remaining: 2385, call: scores, phase: playing
2026-06-14 12:50:29, tokens_remaining: 2385, call: scores, phase: playing
2026-06-14 12:50:29, tokens_remaining: 2385, call: scores, phase: playing
2026-06-14 12:50:30, tokens_remaining: 2384, call: events, phase: playing
2026-06-14 12:50:30, tokens_remaining: 2383, call: scores, phase: playing
2026-06-14 12:50:30, tokens_remaining: 2383, call: scores, phase: playing
2026-06-14 12:50:30, tokens_remaining: 2383, call: scores, phase: playing
2026-06-14 12:50:31, tokens_remaining: 2383, call: scores, phase: playing
2026-06-14 12:50:31, tokens_remaining: 2383, call: scores, phase: playing
2026-06-14 12:50:31, tokens_remaining: 2383, call: scores, phase: playing
2026-06-14 12:50:31, tokens_remaining: 2382, call: scores, phase: playing
2026-06-14 12:50:32, tokens_remaining: 2382, call: scores, phase: playing
2026-06-14 12:50:32, tokens_remaining: 2382, call: scores, phase: playing
2026-06-14 12:50:32, tokens_remaining: 2381, call: events, phase: playing
2026-06-14 12:50:33, tokens_remaining: 2380, call: scores, phase: playing
2026-06-14 12:50:33, tokens_remaining: 2380, call: scores, phase: playing
2026-06-14 12:50:33, tokens_remaining: 2380, call: scores, phase: playing
2026-06-14 12:50:33, tokens_remaining: 2380, call: scores, phase: playing
2026-06-14 12:50:34, tokens_remaining: 2380, call: scores, phase: playing
2026-06-14 12:50:34, tokens_remaining: 2380, call: scores, phase: playing
2026-06-14 12:50:34, tokens_remaining: 2379, call: scores, phase: playing
2026-06-14 12:50:34, tokens_remaining: 2379, call: scores, phase: playing
2026-06-14 12:50:35, tokens_remaining: 2379, call: scores, phase: playing
2026-06-14 12:50:35, tokens_remaining: 2378, call: events, phase: playing
2026-06-14 12:50:36, tokens_remaining: 2377, call: scores, phase: playing
2026-06-14 12:50:36, tokens_remaining: 2377, call: scores, phase: playing
2026-06-14 12:50:36, tokens_remaining: 2377, call: scores, phase: playing
2026-06-14 12:50:36, tokens_remaining: 2377, call: scores, phase: playing
2026-06-14 12:50:36, tokens_remaining: 2377, call: scores, phase: playing
2026-06-14 12:50:37, tokens_remaining: 2377, call: scores, phase: playing
2026-06-14 12:50:37, tokens_remaining: 2376, call: scores, phase: playing
2026-06-14 12:50:37, tokens_remaining: 2376, call: scores, phase: playing
2026-06-14 12:50:37, tokens_remaining: 2376, call: scores, phase: playing
2026-06-14 12:50:38, tokens_remaining: 2375, call: events, phase: playing
2026-06-14 12:50:38, tokens_remaining: 2374, call: scores, phase: playing
2026-06-14 12:50:38, tokens_remaining: 2374, call: scores, phase: playing
2026-06-14 12:50:39, tokens_remaining: 2374, call: scores, phase: playing
2026-06-14 12:50:39, tokens_remaining: 2374, call: scores, phase: playing
2026-06-14 12:50:39, tokens_remaining: 2374, call: scores, phase: playing
2026-06-14 12:50:39, tokens_remaining: 2374, call: scores, phase: playing
2026-06-14 12:50:40, tokens_remaining: 2373, call: scores, phase: playing
2026-06-14 12:50:40, tokens_remaining: 2373, call: scores, phase: playing
2026-06-14 12:50:40, tokens_remaining: 2373, call: scores, phase: playing
2026-06-14 12:50:40, tokens_remaining: 2372, call: events, phase: playing
2026-06-14 12:50:41, tokens_remaining: 2371, call: scores, phase: playing
2026-06-14 12:50:41, tokens_remaining: 2371, call: scores, phase: playing
2026-06-14 12:50:41, tokens_remaining: 2371, call: scores, phase: playing
2026-06-14 12:50:41, tokens_remaining: 2371, call: scores, phase: playing
2026-06-14 12:50:42, tokens_remaining: 2371, call: scores, phase: playing
2026-06-14 12:50:42, tokens_remaining: 2371, call: scores, phase: playing
2026-06-14 12:50:42, tokens_remaining: 2370, call: scores, phase: playing
2026-06-14 12:50:42, tokens_remaining: 2370, call: scores, phase: playing
2026-06-14 12:50:43, tokens_remaining: 2370, call: scores, phase: playing
2026-06-14 12:50:43, tokens_remaining: 2369, call: events, phase: playing
2026-06-14 12:50:44, tokens_remaining: 2368, call: scores, phase: playing
2026-06-14 12:50:44, tokens_remaining: 2368, call: scores, phase: playing
2026-06-14 12:50:44, tokens_remaining: 2368, call: scores, phase: playing
2026-06-14 12:50:44, tokens_remaining: 2368, call: scores, phase: playing
2026-06-14 12:50:44, tokens_remaining: 2368, call: scores, phase: playing
2026-06-14 12:50:44, tokens_remaining: 2368, call: scores, phase: playing
2026-06-14 12:50:45, tokens_remaining: 2367, call: scores, phase: playing
2026-06-14 12:50:45, tokens_remaining: 2367, call: scores, phase: playing
2026-06-14 12:50:45, tokens_remaining: 2367, call: scores, phase: playing
2026-06-14 12:50:46, tokens_remaining: 2366, call: events, phase: playing
2026-06-14 12:50:46, tokens_remaining: 2365, call: scores, phase: playing
2026-06-14 12:50:47, tokens_remaining: 2365, call: scores, phase: playing
2026-06-14 12:50:47, tokens_remaining: 2365, call: scores, phase: playing
2026-06-14 12:50:48, tokens_remaining: 2364, call: scores, phase: playing
2026-06-14 12:50:48, tokens_remaining: 2364, call: scores, phase: playing
2026-06-14 12:50:48, tokens_remaining: 2364, call: scores, phase: playing
2026-06-14 12:50:48, tokens_remaining: 2364, call: scores, phase: playing
2026-06-14 12:50:48, tokens_remaining: 2364, call: scores, phase: playing
2026-06-14 12:50:49, tokens_remaining: 2364, call: scores, phase: playing
2026-06-14 12:50:49, tokens_remaining: 2363, call: events, phase: playing
2026-06-14 12:50:50, tokens_remaining: 2362, call: scores, phase: playing
2026-06-14 12:50:50, tokens_remaining: 2362, call: scores, phase: playing
2026-06-14 12:50:50, tokens_remaining: 2362, call: scores, phase: playing
2026-06-14 12:50:50, tokens_remaining: 2362, call: scores, phase: playing
2026-06-14 12:50:50, tokens_remaining: 2362, call: scores, phase: playing
2026-06-14 12:50:50, tokens_remaining: 2362, call: scores, phase: playing
2026-06-14 12:50:51, tokens_remaining: 2361, call: scores, phase: playing
2026-06-14 12:50:51, tokens_remaining: 2361, call: scores, phase: playing
2026-06-14 12:50:51, tokens_remaining: 2361, call: scores, phase: playing
2026-06-14 12:50:52, tokens_remaining: 2360, call: events, phase: playing
2026-06-14 12:50:52, tokens_remaining: 2361, call: scores, phase: playing
2026-06-14 12:50:52, tokens_remaining: 2359, call: scores, phase: playing
2026-06-14 12:50:52, tokens_remaining: 2359, call: scores, phase: playing
2026-06-14 12:50:52, tokens_remaining: 2359, call: scores, phase: playing
2026-06-14 12:50:53, tokens_remaining: 2359, call: scores, phase: playing
2026-06-14 12:50:53, tokens_remaining: 2359, call: scores, phase: playing
2026-06-14 12:50:53, tokens_remaining: 2359, call: scores, phase: playing
2026-06-14 12:50:53, tokens_remaining: 2359, call: scores, phase: playing
2026-06-14 12:50:53, tokens_remaining: 2358, call: scores, phase: playing
2026-06-14 12:50:54, tokens_remaining: 2357, call: events, phase: playing
2026-06-14 12:50:54, tokens_remaining: 2358, call: scores, phase: playing
2026-06-14 12:50:54, tokens_remaining: 2358, call: scores, phase: playing
2026-06-14 12:50:55, tokens_remaining: 2356, call: scores, phase: playing
2026-06-14 12:50:55, tokens_remaining: 2356, call: scores, phase: playing
2026-06-14 12:50:55, tokens_remaining: 2356, call: scores, phase: playing
2026-06-14 12:50:55, tokens_remaining: 2356, call: scores, phase: playing
2026-06-14 12:50:55, tokens_remaining: 2356, call: scores, phase: playing
2026-06-14 12:50:55, tokens_remaining: 2356, call: scores, phase: playing
2026-06-14 12:50:56, tokens_remaining: 2356, call: scores, phase: playing
2026-06-14 12:50:56, tokens_remaining: 2355, call: events, phase: playing
2026-06-14 12:50:56, tokens_remaining: 2354, call: scores, phase: playing
2026-06-14 12:50:57, tokens_remaining: 2354, call: scores, phase: playing
2026-06-14 12:50:57, tokens_remaining: 2354, call: scores, phase: playing
2026-06-14 12:50:57, tokens_remaining: 2354, call: scores, phase: playing
2026-06-14 12:50:57, tokens_remaining: 2354, call: scores, phase: playing
2026-06-14 12:50:57, tokens_remaining: 2354, call: scores, phase: playing
