2026-06-15 17:53:27, tokens_remaining: 946, call: events, phase: idle
2026-06-15 17:53:27, EVENT: GOAL 41' Abdulelah Al-Amri (1-0) [Saudi Arabia vs Uruguay]
2026-06-15 17:53:27, EVENT: YELLOW_CARD 44' Abdulelah Al-Amri [Saudi Arabia vs Uruguay]
2026-06-15 17:53:27, STATE_CHANGE: Saudi Arabia vs Uruguay [— -> 1H]
2026-06-15 17:53:28, tokens_remaining: 945, call: scores, phase: playing
2026-06-15 17:53:29, tokens_remaining: 945, call: scores, phase: playing
2026-06-15 17:53:30, tokens_remaining: 944, call: scores, phase: playing
2026-06-15 17:53:31, tokens_remaining: 944, call: scores, phase: playing
2026-06-15 17:53:32, tokens_remaining: 943, call: scores, phase: playing
2026-06-15 17:53:32, tokens_remaining: 943, call: scores, phase: playing
2026-06-15 17:53:32, tokens_remaining: 943, call: scores, phase: playing
2026-06-15 17:53:33, tokens_remaining: 942, call: scores, phase: playing
2026-06-15 17:53:34, tokens_remaining: 941, call: events, phase: playing
2026-06-15 17:53:34, tokens_remaining: 942, call: scores, phase: playing
2026-06-15 17:53:34, tokens_remaining: 940, call: scores, phase: playing
2026-06-15 17:53:35, tokens_remaining: 940, call: scores, phase: playing
2026-06-15 17:53:35, tokens_remaining: 940, call: scores, phase: playing
2026-06-15 17:53:35, tokens_remaining: 940, call: scores, phase: playing
2026-06-15 17:53:36, tokens_remaining: 939, call: scores, phase: playing
2026-06-15 17:53:36, STATE_CHANGE: Saudi Arabia vs Uruguay [1H -> HT]
2026-06-15 17:54:25, tokens_remaining: 938, call: scores, phase: break
2026-06-15 17:55:10, tokens_remaining: 937, call: scores, phase: break
2026-06-15 17:55:55, tokens_remaining: 936, call: scores, phase: break
2026-06-15 17:56:41, tokens_remaining: 935, call: events, phase: break
2026-06-15 17:57:27, tokens_remaining: 934, call: scores, phase: break
2026-06-15 17:58:12, tokens_remaining: 933, call: scores, phase: break
2026-06-15 17:58:57, tokens_remaining: 932, call: scores, phase: break
2026-06-15 17:59:43, tokens_remaining: 931, call: scores, phase: break
