2026-06-17 17:00:00, tokens_remaining: 471, call: scores, phase: playing
2026-06-17 17:00:01, tokens_remaining: 471, call: scores, phase: playing
2026-06-17 17:00:02, tokens_remaining: 470, call: scores, phase: playing
2026-06-17 17:00:03, tokens_remaining: 470, call: scores, phase: playing
2026-06-17 17:00:04, tokens_remaining: 469, call: scores, phase: playing
2026-06-17 17:00:04, tokens_remaining: 469, call: scores, phase: playing
2026-06-17 17:00:06, tokens_remaining: 468, call: scores, phase: playing
2026-06-17 17:00:06, tokens_remaining: 468, call: scores, phase: playing
2026-06-17 17:00:07, tokens_remaining: 467, call: scores, phase: playing
2026-06-17 17:00:08, tokens_remaining: 466, call: events, phase: playing
2026-06-17 17:00:09, tokens_remaining: 465, call: scores, phase: playing
2026-06-17 17:00:10, tokens_remaining: 465, call: scores, phase: playing
2026-06-17 17:00:11, tokens_remaining: 464, call: scores, phase: playing
2026-06-17 17:00:12, tokens_remaining: 464, call: scores, phase: playing
2026-06-17 17:00:13, tokens_remaining: 463, call: scores, phase: playing
2026-06-17 17:00:14, tokens_remaining: 463, call: scores, phase: playing
2026-06-17 17:00:15, tokens_remaining: 462, call: scores, phase: playing
2026-06-17 17:00:16, tokens_remaining: 462, call: scores, phase: playing
2026-06-17 17:00:17, tokens_remaining: 461, call: scores, phase: playing
2026-06-17 17:00:18, tokens_remaining: 460, call: events, phase: playing
2026-06-17 17:00:19, tokens_remaining: 459, call: scores, phase: playing
2026-06-17 17:00:20, tokens_remaining: 459, call: scores, phase: playing
2026-06-17 17:00:21, tokens_remaining: 458, call: scores, phase: playing
2026-06-17 17:00:21, tokens_remaining: 458, call: scores, phase: playing
2026-06-17 17:00:22, tokens_remaining: 457, call: scores, phase: playing
2026-06-17 17:00:23, tokens_remaining: 457, call: scores, phase: playing
2026-06-17 17:00:24, tokens_remaining: 456, call: scores, phase: playing
2026-06-17 17:00:25, tokens_remaining: 456, call: scores, phase: playing
2026-06-17 17:00:26, tokens_remaining: 455, call: scores, phase: playing
2026-06-17 17:00:28, tokens_remaining: 454, call: events, phase: playing
2026-06-17 17:00:29, tokens_remaining: 453, call: scores, phase: playing
2026-06-17 17:00:30, tokens_remaining: 453, call: scores, phase: playing
2026-06-17 17:00:31, tokens_remaining: 452, call: scores, phase: playing
2026-06-17 17:00:31, tokens_remaining: 452, call: scores, phase: playing
2026-06-17 17:00:32, tokens_remaining: 451, call: scores, phase: playing
2026-06-17 17:00:33, tokens_remaining: 451, call: scores, phase: playing
2026-06-17 17:00:34, tokens_remaining: 450, call: scores, phase: playing
2026-06-17 17:00:35, tokens_remaining: 450, call: scores, phase: playing
2026-06-17 17:00:36, tokens_remaining: 449, call: scores, phase: playing
2026-06-17 17:00:37, tokens_remaining: 448, call: events, phase: playing
2026-06-17 17:00:38, tokens_remaining: 447, call: scores, phase: playing
2026-06-17 17:00:39, tokens_remaining: 447, call: scores, phase: playing
2026-06-17 17:00:40, tokens_remaining: 446, call: scores, phase: playing
2026-06-17 17:00:41, tokens_remaining: 446, call: scores, phase: playing
2026-06-17 17:00:42, tokens_remaining: 445, call: scores, phase: playing
2026-06-17 17:00:43, tokens_remaining: 445, call: scores, phase: playing
2026-06-17 17:00:44, tokens_remaining: 2499, call: scores, phase: playing
2026-06-17 17:00:44, tokens_remaining: 2499, call: scores, phase: playing
2026-06-17 17:00:45, tokens_remaining: 2498, call: scores, phase: playing
2026-06-17 17:00:47, tokens_remaining: 2497, call: events, phase: playing
2026-06-17 17:00:48, tokens_remaining: 2496, call: scores, phase: playing
2026-06-17 17:00:49, tokens_remaining: 2496, call: scores, phase: playing
2026-06-17 17:00:50, tokens_remaining: 2495, call: scores, phase: playing
2026-06-17 17:00:50, tokens_remaining: 2495, call: scores, phase: playing
2026-06-17 17:00:51, tokens_remaining: 2494, call: scores, phase: playing
2026-06-17 17:00:52, tokens_remaining: 2494, call: scores, phase: playing
2026-06-17 17:00:53, tokens_remaining: 2493, call: scores, phase: playing
2026-06-17 17:00:54, tokens_remaining: 2493, call: scores, phase: playing
2026-06-17 17:00:55, tokens_remaining: 2492, call: scores, phase: playing
2026-06-17 17:00:56, tokens_remaining: 2491, call: events, phase: playing
2026-06-17 17:00:57, tokens_remaining: 2490, call: scores, phase: playing
2026-06-17 17:00:58, tokens_remaining: 2490, call: scores, phase: playing
2026-06-17 17:00:59, tokens_remaining: 2489, call: scores, phase: playing
2026-06-17 17:00:59, tokens_remaining: 2489, call: scores, phase: playing
2026-06-17 17:01:01, tokens_remaining: 2488, call: scores, phase: playing
2026-06-17 17:01:01, tokens_remaining: 2488, call: scores, phase: playing
2026-06-17 17:01:02, tokens_remaining: 2487, call: scores, phase: playing
2026-06-17 17:01:03, tokens_remaining: 2487, call: scores, phase: playing
2026-06-17 17:01:04, tokens_remaining: 2486, call: scores, phase: playing
2026-06-17 17:01:05, tokens_remaining: 2485, call: events, phase: playing
2026-06-17 17:01:06, tokens_remaining: 2484, call: scores, phase: playing
2026-06-17 17:01:07, tokens_remaining: 2484, call: scores, phase: playing
2026-06-17 17:01:08, tokens_remaining: 2483, call: scores, phase: playing
2026-06-17 17:01:09, tokens_remaining: 2483, call: scores, phase: playing
2026-06-17 17:01:10, tokens_remaining: 2482, call: scores, phase: playing
2026-06-17 17:01:10, tokens_remaining: 2482, call: scores, phase: playing
2026-06-17 17:01:11, tokens_remaining: 2481, call: scores, phase: playing
2026-06-17 17:01:12, tokens_remaining: 2481, call: scores, phase: playing
2026-06-17 17:01:13, tokens_remaining: 2480, call: scores, phase: playing
2026-06-17 17:01:14, tokens_remaining: 2479, call: events, phase: playing
2026-06-17 17:01:15, tokens_remaining: 2478, call: scores, phase: playing
2026-06-17 17:01:16, tokens_remaining: 2478, call: scores, phase: playing
2026-06-17 17:01:17, tokens_remaining: 2477, call: scores, phase: playing
2026-06-17 17:01:18, tokens_remaining: 2477, call: scores, phase: playing
2026-06-17 17:01:19, tokens_remaining: 2476, call: scores, phase: playing
2026-06-17 17:01:20, tokens_remaining: 2476, call: scores, phase: playing
2026-06-17 17:01:21, tokens_remaining: 2475, call: scores, phase: playing
2026-06-17 17:01:21, tokens_remaining: 2475, call: scores, phase: playing
2026-06-17 17:01:22, tokens_remaining: 2474, call: scores, phase: playing
2026-06-17 17:01:23, tokens_remaining: 2473, call: events, phase: playing
2026-06-17 17:01:24, tokens_remaining: 2472, call: scores, phase: playing
2026-06-17 17:01:25, tokens_remaining: 2472, call: scores, phase: playing
2026-06-17 17:01:26, tokens_remaining: 2471, call: scores, phase: playing
2026-06-17 17:01:27, tokens_remaining: 2471, call: scores, phase: playing
2026-06-17 17:01:28, tokens_remaining: 2470, call: scores, phase: playing
2026-06-17 17:01:28, STATE_CHANGE: England vs Croatia [2H -> FT]
2026-06-17 17:01:38, tokens_remaining: 2469, call: scores, phase: postgame
2026-06-17 17:01:49, tokens_remaining: 2468, call: scores, phase: postgame
2026-06-17 17:01:59, tokens_remaining: 2467, call: scores, phase: postgame
2026-06-17 17:02:09, tokens_remaining: 2466, call: scores, phase: postgame
2026-06-17 17:02:20, tokens_remaining: 2465, call: events, phase: postgame
