2026-06-14 19:55:43, tokens_remaining: 2223, call: events, phase: idle
2026-06-14 19:55:43, EVENT: SUBSTITUTION 56' Nilson Angulo [Côte d'Ivoire vs Ecuador]
2026-06-14 19:55:43, EVENT: SUBSTITUTION 56' Ange-Yoan Bonny [Côte d'Ivoire vs Ecuador]
2026-06-14 19:55:43, EVENT: SUBSTITUTION 56' Amad Diallo [Côte d'Ivoire vs Ecuador]
2026-06-14 19:55:43, EVENT: SUBSTITUTION 62' Jackson Porozo [Côte d'Ivoire vs Ecuador]
2026-06-14 19:55:43, EVENT: SUBSTITUTION 62' Angelo Preciado [Côte d'Ivoire vs Ecuador]
2026-06-14 19:55:43, EVENT: SUBSTITUTION 77' Christ Inao Oulaï [Côte d'Ivoire vs Ecuador]
2026-06-14 19:55:43, EVENT: SUBSTITUTION 77' Kevin Rodríguez [Côte d'Ivoire vs Ecuador]
2026-06-14 19:55:43, EVENT: SUBSTITUTION 77' Ibrahim Sangaré [Côte d'Ivoire vs Ecuador]
2026-06-14 19:55:43, EVENT: SUBSTITUTION 89' Odilon Kossounou [Côte d'Ivoire vs Ecuador]
2026-06-14 19:55:43, EVENT: YELLOW_CARD 28' Seko Fofana [Côte d'Ivoire vs Ecuador]
2026-06-14 19:55:43, EVENT: YELLOW_CARD 39' Franck Kessié [Côte d'Ivoire vs Ecuador]
2026-06-14 19:55:43, EVENT: YELLOW_CARD 40' Guela Doué [Côte d'Ivoire vs Ecuador]
2026-06-14 19:55:43, EVENT: YELLOW_CARD 74' Jackson Porozo [Côte d'Ivoire vs Ecuador]
2026-06-14 19:55:43, STATE_CHANGE: Côte d'Ivoire vs Ecuador [— -> 2H]
2026-06-14 19:55:44, tokens_remaining: 2222, call: scores, phase: playing
2026-06-14 19:55:45, tokens_remaining: 2222, call: scores, phase: playing
2026-06-14 19:55:46, tokens_remaining: 2221, call: scores, phase: playing
2026-06-14 19:55:46, GOAL: Ivory Coast (Ivory Coast 1-0 Ecuador)
2026-06-14 19:55:55, tokens_remaining: 2220, call: scores, phase: playing
2026-06-14 19:55:55, tokens_remaining: 2220, call: scores, phase: playing
2026-06-14 19:55:56, tokens_remaining: 2219, call: scores, phase: playing
2026-06-14 19:55:57, tokens_remaining: 2219, call: scores, phase: playing
2026-06-14 19:55:58, tokens_remaining: 2218, call: scores, phase: playing
2026-06-14 19:55:59, tokens_remaining: 2217, call: events, phase: playing
2026-06-14 19:55:59, EVENT: GOAL 90' Amad Diallo (1-0) [Côte d'Ivoire vs Ecuador]
2026-06-14 19:56:00, tokens_remaining: 2216, call: scores, phase: playing
2026-06-14 19:56:01, tokens_remaining: 2216, call: scores, phase: playing
2026-06-14 19:56:02, tokens_remaining: 2215, call: scores, phase: playing
2026-06-14 19:56:03, tokens_remaining: 2215, call: scores, phase: playing
2026-06-14 19:56:04, tokens_remaining: 2214, call: scores, phase: playing
2026-06-14 19:56:04, tokens_remaining: 2214, call: scores, phase: playing
2026-06-14 19:56:05, tokens_remaining: 2213, call: scores, phase: playing
2026-06-14 19:56:06, tokens_remaining: 2213, call: scores, phase: playing
2026-06-14 19:56:07, tokens_remaining: 2212, call: scores, phase: playing
2026-06-14 19:56:08, tokens_remaining: 2211, call: events, phase: playing
2026-06-14 19:56:09, tokens_remaining: 2210, call: scores, phase: playing
2026-06-14 19:56:10, tokens_remaining: 2210, call: scores, phase: playing
2026-06-14 19:56:11, tokens_remaining: 2209, call: scores, phase: playing
2026-06-14 19:56:12, tokens_remaining: 2209, call: scores, phase: playing
2026-06-14 19:56:13, tokens_remaining: 2208, call: scores, phase: playing
2026-06-14 19:56:13, tokens_remaining: 2208, call: scores, phase: playing
2026-06-14 19:56:15, tokens_remaining: 2207, call: scores, phase: playing
2026-06-14 19:56:15, tokens_remaining: 2207, call: scores, phase: playing
2026-06-14 19:56:16, tokens_remaining: 2206, call: scores, phase: playing
2026-06-14 19:56:17, tokens_remaining: 2205, call: events, phase: playing
2026-06-14 19:56:18, tokens_remaining: 2204, call: scores, phase: playing
2026-06-14 19:56:19, tokens_remaining: 2204, call: scores, phase: playing
2026-06-14 19:56:20, tokens_remaining: 2203, call: scores, phase: playing
2026-06-14 19:56:21, tokens_remaining: 2203, call: scores, phase: playing
2026-06-14 19:56:22, tokens_remaining: 2202, call: scores, phase: playing
2026-06-14 19:56:23, tokens_remaining: 2202, call: scores, phase: playing
2026-06-14 19:56:24, tokens_remaining: 2201, call: scores, phase: playing
2026-06-14 19:56:25, tokens_remaining: 2201, call: scores, phase: playing
2026-06-14 19:56:26, tokens_remaining: 2200, call: scores, phase: playing
2026-06-14 19:56:27, tokens_remaining: 2199, call: events, phase: playing
2026-06-14 19:56:28, tokens_remaining: 2198, call: scores, phase: playing
2026-06-14 19:56:28, tokens_remaining: 2198, call: scores, phase: playing
2026-06-14 19:56:29, tokens_remaining: 2197, call: scores, phase: playing
2026-06-14 19:56:30, tokens_remaining: 2197, call: scores, phase: playing
2026-06-14 19:56:31, tokens_remaining: 2196, call: scores, phase: playing
2026-06-14 19:56:32, tokens_remaining: 2196, call: scores, phase: playing
2026-06-14 19:56:33, tokens_remaining: 2195, call: scores, phase: playing
2026-06-14 19:56:34, tokens_remaining: 2195, call: scores, phase: playing
2026-06-14 19:56:35, tokens_remaining: 2194, call: scores, phase: playing
2026-06-14 19:56:36, tokens_remaining: 2193, call: events, phase: playing
2026-06-14 19:56:37, tokens_remaining: 2192, call: scores, phase: playing
2026-06-14 19:56:38, tokens_remaining: 2192, call: scores, phase: playing
2026-06-14 19:56:39, tokens_remaining: 2191, call: scores, phase: playing
2026-06-14 19:56:39, tokens_remaining: 2191, call: scores, phase: playing
2026-06-14 19:56:40, tokens_remaining: 2190, call: scores, phase: playing
2026-06-14 19:56:41, tokens_remaining: 2190, call: scores, phase: playing
2026-06-14 19:56:42, tokens_remaining: 2189, call: scores, phase: playing
2026-06-14 19:56:43, tokens_remaining: 2189, call: scores, phase: playing
2026-06-14 19:56:44, tokens_remaining: 2188, call: scores, phase: playing
2026-06-14 19:56:45, tokens_remaining: 2187, call: events, phase: playing
2026-06-14 19:56:46, tokens_remaining: 2186, call: scores, phase: playing
2026-06-14 19:56:47, tokens_remaining: 2186, call: scores, phase: playing
2026-06-14 19:56:48, tokens_remaining: 2185, call: scores, phase: playing
2026-06-14 19:56:48, tokens_remaining: 2185, call: scores, phase: playing
2026-06-14 19:56:49, tokens_remaining: 2184, call: scores, phase: playing
2026-06-14 19:56:50, tokens_remaining: 2184, call: scores, phase: playing
2026-06-14 19:56:51, tokens_remaining: 2183, call: scores, phase: playing
2026-06-14 19:56:52, tokens_remaining: 2183, call: scores, phase: playing
2026-06-14 19:56:53, tokens_remaining: 2182, call: scores, phase: playing
2026-06-14 19:56:54, tokens_remaining: 2181, call: events, phase: playing
2026-06-14 19:56:55, tokens_remaining: 2180, call: scores, phase: playing
2026-06-14 19:56:56, tokens_remaining: 2180, call: scores, phase: playing
2026-06-14 19:56:57, tokens_remaining: 2179, call: scores, phase: playing
2026-06-14 19:56:57, tokens_remaining: 2179, call: scores, phase: playing
2026-06-14 19:56:58, tokens_remaining: 2178, call: scores, phase: playing
2026-06-14 19:56:59, tokens_remaining: 2178, call: scores, phase: playing
2026-06-14 19:57:00, tokens_remaining: 2177, call: scores, phase: playing
2026-06-14 19:57:01, tokens_remaining: 2177, call: scores, phase: playing
2026-06-14 19:57:02, tokens_remaining: 2176, call: scores, phase: playing
2026-06-14 19:57:03, tokens_remaining: 2175, call: events, phase: playing
2026-06-14 19:57:04, tokens_remaining: 2174, call: scores, phase: playing
2026-06-14 19:57:05, tokens_remaining: 2174, call: scores, phase: playing
2026-06-14 19:57:06, tokens_remaining: 2173, call: scores, phase: playing
2026-06-14 19:57:07, tokens_remaining: 2173, call: scores, phase: playing
2026-06-14 19:57:08, tokens_remaining: 2172, call: scores, phase: playing
2026-06-14 19:57:08, tokens_remaining: 2172, call: scores, phase: playing
2026-06-14 19:57:09, tokens_remaining: 2171, call: scores, phase: playing
2026-06-14 19:57:10, tokens_remaining: 2171, call: scores, phase: playing
2026-06-14 19:57:11, tokens_remaining: 2170, call: scores, phase: playing
2026-06-14 19:57:12, tokens_remaining: 2169, call: events, phase: playing
2026-06-14 19:57:13, tokens_remaining: 2168, call: scores, phase: playing
2026-06-14 19:57:14, tokens_remaining: 2168, call: scores, phase: playing
2026-06-14 19:57:15, tokens_remaining: 2167, call: scores, phase: playing
2026-06-14 19:57:16, tokens_remaining: 2167, call: scores, phase: playing
2026-06-14 19:57:17, tokens_remaining: 2166, call: scores, phase: playing
2026-06-14 19:57:17, tokens_remaining: 2166, call: scores, phase: playing
2026-06-14 19:57:18, tokens_remaining: 2165, call: scores, phase: playing
2026-06-14 19:57:19, tokens_remaining: 2165, call: scores, phase: playing
2026-06-14 19:57:20, tokens_remaining: 2164, call: scores, phase: playing
2026-06-14 19:57:21, tokens_remaining: 2163, call: events, phase: playing
2026-06-14 19:57:22, tokens_remaining: 2162, call: scores, phase: playing
2026-06-14 19:57:23, tokens_remaining: 2162, call: scores, phase: playing
2026-06-14 19:57:24, tokens_remaining: 2161, call: scores, phase: playing
2026-06-14 19:57:25, tokens_remaining: 2161, call: scores, phase: playing
2026-06-14 19:57:26, tokens_remaining: 2160, call: scores, phase: playing
2026-06-14 19:57:27, tokens_remaining: 2160, call: scores, phase: playing
2026-06-14 19:57:28, tokens_remaining: 2159, call: scores, phase: playing
2026-06-14 19:57:29, tokens_remaining: 2159, call: scores, phase: playing
2026-06-14 19:57:30, tokens_remaining: 2158, call: scores, phase: playing
2026-06-14 19:57:31, tokens_remaining: 2157, call: events, phase: playing
2026-06-14 19:57:32, tokens_remaining: 2156, call: scores, phase: playing
2026-06-14 19:57:32, tokens_remaining: 2156, call: scores, phase: playing
2026-06-14 19:57:33, tokens_remaining: 2155, call: scores, phase: playing
2026-06-14 19:57:34, tokens_remaining: 2155, call: scores, phase: playing
2026-06-14 19:57:35, tokens_remaining: 2154, call: scores, phase: playing
2026-06-14 19:57:36, tokens_remaining: 2154, call: scores, phase: playing
2026-06-14 19:57:37, tokens_remaining: 2153, call: scores, phase: playing
2026-06-14 19:57:38, tokens_remaining: 2153, call: scores, phase: playing
2026-06-14 19:57:39, tokens_remaining: 2152, call: scores, phase: playing
2026-06-14 19:57:40, tokens_remaining: 2151, call: events, phase: playing
2026-06-14 19:57:41, tokens_remaining: 2150, call: scores, phase: playing
2026-06-14 19:57:42, tokens_remaining: 2150, call: scores, phase: playing
2026-06-14 19:57:43, tokens_remaining: 2149, call: scores, phase: playing
2026-06-14 19:57:44, tokens_remaining: 2149, call: scores, phase: playing
2026-06-14 19:57:45, tokens_remaining: 2148, call: scores, phase: playing
2026-06-14 19:57:45, tokens_remaining: 2148, call: scores, phase: playing
2026-06-14 19:57:47, tokens_remaining: 2147, call: scores, phase: playing
2026-06-14 19:57:47, tokens_remaining: 2147, call: scores, phase: playing
2026-06-14 19:57:48, tokens_remaining: 2146, call: scores, phase: playing
2026-06-14 19:57:49, tokens_remaining: 2145, call: events, phase: playing
2026-06-14 19:57:51, tokens_remaining: 2144, call: scores, phase: playing
2026-06-14 19:57:51, tokens_remaining: 2144, call: scores, phase: playing
2026-06-14 19:57:52, tokens_remaining: 2143, call: scores, phase: playing
2026-06-14 19:57:53, tokens_remaining: 2143, call: scores, phase: playing
2026-06-14 19:57:54, tokens_remaining: 2142, call: scores, phase: playing
2026-06-14 19:57:55, tokens_remaining: 2142, call: scores, phase: playing
2026-06-14 19:57:56, tokens_remaining: 2141, call: scores, phase: playing
2026-06-14 19:57:57, tokens_remaining: 2141, call: scores, phase: playing
2026-06-14 19:57:58, tokens_remaining: 2140, call: scores, phase: playing
2026-06-14 19:57:59, tokens_remaining: 2139, call: events, phase: playing
2026-06-14 19:58:00, tokens_remaining: 2138, call: scores, phase: playing
2026-06-14 19:58:01, tokens_remaining: 2138, call: scores, phase: playing
2026-06-14 19:58:02, tokens_remaining: 2137, call: scores, phase: playing
2026-06-14 19:58:02, tokens_remaining: 2137, call: scores, phase: playing
2026-06-14 19:58:03, tokens_remaining: 2136, call: scores, phase: playing
2026-06-14 19:58:04, tokens_remaining: 2136, call: scores, phase: playing
2026-06-14 19:58:05, tokens_remaining: 2135, call: scores, phase: playing
2026-06-14 19:58:06, tokens_remaining: 2135, call: scores, phase: playing
2026-06-14 19:58:07, tokens_remaining: 2134, call: scores, phase: playing
2026-06-14 19:58:08, tokens_remaining: 2133, call: events, phase: playing
2026-06-14 19:58:09, tokens_remaining: 2132, call: scores, phase: playing
2026-06-14 19:58:10, tokens_remaining: 2132, call: scores, phase: playing
2026-06-14 19:58:11, tokens_remaining: 2131, call: scores, phase: playing
2026-06-14 19:58:12, tokens_remaining: 2131, call: scores, phase: playing
2026-06-14 19:58:13, tokens_remaining: 2130, call: scores, phase: playing
2026-06-14 19:58:14, tokens_remaining: 2130, call: scores, phase: playing
2026-06-14 19:58:15, tokens_remaining: 2129, call: scores, phase: playing
2026-06-14 19:58:15, tokens_remaining: 2129, call: scores, phase: playing
2026-06-14 19:58:16, tokens_remaining: 2128, call: scores, phase: playing
2026-06-14 19:58:17, tokens_remaining: 2127, call: events, phase: playing
2026-06-14 19:58:19, tokens_remaining: 2126, call: scores, phase: playing
2026-06-14 19:58:19, tokens_remaining: 2126, call: scores, phase: playing
2026-06-14 19:58:20, tokens_remaining: 2125, call: scores, phase: playing
2026-06-14 19:58:21, tokens_remaining: 2125, call: scores, phase: playing
2026-06-14 19:58:22, tokens_remaining: 2124, call: scores, phase: playing
2026-06-14 19:58:23, tokens_remaining: 2124, call: scores, phase: playing
2026-06-14 19:58:24, tokens_remaining: 2123, call: scores, phase: playing
2026-06-14 19:58:25, tokens_remaining: 2123, call: scores, phase: playing
2026-06-14 19:58:26, tokens_remaining: 2122, call: scores, phase: playing
2026-06-14 19:58:27, tokens_remaining: 2121, call: events, phase: playing
2026-06-14 19:58:28, tokens_remaining: 2120, call: scores, phase: playing
2026-06-14 19:58:29, tokens_remaining: 2120, call: scores, phase: playing
2026-06-14 19:58:30, tokens_remaining: 2119, call: scores, phase: playing
2026-06-14 19:58:31, tokens_remaining: 2119, call: scores, phase: playing
2026-06-14 19:58:32, tokens_remaining: 2118, call: scores, phase: playing
2026-06-14 19:58:32, tokens_remaining: 2118, call: scores, phase: playing
2026-06-14 19:58:33, tokens_remaining: 2117, call: scores, phase: playing
2026-06-14 19:58:34, tokens_remaining: 2117, call: scores, phase: playing
2026-06-14 19:58:37, tokens_remaining: 2116, call: scores, phase: playing
2026-06-14 19:58:38, tokens_remaining: 2115, call: events, phase: playing
2026-06-14 19:58:39, tokens_remaining: 2114, call: scores, phase: playing
2026-06-14 19:58:40, tokens_remaining: 2114, call: scores, phase: playing
2026-06-14 19:58:41, tokens_remaining: 2113, call: scores, phase: playing
2026-06-14 19:58:42, tokens_remaining: 2113, call: scores, phase: playing
2026-06-14 19:58:43, tokens_remaining: 2112, call: scores, phase: playing
2026-06-14 19:58:43, tokens_remaining: 2112, call: scores, phase: playing
2026-06-14 19:58:44, tokens_remaining: 2111, call: scores, phase: playing
2026-06-14 19:58:45, tokens_remaining: 2111, call: scores, phase: playing
2026-06-14 19:58:46, tokens_remaining: 2110, call: scores, phase: playing
2026-06-14 19:58:47, tokens_remaining: 2109, call: events, phase: playing
2026-06-14 19:58:48, tokens_remaining: 2108, call: scores, phase: playing
2026-06-14 19:58:49, tokens_remaining: 2108, call: scores, phase: playing
2026-06-14 19:58:50, tokens_remaining: 2107, call: scores, phase: playing
2026-06-14 19:58:51, tokens_remaining: 2107, call: scores, phase: playing
2026-06-14 19:58:52, tokens_remaining: 2106, call: scores, phase: playing
2026-06-14 19:58:53, tokens_remaining: 2106, call: scores, phase: playing
2026-06-14 19:58:54, tokens_remaining: 2105, call: scores, phase: playing
2026-06-14 19:58:54, tokens_remaining: 2105, call: scores, phase: playing
2026-06-14 19:58:55, tokens_remaining: 2104, call: scores, phase: playing
2026-06-14 19:58:56, tokens_remaining: 2103, call: events, phase: playing
2026-06-14 19:58:57, tokens_remaining: 2102, call: scores, phase: playing
2026-06-14 19:58:58, tokens_remaining: 2102, call: scores, phase: playing
2026-06-14 19:58:59, tokens_remaining: 2101, call: scores, phase: playing
2026-06-14 19:59:00, tokens_remaining: 2101, call: scores, phase: playing
2026-06-14 19:59:01, tokens_remaining: 2100, call: scores, phase: playing
2026-06-14 19:59:02, tokens_remaining: 2100, call: scores, phase: playing
2026-06-14 19:59:03, tokens_remaining: 2099, call: scores, phase: playing
2026-06-14 19:59:03, tokens_remaining: 2099, call: scores, phase: playing
2026-06-14 19:59:04, tokens_remaining: 2098, call: scores, phase: playing
2026-06-14 19:59:06, tokens_remaining: 2097, call: events, phase: playing
2026-06-14 19:59:07, tokens_remaining: 2096, call: scores, phase: playing
2026-06-14 19:59:07, tokens_remaining: 2096, call: scores, phase: playing
2026-06-14 19:59:08, tokens_remaining: 2095, call: scores, phase: playing
2026-06-14 19:59:09, tokens_remaining: 2095, call: scores, phase: playing
2026-06-14 19:59:10, tokens_remaining: 2094, call: scores, phase: playing
2026-06-14 19:59:11, tokens_remaining: 2094, call: scores, phase: playing
2026-06-14 19:59:12, tokens_remaining: 2093, call: scores, phase: playing
2026-06-14 19:59:13, tokens_remaining: 2093, call: scores, phase: playing
2026-06-14 19:59:14, tokens_remaining: 2092, call: scores, phase: playing
2026-06-14 19:59:15, tokens_remaining: 2091, call: events, phase: playing
2026-06-14 19:59:16, tokens_remaining: 2090, call: scores, phase: playing
2026-06-14 19:59:17, tokens_remaining: 2090, call: scores, phase: playing
2026-06-14 19:59:18, tokens_remaining: 2089, call: scores, phase: playing
2026-06-14 19:59:18, tokens_remaining: 2089, call: scores, phase: playing
2026-06-14 19:59:19, tokens_remaining: 2088, call: scores, phase: playing
2026-06-14 19:59:20, tokens_remaining: 2088, call: scores, phase: playing
2026-06-14 19:59:21, tokens_remaining: 2087, call: scores, phase: playing
2026-06-14 19:59:22, tokens_remaining: 2087, call: scores, phase: playing
2026-06-14 19:59:23, tokens_remaining: 2086, call: scores, phase: playing
2026-06-14 19:59:24, tokens_remaining: 2085, call: events, phase: playing
2026-06-14 19:59:25, tokens_remaining: 2084, call: scores, phase: playing
2026-06-14 19:59:26, tokens_remaining: 2084, call: scores, phase: playing
2026-06-14 19:59:27, tokens_remaining: 2083, call: scores, phase: playing
2026-06-14 19:59:27, tokens_remaining: 2083, call: scores, phase: playing
2026-06-14 19:59:28, tokens_remaining: 2082, call: scores, phase: playing
2026-06-14 19:59:29, tokens_remaining: 2082, call: scores, phase: playing
2026-06-14 19:59:30, tokens_remaining: 2081, call: scores, phase: playing
2026-06-14 19:59:31, tokens_remaining: 2081, call: scores, phase: playing
2026-06-14 19:59:32, tokens_remaining: 2080, call: scores, phase: playing
2026-06-14 19:59:33, tokens_remaining: 2079, call: events, phase: playing
2026-06-14 19:59:34, tokens_remaining: 2078, call: scores, phase: playing
2026-06-14 19:59:35, tokens_remaining: 2078, call: scores, phase: playing
2026-06-14 19:59:36, tokens_remaining: 2077, call: scores, phase: playing
2026-06-14 19:59:36, tokens_remaining: 2077, call: scores, phase: playing
2026-06-14 19:59:37, tokens_remaining: 2076, call: scores, phase: playing
2026-06-14 19:59:38, tokens_remaining: 2076, call: scores, phase: playing
2026-06-14 19:59:39, tokens_remaining: 2075, call: scores, phase: playing
2026-06-14 19:59:40, tokens_remaining: 2075, call: scores, phase: playing
2026-06-14 19:59:41, tokens_remaining: 2074, call: scores, phase: playing
2026-06-14 19:59:42, tokens_remaining: 2073, call: events, phase: playing
2026-06-14 19:59:43, tokens_remaining: 2072, call: scores, phase: playing
2026-06-14 19:59:44, tokens_remaining: 2072, call: scores, phase: playing
2026-06-14 19:59:45, tokens_remaining: 2071, call: scores, phase: playing
2026-06-14 19:59:46, tokens_remaining: 2071, call: scores, phase: playing
2026-06-14 19:59:47, tokens_remaining: 2070, call: scores, phase: playing
2026-06-14 19:59:47, tokens_remaining: 2070, call: scores, phase: playing
2026-06-14 19:59:48, tokens_remaining: 2069, call: scores, phase: playing
2026-06-14 19:59:49, tokens_remaining: 2069, call: scores, phase: playing
2026-06-14 19:59:50, tokens_remaining: 2068, call: scores, phase: playing
2026-06-14 19:59:51, tokens_remaining: 2067, call: events, phase: playing
2026-06-14 19:59:52, tokens_remaining: 2066, call: scores, phase: playing
2026-06-14 19:59:53, tokens_remaining: 2066, call: scores, phase: playing
2026-06-14 19:59:54, tokens_remaining: 2065, call: scores, phase: playing
2026-06-14 19:59:55, tokens_remaining: 2065, call: scores, phase: playing
2026-06-14 19:59:56, tokens_remaining: 2064, call: scores, phase: playing
2026-06-14 19:59:57, tokens_remaining: 2064, call: scores, phase: playing
2026-06-14 19:59:58, tokens_remaining: 2063, call: scores, phase: playing
2026-06-14 19:59:58, tokens_remaining: 2063, call: scores, phase: playing
2026-06-14 19:59:59, tokens_remaining: 2062, call: scores, phase: playing
