2026-06-15 16:37:16, tokens_remaining: 1381, call: events, phase: idle
2026-06-15 16:37:16, EVENT: GOAL 20' Emam Ashour (0-1) [Belgium vs Egypt]
2026-06-15 16:37:16, EVENT: EVENT_15 67' Mohamed Hany (1-1) [Belgium vs Egypt]
2026-06-15 16:37:16, EVENT: SUBSTITUTION 56' Maxim De Cuyper [Belgium vs Egypt]
2026-06-15 16:37:16, EVENT: SUBSTITUTION 56' Nicolas Raskin [Belgium vs Egypt]
2026-06-15 16:37:16, EVENT: SUBSTITUTION 66' Romelu Lukaku [Belgium vs Egypt]
2026-06-15 16:37:16, EVENT: SUBSTITUTION 71' Ramy Rabia [Belgium vs Egypt]
2026-06-15 16:37:16, EVENT: YELLOW_CARD 13' Marwan Ateya [Belgium vs Egypt]
2026-06-15 16:37:16, EVENT: YELLOW_CARD 14' Timothy Castagne [Belgium vs Egypt]
2026-06-15 16:37:16, EVENT: YELLOW_CARD 34' Ahmed Fatouh [Belgium vs Egypt]
2026-06-15 16:37:16, STATE_CHANGE: Belgium vs Egypt [— -> 2H]
2026-06-15 16:37:22, tokens_remaining: 1377, call: scores, phase: playing
2026-06-15 16:37:23, tokens_remaining: 1377, call: scores, phase: playing
2026-06-15 16:37:23, tokens_remaining: 1376, call: scores, phase: playing
2026-06-15 16:37:24, tokens_remaining: 1376, call: scores, phase: playing
2026-06-15 16:37:25, tokens_remaining: 1375, call: scores, phase: playing
2026-06-15 16:37:26, tokens_remaining: 1375, call: scores, phase: playing
2026-06-15 16:37:27, tokens_remaining: 1374, call: scores, phase: playing
2026-06-15 16:37:28, tokens_remaining: 1374, call: scores, phase: playing
2026-06-15 16:37:29, tokens_remaining: 1372, call: events, phase: playing
2026-06-15 16:37:30, tokens_remaining: 1371, call: scores, phase: playing
2026-06-15 16:37:31, tokens_remaining: 1371, call: scores, phase: playing
2026-06-15 16:37:32, tokens_remaining: 1369, call: scores, phase: playing
2026-06-15 16:37:33, tokens_remaining: 1368, call: scores, phase: playing
2026-06-15 16:37:34, tokens_remaining: 1368, call: scores, phase: playing
2026-06-15 16:37:35, tokens_remaining: 1367, call: scores, phase: playing
2026-06-15 16:37:36, tokens_remaining: 1366, call: scores, phase: playing
