2026-06-16 18:24:44, tokens_remaining: 1269, call: events, phase: idle
2026-06-16 18:24:44, EVENT: GOAL 29' Erling Haaland (0-1) [Iraq vs Norway]
2026-06-16 18:24:44, EVENT: GOAL 39' Aymen Hussein (1-1) [Iraq vs Norway]
2026-06-16 18:24:44, EVENT: GOAL 43' Erling Haaland (1-2) [Iraq vs Norway]
2026-06-16 18:24:44, EVENT: SUBSTITUTION 59' Marko Farji [Iraq vs Norway]
2026-06-16 18:24:44, EVENT: SUBSTITUTION 59' Zidane Iqbal [Iraq vs Norway]
2026-06-16 18:24:44, STATE_CHANGE: Iraq vs Norway [— -> 2H]
2026-06-16 18:24:46, tokens_remaining: 1268, call: scores, phase: playing
2026-06-16 18:24:47, tokens_remaining: 1268, call: scores, phase: playing
2026-06-16 18:24:48, tokens_remaining: 1267, call: scores, phase: playing
2026-06-16 18:24:48, tokens_remaining: 1267, call: scores, phase: playing
2026-06-16 18:24:49, tokens_remaining: 1266, call: scores, phase: playing
2026-06-16 18:24:50, tokens_remaining: 1266, call: scores, phase: playing
2026-06-16 18:24:50, tokens_remaining: 1265, call: scores, phase: playing
2026-06-16 18:24:51, tokens_remaining: 1265, call: scores, phase: playing
2026-06-16 18:24:52, tokens_remaining: 1264, call: events, phase: playing
2026-06-16 18:24:53, tokens_remaining: 1263, call: scores, phase: playing
2026-06-16 18:24:53, tokens_remaining: 1263, call: scores, phase: playing
2026-06-16 18:24:54, tokens_remaining: 1262, call: scores, phase: playing
2026-06-16 18:24:55, tokens_remaining: 1262, call: scores, phase: playing
2026-06-16 18:24:55, tokens_remaining: 1261, call: scores, phase: playing
2026-06-16 18:24:56, tokens_remaining: 1261, call: scores, phase: playing
2026-06-16 18:24:57, tokens_remaining: 1260, call: scores, phase: playing
2026-06-16 18:24:57, tokens_remaining: 1260, call: scores, phase: playing
2026-06-16 18:24:58, tokens_remaining: 1259, call: scores, phase: playing
2026-06-16 18:24:59, tokens_remaining: 1258, call: events, phase: playing
2026-06-16 18:25:00, tokens_remaining: 1257, call: scores, phase: playing
2026-06-16 18:25:00, tokens_remaining: 1257, call: scores, phase: playing
2026-06-16 18:25:01, tokens_remaining: 1256, call: scores, phase: playing
2026-06-16 18:25:02, tokens_remaining: 1256, call: scores, phase: playing
2026-06-16 18:25:03, tokens_remaining: 1255, call: scores, phase: playing
2026-06-16 18:25:03, tokens_remaining: 1255, call: scores, phase: playing
2026-06-16 18:25:04, tokens_remaining: 1254, call: scores, phase: playing
2026-06-16 18:25:05, tokens_remaining: 1254, call: scores, phase: playing
2026-06-16 18:25:06, tokens_remaining: 1253, call: scores, phase: playing
2026-06-16 18:25:06, tokens_remaining: 1252, call: events, phase: playing
2026-06-16 18:25:07, tokens_remaining: 1251, call: scores, phase: playing
2026-06-16 18:25:08, tokens_remaining: 1251, call: scores, phase: playing
2026-06-16 18:25:09, tokens_remaining: 1250, call: scores, phase: playing
2026-06-16 18:25:09, tokens_remaining: 1250, call: scores, phase: playing
2026-06-16 18:25:10, tokens_remaining: 1249, call: scores, phase: playing
2026-06-16 18:25:11, tokens_remaining: 1249, call: scores, phase: playing
2026-06-16 18:25:11, tokens_remaining: 1248, call: scores, phase: playing
2026-06-16 18:25:12, tokens_remaining: 1248, call: scores, phase: playing
2026-06-16 18:25:13, tokens_remaining: 1247, call: scores, phase: playing
2026-06-16 18:25:14, tokens_remaining: 1246, call: events, phase: playing
2026-06-16 18:25:14, tokens_remaining: 1245, call: scores, phase: playing
2026-06-16 18:25:15, tokens_remaining: 1245, call: scores, phase: playing
2026-06-16 18:25:16, tokens_remaining: 1244, call: scores, phase: playing
2026-06-16 18:25:16, tokens_remaining: 1244, call: scores, phase: playing
2026-06-16 18:25:17, tokens_remaining: 1243, call: scores, phase: playing
2026-06-16 18:25:18, tokens_remaining: 1243, call: scores, phase: playing
2026-06-16 18:25:19, tokens_remaining: 1242, call: scores, phase: playing
2026-06-16 18:25:19, tokens_remaining: 1242, call: scores, phase: playing
2026-06-16 18:25:20, tokens_remaining: 1241, call: scores, phase: playing
2026-06-16 18:25:21, tokens_remaining: 1240, call: events, phase: playing
2026-06-16 18:25:22, tokens_remaining: 1239, call: scores, phase: playing
2026-06-16 18:25:22, tokens_remaining: 1239, call: scores, phase: playing
2026-06-16 18:25:23, tokens_remaining: 1238, call: scores, phase: playing
2026-06-16 18:25:24, tokens_remaining: 1238, call: scores, phase: playing
2026-06-16 18:25:24, tokens_remaining: 1237, call: scores, phase: playing
2026-06-16 18:25:25, tokens_remaining: 1237, call: scores, phase: playing
2026-06-16 18:25:26, tokens_remaining: 1236, call: scores, phase: playing
2026-06-16 18:25:26, tokens_remaining: 1236, call: scores, phase: playing
2026-06-16 18:25:27, tokens_remaining: 1235, call: scores, phase: playing
2026-06-16 18:25:28, tokens_remaining: 1234, call: events, phase: playing
2026-06-16 18:25:29, tokens_remaining: 1233, call: scores, phase: playing
2026-06-16 18:25:29, tokens_remaining: 1233, call: scores, phase: playing
2026-06-16 18:25:30, tokens_remaining: 1232, call: scores, phase: playing
2026-06-16 18:25:31, tokens_remaining: 1232, call: scores, phase: playing
2026-06-16 18:25:32, tokens_remaining: 1231, call: scores, phase: playing
2026-06-16 18:25:32, tokens_remaining: 1231, call: scores, phase: playing
2026-06-16 18:25:33, tokens_remaining: 1230, call: scores, phase: playing
2026-06-16 18:25:35, tokens_remaining: 1229, call: scores, phase: playing
2026-06-16 18:25:35, tokens_remaining: 1229, call: scores, phase: playing
2026-06-16 18:25:36, tokens_remaining: 1228, call: events, phase: playing
2026-06-16 18:25:37, tokens_remaining: 1227, call: scores, phase: playing
2026-06-16 18:25:38, tokens_remaining: 1227, call: scores, phase: playing
2026-06-16 18:25:38, tokens_remaining: 1226, call: scores, phase: playing
2026-06-16 18:25:39, tokens_remaining: 1226, call: scores, phase: playing
2026-06-16 18:25:40, tokens_remaining: 1225, call: scores, phase: playing
2026-06-16 18:25:40, tokens_remaining: 1225, call: scores, phase: playing
2026-06-16 18:25:41, tokens_remaining: 1224, call: scores, phase: playing
2026-06-16 18:25:42, tokens_remaining: 1224, call: scores, phase: playing
2026-06-16 18:25:42, tokens_remaining: 1223, call: scores, phase: playing
2026-06-16 18:25:43, tokens_remaining: 1222, call: events, phase: playing
2026-06-16 18:25:44, tokens_remaining: 1221, call: scores, phase: playing
2026-06-16 18:25:45, tokens_remaining: 1221, call: scores, phase: playing
2026-06-16 18:25:45, tokens_remaining: 1220, call: scores, phase: playing
2026-06-16 18:25:46, tokens_remaining: 1220, call: scores, phase: playing
2026-06-16 18:25:47, tokens_remaining: 1219, call: scores, phase: playing
2026-06-16 18:25:47, tokens_remaining: 1219, call: scores, phase: playing
2026-06-16 18:25:48, tokens_remaining: 1218, call: scores, phase: playing
2026-06-16 18:25:49, tokens_remaining: 1218, call: scores, phase: playing
2026-06-16 18:25:49, tokens_remaining: 1217, call: scores, phase: playing
2026-06-16 18:25:50, tokens_remaining: 1216, call: events, phase: playing
2026-06-16 18:25:51, tokens_remaining: 1215, call: scores, phase: playing
2026-06-16 18:25:52, tokens_remaining: 1215, call: scores, phase: playing
2026-06-16 18:25:52, tokens_remaining: 1214, call: scores, phase: playing
2026-06-16 18:25:53, tokens_remaining: 1214, call: scores, phase: playing
2026-06-16 18:25:54, tokens_remaining: 1213, call: scores, phase: playing
2026-06-16 18:25:54, tokens_remaining: 1213, call: scores, phase: playing
2026-06-16 18:25:55, tokens_remaining: 1212, call: scores, phase: playing
2026-06-16 18:25:56, tokens_remaining: 1212, call: scores, phase: playing
2026-06-16 18:25:57, tokens_remaining: 1211, call: scores, phase: playing
2026-06-16 18:25:57, tokens_remaining: 1210, call: events, phase: playing
2026-06-16 18:25:58, tokens_remaining: 1209, call: scores, phase: playing
2026-06-16 18:25:59, tokens_remaining: 1209, call: scores, phase: playing
2026-06-16 18:26:00, tokens_remaining: 1208, call: scores, phase: playing
2026-06-16 18:26:00, tokens_remaining: 1208, call: scores, phase: playing
2026-06-16 18:26:01, tokens_remaining: 1207, call: scores, phase: playing
2026-06-16 18:26:01, tokens_remaining: 1207, call: scores, phase: playing
2026-06-16 18:26:02, tokens_remaining: 1206, call: scores, phase: playing
2026-06-16 18:26:03, tokens_remaining: 1206, call: scores, phase: playing
2026-06-16 18:26:04, tokens_remaining: 1205, call: scores, phase: playing
2026-06-16 18:26:04, tokens_remaining: 1204, call: events, phase: playing
2026-06-16 18:26:05, tokens_remaining: 1203, call: scores, phase: playing
2026-06-16 18:26:06, tokens_remaining: 1203, call: scores, phase: playing
2026-06-16 18:26:06, tokens_remaining: 1202, call: scores, phase: playing
2026-06-16 18:26:07, tokens_remaining: 1202, call: scores, phase: playing
2026-06-16 18:26:08, tokens_remaining: 1201, call: scores, phase: playing
2026-06-16 18:26:08, tokens_remaining: 1201, call: scores, phase: playing
2026-06-16 18:26:09, tokens_remaining: 1200, call: scores, phase: playing
2026-06-16 18:26:10, tokens_remaining: 1200, call: scores, phase: playing
2026-06-16 18:26:11, tokens_remaining: 1199, call: scores, phase: playing
2026-06-16 18:26:11, tokens_remaining: 1198, call: events, phase: playing
2026-06-16 18:26:12, tokens_remaining: 1197, call: scores, phase: playing
2026-06-16 18:26:13, tokens_remaining: 1197, call: scores, phase: playing
2026-06-16 18:26:13, tokens_remaining: 1196, call: scores, phase: playing
2026-06-16 18:26:14, tokens_remaining: 1196, call: scores, phase: playing
2026-06-16 18:26:15, tokens_remaining: 1195, call: scores, phase: playing
2026-06-16 18:26:15, tokens_remaining: 1195, call: scores, phase: playing
2026-06-16 18:26:16, tokens_remaining: 1194, call: scores, phase: playing
2026-06-16 18:26:17, tokens_remaining: 1194, call: scores, phase: playing
2026-06-16 18:26:17, tokens_remaining: 1193, call: scores, phase: playing
2026-06-16 18:26:18, tokens_remaining: 1192, call: events, phase: playing
2026-06-16 18:26:19, tokens_remaining: 1191, call: scores, phase: playing
2026-06-16 18:26:20, tokens_remaining: 1191, call: scores, phase: playing
2026-06-16 18:26:20, tokens_remaining: 1190, call: scores, phase: playing
2026-06-16 18:26:21, tokens_remaining: 1190, call: scores, phase: playing
2026-06-16 18:26:22, tokens_remaining: 1189, call: scores, phase: playing
2026-06-16 18:26:22, tokens_remaining: 1189, call: scores, phase: playing
2026-06-16 18:26:24, tokens_remaining: 1188, call: scores, phase: playing
2026-06-16 18:26:25, tokens_remaining: 1188, call: scores, phase: playing
2026-06-16 18:26:25, tokens_remaining: 1187, call: scores, phase: playing
2026-06-16 18:26:27, tokens_remaining: 1186, call: events, phase: playing
2026-06-16 18:26:28, tokens_remaining: 1185, call: scores, phase: playing
2026-06-16 18:26:29, tokens_remaining: 1185, call: scores, phase: playing
2026-06-16 18:26:30, tokens_remaining: 1184, call: scores, phase: playing
2026-06-16 18:26:30, tokens_remaining: 1184, call: scores, phase: playing
2026-06-16 18:26:32, tokens_remaining: 1183, call: scores, phase: playing
2026-06-16 18:26:32, tokens_remaining: 1183, call: scores, phase: playing
2026-06-16 18:26:33, tokens_remaining: 1182, call: scores, phase: playing
2026-06-16 18:26:34, tokens_remaining: 1182, call: scores, phase: playing
2026-06-16 18:26:34, tokens_remaining: 1181, call: scores, phase: playing
2026-06-16 18:26:35, tokens_remaining: 1180, call: events, phase: playing
2026-06-16 18:26:36, tokens_remaining: 1179, call: scores, phase: playing
2026-06-16 18:26:37, tokens_remaining: 1179, call: scores, phase: playing
2026-06-16 18:26:38, tokens_remaining: 1178, call: scores, phase: playing
2026-06-16 18:26:39, tokens_remaining: 1178, call: scores, phase: playing
2026-06-16 18:26:40, tokens_remaining: 1177, call: scores, phase: playing
2026-06-16 18:26:40, tokens_remaining: 1177, call: scores, phase: playing
2026-06-16 18:26:41, tokens_remaining: 1176, call: scores, phase: playing
2026-06-16 18:26:42, tokens_remaining: 1176, call: scores, phase: playing
2026-06-16 18:26:42, tokens_remaining: 1175, call: scores, phase: playing
2026-06-16 18:26:43, tokens_remaining: 1174, call: events, phase: playing
2026-06-16 18:26:44, tokens_remaining: 1173, call: scores, phase: playing
2026-06-16 18:26:45, tokens_remaining: 1173, call: scores, phase: playing
2026-06-16 18:26:45, tokens_remaining: 1172, call: scores, phase: playing
2026-06-16 18:26:46, tokens_remaining: 1172, call: scores, phase: playing
2026-06-16 18:26:47, tokens_remaining: 1171, call: scores, phase: playing
2026-06-16 18:26:47, tokens_remaining: 1171, call: scores, phase: playing
2026-06-16 18:26:48, tokens_remaining: 1170, call: scores, phase: playing
2026-06-16 18:26:49, tokens_remaining: 1170, call: scores, phase: playing
2026-06-16 18:26:49, tokens_remaining: 1169, call: scores, phase: playing
2026-06-16 18:26:50, tokens_remaining: 1168, call: events, phase: playing
2026-06-16 18:26:51, tokens_remaining: 1167, call: scores, phase: playing
2026-06-16 18:26:52, tokens_remaining: 1167, call: scores, phase: playing
2026-06-16 18:26:52, tokens_remaining: 1166, call: scores, phase: playing
2026-06-16 18:26:53, tokens_remaining: 1166, call: scores, phase: playing
2026-06-16 18:26:54, tokens_remaining: 1165, call: scores, phase: playing
2026-06-16 18:26:54, tokens_remaining: 1165, call: scores, phase: playing
2026-06-16 18:26:55, tokens_remaining: 1164, call: scores, phase: playing
2026-06-16 18:26:55, tokens_remaining: 1164, call: scores, phase: playing
2026-06-16 18:26:56, tokens_remaining: 1163, call: scores, phase: playing
2026-06-16 18:26:57, tokens_remaining: 1162, call: events, phase: playing
2026-06-16 18:26:58, tokens_remaining: 1161, call: scores, phase: playing
2026-06-16 18:26:58, tokens_remaining: 1161, call: scores, phase: playing
2026-06-16 18:26:59, tokens_remaining: 1160, call: scores, phase: playing
2026-06-16 18:27:00, tokens_remaining: 1160, call: scores, phase: playing
2026-06-16 18:27:00, tokens_remaining: 1159, call: scores, phase: playing
2026-06-16 18:27:01, tokens_remaining: 1159, call: scores, phase: playing
2026-06-16 18:27:02, tokens_remaining: 1158, call: scores, phase: playing
2026-06-16 18:27:02, tokens_remaining: 1158, call: scores, phase: playing
2026-06-16 18:27:03, tokens_remaining: 1157, call: scores, phase: playing
2026-06-16 18:27:04, tokens_remaining: 1156, call: events, phase: playing
2026-06-16 18:27:04, tokens_remaining: 1155, call: scores, phase: playing
2026-06-16 18:27:05, tokens_remaining: 1155, call: scores, phase: playing
2026-06-16 18:27:06, tokens_remaining: 1154, call: scores, phase: playing
2026-06-16 18:27:06, tokens_remaining: 1154, call: scores, phase: playing
2026-06-16 18:27:07, tokens_remaining: 1153, call: scores, phase: playing
2026-06-16 18:27:08, tokens_remaining: 1153, call: scores, phase: playing
2026-06-16 18:27:08, tokens_remaining: 1152, call: scores, phase: playing
2026-06-16 18:27:09, tokens_remaining: 1152, call: scores, phase: playing
2026-06-16 18:27:10, tokens_remaining: 1151, call: scores, phase: playing
2026-06-16 18:27:10, tokens_remaining: 1150, call: events, phase: playing
2026-06-16 18:27:11, tokens_remaining: 1149, call: scores, phase: playing
2026-06-16 18:27:12, tokens_remaining: 1149, call: scores, phase: playing
2026-06-16 18:27:12, tokens_remaining: 1148, call: scores, phase: playing
2026-06-16 18:27:13, tokens_remaining: 1148, call: scores, phase: playing
2026-06-16 18:27:14, tokens_remaining: 1147, call: scores, phase: playing
2026-06-16 18:27:14, tokens_remaining: 1147, call: scores, phase: playing
2026-06-16 18:27:15, tokens_remaining: 1146, call: scores, phase: playing
2026-06-16 18:27:15, tokens_remaining: 1146, call: scores, phase: playing
2026-06-16 18:27:16, tokens_remaining: 1145, call: scores, phase: playing
2026-06-16 18:27:17, tokens_remaining: 1144, call: events, phase: playing
2026-06-16 18:27:18, tokens_remaining: 1143, call: scores, phase: playing
2026-06-16 18:27:18, tokens_remaining: 1143, call: scores, phase: playing
2026-06-16 18:27:19, tokens_remaining: 1142, call: scores, phase: playing
2026-06-16 18:27:20, tokens_remaining: 1142, call: scores, phase: playing
2026-06-16 18:27:20, tokens_remaining: 1141, call: scores, phase: playing
2026-06-16 18:27:21, tokens_remaining: 1141, call: scores, phase: playing
2026-06-16 18:27:22, tokens_remaining: 1140, call: scores, phase: playing
2026-06-16 18:27:22, tokens_remaining: 1140, call: scores, phase: playing
2026-06-16 18:27:23, tokens_remaining: 1139, call: scores, phase: playing
2026-06-16 18:27:24, tokens_remaining: 1138, call: events, phase: playing
2026-06-16 18:27:24, tokens_remaining: 1137, call: scores, phase: playing
2026-06-16 18:27:25, tokens_remaining: 1137, call: scores, phase: playing
2026-06-16 18:27:26, tokens_remaining: 1136, call: scores, phase: playing
2026-06-16 18:27:26, tokens_remaining: 1136, call: scores, phase: playing
2026-06-16 18:27:27, tokens_remaining: 1136, call: scores, phase: playing
2026-06-16 18:27:27, tokens_remaining: 1135, call: scores, phase: playing
2026-06-16 18:27:28, tokens_remaining: 1135, call: scores, phase: playing
2026-06-16 18:27:28, tokens_remaining: 1135, call: scores, phase: playing
2026-06-16 18:27:29, tokens_remaining: 1134, call: scores, phase: playing
2026-06-16 18:27:30, tokens_remaining: 1133, call: events, phase: playing
2026-06-16 18:27:31, tokens_remaining: 1132, call: scores, phase: playing
2026-06-16 18:27:31, tokens_remaining: 1132, call: scores, phase: playing
2026-06-16 18:27:32, tokens_remaining: 1132, call: scores, phase: playing
2026-06-16 18:27:32, tokens_remaining: 1131, call: scores, phase: playing
2026-06-16 18:27:33, tokens_remaining: 1131, call: scores, phase: playing
2026-06-16 18:27:33, tokens_remaining: 1131, call: scores, phase: playing
2026-06-16 18:27:34, tokens_remaining: 1130, call: scores, phase: playing
2026-06-16 18:27:35, tokens_remaining: 1130, call: scores, phase: playing
2026-06-16 18:27:35, tokens_remaining: 1130, call: scores, phase: playing
2026-06-16 18:27:36, tokens_remaining: 1129, call: events, phase: playing
2026-06-16 18:27:37, tokens_remaining: 1128, call: scores, phase: playing
2026-06-16 18:27:37, tokens_remaining: 1128, call: scores, phase: playing
2026-06-16 18:27:38, tokens_remaining: 1128, call: scores, phase: playing
2026-06-16 18:27:38, tokens_remaining: 1127, call: scores, phase: playing
2026-06-16 18:27:39, tokens_remaining: 1127, call: scores, phase: playing
2026-06-16 18:27:39, tokens_remaining: 1127, call: scores, phase: playing
2026-06-16 18:27:40, tokens_remaining: 1126, call: scores, phase: playing
2026-06-16 18:27:41, tokens_remaining: 1126, call: scores, phase: playing
2026-06-16 18:27:41, tokens_remaining: 1125, call: scores, phase: playing
2026-06-16 18:27:42, tokens_remaining: 1124, call: events, phase: playing
2026-06-16 18:27:43, tokens_remaining: 1123, call: scores, phase: playing
2026-06-16 18:27:43, tokens_remaining: 1123, call: scores, phase: playing
2026-06-16 18:27:44, tokens_remaining: 1123, call: scores, phase: playing
2026-06-16 18:27:45, tokens_remaining: 1122, call: scores, phase: playing
2026-06-16 18:27:45, tokens_remaining: 1122, call: scores, phase: playing
2026-06-16 18:27:46, tokens_remaining: 1122, call: scores, phase: playing
2026-06-16 18:27:46, tokens_remaining: 1121, call: scores, phase: playing
2026-06-16 18:27:47, tokens_remaining: 1121, call: scores, phase: playing
2026-06-16 18:27:47, tokens_remaining: 1121, call: scores, phase: playing
2026-06-16 18:27:48, tokens_remaining: 1120, call: events, phase: playing
2026-06-16 18:27:49, tokens_remaining: 1119, call: scores, phase: playing
2026-06-16 18:27:49, tokens_remaining: 1119, call: scores, phase: playing
2026-06-16 18:27:50, tokens_remaining: 1119, call: scores, phase: playing
2026-06-16 18:27:51, tokens_remaining: 1118, call: scores, phase: playing
2026-06-16 18:27:51, tokens_remaining: 1118, call: scores, phase: playing
2026-06-16 18:27:52, tokens_remaining: 1118, call: scores, phase: playing
2026-06-16 18:27:52, tokens_remaining: 1117, call: scores, phase: playing
2026-06-16 18:27:53, tokens_remaining: 1117, call: scores, phase: playing
2026-06-16 18:27:53, tokens_remaining: 1117, call: scores, phase: playing
2026-06-16 18:27:54, tokens_remaining: 1116, call: events, phase: playing
2026-06-16 18:27:55, tokens_remaining: 1115, call: scores, phase: playing
2026-06-16 18:27:55, tokens_remaining: 1115, call: scores, phase: playing
2026-06-16 18:27:56, tokens_remaining: 1115, call: scores, phase: playing
2026-06-16 18:27:56, tokens_remaining: 1114, call: scores, phase: playing
2026-06-16 18:27:57, tokens_remaining: 1114, call: scores, phase: playing
2026-06-16 18:27:57, tokens_remaining: 1114, call: scores, phase: playing
2026-06-16 18:27:58, tokens_remaining: 1113, call: scores, phase: playing
2026-06-16 18:27:59, tokens_remaining: 1113, call: scores, phase: playing
2026-06-16 18:27:59, tokens_remaining: 1113, call: scores, phase: playing
2026-06-16 18:28:00, tokens_remaining: 1112, call: events, phase: playing
2026-06-16 18:28:01, tokens_remaining: 1111, call: scores, phase: playing
2026-06-16 18:28:01, tokens_remaining: 1111, call: scores, phase: playing
2026-06-16 18:28:02, tokens_remaining: 1111, call: scores, phase: playing
2026-06-16 18:28:02, tokens_remaining: 1110, call: scores, phase: playing
2026-06-16 18:28:03, tokens_remaining: 1110, call: scores, phase: playing
2026-06-16 18:28:03, tokens_remaining: 1110, call: scores, phase: playing
2026-06-16 18:28:04, tokens_remaining: 1109, call: scores, phase: playing
2026-06-16 18:28:04, tokens_remaining: 1109, call: scores, phase: playing
2026-06-16 18:28:05, tokens_remaining: 1109, call: scores, phase: playing
2026-06-16 18:28:06, tokens_remaining: 1108, call: events, phase: playing
2026-06-16 18:28:06, tokens_remaining: 1107, call: scores, phase: playing
2026-06-16 18:28:07, tokens_remaining: 1107, call: scores, phase: playing
2026-06-16 18:28:07, tokens_remaining: 1107, call: scores, phase: playing
2026-06-16 18:28:08, tokens_remaining: 1106, call: scores, phase: playing
2026-06-16 18:28:09, tokens_remaining: 1106, call: scores, phase: playing
2026-06-16 18:28:09, tokens_remaining: 1106, call: scores, phase: playing
2026-06-16 18:28:10, tokens_remaining: 1105, call: scores, phase: playing
2026-06-16 18:28:10, tokens_remaining: 1105, call: scores, phase: playing
2026-06-16 18:28:11, tokens_remaining: 1105, call: scores, phase: playing
2026-06-16 18:28:11, tokens_remaining: 1104, call: events, phase: playing
2026-06-16 18:28:12, tokens_remaining: 1103, call: scores, phase: playing
2026-06-16 18:28:13, tokens_remaining: 1103, call: scores, phase: playing
2026-06-16 18:28:13, tokens_remaining: 1103, call: scores, phase: playing
2026-06-16 18:28:14, tokens_remaining: 1102, call: scores, phase: playing
2026-06-16 18:28:14, tokens_remaining: 1102, call: scores, phase: playing
2026-06-16 18:28:15, tokens_remaining: 1102, call: scores, phase: playing
2026-06-16 18:28:15, tokens_remaining: 1101, call: scores, phase: playing
2026-06-16 18:28:16, tokens_remaining: 1101, call: scores, phase: playing
2026-06-16 18:28:16, tokens_remaining: 1101, call: scores, phase: playing
2026-06-16 18:28:17, tokens_remaining: 1100, call: events, phase: playing
2026-06-16 18:28:18, tokens_remaining: 1099, call: scores, phase: playing
2026-06-16 18:28:18, tokens_remaining: 1099, call: scores, phase: playing
2026-06-16 18:28:19, tokens_remaining: 1099, call: scores, phase: playing
2026-06-16 18:28:20, tokens_remaining: 1098, call: scores, phase: playing
2026-06-16 18:28:20, tokens_remaining: 1098, call: scores, phase: playing
2026-06-16 18:28:20, tokens_remaining: 1098, call: scores, phase: playing
2026-06-16 18:28:21, tokens_remaining: 1097, call: scores, phase: playing
2026-06-16 18:28:22, tokens_remaining: 1097, call: scores, phase: playing
2026-06-16 18:28:22, tokens_remaining: 1097, call: scores, phase: playing
2026-06-16 18:28:23, tokens_remaining: 1096, call: events, phase: playing
2026-06-16 18:28:23, tokens_remaining: 1095, call: scores, phase: playing
2026-06-16 18:28:24, tokens_remaining: 1095, call: scores, phase: playing
2026-06-16 18:28:24, tokens_remaining: 1095, call: scores, phase: playing
2026-06-16 18:28:25, tokens_remaining: 1094, call: scores, phase: playing
2026-06-16 18:28:26, tokens_remaining: 1094, call: scores, phase: playing
2026-06-16 18:28:26, tokens_remaining: 1094, call: scores, phase: playing
2026-06-16 18:28:27, tokens_remaining: 1093, call: scores, phase: playing
2026-06-16 18:28:27, tokens_remaining: 1093, call: scores, phase: playing
2026-06-16 18:28:28, tokens_remaining: 1093, call: scores, phase: playing
2026-06-16 18:28:28, tokens_remaining: 1092, call: events, phase: playing
2026-06-16 18:28:29, tokens_remaining: 1091, call: scores, phase: playing
2026-06-16 18:28:30, tokens_remaining: 1091, call: scores, phase: playing
2026-06-16 18:28:30, tokens_remaining: 1091, call: scores, phase: playing
2026-06-16 18:28:31, tokens_remaining: 1090, call: scores, phase: playing
2026-06-16 18:28:31, tokens_remaining: 1090, call: scores, phase: playing
2026-06-16 18:28:32, tokens_remaining: 1090, call: scores, phase: playing
2026-06-16 18:28:32, tokens_remaining: 1089, call: scores, phase: playing
2026-06-16 18:28:33, tokens_remaining: 1089, call: scores, phase: playing
2026-06-16 18:28:33, tokens_remaining: 1089, call: scores, phase: playing
2026-06-16 18:28:34, tokens_remaining: 1088, call: events, phase: playing
2026-06-16 18:28:35, tokens_remaining: 1087, call: scores, phase: playing
2026-06-16 18:28:35, tokens_remaining: 1087, call: scores, phase: playing
2026-06-16 18:28:36, tokens_remaining: 1087, call: scores, phase: playing
2026-06-16 18:28:36, tokens_remaining: 1086, call: scores, phase: playing
2026-06-16 18:28:37, tokens_remaining: 1086, call: scores, phase: playing
2026-06-16 18:28:37, tokens_remaining: 1086, call: scores, phase: playing
2026-06-16 18:28:38, tokens_remaining: 1085, call: scores, phase: playing
2026-06-16 18:28:38, tokens_remaining: 1085, call: scores, phase: playing
2026-06-16 18:28:39, tokens_remaining: 1085, call: scores, phase: playing
2026-06-16 18:28:39, tokens_remaining: 1084, call: events, phase: playing
2026-06-16 18:28:40, tokens_remaining: 1083, call: scores, phase: playing
2026-06-16 18:28:41, tokens_remaining: 1083, call: scores, phase: playing
2026-06-16 18:28:41, tokens_remaining: 1083, call: scores, phase: playing
2026-06-16 18:28:42, tokens_remaining: 1082, call: scores, phase: playing
2026-06-16 18:28:42, tokens_remaining: 1082, call: scores, phase: playing
2026-06-16 18:28:43, tokens_remaining: 1082, call: scores, phase: playing
2026-06-16 18:28:43, tokens_remaining: 1081, call: scores, phase: playing
2026-06-16 18:28:44, tokens_remaining: 1081, call: scores, phase: playing
2026-06-16 18:28:44, tokens_remaining: 1081, call: scores, phase: playing
2026-06-16 18:28:45, tokens_remaining: 1080, call: events, phase: playing
2026-06-16 18:28:46, tokens_remaining: 1079, call: scores, phase: playing
2026-06-16 18:28:46, tokens_remaining: 1079, call: scores, phase: playing
2026-06-16 18:28:47, tokens_remaining: 1079, call: scores, phase: playing
2026-06-16 18:28:47, tokens_remaining: 1078, call: scores, phase: playing
2026-06-16 18:28:48, tokens_remaining: 1078, call: scores, phase: playing
2026-06-16 18:28:48, tokens_remaining: 1078, call: scores, phase: playing
2026-06-16 18:28:49, tokens_remaining: 1077, call: scores, phase: playing
2026-06-16 18:28:50, tokens_remaining: 1077, call: scores, phase: playing
2026-06-16 18:28:50, tokens_remaining: 1077, call: scores, phase: playing
2026-06-16 18:28:51, tokens_remaining: 1076, call: events, phase: playing
2026-06-16 18:28:51, tokens_remaining: 1075, call: scores, phase: playing
2026-06-16 18:28:52, tokens_remaining: 1075, call: scores, phase: playing
2026-06-16 18:28:52, tokens_remaining: 1075, call: scores, phase: playing
2026-06-16 18:28:53, tokens_remaining: 1074, call: scores, phase: playing
2026-06-16 18:28:53, tokens_remaining: 1074, call: scores, phase: playing
2026-06-16 18:28:54, tokens_remaining: 1074, call: scores, phase: playing
2026-06-16 18:28:55, tokens_remaining: 1073, call: scores, phase: playing
2026-06-16 18:28:55, tokens_remaining: 1073, call: scores, phase: playing
2026-06-16 18:28:55, tokens_remaining: 1073, call: scores, phase: playing
2026-06-16 18:28:56, tokens_remaining: 1072, call: events, phase: playing
2026-06-16 18:28:57, tokens_remaining: 1071, call: scores, phase: playing
2026-06-16 18:28:57, tokens_remaining: 1071, call: scores, phase: playing
2026-06-16 18:28:58, tokens_remaining: 1071, call: scores, phase: playing
2026-06-16 18:28:58, tokens_remaining: 1070, call: scores, phase: playing
2026-06-16 18:28:59, tokens_remaining: 1070, call: scores, phase: playing
2026-06-16 18:28:59, tokens_remaining: 1070, call: scores, phase: playing
2026-06-16 18:29:00, tokens_remaining: 1069, call: scores, phase: playing
2026-06-16 18:29:00, tokens_remaining: 1069, call: scores, phase: playing
2026-06-16 18:29:01, tokens_remaining: 1069, call: scores, phase: playing
2026-06-16 18:29:02, tokens_remaining: 1068, call: events, phase: playing
2026-06-16 18:29:02, tokens_remaining: 1067, call: scores, phase: playing
2026-06-16 18:29:03, tokens_remaining: 1067, call: scores, phase: playing
2026-06-16 18:29:03, tokens_remaining: 1067, call: scores, phase: playing
2026-06-16 18:29:04, tokens_remaining: 1066, call: scores, phase: playing
2026-06-16 18:29:04, tokens_remaining: 1066, call: scores, phase: playing
2026-06-16 18:29:05, tokens_remaining: 1066, call: scores, phase: playing
2026-06-16 18:29:05, tokens_remaining: 1065, call: scores, phase: playing
