2026-06-17 01:00:00, tokens_remaining: 1875, call: scores, phase: playing
2026-06-17 01:00:01, tokens_remaining: 1874, call: events, phase: playing
2026-06-17 01:00:02, tokens_remaining: 1873, call: scores, phase: playing
2026-06-17 01:00:03, tokens_remaining: 1873, call: scores, phase: playing
2026-06-17 01:00:04, tokens_remaining: 1872, call: scores, phase: playing
2026-06-17 01:00:05, tokens_remaining: 1872, call: scores, phase: playing
2026-06-17 01:00:06, tokens_remaining: 1871, call: scores, phase: playing
2026-06-17 01:00:07, tokens_remaining: 1871, call: scores, phase: playing
2026-06-17 01:00:08, tokens_remaining: 1870, call: scores, phase: playing
2026-06-17 01:00:09, tokens_remaining: 1870, call: scores, phase: playing
2026-06-17 01:00:10, tokens_remaining: 1869, call: scores, phase: playing
2026-06-17 01:00:11, tokens_remaining: 1868, call: events, phase: playing
2026-06-17 01:00:12, tokens_remaining: 1867, call: scores, phase: playing
2026-06-17 01:00:12, tokens_remaining: 1867, call: scores, phase: playing
2026-06-17 01:00:13, tokens_remaining: 1866, call: scores, phase: playing
2026-06-17 01:00:14, tokens_remaining: 1866, call: scores, phase: playing
2026-06-17 01:00:15, tokens_remaining: 1865, call: scores, phase: playing
2026-06-17 01:00:16, tokens_remaining: 1865, call: scores, phase: playing
2026-06-17 01:00:17, tokens_remaining: 1864, call: scores, phase: playing
2026-06-17 01:00:18, tokens_remaining: 1864, call: scores, phase: playing
2026-06-17 01:00:19, tokens_remaining: 1863, call: scores, phase: playing
2026-06-17 01:00:20, tokens_remaining: 1862, call: events, phase: playing
2026-06-17 01:00:21, tokens_remaining: 1861, call: scores, phase: playing
2026-06-17 01:00:22, tokens_remaining: 1861, call: scores, phase: playing
2026-06-17 01:00:23, tokens_remaining: 1860, call: scores, phase: playing
2026-06-17 01:00:23, tokens_remaining: 1860, call: scores, phase: playing
2026-06-17 01:00:24, tokens_remaining: 1859, call: scores, phase: playing
2026-06-17 01:00:25, tokens_remaining: 1859, call: scores, phase: playing
2026-06-17 01:00:26, tokens_remaining: 1858, call: scores, phase: playing
2026-06-17 01:00:27, tokens_remaining: 1858, call: scores, phase: playing
2026-06-17 01:00:28, tokens_remaining: 1857, call: scores, phase: playing
2026-06-17 01:00:30, tokens_remaining: 1856, call: events, phase: playing
2026-06-17 01:00:31, tokens_remaining: 1855, call: scores, phase: playing
2026-06-17 01:00:31, tokens_remaining: 1855, call: scores, phase: playing
2026-06-17 01:00:32, tokens_remaining: 1854, call: scores, phase: playing
2026-06-17 01:00:33, tokens_remaining: 1854, call: scores, phase: playing
2026-06-17 01:00:34, tokens_remaining: 1853, call: scores, phase: playing
2026-06-17 01:00:35, tokens_remaining: 1853, call: scores, phase: playing
2026-06-17 01:00:36, tokens_remaining: 1852, call: scores, phase: playing
2026-06-17 01:00:37, tokens_remaining: 1852, call: scores, phase: playing
2026-06-17 01:00:38, tokens_remaining: 1851, call: scores, phase: playing
2026-06-17 01:00:39, tokens_remaining: 1850, call: events, phase: playing
2026-06-17 01:00:40, tokens_remaining: 1849, call: scores, phase: playing
2026-06-17 01:00:41, tokens_remaining: 1849, call: scores, phase: playing
2026-06-17 01:00:42, tokens_remaining: 1848, call: scores, phase: playing
2026-06-17 01:00:42, tokens_remaining: 1848, call: scores, phase: playing
2026-06-17 01:00:43, tokens_remaining: 1847, call: scores, phase: playing
2026-06-17 01:00:44, tokens_remaining: 1847, call: scores, phase: playing
2026-06-17 01:00:45, tokens_remaining: 1846, call: scores, phase: playing
2026-06-17 01:00:46, tokens_remaining: 1846, call: scores, phase: playing
2026-06-17 01:00:47, tokens_remaining: 1845, call: scores, phase: playing
2026-06-17 01:00:48, tokens_remaining: 1844, call: events, phase: playing
2026-06-17 01:00:49, tokens_remaining: 1843, call: scores, phase: playing
2026-06-17 01:00:50, tokens_remaining: 1843, call: scores, phase: playing
2026-06-17 01:00:51, tokens_remaining: 1842, call: scores, phase: playing
2026-06-17 01:00:51, tokens_remaining: 1842, call: scores, phase: playing
2026-06-17 01:00:53, tokens_remaining: 1841, call: scores, phase: playing
2026-06-17 01:00:53, tokens_remaining: 1841, call: scores, phase: playing
2026-06-17 01:00:54, tokens_remaining: 1840, call: scores, phase: playing
2026-06-17 01:00:55, tokens_remaining: 1840, call: scores, phase: playing
2026-06-17 01:00:56, tokens_remaining: 1839, call: scores, phase: playing
2026-06-17 01:00:57, tokens_remaining: 1838, call: events, phase: playing
2026-06-17 01:00:58, tokens_remaining: 1837, call: scores, phase: playing
2026-06-17 01:00:59, tokens_remaining: 1837, call: scores, phase: playing
2026-06-17 01:01:00, tokens_remaining: 1836, call: scores, phase: playing
2026-06-17 01:01:01, tokens_remaining: 1836, call: scores, phase: playing
2026-06-17 01:01:02, tokens_remaining: 1835, call: scores, phase: playing
2026-06-17 01:01:02, tokens_remaining: 1835, call: scores, phase: playing
2026-06-17 01:01:03, tokens_remaining: 1834, call: scores, phase: playing
2026-06-17 01:01:04, tokens_remaining: 1834, call: scores, phase: playing
2026-06-17 01:01:05, tokens_remaining: 1833, call: scores, phase: playing
2026-06-17 01:01:06, tokens_remaining: 1832, call: events, phase: playing
2026-06-17 01:01:07, tokens_remaining: 1831, call: scores, phase: playing
2026-06-17 01:01:08, tokens_remaining: 1831, call: scores, phase: playing
2026-06-17 01:01:09, tokens_remaining: 1830, call: scores, phase: playing
2026-06-17 01:01:10, tokens_remaining: 1830, call: scores, phase: playing
2026-06-17 01:01:11, tokens_remaining: 1829, call: scores, phase: playing
2026-06-17 01:01:12, tokens_remaining: 1829, call: scores, phase: playing
2026-06-17 01:01:13, tokens_remaining: 1828, call: scores, phase: playing
2026-06-17 01:01:13, tokens_remaining: 1828, call: scores, phase: playing
2026-06-17 01:01:14, tokens_remaining: 1827, call: scores, phase: playing
2026-06-17 01:01:15, tokens_remaining: 1826, call: events, phase: playing
2026-06-17 01:01:16, tokens_remaining: 1825, call: scores, phase: playing
2026-06-17 01:01:17, tokens_remaining: 1825, call: scores, phase: playing
2026-06-17 01:01:18, tokens_remaining: 1824, call: scores, phase: playing
2026-06-17 01:01:19, tokens_remaining: 1824, call: scores, phase: playing
2026-06-17 01:01:20, tokens_remaining: 1823, call: scores, phase: playing
2026-06-17 01:01:21, tokens_remaining: 1823, call: scores, phase: playing
2026-06-17 01:01:22, tokens_remaining: 1822, call: scores, phase: playing
2026-06-17 01:01:22, tokens_remaining: 1822, call: scores, phase: playing
2026-06-17 01:01:23, tokens_remaining: 1821, call: scores, phase: playing
2026-06-17 01:01:25, tokens_remaining: 1820, call: events, phase: playing
2026-06-17 01:01:26, tokens_remaining: 1819, call: scores, phase: playing
2026-06-17 01:01:26, tokens_remaining: 1819, call: scores, phase: playing
2026-06-17 01:01:27, tokens_remaining: 1818, call: scores, phase: playing
2026-06-17 01:01:28, tokens_remaining: 1818, call: scores, phase: playing
2026-06-17 01:01:29, tokens_remaining: 1817, call: scores, phase: playing
2026-06-17 01:01:30, tokens_remaining: 1817, call: scores, phase: playing
2026-06-17 01:01:31, tokens_remaining: 1816, call: scores, phase: playing
2026-06-17 01:01:32, tokens_remaining: 1816, call: scores, phase: playing
2026-06-17 01:01:33, tokens_remaining: 1815, call: scores, phase: playing
2026-06-17 01:01:34, tokens_remaining: 1814, call: events, phase: playing
2026-06-17 01:01:35, tokens_remaining: 1813, call: scores, phase: playing
2026-06-17 01:01:35, tokens_remaining: 1813, call: scores, phase: playing
2026-06-17 01:01:36, tokens_remaining: 1812, call: scores, phase: playing
2026-06-17 01:01:37, tokens_remaining: 1812, call: scores, phase: playing
2026-06-17 01:01:38, tokens_remaining: 1811, call: scores, phase: playing
2026-06-17 01:01:39, tokens_remaining: 1811, call: scores, phase: playing
2026-06-17 01:01:40, tokens_remaining: 1810, call: scores, phase: playing
2026-06-17 01:01:41, tokens_remaining: 1810, call: scores, phase: playing
2026-06-17 01:01:42, tokens_remaining: 1809, call: scores, phase: playing
2026-06-17 01:01:43, tokens_remaining: 1808, call: events, phase: playing
2026-06-17 01:01:44, tokens_remaining: 1807, call: scores, phase: playing
2026-06-17 01:01:45, tokens_remaining: 1807, call: scores, phase: playing
2026-06-17 01:01:46, tokens_remaining: 1806, call: scores, phase: playing
2026-06-17 01:01:46, tokens_remaining: 1806, call: scores, phase: playing
2026-06-17 01:01:47, tokens_remaining: 1805, call: scores, phase: playing
2026-06-17 01:01:48, tokens_remaining: 1805, call: scores, phase: playing
2026-06-17 01:01:49, tokens_remaining: 1804, call: scores, phase: playing
2026-06-17 01:01:50, tokens_remaining: 1804, call: scores, phase: playing
2026-06-17 01:01:51, tokens_remaining: 1803, call: scores, phase: playing
2026-06-17 01:01:52, tokens_remaining: 1802, call: events, phase: playing
2026-06-17 01:01:53, tokens_remaining: 1801, call: scores, phase: playing
2026-06-17 01:01:54, tokens_remaining: 1801, call: scores, phase: playing
2026-06-17 01:01:55, tokens_remaining: 1800, call: scores, phase: playing
2026-06-17 01:01:55, tokens_remaining: 1800, call: scores, phase: playing
2026-06-17 01:01:56, tokens_remaining: 1799, call: scores, phase: playing
2026-06-17 01:01:57, tokens_remaining: 1799, call: scores, phase: playing
2026-06-17 01:01:58, tokens_remaining: 1798, call: scores, phase: playing
2026-06-17 01:01:59, tokens_remaining: 1798, call: scores, phase: playing
2026-06-17 01:02:00, tokens_remaining: 1797, call: scores, phase: playing
2026-06-17 01:02:01, tokens_remaining: 1796, call: events, phase: playing
2026-06-17 01:02:02, tokens_remaining: 1795, call: scores, phase: playing
2026-06-17 01:02:03, tokens_remaining: 1795, call: scores, phase: playing
2026-06-17 01:02:04, tokens_remaining: 1794, call: scores, phase: playing
2026-06-17 01:02:05, tokens_remaining: 1794, call: scores, phase: playing
2026-06-17 01:02:06, tokens_remaining: 1793, call: scores, phase: playing
2026-06-17 01:02:06, tokens_remaining: 1793, call: scores, phase: playing
2026-06-17 01:02:07, tokens_remaining: 1792, call: scores, phase: playing
2026-06-17 01:02:08, tokens_remaining: 1792, call: scores, phase: playing
2026-06-17 01:02:09, tokens_remaining: 1791, call: scores, phase: playing
2026-06-17 01:02:10, tokens_remaining: 1790, call: events, phase: playing
2026-06-17 01:02:11, tokens_remaining: 1789, call: scores, phase: playing
2026-06-17 01:02:12, tokens_remaining: 1789, call: scores, phase: playing
2026-06-17 01:02:13, tokens_remaining: 1788, call: scores, phase: playing
2026-06-17 01:02:14, tokens_remaining: 1788, call: scores, phase: playing
2026-06-17 01:02:15, tokens_remaining: 1787, call: scores, phase: playing
2026-06-17 01:02:15, tokens_remaining: 1787, call: scores, phase: playing
2026-06-17 01:02:16, tokens_remaining: 1786, call: scores, phase: playing
2026-06-17 01:02:17, tokens_remaining: 1786, call: scores, phase: playing
2026-06-17 01:02:18, tokens_remaining: 1785, call: scores, phase: playing
2026-06-17 01:02:19, tokens_remaining: 1784, call: events, phase: playing
2026-06-17 01:02:20, tokens_remaining: 1783, call: scores, phase: playing
2026-06-17 01:02:21, tokens_remaining: 1783, call: scores, phase: playing
2026-06-17 01:02:22, tokens_remaining: 1782, call: scores, phase: playing
2026-06-17 01:02:23, tokens_remaining: 1782, call: scores, phase: playing
2026-06-17 01:02:24, tokens_remaining: 1781, call: scores, phase: playing
2026-06-17 01:02:24, tokens_remaining: 1781, call: scores, phase: playing
2026-06-17 01:02:25, tokens_remaining: 1780, call: scores, phase: playing
2026-06-17 01:02:26, tokens_remaining: 1780, call: scores, phase: playing
2026-06-17 01:02:27, tokens_remaining: 1779, call: scores, phase: playing
2026-06-17 01:02:28, tokens_remaining: 1778, call: events, phase: playing
2026-06-17 01:02:29, tokens_remaining: 1777, call: scores, phase: playing
2026-06-17 01:02:30, tokens_remaining: 1777, call: scores, phase: playing
2026-06-17 01:02:31, tokens_remaining: 1776, call: scores, phase: playing
2026-06-17 01:02:32, tokens_remaining: 1776, call: scores, phase: playing
2026-06-17 01:02:33, tokens_remaining: 1775, call: scores, phase: playing
2026-06-17 01:02:34, tokens_remaining: 1775, call: scores, phase: playing
2026-06-17 01:02:35, tokens_remaining: 1774, call: scores, phase: playing
2026-06-17 01:02:35, tokens_remaining: 1774, call: scores, phase: playing
2026-06-17 01:02:36, tokens_remaining: 1773, call: scores, phase: playing
2026-06-17 01:02:37, tokens_remaining: 1772, call: events, phase: playing
2026-06-17 01:02:38, tokens_remaining: 1771, call: scores, phase: playing
2026-06-17 01:02:39, tokens_remaining: 1771, call: scores, phase: playing
2026-06-17 01:02:40, tokens_remaining: 1770, call: scores, phase: playing
2026-06-17 01:02:41, tokens_remaining: 1770, call: scores, phase: playing
2026-06-17 01:02:42, tokens_remaining: 1769, call: scores, phase: playing
2026-06-17 01:02:43, tokens_remaining: 1769, call: scores, phase: playing
2026-06-17 01:02:44, tokens_remaining: 1768, call: scores, phase: playing
2026-06-17 01:02:44, tokens_remaining: 1768, call: scores, phase: playing
2026-06-17 01:02:45, tokens_remaining: 1767, call: scores, phase: playing
2026-06-17 01:02:46, tokens_remaining: 1766, call: events, phase: playing
2026-06-17 01:02:47, tokens_remaining: 1765, call: scores, phase: playing
2026-06-17 01:02:48, tokens_remaining: 1765, call: scores, phase: playing
2026-06-17 01:02:49, tokens_remaining: 1764, call: scores, phase: playing
2026-06-17 01:02:50, tokens_remaining: 1764, call: scores, phase: playing
2026-06-17 01:02:51, tokens_remaining: 1763, call: scores, phase: playing
2026-06-17 01:02:52, tokens_remaining: 1763, call: scores, phase: playing
2026-06-17 01:02:53, tokens_remaining: 1762, call: scores, phase: playing
2026-06-17 01:02:53, tokens_remaining: 1762, call: scores, phase: playing
2026-06-17 01:02:54, tokens_remaining: 1761, call: scores, phase: playing
2026-06-17 01:02:56, tokens_remaining: 1760, call: events, phase: playing
2026-06-17 01:02:57, tokens_remaining: 1759, call: scores, phase: playing
2026-06-17 01:02:57, tokens_remaining: 1759, call: scores, phase: playing
2026-06-17 01:02:58, tokens_remaining: 1758, call: scores, phase: playing
2026-06-17 01:02:59, tokens_remaining: 1758, call: scores, phase: playing
2026-06-17 01:03:00, tokens_remaining: 1757, call: scores, phase: playing
2026-06-17 01:03:01, tokens_remaining: 1757, call: scores, phase: playing
2026-06-17 01:03:02, tokens_remaining: 1756, call: scores, phase: playing
2026-06-17 01:03:03, tokens_remaining: 1756, call: scores, phase: playing
2026-06-17 01:03:04, tokens_remaining: 1755, call: scores, phase: playing
2026-06-17 01:03:05, tokens_remaining: 1754, call: events, phase: playing
2026-06-17 01:03:06, tokens_remaining: 1753, call: scores, phase: playing
2026-06-17 01:03:06, tokens_remaining: 1753, call: scores, phase: playing
2026-06-17 01:03:07, tokens_remaining: 1752, call: scores, phase: playing
2026-06-17 01:03:08, tokens_remaining: 1752, call: scores, phase: playing
2026-06-17 01:03:09, tokens_remaining: 1751, call: scores, phase: playing
2026-06-17 01:03:10, tokens_remaining: 1751, call: scores, phase: playing
2026-06-17 01:03:11, tokens_remaining: 1750, call: scores, phase: playing
2026-06-17 01:03:12, tokens_remaining: 1750, call: scores, phase: playing
2026-06-17 01:03:13, tokens_remaining: 1749, call: scores, phase: playing
2026-06-17 01:03:14, tokens_remaining: 1748, call: events, phase: playing
2026-06-17 01:03:15, tokens_remaining: 1747, call: scores, phase: playing
2026-06-17 01:03:15, tokens_remaining: 1747, call: scores, phase: playing
2026-06-17 01:03:16, tokens_remaining: 1746, call: scores, phase: playing
2026-06-17 01:03:17, tokens_remaining: 1746, call: scores, phase: playing
2026-06-17 01:03:18, tokens_remaining: 1745, call: scores, phase: playing
2026-06-17 01:03:19, tokens_remaining: 1745, call: scores, phase: playing
2026-06-17 01:03:20, tokens_remaining: 1744, call: scores, phase: playing
2026-06-17 01:03:21, tokens_remaining: 1744, call: scores, phase: playing
2026-06-17 01:03:22, tokens_remaining: 1743, call: scores, phase: playing
2026-06-17 01:03:23, tokens_remaining: 1742, call: events, phase: playing
2026-06-17 01:03:24, tokens_remaining: 1741, call: scores, phase: playing
2026-06-17 01:03:24, tokens_remaining: 1741, call: scores, phase: playing
2026-06-17 01:03:26, tokens_remaining: 1740, call: scores, phase: playing
2026-06-17 01:03:26, tokens_remaining: 1740, call: scores, phase: playing
2026-06-17 01:03:27, tokens_remaining: 1739, call: scores, phase: playing
2026-06-17 01:03:28, tokens_remaining: 1739, call: scores, phase: playing
2026-06-17 01:03:29, tokens_remaining: 1738, call: scores, phase: playing
2026-06-17 01:03:30, tokens_remaining: 1738, call: scores, phase: playing
2026-06-17 01:03:31, tokens_remaining: 1737, call: scores, phase: playing
2026-06-17 01:03:32, tokens_remaining: 1736, call: events, phase: playing
2026-06-17 01:03:33, tokens_remaining: 1735, call: scores, phase: playing
2026-06-17 01:03:34, tokens_remaining: 1735, call: scores, phase: playing
2026-06-17 01:03:35, tokens_remaining: 1734, call: scores, phase: playing
2026-06-17 01:03:35, tokens_remaining: 1734, call: scores, phase: playing
2026-06-17 01:03:36, tokens_remaining: 1733, call: scores, phase: playing
2026-06-17 01:03:37, tokens_remaining: 1733, call: scores, phase: playing
2026-06-17 01:03:38, tokens_remaining: 1732, call: scores, phase: playing
2026-06-17 01:03:39, tokens_remaining: 1732, call: scores, phase: playing
2026-06-17 01:03:40, tokens_remaining: 1731, call: scores, phase: playing
2026-06-17 01:03:41, tokens_remaining: 1730, call: events, phase: playing
2026-06-17 01:03:42, tokens_remaining: 1729, call: scores, phase: playing
2026-06-17 01:03:43, tokens_remaining: 1729, call: scores, phase: playing
2026-06-17 01:03:44, tokens_remaining: 1728, call: scores, phase: playing
2026-06-17 01:03:44, tokens_remaining: 1728, call: scores, phase: playing
2026-06-17 01:03:45, tokens_remaining: 1727, call: scores, phase: playing
2026-06-17 01:03:46, tokens_remaining: 1727, call: scores, phase: playing
2026-06-17 01:03:47, tokens_remaining: 1726, call: scores, phase: playing
2026-06-17 01:03:48, tokens_remaining: 1726, call: scores, phase: playing
2026-06-17 01:03:49, tokens_remaining: 1725, call: scores, phase: playing
2026-06-17 01:03:50, tokens_remaining: 1724, call: events, phase: playing
2026-06-17 01:03:51, tokens_remaining: 1723, call: scores, phase: playing
2026-06-17 01:03:52, tokens_remaining: 1723, call: scores, phase: playing
2026-06-17 01:03:53, tokens_remaining: 1722, call: scores, phase: playing
2026-06-17 01:03:54, tokens_remaining: 1722, call: scores, phase: playing
2026-06-17 01:03:55, tokens_remaining: 1721, call: scores, phase: playing
2026-06-17 01:03:55, tokens_remaining: 1721, call: scores, phase: playing
2026-06-17 01:03:56, tokens_remaining: 1720, call: scores, phase: playing
2026-06-17 01:03:57, tokens_remaining: 1720, call: scores, phase: playing
2026-06-17 01:03:58, tokens_remaining: 1719, call: scores, phase: playing
2026-06-17 01:03:59, tokens_remaining: 1718, call: events, phase: playing
2026-06-17 01:04:00, tokens_remaining: 1717, call: scores, phase: playing
2026-06-17 01:04:01, tokens_remaining: 1717, call: scores, phase: playing
2026-06-17 01:04:02, tokens_remaining: 1716, call: scores, phase: playing
2026-06-17 01:04:03, tokens_remaining: 1716, call: scores, phase: playing
2026-06-17 01:04:04, tokens_remaining: 1715, call: scores, phase: playing
2026-06-17 01:04:04, tokens_remaining: 1715, call: scores, phase: playing
2026-06-17 01:04:05, tokens_remaining: 1714, call: scores, phase: playing
2026-06-17 01:04:06, tokens_remaining: 1714, call: scores, phase: playing
2026-06-17 01:04:07, tokens_remaining: 1713, call: scores, phase: playing
2026-06-17 01:04:08, tokens_remaining: 1712, call: events, phase: playing
2026-06-17 01:04:09, tokens_remaining: 1711, call: scores, phase: playing
2026-06-17 01:04:10, tokens_remaining: 1711, call: scores, phase: playing
2026-06-17 01:04:11, tokens_remaining: 1710, call: scores, phase: playing
2026-06-17 01:04:12, tokens_remaining: 1710, call: scores, phase: playing
2026-06-17 01:04:13, tokens_remaining: 1709, call: scores, phase: playing
2026-06-17 01:04:13, tokens_remaining: 1709, call: scores, phase: playing
2026-06-17 01:04:14, tokens_remaining: 1708, call: scores, phase: playing
2026-06-17 01:04:15, tokens_remaining: 1708, call: scores, phase: playing
2026-06-17 01:04:16, tokens_remaining: 1707, call: scores, phase: playing
2026-06-17 01:04:17, tokens_remaining: 1706, call: events, phase: playing
2026-06-17 01:04:18, tokens_remaining: 1705, call: scores, phase: playing
2026-06-17 01:04:19, tokens_remaining: 1705, call: scores, phase: playing
2026-06-17 01:04:20, tokens_remaining: 1704, call: scores, phase: playing
2026-06-17 01:04:21, tokens_remaining: 1704, call: scores, phase: playing
2026-06-17 01:04:22, tokens_remaining: 1703, call: scores, phase: playing
2026-06-17 01:04:23, tokens_remaining: 1703, call: scores, phase: playing
2026-06-17 01:04:24, tokens_remaining: 1702, call: scores, phase: playing
2026-06-17 01:04:24, tokens_remaining: 1702, call: scores, phase: playing
2026-06-17 01:04:25, tokens_remaining: 1701, call: scores, phase: playing
2026-06-17 01:04:26, tokens_remaining: 1700, call: events, phase: playing
2026-06-17 01:04:27, tokens_remaining: 1699, call: scores, phase: playing
2026-06-17 01:04:28, tokens_remaining: 1699, call: scores, phase: playing
2026-06-17 01:04:29, tokens_remaining: 1698, call: scores, phase: playing
2026-06-17 01:04:30, tokens_remaining: 1698, call: scores, phase: playing
2026-06-17 01:04:31, tokens_remaining: 1697, call: scores, phase: playing
2026-06-17 01:04:32, tokens_remaining: 1697, call: scores, phase: playing
2026-06-17 01:04:33, tokens_remaining: 1696, call: scores, phase: playing
2026-06-17 01:04:33, tokens_remaining: 1696, call: scores, phase: playing
2026-06-17 01:04:34, tokens_remaining: 1695, call: scores, phase: playing
2026-06-17 01:04:35, tokens_remaining: 1694, call: events, phase: playing
2026-06-17 01:04:36, tokens_remaining: 1693, call: scores, phase: playing
2026-06-17 01:04:37, tokens_remaining: 1693, call: scores, phase: playing
2026-06-17 01:04:38, tokens_remaining: 1692, call: scores, phase: playing
2026-06-17 01:04:39, tokens_remaining: 1692, call: scores, phase: playing
2026-06-17 01:04:40, tokens_remaining: 1691, call: scores, phase: playing
2026-06-17 01:04:41, tokens_remaining: 1691, call: scores, phase: playing
2026-06-17 01:04:42, tokens_remaining: 1690, call: scores, phase: playing
2026-06-17 01:04:42, tokens_remaining: 1690, call: scores, phase: playing
2026-06-17 01:04:43, tokens_remaining: 1689, call: scores, phase: playing
2026-06-17 01:04:44, tokens_remaining: 1688, call: events, phase: playing
2026-06-17 01:04:45, tokens_remaining: 1687, call: scores, phase: playing
2026-06-17 01:04:46, tokens_remaining: 1687, call: scores, phase: playing
2026-06-17 01:04:47, tokens_remaining: 1686, call: scores, phase: playing
2026-06-17 01:04:48, tokens_remaining: 1686, call: scores, phase: playing
2026-06-17 01:04:49, tokens_remaining: 1685, call: scores, phase: playing
2026-06-17 01:04:50, tokens_remaining: 1685, call: scores, phase: playing
2026-06-17 01:04:51, tokens_remaining: 1684, call: scores, phase: playing
2026-06-17 01:04:51, tokens_remaining: 1684, call: scores, phase: playing
2026-06-17 01:04:52, tokens_remaining: 1683, call: scores, phase: playing
2026-06-17 01:04:53, tokens_remaining: 1682, call: events, phase: playing
2026-06-17 01:04:54, tokens_remaining: 1681, call: scores, phase: playing
2026-06-17 01:04:55, tokens_remaining: 1681, call: scores, phase: playing
2026-06-17 01:04:56, tokens_remaining: 1680, call: scores, phase: playing
2026-06-17 01:04:57, tokens_remaining: 1680, call: scores, phase: playing
2026-06-17 01:04:58, tokens_remaining: 1679, call: scores, phase: playing
2026-06-17 01:04:59, tokens_remaining: 1679, call: scores, phase: playing
2026-06-17 01:05:00, tokens_remaining: 1678, call: scores, phase: playing
2026-06-17 01:05:00, tokens_remaining: 1678, call: scores, phase: playing
2026-06-17 01:05:01, tokens_remaining: 1677, call: scores, phase: playing
2026-06-17 01:05:02, tokens_remaining: 1676, call: events, phase: playing
2026-06-17 01:05:03, tokens_remaining: 1675, call: scores, phase: playing
2026-06-17 01:05:04, tokens_remaining: 1675, call: scores, phase: playing
2026-06-17 01:05:05, tokens_remaining: 1674, call: scores, phase: playing
2026-06-17 01:05:06, tokens_remaining: 1674, call: scores, phase: playing
2026-06-17 01:05:07, tokens_remaining: 1673, call: scores, phase: playing
2026-06-17 01:05:08, tokens_remaining: 1673, call: scores, phase: playing
2026-06-17 01:05:09, tokens_remaining: 1672, call: scores, phase: playing
2026-06-17 01:05:10, tokens_remaining: 1672, call: scores, phase: playing
2026-06-17 01:05:11, tokens_remaining: 1671, call: scores, phase: playing
2026-06-17 01:05:12, tokens_remaining: 1670, call: events, phase: playing
2026-06-17 01:05:13, tokens_remaining: 1669, call: scores, phase: playing
2026-06-17 01:05:13, tokens_remaining: 1669, call: scores, phase: playing
2026-06-17 01:05:14, tokens_remaining: 1668, call: scores, phase: playing
2026-06-17 01:05:15, tokens_remaining: 1668, call: scores, phase: playing
2026-06-17 01:05:16, tokens_remaining: 1667, call: scores, phase: playing
2026-06-17 01:05:17, tokens_remaining: 1667, call: scores, phase: playing
2026-06-17 01:05:18, tokens_remaining: 1666, call: scores, phase: playing
2026-06-17 01:05:19, tokens_remaining: 1666, call: scores, phase: playing
2026-06-17 01:05:20, tokens_remaining: 1665, call: scores, phase: playing
2026-06-17 01:05:21, tokens_remaining: 1664, call: events, phase: playing
2026-06-17 01:05:21, EVENT: EVENT_10 90+9'   [Austria vs Jordan]
2026-06-17 01:05:22, tokens_remaining: 1663, call: scores, phase: playing
2026-06-17 01:05:22, tokens_remaining: 1663, call: scores, phase: playing
2026-06-17 01:05:23, tokens_remaining: 1662, call: scores, phase: playing
2026-06-17 01:05:24, tokens_remaining: 1662, call: scores, phase: playing
2026-06-17 01:05:25, tokens_remaining: 1661, call: scores, phase: playing
2026-06-17 01:05:26, tokens_remaining: 1661, call: scores, phase: playing
2026-06-17 01:05:27, tokens_remaining: 1660, call: scores, phase: playing
2026-06-17 01:05:28, tokens_remaining: 1660, call: scores, phase: playing
2026-06-17 01:05:29, tokens_remaining: 1659, call: scores, phase: playing
2026-06-17 01:05:30, tokens_remaining: 1658, call: events, phase: playing
2026-06-17 01:05:31, tokens_remaining: 1657, call: scores, phase: playing
2026-06-17 01:05:32, tokens_remaining: 1657, call: scores, phase: playing
2026-06-17 01:05:33, tokens_remaining: 1656, call: scores, phase: playing
2026-06-17 01:05:33, tokens_remaining: 1656, call: scores, phase: playing
2026-06-17 01:05:34, tokens_remaining: 1655, call: scores, phase: playing
2026-06-17 01:05:35, tokens_remaining: 1655, call: scores, phase: playing
2026-06-17 01:05:36, tokens_remaining: 1654, call: scores, phase: playing
2026-06-17 01:05:37, tokens_remaining: 1654, call: scores, phase: playing
2026-06-17 01:05:38, tokens_remaining: 1653, call: scores, phase: playing
2026-06-17 01:05:39, tokens_remaining: 1652, call: events, phase: playing
2026-06-17 01:05:40, tokens_remaining: 1651, call: scores, phase: playing
2026-06-17 01:05:41, tokens_remaining: 1651, call: scores, phase: playing
2026-06-17 01:05:42, tokens_remaining: 1650, call: scores, phase: playing
2026-06-17 01:05:42, tokens_remaining: 1650, call: scores, phase: playing
2026-06-17 01:05:43, tokens_remaining: 1649, call: scores, phase: playing
2026-06-17 01:05:44, tokens_remaining: 1649, call: scores, phase: playing
2026-06-17 01:05:45, tokens_remaining: 1648, call: scores, phase: playing
2026-06-17 01:05:46, tokens_remaining: 1648, call: scores, phase: playing
2026-06-17 01:05:47, tokens_remaining: 1647, call: scores, phase: playing
2026-06-17 01:05:48, tokens_remaining: 1646, call: events, phase: playing
2026-06-17 01:05:49, tokens_remaining: 1645, call: scores, phase: playing
2026-06-17 01:05:50, tokens_remaining: 1645, call: scores, phase: playing
2026-06-17 01:05:51, tokens_remaining: 1644, call: scores, phase: playing
2026-06-17 01:05:51, tokens_remaining: 1644, call: scores, phase: playing
2026-06-17 01:05:52, tokens_remaining: 1643, call: scores, phase: playing
2026-06-17 01:05:53, tokens_remaining: 1643, call: scores, phase: playing
2026-06-17 01:05:54, tokens_remaining: 1642, call: scores, phase: playing
2026-06-17 01:05:55, tokens_remaining: 1642, call: scores, phase: playing
2026-06-17 01:05:56, tokens_remaining: 1641, call: scores, phase: playing
2026-06-17 01:05:57, tokens_remaining: 1640, call: events, phase: playing
2026-06-17 01:05:58, tokens_remaining: 1639, call: scores, phase: playing
2026-06-17 01:05:59, tokens_remaining: 1639, call: scores, phase: playing
2026-06-17 01:06:00, tokens_remaining: 1638, call: scores, phase: playing
2026-06-17 01:06:01, tokens_remaining: 1638, call: scores, phase: playing
2026-06-17 01:06:02, tokens_remaining: 1637, call: scores, phase: playing
2026-06-17 01:06:02, tokens_remaining: 1637, call: scores, phase: playing
2026-06-17 01:06:03, tokens_remaining: 1636, call: scores, phase: playing
2026-06-17 01:06:04, tokens_remaining: 1636, call: scores, phase: playing
2026-06-17 01:06:05, tokens_remaining: 1635, call: scores, phase: playing
2026-06-17 01:06:06, tokens_remaining: 1634, call: events, phase: playing
2026-06-17 01:06:07, tokens_remaining: 1633, call: scores, phase: playing
2026-06-17 01:06:08, tokens_remaining: 1633, call: scores, phase: playing
2026-06-17 01:06:09, tokens_remaining: 1632, call: scores, phase: playing
2026-06-17 01:06:10, tokens_remaining: 1632, call: scores, phase: playing
2026-06-17 01:06:11, tokens_remaining: 1631, call: scores, phase: playing
2026-06-17 01:06:11, tokens_remaining: 1631, call: scores, phase: playing
2026-06-17 01:06:12, tokens_remaining: 1630, call: scores, phase: playing
2026-06-17 01:06:13, tokens_remaining: 1630, call: scores, phase: playing
2026-06-17 01:06:14, tokens_remaining: 1629, call: scores, phase: playing
2026-06-17 01:06:15, tokens_remaining: 1628, call: events, phase: playing
2026-06-17 01:06:16, tokens_remaining: 1627, call: scores, phase: playing
2026-06-17 01:06:17, tokens_remaining: 1627, call: scores, phase: playing
2026-06-17 01:06:18, tokens_remaining: 1626, call: scores, phase: playing
2026-06-17 01:06:19, tokens_remaining: 1626, call: scores, phase: playing
2026-06-17 01:06:20, tokens_remaining: 1625, call: scores, phase: playing
2026-06-17 01:06:20, tokens_remaining: 1625, call: scores, phase: playing
2026-06-17 01:06:22, tokens_remaining: 1624, call: scores, phase: playing
2026-06-17 01:06:22, tokens_remaining: 1624, call: scores, phase: playing
2026-06-17 01:06:23, tokens_remaining: 1623, call: scores, phase: playing
2026-06-17 01:06:24, tokens_remaining: 1622, call: events, phase: playing
2026-06-17 01:06:25, tokens_remaining: 1621, call: scores, phase: playing
2026-06-17 01:06:26, tokens_remaining: 1621, call: scores, phase: playing
2026-06-17 01:06:27, tokens_remaining: 1620, call: scores, phase: playing
2026-06-17 01:06:28, tokens_remaining: 1620, call: scores, phase: playing
2026-06-17 01:06:29, tokens_remaining: 1619, call: scores, phase: playing
2026-06-17 01:06:30, tokens_remaining: 1619, call: scores, phase: playing
2026-06-17 01:06:31, tokens_remaining: 1618, call: scores, phase: playing
2026-06-17 01:06:31, tokens_remaining: 1618, call: scores, phase: playing
2026-06-17 01:06:32, tokens_remaining: 1617, call: scores, phase: playing
2026-06-17 01:06:33, tokens_remaining: 1616, call: events, phase: playing
2026-06-17 01:06:34, tokens_remaining: 1615, call: scores, phase: playing
2026-06-17 01:06:35, tokens_remaining: 1615, call: scores, phase: playing
2026-06-17 01:06:36, tokens_remaining: 1614, call: scores, phase: playing
2026-06-17 01:06:37, tokens_remaining: 1614, call: scores, phase: playing
2026-06-17 01:06:38, tokens_remaining: 1613, call: scores, phase: playing
2026-06-17 01:06:39, tokens_remaining: 1613, call: scores, phase: playing
2026-06-17 01:06:40, tokens_remaining: 1612, call: scores, phase: playing
2026-06-17 01:06:41, tokens_remaining: 1612, call: scores, phase: playing
2026-06-17 01:06:42, tokens_remaining: 1611, call: scores, phase: playing
2026-06-17 01:06:43, tokens_remaining: 1610, call: events, phase: playing
2026-06-17 01:06:44, tokens_remaining: 1609, call: scores, phase: playing
2026-06-17 01:06:45, tokens_remaining: 1609, call: scores, phase: playing
2026-06-17 01:06:46, tokens_remaining: 1608, call: scores, phase: playing
2026-06-17 01:06:47, tokens_remaining: 1608, call: scores, phase: playing
2026-06-17 01:06:48, tokens_remaining: 1607, call: scores, phase: playing
2026-06-17 01:06:48, tokens_remaining: 1607, call: scores, phase: playing
2026-06-17 01:06:49, tokens_remaining: 1606, call: scores, phase: playing
2026-06-17 01:06:50, tokens_remaining: 1606, call: scores, phase: playing
2026-06-17 01:06:51, tokens_remaining: 1605, call: scores, phase: playing
2026-06-17 01:06:52, tokens_remaining: 1604, call: events, phase: playing
2026-06-17 01:06:53, tokens_remaining: 1603, call: scores, phase: playing
2026-06-17 01:06:54, tokens_remaining: 1603, call: scores, phase: playing
2026-06-17 01:06:55, tokens_remaining: 1602, call: scores, phase: playing
2026-06-17 01:06:56, tokens_remaining: 1602, call: scores, phase: playing
2026-06-17 01:06:57, tokens_remaining: 1601, call: scores, phase: playing
2026-06-17 01:06:57, tokens_remaining: 1601, call: scores, phase: playing
2026-06-17 01:06:58, tokens_remaining: 1600, call: scores, phase: playing
2026-06-17 01:06:59, tokens_remaining: 1600, call: scores, phase: playing
2026-06-17 01:07:00, tokens_remaining: 1599, call: scores, phase: playing
2026-06-17 01:07:01, tokens_remaining: 1598, call: events, phase: playing
2026-06-17 01:07:02, tokens_remaining: 1597, call: scores, phase: playing
2026-06-17 01:07:03, tokens_remaining: 1597, call: scores, phase: playing
2026-06-17 01:07:04, tokens_remaining: 1596, call: scores, phase: playing
2026-06-17 01:07:05, tokens_remaining: 1596, call: scores, phase: playing
2026-06-17 01:07:06, tokens_remaining: 1595, call: scores, phase: playing
2026-06-17 01:07:06, tokens_remaining: 1595, call: scores, phase: playing
2026-06-17 01:07:07, tokens_remaining: 1594, call: scores, phase: playing
2026-06-17 01:07:08, tokens_remaining: 1594, call: scores, phase: playing
2026-06-17 01:07:09, tokens_remaining: 1593, call: scores, phase: playing
2026-06-17 01:07:10, tokens_remaining: 1592, call: events, phase: playing
2026-06-17 01:07:11, tokens_remaining: 1591, call: scores, phase: playing
2026-06-17 01:07:12, tokens_remaining: 1591, call: scores, phase: playing
2026-06-17 01:07:13, tokens_remaining: 1590, call: scores, phase: playing
2026-06-17 01:07:14, tokens_remaining: 1590, call: scores, phase: playing
2026-06-17 01:07:15, tokens_remaining: 1589, call: scores, phase: playing
2026-06-17 01:07:15, tokens_remaining: 1589, call: scores, phase: playing
2026-06-17 01:07:16, tokens_remaining: 1588, call: scores, phase: playing
2026-06-17 01:07:17, tokens_remaining: 1588, call: scores, phase: playing
2026-06-17 01:07:18, tokens_remaining: 1587, call: scores, phase: playing
2026-06-17 01:07:19, tokens_remaining: 1586, call: events, phase: playing
2026-06-17 01:07:19, EVENT: EVENT_16 90+12' Marko Arnautovic (3-1) [Austria vs Jordan]
2026-06-17 01:07:19, GOAL: Austria (Austria 3-1 Jordan)
2026-06-17 01:07:20, tokens_remaining: 1585, call: scores, phase: playing
2026-06-17 01:07:21, tokens_remaining: 1585, call: scores, phase: playing
2026-06-17 01:07:22, tokens_remaining: 1584, call: scores, phase: playing
2026-06-17 01:07:23, tokens_remaining: 1584, call: scores, phase: playing
2026-06-17 01:07:24, tokens_remaining: 1583, call: scores, phase: playing
2026-06-17 01:07:25, tokens_remaining: 1583, call: scores, phase: playing
2026-06-17 01:07:26, tokens_remaining: 1582, call: scores, phase: playing
2026-06-17 01:07:26, tokens_remaining: 1582, call: scores, phase: playing
2026-06-17 01:07:27, tokens_remaining: 1581, call: scores, phase: playing
2026-06-17 01:07:28, tokens_remaining: 1580, call: events, phase: playing
2026-06-17 01:07:29, tokens_remaining: 1579, call: scores, phase: playing
2026-06-17 01:07:30, tokens_remaining: 1579, call: scores, phase: playing
2026-06-17 01:07:31, tokens_remaining: 1578, call: scores, phase: playing
2026-06-17 01:07:32, tokens_remaining: 1578, call: scores, phase: playing
2026-06-17 01:07:33, tokens_remaining: 1577, call: scores, phase: playing
2026-06-17 01:07:34, tokens_remaining: 1577, call: scores, phase: playing
2026-06-17 01:07:35, tokens_remaining: 1576, call: scores, phase: playing
2026-06-17 01:07:35, tokens_remaining: 1576, call: scores, phase: playing
2026-06-17 01:07:36, tokens_remaining: 1575, call: scores, phase: playing
2026-06-17 01:07:37, tokens_remaining: 1574, call: events, phase: playing
2026-06-17 01:07:38, tokens_remaining: 1573, call: scores, phase: playing
2026-06-17 01:07:39, tokens_remaining: 1573, call: scores, phase: playing
2026-06-17 01:07:40, tokens_remaining: 1572, call: scores, phase: playing
2026-06-17 01:07:41, tokens_remaining: 1572, call: scores, phase: playing
2026-06-17 01:07:42, tokens_remaining: 1571, call: scores, phase: playing
2026-06-17 01:07:43, tokens_remaining: 1571, call: scores, phase: playing
2026-06-17 01:07:44, tokens_remaining: 1570, call: scores, phase: playing
2026-06-17 01:07:44, tokens_remaining: 1570, call: scores, phase: playing
2026-06-17 01:07:45, tokens_remaining: 1569, call: scores, phase: playing
2026-06-17 01:07:47, tokens_remaining: 1568, call: events, phase: playing
2026-06-17 01:07:48, tokens_remaining: 1567, call: scores, phase: playing
2026-06-17 01:07:48, tokens_remaining: 1567, call: scores, phase: playing
2026-06-17 01:07:49, tokens_remaining: 1566, call: scores, phase: playing
2026-06-17 01:07:50, tokens_remaining: 1566, call: scores, phase: playing
2026-06-17 01:07:51, tokens_remaining: 1565, call: scores, phase: playing
2026-06-17 01:07:52, tokens_remaining: 1565, call: scores, phase: playing
2026-06-17 01:07:53, tokens_remaining: 1564, call: scores, phase: playing
2026-06-17 01:07:54, tokens_remaining: 1564, call: scores, phase: playing
2026-06-17 01:07:55, tokens_remaining: 1563, call: scores, phase: playing
2026-06-17 01:07:56, tokens_remaining: 1562, call: events, phase: playing
2026-06-17 01:07:57, tokens_remaining: 1561, call: scores, phase: playing
2026-06-17 01:07:57, tokens_remaining: 1561, call: scores, phase: playing
2026-06-17 01:07:58, tokens_remaining: 1560, call: scores, phase: playing
2026-06-17 01:07:59, tokens_remaining: 1560, call: scores, phase: playing
2026-06-17 01:08:00, tokens_remaining: 1559, call: scores, phase: playing
2026-06-17 01:08:01, tokens_remaining: 1559, call: scores, phase: playing
2026-06-17 01:08:02, tokens_remaining: 1558, call: scores, phase: playing
2026-06-17 01:08:03, tokens_remaining: 1558, call: scores, phase: playing
2026-06-17 01:08:04, tokens_remaining: 1557, call: scores, phase: playing
2026-06-17 01:08:05, tokens_remaining: 1556, call: events, phase: playing
2026-06-17 01:08:06, tokens_remaining: 1555, call: scores, phase: playing
2026-06-17 01:08:06, tokens_remaining: 1555, call: scores, phase: playing
2026-06-17 01:08:07, tokens_remaining: 1554, call: scores, phase: playing
2026-06-17 01:08:08, tokens_remaining: 1554, call: scores, phase: playing
2026-06-17 01:08:09, tokens_remaining: 1553, call: scores, phase: playing
2026-06-17 01:08:10, tokens_remaining: 1553, call: scores, phase: playing
2026-06-17 01:08:11, tokens_remaining: 1552, call: scores, phase: playing
2026-06-17 01:08:12, tokens_remaining: 1552, call: scores, phase: playing
2026-06-17 01:08:13, tokens_remaining: 1551, call: scores, phase: playing
2026-06-17 01:08:14, tokens_remaining: 1550, call: events, phase: playing
2026-06-17 01:08:15, tokens_remaining: 1549, call: scores, phase: playing
2026-06-17 01:08:15, tokens_remaining: 1549, call: scores, phase: playing
2026-06-17 01:08:16, tokens_remaining: 1548, call: scores, phase: playing
2026-06-17 01:08:17, tokens_remaining: 1548, call: scores, phase: playing
2026-06-17 01:08:18, tokens_remaining: 1547, call: scores, phase: playing
2026-06-17 01:08:19, tokens_remaining: 1547, call: scores, phase: playing
2026-06-17 01:08:20, tokens_remaining: 1546, call: scores, phase: playing
2026-06-17 01:08:20, STATE_CHANGE: Austria vs Jordan [2H -> FT]
2026-06-17 01:08:30, tokens_remaining: 1545, call: scores, phase: postgame
2026-06-17 01:08:41, tokens_remaining: 1544, call: scores, phase: postgame
2026-06-17 01:08:51, tokens_remaining: 1543, call: events, phase: postgame
2026-06-17 01:09:01, tokens_remaining: 1542, call: scores, phase: postgame
2026-06-17 01:09:12, tokens_remaining: 1541, call: scores, phase: postgame
2026-06-17 01:10:12, tokens_remaining: 1540, call: scores, phase: postgame
2026-06-17 01:11:13, tokens_remaining: 1539, call: scores, phase: postgame
2026-06-17 01:12:14, tokens_remaining: 1538, call: scores, phase: postgame
2026-06-17 01:13:15, tokens_remaining: 1537, call: scores, phase: postgame
2026-06-17 01:14:16, tokens_remaining: 1536, call: scores, phase: postgame
2026-06-17 01:15:16, tokens_remaining: 1535, call: scores, phase: postgame
2026-06-17 01:16:17, tokens_remaining: 1534, call: scores, phase: postgame
2026-06-17 01:17:18, tokens_remaining: 1533, call: events, phase: postgame
2026-06-17 01:17:18, EVENT: EVENT_10 90+10' Marko Arnautovic [Austria vs Jordan]
2026-06-17 01:18:18, tokens_remaining: 1532, call: scores, phase: postgame
2026-06-17 01:19:19, tokens_remaining: 1531, call: scores, phase: postgame
2026-06-17 01:20:19, tokens_remaining: 1530, call: scores, phase: postgame
2026-06-17 01:21:20, tokens_remaining: 1529, call: scores, phase: postgame
2026-06-17 01:22:20, tokens_remaining: 1528, call: scores, phase: postgame
2026-06-17 01:23:21, tokens_remaining: 1527, call: scores, phase: postgame
2026-06-17 01:24:21, tokens_remaining: 1526, call: scores, phase: idle
2026-06-17 01:25:22, tokens_remaining: 1525, call: scores, phase: idle
2026-06-17 01:26:22, tokens_remaining: 1524, call: scores, phase: idle
2026-06-17 01:27:23, tokens_remaining: 1523, call: events, phase: idle
2026-06-17 01:28:24, tokens_remaining: 1522, call: scores, phase: idle
2026-06-17 01:29:24, tokens_remaining: 1521, call: scores, phase: idle
2026-06-17 01:30:25, tokens_remaining: 1520, call: scores, phase: idle
2026-06-17 01:31:25, tokens_remaining: 1519, call: scores, phase: idle
2026-06-17 01:32:26, tokens_remaining: 1518, call: scores, phase: idle
2026-06-17 01:33:26, tokens_remaining: 1517, call: scores, phase: idle
2026-06-17 01:34:27, tokens_remaining: 1516, call: scores, phase: idle
2026-06-17 01:35:27, tokens_remaining: 1515, call: scores, phase: idle
2026-06-17 01:36:28, tokens_remaining: 1514, call: scores, phase: idle
2026-06-17 01:37:29, tokens_remaining: 1513, call: events, phase: idle
2026-06-17 01:38:29, tokens_remaining: 1512, call: scores, phase: idle
2026-06-17 01:39:30, tokens_remaining: 1511, call: scores, phase: idle
2026-06-17 01:40:30, tokens_remaining: 1510, call: scores, phase: idle
2026-06-17 01:41:31, tokens_remaining: 1509, call: scores, phase: idle
2026-06-17 01:42:31, tokens_remaining: 1508, call: scores, phase: idle
2026-06-17 01:43:32, tokens_remaining: 1507, call: scores, phase: idle
2026-06-17 01:44:33, tokens_remaining: 2499, call: scores, phase: idle
2026-06-17 01:45:33, tokens_remaining: 2498, call: scores, phase: idle
2026-06-17 01:46:34, tokens_remaining: 2497, call: scores, phase: idle
2026-06-17 01:47:34, tokens_remaining: 2496, call: events, phase: idle
2026-06-17 01:48:35, tokens_remaining: 2495, call: scores, phase: idle
2026-06-17 01:49:35, tokens_remaining: 2494, call: scores, phase: idle
2026-06-17 01:50:36, tokens_remaining: 2493, call: scores, phase: idle
2026-06-17 01:51:37, tokens_remaining: 2492, call: scores, phase: idle
2026-06-17 01:52:37, tokens_remaining: 2491, call: scores, phase: idle
2026-06-17 01:53:38, tokens_remaining: 2490, call: scores, phase: idle
2026-06-17 01:54:38, tokens_remaining: 2489, call: scores, phase: idle
2026-06-17 01:55:39, tokens_remaining: 2488, call: scores, phase: idle
2026-06-17 01:56:39, tokens_remaining: 2487, call: scores, phase: idle
2026-06-17 01:57:40, tokens_remaining: 2486, call: events, phase: idle
2026-06-17 01:58:40, tokens_remaining: 2485, call: scores, phase: idle
2026-06-17 01:59:41, tokens_remaining: 2484, call: scores, phase: idle
