2026-06-15 15:42:14, tokens_remaining: 1211, call: events, phase: idle
2026-06-15 15:42:14, EVENT: GOAL 20' Emam Ashour (0-1) [Belgium vs Egypt]
2026-06-15 15:42:14, EVENT: EVENT_15 67' Mohamed Hany (1-1) [Belgium vs Egypt]
2026-06-15 15:42:14, EVENT: SUBSTITUTION 56' Maxim De Cuyper [Belgium vs Egypt]
2026-06-15 15:42:14, EVENT: SUBSTITUTION 56' Nicolas Raskin [Belgium vs Egypt]
2026-06-15 15:42:14, EVENT: SUBSTITUTION 66' Romelu Lukaku [Belgium vs Egypt]
2026-06-15 15:42:14, EVENT: SUBSTITUTION 71' Ramy Rabia [Belgium vs Egypt]
2026-06-15 15:42:14, EVENT: SUBSTITUTION 76' Hamza Abdelkarim [Belgium vs Egypt]
2026-06-15 15:42:14, EVENT: SUBSTITUTION 76' Zizo [Belgium vs Egypt]
2026-06-15 15:42:14, EVENT: YELLOW_CARD 13' Marwan Ateya [Belgium vs Egypt]
2026-06-15 15:42:14, EVENT: YELLOW_CARD 14' Timothy Castagne [Belgium vs Egypt]
2026-06-15 15:42:14, EVENT: YELLOW_CARD 34' Ahmed Fatouh [Belgium vs Egypt]
2026-06-15 15:42:14, EVENT: YELLOW_CARD 75' Maxim De Cuyper [Belgium vs Egypt]
2026-06-15 15:42:14, STATE_CHANGE: Belgium vs Egypt [— -> 2H]
2026-06-15 15:42:15, tokens_remaining: 1210, call: scores, phase: playing
2026-06-15 15:42:16, tokens_remaining: 1210, call: scores, phase: playing
2026-06-15 15:42:17, tokens_remaining: 1209, call: scores, phase: playing
2026-06-15 15:42:18, tokens_remaining: 1209, call: scores, phase: playing
2026-06-15 15:42:19, tokens_remaining: 1208, call: scores, phase: playing
2026-06-15 15:42:20, tokens_remaining: 1208, call: scores, phase: playing
2026-06-15 15:42:21, tokens_remaining: 1207, call: scores, phase: playing
2026-06-15 15:42:21, tokens_remaining: 1207, call: scores, phase: playing
2026-06-15 15:42:22, tokens_remaining: 1206, call: events, phase: playing
2026-06-15 15:42:23, tokens_remaining: 1205, call: scores, phase: playing
2026-06-15 15:42:24, tokens_remaining: 1205, call: scores, phase: playing
2026-06-15 15:42:25, tokens_remaining: 1204, call: scores, phase: playing
2026-06-15 15:42:26, tokens_remaining: 1204, call: scores, phase: playing
2026-06-15 15:42:27, tokens_remaining: 1203, call: scores, phase: playing
2026-06-15 15:42:28, tokens_remaining: 1203, call: scores, phase: playing
2026-06-15 15:42:29, tokens_remaining: 1202, call: scores, phase: playing
2026-06-15 15:42:30, tokens_remaining: 1202, call: scores, phase: playing
2026-06-15 15:42:31, tokens_remaining: 1201, call: scores, phase: playing
2026-06-15 15:42:32, tokens_remaining: 1200, call: events, phase: playing
2026-06-15 15:42:33, tokens_remaining: 1199, call: scores, phase: playing
2026-06-15 15:42:34, tokens_remaining: 1199, call: scores, phase: playing
2026-06-15 15:42:35, tokens_remaining: 1198, call: scores, phase: playing
2026-06-15 15:42:36, tokens_remaining: 1198, call: scores, phase: playing
2026-06-15 15:42:37, tokens_remaining: 1197, call: scores, phase: playing
2026-06-15 15:42:37, tokens_remaining: 1197, call: scores, phase: playing
2026-06-15 15:42:39, tokens_remaining: 1196, call: scores, phase: playing
2026-06-15 15:42:39, tokens_remaining: 1196, call: scores, phase: playing
2026-06-15 15:42:40, tokens_remaining: 1195, call: scores, phase: playing
2026-06-15 15:42:42, tokens_remaining: 1194, call: events, phase: playing
2026-06-15 15:42:43, tokens_remaining: 1193, call: scores, phase: playing
2026-06-15 15:42:43, tokens_remaining: 1193, call: scores, phase: playing
2026-06-15 15:42:44, tokens_remaining: 1192, call: scores, phase: playing
2026-06-15 15:42:45, tokens_remaining: 1192, call: scores, phase: playing
2026-06-15 15:42:46, tokens_remaining: 1191, call: scores, phase: playing
2026-06-15 15:42:47, tokens_remaining: 1191, call: scores, phase: playing
2026-06-15 15:42:48, tokens_remaining: 1190, call: scores, phase: playing
2026-06-15 15:42:49, tokens_remaining: 1190, call: scores, phase: playing
2026-06-15 15:42:50, tokens_remaining: 1189, call: scores, phase: playing
2026-06-15 15:42:51, tokens_remaining: 1188, call: events, phase: playing
2026-06-15 15:42:52, tokens_remaining: 1187, call: scores, phase: playing
2026-06-15 15:42:53, tokens_remaining: 1187, call: scores, phase: playing
2026-06-15 15:42:54, tokens_remaining: 1186, call: scores, phase: playing
2026-06-15 15:42:55, tokens_remaining: 1186, call: scores, phase: playing
2026-06-15 15:42:56, tokens_remaining: 1185, call: scores, phase: playing
2026-06-15 15:42:57, tokens_remaining: 1185, call: scores, phase: playing
2026-06-15 15:42:58, tokens_remaining: 1184, call: scores, phase: playing
2026-06-15 15:42:58, tokens_remaining: 1184, call: scores, phase: playing
2026-06-15 15:43:00, tokens_remaining: 1183, call: scores, phase: playing
2026-06-15 15:43:01, tokens_remaining: 1182, call: events, phase: playing
2026-06-15 15:43:02, tokens_remaining: 1181, call: scores, phase: playing
2026-06-15 15:43:02, tokens_remaining: 1181, call: scores, phase: playing
2026-06-15 15:43:04, tokens_remaining: 1180, call: scores, phase: playing
2026-06-15 15:43:04, tokens_remaining: 1180, call: scores, phase: playing
2026-06-15 15:43:05, tokens_remaining: 1179, call: scores, phase: playing
2026-06-15 15:43:06, tokens_remaining: 1179, call: scores, phase: playing
2026-06-15 15:43:07, tokens_remaining: 1178, call: scores, phase: playing
2026-06-15 15:43:08, tokens_remaining: 1178, call: scores, phase: playing
2026-06-15 15:43:09, tokens_remaining: 1177, call: scores, phase: playing
2026-06-15 15:43:10, tokens_remaining: 1176, call: events, phase: playing
2026-06-15 15:43:11, tokens_remaining: 1175, call: scores, phase: playing
2026-06-15 15:43:12, tokens_remaining: 1175, call: scores, phase: playing
2026-06-15 15:43:13, tokens_remaining: 1174, call: scores, phase: playing
2026-06-15 15:43:14, tokens_remaining: 1174, call: scores, phase: playing
2026-06-15 15:43:15, tokens_remaining: 1173, call: scores, phase: playing
2026-06-15 15:43:16, tokens_remaining: 1173, call: scores, phase: playing
2026-06-15 15:43:17, tokens_remaining: 1172, call: scores, phase: playing
2026-06-15 15:43:18, tokens_remaining: 1172, call: scores, phase: playing
2026-06-15 15:43:19, tokens_remaining: 1171, call: scores, phase: playing
2026-06-15 15:43:20, tokens_remaining: 1170, call: events, phase: playing
2026-06-15 15:43:21, tokens_remaining: 1169, call: scores, phase: playing
2026-06-15 15:43:22, tokens_remaining: 1169, call: scores, phase: playing
2026-06-15 15:43:23, tokens_remaining: 1168, call: scores, phase: playing
2026-06-15 15:43:24, tokens_remaining: 1168, call: scores, phase: playing
2026-06-15 15:43:25, tokens_remaining: 1167, call: scores, phase: playing
2026-06-15 15:43:25, tokens_remaining: 1167, call: scores, phase: playing
2026-06-15 15:43:26, tokens_remaining: 1166, call: scores, phase: playing
2026-06-15 15:43:27, tokens_remaining: 1166, call: scores, phase: playing
2026-06-15 15:43:28, tokens_remaining: 1165, call: scores, phase: playing
2026-06-15 15:43:29, tokens_remaining: 1164, call: events, phase: playing
2026-06-15 15:43:30, tokens_remaining: 1163, call: scores, phase: playing
2026-06-15 15:43:31, tokens_remaining: 1163, call: scores, phase: playing
2026-06-15 15:43:32, tokens_remaining: 1162, call: scores, phase: playing
2026-06-15 15:43:33, tokens_remaining: 1162, call: scores, phase: playing
2026-06-15 15:43:34, tokens_remaining: 1161, call: scores, phase: playing
2026-06-15 15:43:35, tokens_remaining: 1161, call: scores, phase: playing
2026-06-15 15:43:36, tokens_remaining: 1160, call: scores, phase: playing
2026-06-15 15:43:37, tokens_remaining: 1160, call: scores, phase: playing
2026-06-15 15:43:38, tokens_remaining: 1159, call: scores, phase: playing
2026-06-15 15:43:39, tokens_remaining: 1158, call: events, phase: playing
2026-06-15 15:43:40, tokens_remaining: 1157, call: scores, phase: playing
2026-06-15 15:43:41, tokens_remaining: 1157, call: scores, phase: playing
2026-06-15 15:43:42, tokens_remaining: 1156, call: scores, phase: playing
2026-06-15 15:43:43, tokens_remaining: 1156, call: scores, phase: playing
2026-06-15 15:43:44, tokens_remaining: 1155, call: scores, phase: playing
2026-06-15 15:43:44, tokens_remaining: 1155, call: scores, phase: playing
2026-06-15 15:43:45, tokens_remaining: 1154, call: scores, phase: playing
2026-06-15 15:43:46, tokens_remaining: 1154, call: scores, phase: playing
2026-06-15 15:43:47, tokens_remaining: 1153, call: scores, phase: playing
2026-06-15 15:43:48, tokens_remaining: 1152, call: events, phase: playing
2026-06-15 15:43:49, tokens_remaining: 1151, call: scores, phase: playing
2026-06-15 15:43:50, tokens_remaining: 1151, call: scores, phase: playing
2026-06-15 15:43:51, tokens_remaining: 1150, call: scores, phase: playing
2026-06-15 15:43:52, tokens_remaining: 1150, call: scores, phase: playing
2026-06-15 15:43:53, tokens_remaining: 1149, call: scores, phase: playing
2026-06-15 15:43:54, tokens_remaining: 1149, call: scores, phase: playing
2026-06-15 15:43:55, tokens_remaining: 1148, call: scores, phase: playing
2026-06-15 15:43:56, tokens_remaining: 1148, call: scores, phase: playing
2026-06-15 15:43:57, tokens_remaining: 1147, call: scores, phase: playing
2026-06-15 15:43:58, tokens_remaining: 1146, call: events, phase: playing
2026-06-15 15:43:59, tokens_remaining: 1145, call: scores, phase: playing
2026-06-15 15:43:59, tokens_remaining: 1145, call: scores, phase: playing
2026-06-15 15:44:00, tokens_remaining: 1144, call: scores, phase: playing
2026-06-15 15:44:01, tokens_remaining: 1144, call: scores, phase: playing
2026-06-15 15:44:02, tokens_remaining: 1143, call: scores, phase: playing
2026-06-15 15:44:03, tokens_remaining: 1143, call: scores, phase: playing
2026-06-15 15:44:04, tokens_remaining: 1142, call: scores, phase: playing
2026-06-15 15:44:05, tokens_remaining: 1142, call: scores, phase: playing
2026-06-15 15:44:06, tokens_remaining: 1141, call: scores, phase: playing
2026-06-15 15:44:07, tokens_remaining: 1140, call: events, phase: playing
2026-06-15 15:44:08, tokens_remaining: 1139, call: scores, phase: playing
2026-06-15 15:44:09, tokens_remaining: 1139, call: scores, phase: playing
2026-06-15 15:44:10, tokens_remaining: 1138, call: scores, phase: playing
2026-06-15 15:44:11, tokens_remaining: 1138, call: scores, phase: playing
2026-06-15 15:44:12, tokens_remaining: 1137, call: scores, phase: playing
2026-06-15 15:44:12, tokens_remaining: 1137, call: scores, phase: playing
2026-06-15 15:44:13, tokens_remaining: 1136, call: scores, phase: playing
2026-06-15 15:44:14, tokens_remaining: 1136, call: scores, phase: playing
2026-06-15 15:44:15, tokens_remaining: 1135, call: scores, phase: playing
2026-06-15 15:44:16, tokens_remaining: 1134, call: events, phase: playing
2026-06-15 15:44:17, tokens_remaining: 1133, call: scores, phase: playing
2026-06-15 15:44:18, tokens_remaining: 1133, call: scores, phase: playing
2026-06-15 15:44:19, tokens_remaining: 1132, call: scores, phase: playing
2026-06-15 15:44:20, tokens_remaining: 1132, call: scores, phase: playing
2026-06-15 15:44:21, tokens_remaining: 1131, call: scores, phase: playing
2026-06-15 15:44:22, tokens_remaining: 1131, call: scores, phase: playing
2026-06-15 15:44:23, tokens_remaining: 1130, call: scores, phase: playing
2026-06-15 15:44:23, tokens_remaining: 1130, call: scores, phase: playing
2026-06-15 15:44:24, tokens_remaining: 1129, call: scores, phase: playing
2026-06-15 15:44:26, tokens_remaining: 1128, call: events, phase: playing
2026-06-15 15:44:27, tokens_remaining: 1127, call: scores, phase: playing
2026-06-15 15:44:27, tokens_remaining: 1127, call: scores, phase: playing
2026-06-15 15:44:28, tokens_remaining: 1126, call: scores, phase: playing
2026-06-15 15:44:29, tokens_remaining: 1126, call: scores, phase: playing
2026-06-15 15:44:30, tokens_remaining: 1125, call: scores, phase: playing
2026-06-15 15:44:31, tokens_remaining: 1125, call: scores, phase: playing
2026-06-15 15:44:32, tokens_remaining: 1124, call: scores, phase: playing
2026-06-15 15:44:33, tokens_remaining: 1124, call: scores, phase: playing
2026-06-15 15:44:34, tokens_remaining: 1123, call: scores, phase: playing
2026-06-15 15:44:35, tokens_remaining: 1122, call: events, phase: playing
2026-06-15 15:44:36, tokens_remaining: 1121, call: scores, phase: playing
2026-06-15 15:44:37, tokens_remaining: 1121, call: scores, phase: playing
2026-06-15 15:44:38, tokens_remaining: 1120, call: scores, phase: playing
2026-06-15 15:44:38, tokens_remaining: 1120, call: scores, phase: playing
2026-06-15 15:44:39, tokens_remaining: 1119, call: scores, phase: playing
2026-06-15 15:44:40, tokens_remaining: 1119, call: scores, phase: playing
2026-06-15 15:44:41, tokens_remaining: 1118, call: scores, phase: playing
2026-06-15 15:44:42, tokens_remaining: 1118, call: scores, phase: playing
2026-06-15 15:44:43, tokens_remaining: 1117, call: scores, phase: playing
2026-06-15 15:44:44, tokens_remaining: 1116, call: events, phase: playing
2026-06-15 15:44:45, tokens_remaining: 1115, call: scores, phase: playing
2026-06-15 15:44:46, tokens_remaining: 1115, call: scores, phase: playing
2026-06-15 15:44:47, tokens_remaining: 1114, call: scores, phase: playing
2026-06-15 15:44:47, tokens_remaining: 1114, call: scores, phase: playing
2026-06-15 15:44:48, tokens_remaining: 1113, call: scores, phase: playing
2026-06-15 15:44:49, tokens_remaining: 1113, call: scores, phase: playing
2026-06-15 15:44:50, tokens_remaining: 1112, call: scores, phase: playing
2026-06-15 15:44:51, tokens_remaining: 1112, call: scores, phase: playing
2026-06-15 15:44:52, tokens_remaining: 1111, call: scores, phase: playing
2026-06-15 15:44:53, tokens_remaining: 1110, call: events, phase: playing
2026-06-15 15:44:54, tokens_remaining: 1109, call: scores, phase: playing
2026-06-15 15:44:55, tokens_remaining: 1109, call: scores, phase: playing
2026-06-15 15:44:56, tokens_remaining: 1108, call: scores, phase: playing
2026-06-15 15:44:57, tokens_remaining: 1108, call: scores, phase: playing
2026-06-15 15:44:58, tokens_remaining: 1107, call: scores, phase: playing
2026-06-15 15:44:58, tokens_remaining: 1107, call: scores, phase: playing
2026-06-15 15:44:59, tokens_remaining: 1106, call: scores, phase: playing
2026-06-15 15:45:00, tokens_remaining: 1106, call: scores, phase: playing
2026-06-15 15:45:01, tokens_remaining: 1105, call: scores, phase: playing
2026-06-15 15:45:02, tokens_remaining: 1104, call: events, phase: playing
2026-06-15 15:45:03, tokens_remaining: 1103, call: scores, phase: playing
2026-06-15 15:45:04, tokens_remaining: 1103, call: scores, phase: playing
2026-06-15 15:45:05, tokens_remaining: 1102, call: scores, phase: playing
2026-06-15 15:45:06, tokens_remaining: 1102, call: scores, phase: playing
2026-06-15 15:45:07, tokens_remaining: 1101, call: scores, phase: playing
2026-06-15 15:45:08, tokens_remaining: 1101, call: scores, phase: playing
2026-06-15 15:45:09, tokens_remaining: 1100, call: scores, phase: playing
2026-06-15 15:45:10, tokens_remaining: 1100, call: scores, phase: playing
2026-06-15 15:45:11, tokens_remaining: 1099, call: scores, phase: playing
2026-06-15 15:45:12, tokens_remaining: 1098, call: events, phase: playing
2026-06-15 15:45:13, tokens_remaining: 1097, call: scores, phase: playing
2026-06-15 15:45:13, tokens_remaining: 1097, call: scores, phase: playing
2026-06-15 15:45:14, tokens_remaining: 1096, call: scores, phase: playing
2026-06-15 15:45:15, tokens_remaining: 1096, call: scores, phase: playing
2026-06-15 15:45:16, tokens_remaining: 1095, call: scores, phase: playing
2026-06-15 15:45:17, tokens_remaining: 1095, call: scores, phase: playing
2026-06-15 15:45:18, tokens_remaining: 1094, call: scores, phase: playing
2026-06-15 15:45:19, tokens_remaining: 1094, call: scores, phase: playing
2026-06-15 15:45:20, tokens_remaining: 1093, call: scores, phase: playing
2026-06-15 15:45:21, tokens_remaining: 1092, call: events, phase: playing
2026-06-15 15:45:22, tokens_remaining: 1091, call: scores, phase: playing
2026-06-15 15:45:22, tokens_remaining: 1091, call: scores, phase: playing
2026-06-15 15:45:23, tokens_remaining: 1090, call: scores, phase: playing
2026-06-15 15:45:24, tokens_remaining: 1090, call: scores, phase: playing
2026-06-15 15:45:25, tokens_remaining: 1089, call: scores, phase: playing
2026-06-15 15:45:26, tokens_remaining: 1089, call: scores, phase: playing
2026-06-15 15:45:27, tokens_remaining: 1088, call: scores, phase: playing
2026-06-15 15:45:28, tokens_remaining: 1088, call: scores, phase: playing
2026-06-15 15:45:29, tokens_remaining: 1087, call: scores, phase: playing
2026-06-15 15:45:30, tokens_remaining: 1086, call: events, phase: playing
2026-06-15 15:45:31, tokens_remaining: 1085, call: scores, phase: playing
2026-06-15 15:45:31, tokens_remaining: 1085, call: scores, phase: playing
2026-06-15 15:45:33, tokens_remaining: 1084, call: scores, phase: playing
2026-06-15 15:45:33, tokens_remaining: 1084, call: scores, phase: playing
2026-06-15 15:45:34, tokens_remaining: 1083, call: scores, phase: playing
2026-06-15 15:45:35, tokens_remaining: 1083, call: scores, phase: playing
2026-06-15 15:45:36, tokens_remaining: 1082, call: scores, phase: playing
2026-06-15 15:45:37, tokens_remaining: 1082, call: scores, phase: playing
2026-06-15 15:45:38, tokens_remaining: 1081, call: scores, phase: playing
2026-06-15 15:45:39, tokens_remaining: 1080, call: events, phase: playing
2026-06-15 15:45:40, tokens_remaining: 1079, call: scores, phase: playing
2026-06-15 15:45:41, tokens_remaining: 1079, call: scores, phase: playing
2026-06-15 15:45:42, tokens_remaining: 1078, call: scores, phase: playing
2026-06-15 15:45:42, tokens_remaining: 1078, call: scores, phase: playing
2026-06-15 15:45:43, tokens_remaining: 1077, call: scores, phase: playing
2026-06-15 15:45:44, tokens_remaining: 1077, call: scores, phase: playing
2026-06-15 15:45:45, tokens_remaining: 1076, call: scores, phase: playing
2026-06-15 15:45:46, tokens_remaining: 1076, call: scores, phase: playing
2026-06-15 15:45:47, tokens_remaining: 1075, call: scores, phase: playing
2026-06-15 15:45:48, tokens_remaining: 1074, call: events, phase: playing
2026-06-15 15:45:49, tokens_remaining: 1073, call: scores, phase: playing
2026-06-15 15:45:50, tokens_remaining: 1073, call: scores, phase: playing
2026-06-15 15:45:51, tokens_remaining: 1072, call: scores, phase: playing
2026-06-15 15:45:51, tokens_remaining: 1072, call: scores, phase: playing
2026-06-15 15:45:52, tokens_remaining: 1071, call: scores, phase: playing
2026-06-15 15:45:53, tokens_remaining: 1071, call: scores, phase: playing
2026-06-15 15:45:54, tokens_remaining: 1070, call: scores, phase: playing
2026-06-15 15:45:55, tokens_remaining: 1070, call: scores, phase: playing
2026-06-15 15:45:56, tokens_remaining: 1069, call: scores, phase: playing
2026-06-15 15:45:57, tokens_remaining: 1068, call: events, phase: playing
2026-06-15 15:45:58, tokens_remaining: 1067, call: scores, phase: playing
2026-06-15 15:45:59, tokens_remaining: 1067, call: scores, phase: playing
2026-06-15 15:46:00, tokens_remaining: 1066, call: scores, phase: playing
2026-06-15 15:46:01, tokens_remaining: 1066, call: scores, phase: playing
2026-06-15 15:46:02, tokens_remaining: 1065, call: scores, phase: playing
2026-06-15 15:46:02, tokens_remaining: 1065, call: scores, phase: playing
2026-06-15 15:46:03, tokens_remaining: 1064, call: scores, phase: playing
2026-06-15 15:46:04, tokens_remaining: 1064, call: scores, phase: playing
2026-06-15 15:46:05, tokens_remaining: 1063, call: scores, phase: playing
2026-06-15 15:46:06, tokens_remaining: 1062, call: events, phase: playing
2026-06-15 15:46:07, tokens_remaining: 1061, call: scores, phase: playing
2026-06-15 15:46:08, tokens_remaining: 1061, call: scores, phase: playing
2026-06-15 15:46:09, tokens_remaining: 1060, call: scores, phase: playing
2026-06-15 15:46:10, tokens_remaining: 1060, call: scores, phase: playing
2026-06-15 15:46:11, tokens_remaining: 1059, call: scores, phase: playing
2026-06-15 15:46:11, tokens_remaining: 1059, call: scores, phase: playing
2026-06-15 15:46:12, tokens_remaining: 1058, call: scores, phase: playing
2026-06-15 15:46:13, tokens_remaining: 1058, call: scores, phase: playing
2026-06-15 15:46:14, tokens_remaining: 1057, call: scores, phase: playing
2026-06-15 15:46:15, tokens_remaining: 1056, call: events, phase: playing
2026-06-15 15:46:16, tokens_remaining: 1055, call: scores, phase: playing
2026-06-15 15:46:17, tokens_remaining: 1055, call: scores, phase: playing
2026-06-15 15:46:18, tokens_remaining: 1054, call: scores, phase: playing
2026-06-15 15:46:19, tokens_remaining: 1054, call: scores, phase: playing
2026-06-15 15:46:20, tokens_remaining: 1053, call: scores, phase: playing
2026-06-15 15:46:21, tokens_remaining: 1053, call: scores, phase: playing
2026-06-15 15:46:22, tokens_remaining: 1052, call: scores, phase: playing
2026-06-15 15:46:22, tokens_remaining: 1052, call: scores, phase: playing
2026-06-15 15:46:23, tokens_remaining: 1051, call: scores, phase: playing
2026-06-15 15:46:24, tokens_remaining: 1050, call: events, phase: playing
2026-06-15 15:46:25, tokens_remaining: 1049, call: scores, phase: playing
2026-06-15 15:46:26, tokens_remaining: 1049, call: scores, phase: playing
2026-06-15 15:46:27, tokens_remaining: 1048, call: scores, phase: playing
2026-06-15 15:46:28, tokens_remaining: 1048, call: scores, phase: playing
2026-06-15 15:46:29, tokens_remaining: 1047, call: scores, phase: playing
2026-06-15 15:46:30, tokens_remaining: 1047, call: scores, phase: playing
2026-06-15 15:46:31, tokens_remaining: 1046, call: scores, phase: playing
2026-06-15 15:46:31, tokens_remaining: 1046, call: scores, phase: playing
2026-06-15 15:46:32, tokens_remaining: 1045, call: scores, phase: playing
2026-06-15 15:46:33, tokens_remaining: 1044, call: events, phase: playing
2026-06-15 15:46:34, tokens_remaining: 1043, call: scores, phase: playing
2026-06-15 15:46:35, tokens_remaining: 1043, call: scores, phase: playing
2026-06-15 15:46:36, tokens_remaining: 1042, call: scores, phase: playing
2026-06-15 15:46:37, tokens_remaining: 1042, call: scores, phase: playing
2026-06-15 15:46:38, tokens_remaining: 1041, call: scores, phase: playing
2026-06-15 15:46:39, tokens_remaining: 1041, call: scores, phase: playing
2026-06-15 15:46:40, tokens_remaining: 1040, call: scores, phase: playing
2026-06-15 15:46:41, tokens_remaining: 1040, call: scores, phase: playing
2026-06-15 15:46:42, tokens_remaining: 1039, call: scores, phase: playing
2026-06-15 15:46:43, tokens_remaining: 1038, call: events, phase: playing
2026-06-15 15:46:44, tokens_remaining: 1037, call: scores, phase: playing
2026-06-15 15:46:44, tokens_remaining: 1037, call: scores, phase: playing
2026-06-15 15:46:45, tokens_remaining: 1036, call: scores, phase: playing
2026-06-15 15:46:46, tokens_remaining: 1036, call: scores, phase: playing
2026-06-15 15:46:47, tokens_remaining: 1035, call: scores, phase: playing
2026-06-15 15:46:48, tokens_remaining: 1035, call: scores, phase: playing
2026-06-15 15:46:49, tokens_remaining: 1034, call: scores, phase: playing
2026-06-15 15:46:50, tokens_remaining: 1034, call: scores, phase: playing
2026-06-15 15:46:51, tokens_remaining: 1033, call: scores, phase: playing
2026-06-15 15:46:52, tokens_remaining: 1032, call: events, phase: playing
2026-06-15 15:46:53, tokens_remaining: 1031, call: scores, phase: playing
2026-06-15 15:46:54, tokens_remaining: 1031, call: scores, phase: playing
2026-06-15 15:46:55, tokens_remaining: 1030, call: scores, phase: playing
2026-06-15 15:46:55, tokens_remaining: 1030, call: scores, phase: playing
2026-06-15 15:46:56, tokens_remaining: 1029, call: scores, phase: playing
2026-06-15 15:46:57, tokens_remaining: 1029, call: scores, phase: playing
2026-06-15 15:46:58, tokens_remaining: 1028, call: scores, phase: playing
2026-06-15 15:46:59, tokens_remaining: 1028, call: scores, phase: playing
2026-06-15 15:47:00, tokens_remaining: 1027, call: scores, phase: playing
2026-06-15 15:47:01, tokens_remaining: 1026, call: events, phase: playing
2026-06-15 15:47:02, tokens_remaining: 1025, call: scores, phase: playing
2026-06-15 15:47:03, tokens_remaining: 1025, call: scores, phase: playing
2026-06-15 15:47:04, tokens_remaining: 1024, call: scores, phase: playing
2026-06-15 15:47:04, tokens_remaining: 1024, call: scores, phase: playing
2026-06-15 15:47:05, tokens_remaining: 1023, call: scores, phase: playing
2026-06-15 15:47:06, tokens_remaining: 1023, call: scores, phase: playing
2026-06-15 15:47:07, tokens_remaining: 1022, call: scores, phase: playing
2026-06-15 15:47:08, tokens_remaining: 1022, call: scores, phase: playing
2026-06-15 15:47:09, tokens_remaining: 1021, call: scores, phase: playing
2026-06-15 15:47:10, tokens_remaining: 1020, call: events, phase: playing
2026-06-15 15:47:11, tokens_remaining: 1019, call: scores, phase: playing
2026-06-15 15:47:12, tokens_remaining: 1019, call: scores, phase: playing
2026-06-15 15:47:13, tokens_remaining: 1018, call: scores, phase: playing
2026-06-15 15:47:14, tokens_remaining: 1018, call: scores, phase: playing
2026-06-15 15:47:15, tokens_remaining: 1017, call: scores, phase: playing
2026-06-15 15:47:15, tokens_remaining: 1017, call: scores, phase: playing
2026-06-15 15:47:16, tokens_remaining: 1016, call: scores, phase: playing
2026-06-15 15:47:17, tokens_remaining: 1016, call: scores, phase: playing
2026-06-15 15:47:18, tokens_remaining: 1015, call: scores, phase: playing
2026-06-15 15:47:19, tokens_remaining: 1014, call: events, phase: playing
2026-06-15 15:47:20, tokens_remaining: 1013, call: scores, phase: playing
2026-06-15 15:47:21, tokens_remaining: 1013, call: scores, phase: playing
2026-06-15 15:47:22, tokens_remaining: 1012, call: scores, phase: playing
2026-06-15 15:47:23, tokens_remaining: 1012, call: scores, phase: playing
2026-06-15 15:47:24, tokens_remaining: 1011, call: scores, phase: playing
2026-06-15 15:47:24, tokens_remaining: 1011, call: scores, phase: playing
2026-06-15 15:47:25, tokens_remaining: 1010, call: scores, phase: playing
2026-06-15 15:47:26, tokens_remaining: 1010, call: scores, phase: playing
2026-06-15 15:47:27, tokens_remaining: 1009, call: scores, phase: playing
2026-06-15 15:47:28, tokens_remaining: 1008, call: events, phase: playing
2026-06-15 15:47:29, tokens_remaining: 1007, call: scores, phase: playing
2026-06-15 15:47:30, tokens_remaining: 1007, call: scores, phase: playing
2026-06-15 15:47:31, tokens_remaining: 1006, call: scores, phase: playing
2026-06-15 15:47:32, tokens_remaining: 1006, call: scores, phase: playing
2026-06-15 15:47:33, tokens_remaining: 1005, call: scores, phase: playing
2026-06-15 15:47:33, tokens_remaining: 1005, call: scores, phase: playing
2026-06-15 15:47:34, tokens_remaining: 1004, call: scores, phase: playing
2026-06-15 15:47:35, tokens_remaining: 1004, call: scores, phase: playing
2026-06-15 15:47:36, tokens_remaining: 1003, call: scores, phase: playing
2026-06-15 15:47:37, tokens_remaining: 1002, call: events, phase: playing
2026-06-15 15:47:39, tokens_remaining: 1001, call: scores, phase: playing
2026-06-15 15:47:40, tokens_remaining: 1001, call: scores, phase: playing
2026-06-15 15:47:41, tokens_remaining: 1000, call: scores, phase: playing
2026-06-15 15:47:41, tokens_remaining: 1000, call: scores, phase: playing
2026-06-15 15:47:42, tokens_remaining: 999, call: scores, phase: playing
2026-06-15 15:47:43, tokens_remaining: 999, call: scores, phase: playing
2026-06-15 15:47:44, tokens_remaining: 998, call: scores, phase: playing
2026-06-15 15:47:45, tokens_remaining: 998, call: scores, phase: playing
2026-06-15 15:47:46, tokens_remaining: 997, call: scores, phase: playing
2026-06-15 15:47:47, tokens_remaining: 996, call: events, phase: playing
2026-06-15 15:47:48, tokens_remaining: 995, call: scores, phase: playing
2026-06-15 15:47:49, tokens_remaining: 995, call: scores, phase: playing
2026-06-15 15:47:50, tokens_remaining: 994, call: scores, phase: playing
2026-06-15 15:47:51, tokens_remaining: 994, call: scores, phase: playing
2026-06-15 15:47:52, tokens_remaining: 993, call: scores, phase: playing
2026-06-15 15:47:52, tokens_remaining: 993, call: scores, phase: playing
2026-06-15 15:47:53, tokens_remaining: 992, call: scores, phase: playing
2026-06-15 15:47:54, tokens_remaining: 992, call: scores, phase: playing
2026-06-15 15:47:55, tokens_remaining: 991, call: scores, phase: playing
2026-06-15 15:47:56, tokens_remaining: 990, call: events, phase: playing
2026-06-15 15:47:57, tokens_remaining: 989, call: scores, phase: playing
2026-06-15 15:47:58, tokens_remaining: 989, call: scores, phase: playing
2026-06-15 15:47:59, tokens_remaining: 988, call: scores, phase: playing
2026-06-15 15:48:00, tokens_remaining: 988, call: scores, phase: playing
2026-06-15 15:48:01, tokens_remaining: 987, call: scores, phase: playing
2026-06-15 15:48:01, tokens_remaining: 987, call: scores, phase: playing
2026-06-15 15:48:02, tokens_remaining: 986, call: scores, phase: playing
2026-06-15 15:48:03, tokens_remaining: 986, call: scores, phase: playing
2026-06-15 15:48:04, tokens_remaining: 985, call: scores, phase: playing
2026-06-15 15:48:05, tokens_remaining: 984, call: events, phase: playing
2026-06-15 15:48:06, tokens_remaining: 983, call: scores, phase: playing
2026-06-15 15:48:07, tokens_remaining: 983, call: scores, phase: playing
2026-06-15 15:48:08, tokens_remaining: 982, call: scores, phase: playing
2026-06-15 15:48:09, tokens_remaining: 982, call: scores, phase: playing
2026-06-15 15:48:10, tokens_remaining: 981, call: scores, phase: playing
2026-06-15 15:48:10, tokens_remaining: 981, call: scores, phase: playing
2026-06-15 15:48:11, tokens_remaining: 980, call: scores, phase: playing
2026-06-15 15:48:12, tokens_remaining: 980, call: scores, phase: playing
2026-06-15 15:48:13, tokens_remaining: 979, call: scores, phase: playing
2026-06-15 15:48:14, tokens_remaining: 978, call: events, phase: playing
2026-06-15 15:48:15, tokens_remaining: 977, call: scores, phase: playing
2026-06-15 15:48:16, tokens_remaining: 977, call: scores, phase: playing
2026-06-15 15:48:17, tokens_remaining: 976, call: scores, phase: playing
2026-06-15 15:48:18, tokens_remaining: 976, call: scores, phase: playing
2026-06-15 15:48:19, tokens_remaining: 975, call: scores, phase: playing
2026-06-15 15:48:19, tokens_remaining: 975, call: scores, phase: playing
2026-06-15 15:48:20, tokens_remaining: 974, call: scores, phase: playing
2026-06-15 15:48:21, tokens_remaining: 974, call: scores, phase: playing
2026-06-15 15:48:22, tokens_remaining: 973, call: scores, phase: playing
2026-06-15 15:48:23, tokens_remaining: 972, call: events, phase: playing
2026-06-15 15:48:24, tokens_remaining: 971, call: scores, phase: playing
2026-06-15 15:48:25, tokens_remaining: 971, call: scores, phase: playing
2026-06-15 15:48:26, tokens_remaining: 970, call: scores, phase: playing
2026-06-15 15:48:27, tokens_remaining: 970, call: scores, phase: playing
2026-06-15 15:48:28, tokens_remaining: 969, call: scores, phase: playing
2026-06-15 15:48:29, tokens_remaining: 969, call: scores, phase: playing
2026-06-15 15:48:30, tokens_remaining: 968, call: scores, phase: playing
2026-06-15 15:48:30, tokens_remaining: 968, call: scores, phase: playing
2026-06-15 15:48:31, tokens_remaining: 967, call: scores, phase: playing
2026-06-15 15:48:32, tokens_remaining: 966, call: events, phase: playing
2026-06-15 15:48:32, EVENT: SUBSTITUTION 86' Matías Fernández-Pardo [Belgium vs Egypt]
2026-06-15 15:48:32, EVENT: SUBSTITUTION 86' Hans Vanaken [Belgium vs Egypt]
2026-06-15 15:48:33, tokens_remaining: 965, call: scores, phase: playing
2026-06-15 15:48:34, tokens_remaining: 965, call: scores, phase: playing
2026-06-15 15:48:35, tokens_remaining: 964, call: scores, phase: playing
2026-06-15 15:48:36, tokens_remaining: 964, call: scores, phase: playing
2026-06-15 15:48:37, tokens_remaining: 963, call: scores, phase: playing
2026-06-15 15:48:38, tokens_remaining: 963, call: scores, phase: playing
2026-06-15 15:48:39, tokens_remaining: 962, call: scores, phase: playing
2026-06-15 15:48:39, tokens_remaining: 962, call: scores, phase: playing
2026-06-15 15:48:40, tokens_remaining: 961, call: scores, phase: playing
2026-06-15 15:48:41, tokens_remaining: 960, call: events, phase: playing
2026-06-15 15:48:42, tokens_remaining: 959, call: scores, phase: playing
2026-06-15 15:48:43, tokens_remaining: 959, call: scores, phase: playing
2026-06-15 15:48:44, tokens_remaining: 958, call: scores, phase: playing
2026-06-15 15:48:45, tokens_remaining: 958, call: scores, phase: playing
2026-06-15 15:48:46, tokens_remaining: 957, call: scores, phase: playing
2026-06-15 15:48:47, tokens_remaining: 957, call: scores, phase: playing
2026-06-15 15:48:48, tokens_remaining: 956, call: scores, phase: playing
2026-06-15 15:48:48, tokens_remaining: 956, call: scores, phase: playing
2026-06-15 15:48:49, tokens_remaining: 955, call: scores, phase: playing
2026-06-15 15:48:50, tokens_remaining: 954, call: events, phase: playing
2026-06-15 15:48:51, tokens_remaining: 953, call: scores, phase: playing
2026-06-15 15:48:52, tokens_remaining: 953, call: scores, phase: playing
2026-06-15 15:48:53, tokens_remaining: 952, call: scores, phase: playing
2026-06-15 15:48:54, tokens_remaining: 952, call: scores, phase: playing
2026-06-15 15:48:55, tokens_remaining: 951, call: scores, phase: playing
2026-06-15 15:48:56, tokens_remaining: 951, call: scores, phase: playing
2026-06-15 15:48:57, tokens_remaining: 950, call: scores, phase: playing
2026-06-15 15:48:57, tokens_remaining: 950, call: scores, phase: playing
2026-06-15 15:48:58, tokens_remaining: 949, call: scores, phase: playing
2026-06-15 15:48:59, tokens_remaining: 948, call: events, phase: playing
2026-06-15 15:49:00, tokens_remaining: 947, call: scores, phase: playing
2026-06-15 15:49:01, tokens_remaining: 947, call: scores, phase: playing
2026-06-15 15:49:02, tokens_remaining: 946, call: scores, phase: playing
2026-06-15 15:49:03, tokens_remaining: 946, call: scores, phase: playing
2026-06-15 15:49:04, tokens_remaining: 945, call: scores, phase: playing
2026-06-15 15:49:05, tokens_remaining: 945, call: scores, phase: playing
2026-06-15 15:49:06, tokens_remaining: 944, call: scores, phase: playing
2026-06-15 15:49:07, tokens_remaining: 944, call: scores, phase: playing
2026-06-15 15:49:08, tokens_remaining: 943, call: scores, phase: playing
2026-06-15 15:49:09, tokens_remaining: 942, call: events, phase: playing
2026-06-15 15:49:10, tokens_remaining: 941, call: scores, phase: playing
2026-06-15 15:49:10, tokens_remaining: 941, call: scores, phase: playing
2026-06-15 15:49:11, tokens_remaining: 940, call: scores, phase: playing
2026-06-15 15:49:12, tokens_remaining: 940, call: scores, phase: playing
2026-06-15 15:49:13, tokens_remaining: 939, call: scores, phase: playing
2026-06-15 15:49:14, tokens_remaining: 939, call: scores, phase: playing
2026-06-15 15:49:15, tokens_remaining: 938, call: scores, phase: playing
2026-06-15 15:49:16, tokens_remaining: 938, call: scores, phase: playing
2026-06-15 15:49:17, tokens_remaining: 937, call: scores, phase: playing
2026-06-15 15:49:18, tokens_remaining: 936, call: events, phase: playing
2026-06-15 15:49:19, tokens_remaining: 935, call: scores, phase: playing
2026-06-15 15:49:19, tokens_remaining: 935, call: scores, phase: playing
2026-06-15 15:49:20, tokens_remaining: 934, call: scores, phase: playing
2026-06-15 15:49:21, tokens_remaining: 934, call: scores, phase: playing
2026-06-15 15:49:22, tokens_remaining: 933, call: scores, phase: playing
2026-06-15 15:49:23, tokens_remaining: 933, call: scores, phase: playing
2026-06-15 15:49:24, tokens_remaining: 932, call: scores, phase: playing
2026-06-15 15:49:25, tokens_remaining: 932, call: scores, phase: playing
2026-06-15 15:49:26, tokens_remaining: 931, call: scores, phase: playing
2026-06-15 15:49:27, tokens_remaining: 930, call: events, phase: playing
2026-06-15 15:49:28, tokens_remaining: 929, call: scores, phase: playing
2026-06-15 15:49:28, tokens_remaining: 929, call: scores, phase: playing
2026-06-15 15:49:29, tokens_remaining: 928, call: scores, phase: playing
2026-06-15 15:49:30, tokens_remaining: 928, call: scores, phase: playing
2026-06-15 15:49:31, tokens_remaining: 927, call: scores, phase: playing
2026-06-15 15:49:32, tokens_remaining: 927, call: scores, phase: playing
2026-06-15 15:49:33, tokens_remaining: 926, call: scores, phase: playing
2026-06-15 15:49:34, tokens_remaining: 926, call: scores, phase: playing
2026-06-15 15:49:35, tokens_remaining: 925, call: scores, phase: playing
2026-06-15 15:49:36, tokens_remaining: 924, call: events, phase: playing
2026-06-15 15:49:37, tokens_remaining: 923, call: scores, phase: playing
2026-06-15 15:49:38, tokens_remaining: 923, call: scores, phase: playing
2026-06-15 15:49:39, tokens_remaining: 922, call: scores, phase: playing
2026-06-15 15:49:39, tokens_remaining: 922, call: scores, phase: playing
2026-06-15 15:49:40, tokens_remaining: 921, call: scores, phase: playing
2026-06-15 15:49:41, tokens_remaining: 921, call: scores, phase: playing
2026-06-15 15:49:42, tokens_remaining: 920, call: scores, phase: playing
2026-06-15 15:49:43, tokens_remaining: 920, call: scores, phase: playing
2026-06-15 15:49:44, tokens_remaining: 919, call: scores, phase: playing
2026-06-15 15:49:45, tokens_remaining: 918, call: events, phase: playing
2026-06-15 15:49:46, tokens_remaining: 917, call: scores, phase: playing
2026-06-15 15:49:47, tokens_remaining: 917, call: scores, phase: playing
2026-06-15 15:49:48, tokens_remaining: 916, call: scores, phase: playing
2026-06-15 15:49:48, tokens_remaining: 916, call: scores, phase: playing
2026-06-15 15:49:49, tokens_remaining: 915, call: scores, phase: playing
2026-06-15 15:49:50, tokens_remaining: 915, call: scores, phase: playing
2026-06-15 15:49:51, tokens_remaining: 914, call: scores, phase: playing
2026-06-15 15:49:52, tokens_remaining: 914, call: scores, phase: playing
2026-06-15 15:49:53, tokens_remaining: 913, call: scores, phase: playing
2026-06-15 15:49:54, tokens_remaining: 912, call: events, phase: playing
2026-06-15 15:49:55, tokens_remaining: 911, call: scores, phase: playing
2026-06-15 15:49:56, tokens_remaining: 911, call: scores, phase: playing
2026-06-15 15:49:57, tokens_remaining: 910, call: scores, phase: playing
2026-06-15 15:49:57, tokens_remaining: 910, call: scores, phase: playing
2026-06-15 15:49:58, tokens_remaining: 909, call: scores, phase: playing
2026-06-15 15:49:59, tokens_remaining: 909, call: scores, phase: playing
2026-06-15 15:50:00, tokens_remaining: 908, call: scores, phase: playing
2026-06-15 15:50:01, tokens_remaining: 908, call: scores, phase: playing
2026-06-15 15:50:02, tokens_remaining: 907, call: scores, phase: playing
2026-06-15 15:50:03, tokens_remaining: 906, call: events, phase: playing
2026-06-15 15:50:04, tokens_remaining: 905, call: scores, phase: playing
2026-06-15 15:50:05, tokens_remaining: 905, call: scores, phase: playing
2026-06-15 15:50:06, tokens_remaining: 904, call: scores, phase: playing
2026-06-15 15:50:06, tokens_remaining: 904, call: scores, phase: playing
2026-06-15 15:50:07, tokens_remaining: 903, call: scores, phase: playing
2026-06-15 15:50:08, tokens_remaining: 903, call: scores, phase: playing
2026-06-15 15:50:09, tokens_remaining: 902, call: scores, phase: playing
2026-06-15 15:50:10, tokens_remaining: 902, call: scores, phase: playing
2026-06-15 15:50:11, tokens_remaining: 901, call: scores, phase: playing
2026-06-15 15:50:12, tokens_remaining: 900, call: events, phase: playing
2026-06-15 15:50:13, tokens_remaining: 899, call: scores, phase: playing
2026-06-15 15:50:14, tokens_remaining: 899, call: scores, phase: playing
2026-06-15 15:50:15, tokens_remaining: 898, call: scores, phase: playing
2026-06-15 15:50:15, tokens_remaining: 898, call: scores, phase: playing
2026-06-15 15:50:17, tokens_remaining: 897, call: scores, phase: playing
2026-06-15 15:50:17, tokens_remaining: 897, call: scores, phase: playing
2026-06-15 15:50:18, tokens_remaining: 896, call: scores, phase: playing
2026-06-15 15:50:19, tokens_remaining: 896, call: scores, phase: playing
2026-06-15 15:50:20, tokens_remaining: 895, call: scores, phase: playing
2026-06-15 15:50:21, tokens_remaining: 894, call: events, phase: playing
2026-06-15 15:50:22, tokens_remaining: 893, call: scores, phase: playing
2026-06-15 15:50:23, tokens_remaining: 893, call: scores, phase: playing
2026-06-15 15:50:24, tokens_remaining: 892, call: scores, phase: playing
2026-06-15 15:50:25, tokens_remaining: 892, call: scores, phase: playing
2026-06-15 15:50:26, tokens_remaining: 891, call: scores, phase: playing
2026-06-15 15:50:26, tokens_remaining: 891, call: scores, phase: playing
2026-06-15 15:50:27, tokens_remaining: 890, call: scores, phase: playing
2026-06-15 15:50:28, tokens_remaining: 890, call: scores, phase: playing
2026-06-15 15:50:29, tokens_remaining: 889, call: scores, phase: playing
2026-06-15 15:50:30, tokens_remaining: 888, call: events, phase: playing
2026-06-15 15:50:31, tokens_remaining: 887, call: scores, phase: playing
2026-06-15 15:50:32, tokens_remaining: 887, call: scores, phase: playing
2026-06-15 15:50:33, tokens_remaining: 886, call: scores, phase: playing
2026-06-15 15:50:34, tokens_remaining: 886, call: scores, phase: playing
2026-06-15 15:50:35, tokens_remaining: 885, call: scores, phase: playing
2026-06-15 15:50:36, tokens_remaining: 885, call: scores, phase: playing
2026-06-15 15:50:36, tokens_remaining: 884, call: scores, phase: playing
2026-06-15 15:50:37, tokens_remaining: 884, call: scores, phase: playing
2026-06-15 15:50:38, tokens_remaining: 883, call: scores, phase: playing
2026-06-15 15:50:39, tokens_remaining: 882, call: events, phase: playing
2026-06-15 15:50:40, tokens_remaining: 881, call: scores, phase: playing
2026-06-15 15:50:41, tokens_remaining: 881, call: scores, phase: playing
2026-06-15 15:50:42, tokens_remaining: 880, call: scores, phase: playing
2026-06-15 15:50:43, tokens_remaining: 880, call: scores, phase: playing
2026-06-15 15:50:44, tokens_remaining: 879, call: scores, phase: playing
2026-06-15 15:50:45, tokens_remaining: 879, call: scores, phase: playing
2026-06-15 15:50:46, tokens_remaining: 878, call: scores, phase: playing
2026-06-15 15:50:47, tokens_remaining: 878, call: scores, phase: playing
2026-06-15 15:50:48, tokens_remaining: 877, call: scores, phase: playing
2026-06-15 15:50:49, tokens_remaining: 876, call: events, phase: playing
2026-06-15 15:50:50, tokens_remaining: 875, call: scores, phase: playing
2026-06-15 15:50:51, tokens_remaining: 875, call: scores, phase: playing
2026-06-15 15:50:52, tokens_remaining: 874, call: scores, phase: playing
2026-06-15 15:50:53, tokens_remaining: 874, call: scores, phase: playing
2026-06-15 15:50:54, tokens_remaining: 873, call: scores, phase: playing
2026-06-15 15:50:54, tokens_remaining: 873, call: scores, phase: playing
2026-06-15 15:50:55, tokens_remaining: 872, call: scores, phase: playing
2026-06-15 15:50:56, tokens_remaining: 872, call: scores, phase: playing
2026-06-15 15:50:57, tokens_remaining: 871, call: scores, phase: playing
2026-06-15 15:50:58, tokens_remaining: 870, call: events, phase: playing
2026-06-15 15:50:59, tokens_remaining: 869, call: scores, phase: playing
2026-06-15 15:51:00, tokens_remaining: 869, call: scores, phase: playing
2026-06-15 15:51:01, tokens_remaining: 868, call: scores, phase: playing
2026-06-15 15:51:02, tokens_remaining: 868, call: scores, phase: playing
2026-06-15 15:51:03, tokens_remaining: 867, call: scores, phase: playing
2026-06-15 15:51:03, tokens_remaining: 867, call: scores, phase: playing
2026-06-15 15:51:04, tokens_remaining: 866, call: scores, phase: playing
2026-06-15 15:51:05, tokens_remaining: 866, call: scores, phase: playing
2026-06-15 15:51:06, tokens_remaining: 865, call: scores, phase: playing
2026-06-15 15:51:07, tokens_remaining: 864, call: events, phase: playing
2026-06-15 15:51:08, tokens_remaining: 863, call: scores, phase: playing
2026-06-15 15:51:09, tokens_remaining: 863, call: scores, phase: playing
2026-06-15 15:51:10, tokens_remaining: 862, call: scores, phase: playing
2026-06-15 15:51:11, tokens_remaining: 862, call: scores, phase: playing
2026-06-15 15:51:12, tokens_remaining: 861, call: scores, phase: playing
2026-06-15 15:51:12, tokens_remaining: 861, call: scores, phase: playing
2026-06-15 15:51:14, tokens_remaining: 860, call: scores, phase: playing
2026-06-15 15:51:14, tokens_remaining: 860, call: scores, phase: playing
2026-06-15 15:51:15, tokens_remaining: 859, call: scores, phase: playing
2026-06-15 15:51:16, tokens_remaining: 858, call: events, phase: playing
2026-06-15 15:51:17, tokens_remaining: 857, call: scores, phase: playing
2026-06-15 15:51:18, tokens_remaining: 857, call: scores, phase: playing
2026-06-15 15:51:19, tokens_remaining: 856, call: scores, phase: playing
2026-06-15 15:51:20, tokens_remaining: 856, call: scores, phase: playing
2026-06-15 15:51:21, tokens_remaining: 855, call: scores, phase: playing
2026-06-15 15:51:22, tokens_remaining: 855, call: scores, phase: playing
2026-06-15 15:51:23, tokens_remaining: 854, call: scores, phase: playing
2026-06-15 15:51:23, tokens_remaining: 854, call: scores, phase: playing
2026-06-15 15:51:24, tokens_remaining: 853, call: scores, phase: playing
2026-06-15 15:51:25, tokens_remaining: 852, call: events, phase: playing
2026-06-15 15:51:25, EVENT: SUBSTITUTION 88' Ibrahim Adel [Belgium vs Egypt]
2026-06-15 15:51:27, tokens_remaining: 851, call: scores, phase: playing
2026-06-15 15:51:27, tokens_remaining: 851, call: scores, phase: playing
2026-06-15 15:51:28, tokens_remaining: 850, call: scores, phase: playing
2026-06-15 15:51:29, tokens_remaining: 850, call: scores, phase: playing
2026-06-15 15:51:30, tokens_remaining: 849, call: scores, phase: playing
2026-06-15 15:51:31, tokens_remaining: 849, call: scores, phase: playing
2026-06-15 15:51:32, tokens_remaining: 848, call: scores, phase: playing
2026-06-15 15:51:33, tokens_remaining: 848, call: scores, phase: playing
2026-06-15 15:51:34, tokens_remaining: 847, call: scores, phase: playing
2026-06-15 15:51:35, tokens_remaining: 846, call: events, phase: playing
2026-06-15 15:51:36, tokens_remaining: 845, call: scores, phase: playing
2026-06-15 15:51:36, tokens_remaining: 845, call: scores, phase: playing
2026-06-15 15:51:37, tokens_remaining: 844, call: scores, phase: playing
2026-06-15 15:51:38, tokens_remaining: 844, call: scores, phase: playing
2026-06-15 15:51:39, tokens_remaining: 843, call: scores, phase: playing
2026-06-15 15:51:40, tokens_remaining: 843, call: scores, phase: playing
2026-06-15 15:51:41, tokens_remaining: 842, call: scores, phase: playing
2026-06-15 15:51:42, tokens_remaining: 842, call: scores, phase: playing
2026-06-15 15:51:43, tokens_remaining: 841, call: scores, phase: playing
2026-06-15 15:51:44, tokens_remaining: 840, call: events, phase: playing
2026-06-15 15:51:44, EVENT: SUBSTITUTION 88' Karim Hafez Ramadan Seif El Din [Belgium vs Egypt]
2026-06-15 15:51:45, tokens_remaining: 839, call: scores, phase: playing
2026-06-15 15:51:45, tokens_remaining: 839, call: scores, phase: playing
2026-06-15 15:51:46, tokens_remaining: 838, call: scores, phase: playing
2026-06-15 15:51:47, tokens_remaining: 838, call: scores, phase: playing
2026-06-15 15:51:48, tokens_remaining: 837, call: scores, phase: playing
2026-06-15 15:51:49, tokens_remaining: 837, call: scores, phase: playing
2026-06-15 15:51:50, tokens_remaining: 836, call: scores, phase: playing
2026-06-15 15:51:51, tokens_remaining: 836, call: scores, phase: playing
2026-06-15 15:51:52, tokens_remaining: 835, call: scores, phase: playing
2026-06-15 15:51:53, tokens_remaining: 834, call: events, phase: playing
2026-06-15 15:51:54, tokens_remaining: 833, call: scores, phase: playing
2026-06-15 15:51:55, tokens_remaining: 833, call: scores, phase: playing
2026-06-15 15:51:56, tokens_remaining: 832, call: scores, phase: playing
2026-06-15 15:51:56, tokens_remaining: 832, call: scores, phase: playing
2026-06-15 15:51:57, tokens_remaining: 831, call: scores, phase: playing
2026-06-15 15:51:58, tokens_remaining: 831, call: scores, phase: playing
2026-06-15 15:51:59, tokens_remaining: 830, call: scores, phase: playing
2026-06-15 15:52:00, tokens_remaining: 830, call: scores, phase: playing
2026-06-15 15:52:01, tokens_remaining: 829, call: scores, phase: playing
2026-06-15 15:52:02, tokens_remaining: 828, call: events, phase: playing
2026-06-15 15:52:03, tokens_remaining: 827, call: scores, phase: playing
2026-06-15 15:52:04, tokens_remaining: 827, call: scores, phase: playing
2026-06-15 15:52:05, tokens_remaining: 826, call: scores, phase: playing
2026-06-15 15:52:06, tokens_remaining: 826, call: scores, phase: playing
2026-06-15 15:52:07, tokens_remaining: 825, call: scores, phase: playing
2026-06-15 15:52:07, tokens_remaining: 825, call: scores, phase: playing
2026-06-15 15:52:08, tokens_remaining: 824, call: scores, phase: playing
2026-06-15 15:52:09, tokens_remaining: 824, call: scores, phase: playing
2026-06-15 15:52:10, tokens_remaining: 823, call: scores, phase: playing
2026-06-15 15:52:11, tokens_remaining: 822, call: events, phase: playing
2026-06-15 15:52:12, tokens_remaining: 821, call: scores, phase: playing
2026-06-15 15:52:13, tokens_remaining: 821, call: scores, phase: playing
2026-06-15 15:52:14, tokens_remaining: 820, call: scores, phase: playing
2026-06-15 15:52:15, tokens_remaining: 820, call: scores, phase: playing
2026-06-15 15:52:16, tokens_remaining: 819, call: scores, phase: playing
2026-06-15 15:52:16, tokens_remaining: 819, call: scores, phase: playing
2026-06-15 15:52:17, tokens_remaining: 818, call: scores, phase: playing
2026-06-15 15:52:18, tokens_remaining: 818, call: scores, phase: playing
2026-06-15 15:52:19, tokens_remaining: 817, call: scores, phase: playing
2026-06-15 15:52:20, tokens_remaining: 816, call: events, phase: playing
2026-06-15 15:52:21, tokens_remaining: 815, call: scores, phase: playing
2026-06-15 15:52:22, tokens_remaining: 815, call: scores, phase: playing
2026-06-15 15:52:23, tokens_remaining: 814, call: scores, phase: playing
2026-06-15 15:52:24, tokens_remaining: 814, call: scores, phase: playing
2026-06-15 15:52:25, tokens_remaining: 813, call: scores, phase: playing
2026-06-15 15:52:25, tokens_remaining: 813, call: scores, phase: playing
2026-06-15 15:52:26, tokens_remaining: 812, call: scores, phase: playing
2026-06-15 15:52:27, tokens_remaining: 812, call: scores, phase: playing
2026-06-15 15:52:28, tokens_remaining: 811, call: scores, phase: playing
2026-06-15 15:52:29, tokens_remaining: 810, call: events, phase: playing
2026-06-15 15:52:30, tokens_remaining: 809, call: scores, phase: playing
2026-06-15 15:52:31, tokens_remaining: 809, call: scores, phase: playing
2026-06-15 15:52:32, tokens_remaining: 808, call: scores, phase: playing
2026-06-15 15:52:33, tokens_remaining: 808, call: scores, phase: playing
2026-06-15 15:52:34, tokens_remaining: 807, call: scores, phase: playing
2026-06-15 15:52:34, tokens_remaining: 807, call: scores, phase: playing
2026-06-15 15:52:35, tokens_remaining: 806, call: scores, phase: playing
2026-06-15 15:52:36, tokens_remaining: 806, call: scores, phase: playing
2026-06-15 15:52:37, tokens_remaining: 805, call: scores, phase: playing
2026-06-15 15:52:38, tokens_remaining: 804, call: events, phase: playing
2026-06-15 15:52:39, tokens_remaining: 803, call: scores, phase: playing
2026-06-15 15:52:40, tokens_remaining: 803, call: scores, phase: playing
2026-06-15 15:52:41, tokens_remaining: 802, call: scores, phase: playing
2026-06-15 15:52:42, tokens_remaining: 802, call: scores, phase: playing
2026-06-15 15:52:43, tokens_remaining: 801, call: scores, phase: playing
2026-06-15 15:52:44, tokens_remaining: 801, call: scores, phase: playing
2026-06-15 15:52:45, tokens_remaining: 800, call: scores, phase: playing
2026-06-15 15:52:45, tokens_remaining: 800, call: scores, phase: playing
2026-06-15 15:52:46, tokens_remaining: 799, call: scores, phase: playing
2026-06-15 15:52:47, tokens_remaining: 798, call: events, phase: playing
2026-06-15 15:52:48, tokens_remaining: 797, call: scores, phase: playing
2026-06-15 15:52:49, tokens_remaining: 797, call: scores, phase: playing
2026-06-15 15:52:50, tokens_remaining: 796, call: scores, phase: playing
2026-06-15 15:52:51, tokens_remaining: 796, call: scores, phase: playing
2026-06-15 15:52:52, tokens_remaining: 795, call: scores, phase: playing
2026-06-15 15:52:53, tokens_remaining: 795, call: scores, phase: playing
2026-06-15 15:52:54, tokens_remaining: 794, call: scores, phase: playing
2026-06-15 15:52:54, tokens_remaining: 794, call: scores, phase: playing
2026-06-15 15:52:55, tokens_remaining: 793, call: scores, phase: playing
2026-06-15 15:52:57, tokens_remaining: 792, call: events, phase: playing
2026-06-15 15:52:58, tokens_remaining: 791, call: scores, phase: playing
2026-06-15 15:52:58, tokens_remaining: 791, call: scores, phase: playing
2026-06-15 15:52:59, tokens_remaining: 790, call: scores, phase: playing
2026-06-15 15:53:00, tokens_remaining: 790, call: scores, phase: playing
2026-06-15 15:53:01, tokens_remaining: 789, call: scores, phase: playing
2026-06-15 15:53:02, tokens_remaining: 789, call: scores, phase: playing
2026-06-15 15:53:03, tokens_remaining: 788, call: scores, phase: playing
2026-06-15 15:53:04, tokens_remaining: 788, call: scores, phase: playing
2026-06-15 15:53:05, tokens_remaining: 787, call: scores, phase: playing
2026-06-15 15:53:06, tokens_remaining: 786, call: events, phase: playing
2026-06-15 15:53:07, tokens_remaining: 785, call: scores, phase: playing
2026-06-15 15:53:07, tokens_remaining: 785, call: scores, phase: playing
2026-06-15 15:53:08, tokens_remaining: 784, call: scores, phase: playing
2026-06-15 15:53:09, tokens_remaining: 784, call: scores, phase: playing
2026-06-15 15:53:10, tokens_remaining: 783, call: scores, phase: playing
2026-06-15 15:53:11, tokens_remaining: 783, call: scores, phase: playing
2026-06-15 15:53:12, tokens_remaining: 782, call: scores, phase: playing
2026-06-15 15:53:13, tokens_remaining: 782, call: scores, phase: playing
2026-06-15 15:53:14, tokens_remaining: 781, call: scores, phase: playing
2026-06-15 15:53:15, tokens_remaining: 780, call: events, phase: playing
2026-06-15 15:53:16, tokens_remaining: 779, call: scores, phase: playing
2026-06-15 15:53:16, tokens_remaining: 779, call: scores, phase: playing
2026-06-15 15:53:17, tokens_remaining: 778, call: scores, phase: playing
2026-06-15 15:53:18, tokens_remaining: 778, call: scores, phase: playing
2026-06-15 15:53:19, tokens_remaining: 777, call: scores, phase: playing
2026-06-15 15:53:20, tokens_remaining: 777, call: scores, phase: playing
2026-06-15 15:53:21, tokens_remaining: 776, call: scores, phase: playing
2026-06-15 15:53:22, tokens_remaining: 776, call: scores, phase: playing
2026-06-15 15:53:23, tokens_remaining: 775, call: scores, phase: playing
2026-06-15 15:53:24, tokens_remaining: 774, call: events, phase: playing
2026-06-15 15:53:25, tokens_remaining: 773, call: scores, phase: playing
2026-06-15 15:53:25, tokens_remaining: 773, call: scores, phase: playing
2026-06-15 15:53:26, tokens_remaining: 772, call: scores, phase: playing
2026-06-15 15:53:27, tokens_remaining: 772, call: scores, phase: playing
2026-06-15 15:53:28, tokens_remaining: 771, call: scores, phase: playing
2026-06-15 15:53:29, tokens_remaining: 771, call: scores, phase: playing
2026-06-15 15:53:30, tokens_remaining: 770, call: scores, phase: playing
2026-06-15 15:53:31, tokens_remaining: 770, call: scores, phase: playing
2026-06-15 15:53:32, tokens_remaining: 769, call: scores, phase: playing
2026-06-15 15:53:33, tokens_remaining: 768, call: events, phase: playing
2026-06-15 15:53:34, tokens_remaining: 767, call: scores, phase: playing
2026-06-15 15:53:34, tokens_remaining: 767, call: scores, phase: playing
2026-06-15 15:53:36, tokens_remaining: 766, call: scores, phase: playing
2026-06-15 15:53:36, tokens_remaining: 766, call: scores, phase: playing
2026-06-15 15:53:37, tokens_remaining: 765, call: scores, phase: playing
2026-06-15 15:53:38, tokens_remaining: 765, call: scores, phase: playing
2026-06-15 15:53:39, tokens_remaining: 764, call: scores, phase: playing
2026-06-15 15:53:40, tokens_remaining: 764, call: scores, phase: playing
2026-06-15 15:53:41, tokens_remaining: 763, call: scores, phase: playing
2026-06-15 15:53:42, tokens_remaining: 762, call: events, phase: playing
2026-06-15 15:53:44, tokens_remaining: 761, call: scores, phase: playing
2026-06-15 15:53:45, tokens_remaining: 761, call: scores, phase: playing
2026-06-15 15:53:46, tokens_remaining: 760, call: scores, phase: playing
2026-06-15 15:53:46, tokens_remaining: 760, call: scores, phase: playing
2026-06-15 15:53:47, tokens_remaining: 759, call: scores, phase: playing
2026-06-15 15:53:48, tokens_remaining: 759, call: scores, phase: playing
2026-06-15 15:53:49, tokens_remaining: 758, call: scores, phase: playing
2026-06-15 15:53:50, tokens_remaining: 758, call: scores, phase: playing
2026-06-15 15:53:51, tokens_remaining: 757, call: scores, phase: playing
2026-06-15 15:53:52, tokens_remaining: 756, call: events, phase: playing
2026-06-15 15:53:53, tokens_remaining: 755, call: scores, phase: playing
2026-06-15 15:53:54, tokens_remaining: 755, call: scores, phase: playing
2026-06-15 15:53:55, tokens_remaining: 754, call: scores, phase: playing
2026-06-15 15:53:55, tokens_remaining: 754, call: scores, phase: playing
2026-06-15 15:53:56, tokens_remaining: 753, call: scores, phase: playing
2026-06-15 15:53:57, tokens_remaining: 753, call: scores, phase: playing
2026-06-15 15:53:58, tokens_remaining: 752, call: scores, phase: playing
2026-06-15 15:53:59, tokens_remaining: 752, call: scores, phase: playing
2026-06-15 15:54:00, tokens_remaining: 751, call: scores, phase: playing
2026-06-15 15:54:01, tokens_remaining: 750, call: events, phase: playing
2026-06-15 15:54:02, tokens_remaining: 749, call: scores, phase: playing
2026-06-15 15:54:03, tokens_remaining: 749, call: scores, phase: playing
2026-06-15 15:54:04, tokens_remaining: 748, call: scores, phase: playing
2026-06-15 15:54:05, tokens_remaining: 748, call: scores, phase: playing
2026-06-15 15:54:06, tokens_remaining: 747, call: scores, phase: playing
2026-06-15 15:54:06, tokens_remaining: 747, call: scores, phase: playing
2026-06-15 15:54:07, tokens_remaining: 746, call: scores, phase: playing
2026-06-15 15:54:08, tokens_remaining: 746, call: scores, phase: playing
2026-06-15 15:54:09, tokens_remaining: 745, call: scores, phase: playing
2026-06-15 15:54:10, tokens_remaining: 744, call: events, phase: playing
2026-06-15 15:54:11, tokens_remaining: 743, call: scores, phase: playing
2026-06-15 15:54:12, tokens_remaining: 743, call: scores, phase: playing
2026-06-15 15:54:13, tokens_remaining: 742, call: scores, phase: playing
2026-06-15 15:54:14, tokens_remaining: 742, call: scores, phase: playing
2026-06-15 15:54:15, tokens_remaining: 741, call: scores, phase: playing
2026-06-15 15:54:15, tokens_remaining: 741, call: scores, phase: playing
2026-06-15 15:54:16, tokens_remaining: 740, call: scores, phase: playing
2026-06-15 15:54:17, tokens_remaining: 740, call: scores, phase: playing
2026-06-15 15:54:18, tokens_remaining: 739, call: scores, phase: playing
2026-06-15 15:54:19, tokens_remaining: 738, call: events, phase: playing
2026-06-15 15:54:20, tokens_remaining: 737, call: scores, phase: playing
2026-06-15 15:54:21, tokens_remaining: 737, call: scores, phase: playing
2026-06-15 15:54:22, tokens_remaining: 736, call: scores, phase: playing
2026-06-15 15:54:23, tokens_remaining: 736, call: scores, phase: playing
2026-06-15 15:54:24, tokens_remaining: 735, call: scores, phase: playing
2026-06-15 15:54:25, tokens_remaining: 735, call: scores, phase: playing
2026-06-15 15:54:26, tokens_remaining: 734, call: scores, phase: playing
2026-06-15 15:54:26, tokens_remaining: 734, call: scores, phase: playing
2026-06-15 15:54:27, tokens_remaining: 733, call: scores, phase: playing
2026-06-15 15:54:28, tokens_remaining: 732, call: events, phase: playing
2026-06-15 15:54:29, tokens_remaining: 731, call: scores, phase: playing
2026-06-15 15:54:30, tokens_remaining: 731, call: scores, phase: playing
2026-06-15 15:54:31, tokens_remaining: 730, call: scores, phase: playing
2026-06-15 15:54:32, tokens_remaining: 730, call: scores, phase: playing
2026-06-15 15:54:33, tokens_remaining: 729, call: scores, phase: playing
2026-06-15 15:54:34, tokens_remaining: 729, call: scores, phase: playing
2026-06-15 15:54:35, tokens_remaining: 728, call: scores, phase: playing
2026-06-15 15:54:35, tokens_remaining: 728, call: scores, phase: playing
2026-06-15 15:54:36, tokens_remaining: 727, call: scores, phase: playing
2026-06-15 15:54:37, tokens_remaining: 726, call: events, phase: playing
2026-06-15 15:54:38, tokens_remaining: 725, call: scores, phase: playing
2026-06-15 15:54:39, tokens_remaining: 725, call: scores, phase: playing
2026-06-15 15:54:40, tokens_remaining: 724, call: scores, phase: playing
2026-06-15 15:54:41, tokens_remaining: 724, call: scores, phase: playing
2026-06-15 15:54:42, tokens_remaining: 723, call: scores, phase: playing
2026-06-15 15:54:43, tokens_remaining: 723, call: scores, phase: playing
2026-06-15 15:54:44, tokens_remaining: 722, call: scores, phase: playing
2026-06-15 15:54:44, tokens_remaining: 722, call: scores, phase: playing
2026-06-15 15:54:45, tokens_remaining: 721, call: scores, phase: playing
2026-06-15 15:54:47, tokens_remaining: 720, call: events, phase: playing
2026-06-15 15:54:48, tokens_remaining: 719, call: scores, phase: playing
2026-06-15 15:54:48, tokens_remaining: 719, call: scores, phase: playing
2026-06-15 15:54:49, tokens_remaining: 718, call: scores, phase: playing
2026-06-15 15:54:50, tokens_remaining: 718, call: scores, phase: playing
2026-06-15 15:54:51, tokens_remaining: 717, call: scores, phase: playing
2026-06-15 15:54:52, tokens_remaining: 717, call: scores, phase: playing
2026-06-15 15:54:53, tokens_remaining: 716, call: scores, phase: playing
2026-06-15 15:54:54, tokens_remaining: 716, call: scores, phase: playing
2026-06-15 15:54:55, tokens_remaining: 715, call: scores, phase: playing
2026-06-15 15:54:56, tokens_remaining: 714, call: events, phase: playing
2026-06-15 15:54:57, tokens_remaining: 713, call: scores, phase: playing
2026-06-15 15:54:57, tokens_remaining: 713, call: scores, phase: playing
2026-06-15 15:54:58, tokens_remaining: 712, call: scores, phase: playing
2026-06-15 15:54:59, tokens_remaining: 712, call: scores, phase: playing
2026-06-15 15:55:00, tokens_remaining: 711, call: scores, phase: playing
2026-06-15 15:55:01, tokens_remaining: 711, call: scores, phase: playing
2026-06-15 15:55:02, tokens_remaining: 710, call: scores, phase: playing
2026-06-15 15:55:03, tokens_remaining: 710, call: scores, phase: playing
2026-06-15 15:55:04, tokens_remaining: 709, call: scores, phase: playing
2026-06-15 15:55:05, tokens_remaining: 708, call: events, phase: playing
2026-06-15 15:55:06, tokens_remaining: 707, call: scores, phase: playing
2026-06-15 15:55:07, tokens_remaining: 707, call: scores, phase: playing
2026-06-15 15:55:08, tokens_remaining: 706, call: scores, phase: playing
2026-06-15 15:55:08, tokens_remaining: 706, call: scores, phase: playing
2026-06-15 15:55:09, tokens_remaining: 705, call: scores, phase: playing
2026-06-15 15:55:10, tokens_remaining: 705, call: scores, phase: playing
2026-06-15 15:55:11, tokens_remaining: 704, call: scores, phase: playing
2026-06-15 15:55:12, tokens_remaining: 704, call: scores, phase: playing
2026-06-15 15:55:13, tokens_remaining: 703, call: scores, phase: playing
2026-06-15 15:55:14, tokens_remaining: 702, call: events, phase: playing
2026-06-15 15:55:15, tokens_remaining: 701, call: scores, phase: playing
2026-06-15 15:55:16, tokens_remaining: 701, call: scores, phase: playing
2026-06-15 15:55:17, tokens_remaining: 700, call: scores, phase: playing
2026-06-15 15:55:17, tokens_remaining: 700, call: scores, phase: playing
2026-06-15 15:55:19, tokens_remaining: 699, call: scores, phase: playing
2026-06-15 15:55:19, tokens_remaining: 699, call: scores, phase: playing
2026-06-15 15:55:20, tokens_remaining: 698, call: scores, phase: playing
2026-06-15 15:55:21, tokens_remaining: 698, call: scores, phase: playing
2026-06-15 15:55:22, tokens_remaining: 697, call: scores, phase: playing
2026-06-15 15:55:23, tokens_remaining: 696, call: events, phase: playing
2026-06-15 15:55:24, tokens_remaining: 695, call: scores, phase: playing
2026-06-15 15:55:25, tokens_remaining: 695, call: scores, phase: playing
2026-06-15 15:55:26, tokens_remaining: 694, call: scores, phase: playing
2026-06-15 15:55:27, tokens_remaining: 694, call: scores, phase: playing
2026-06-15 15:55:28, tokens_remaining: 693, call: scores, phase: playing
2026-06-15 15:55:28, tokens_remaining: 693, call: scores, phase: playing
2026-06-15 15:55:29, tokens_remaining: 692, call: scores, phase: playing
2026-06-15 15:55:30, tokens_remaining: 692, call: scores, phase: playing
2026-06-15 15:55:31, tokens_remaining: 691, call: scores, phase: playing
2026-06-15 15:55:32, tokens_remaining: 690, call: events, phase: playing
2026-06-15 15:55:33, tokens_remaining: 689, call: scores, phase: playing
2026-06-15 15:55:34, tokens_remaining: 689, call: scores, phase: playing
2026-06-15 15:55:35, tokens_remaining: 688, call: scores, phase: playing
2026-06-15 15:55:36, tokens_remaining: 688, call: scores, phase: playing
2026-06-15 15:55:37, tokens_remaining: 687, call: scores, phase: playing
2026-06-15 15:55:37, tokens_remaining: 687, call: scores, phase: playing
2026-06-15 15:55:38, tokens_remaining: 686, call: scores, phase: playing
2026-06-15 15:55:39, tokens_remaining: 686, call: scores, phase: playing
2026-06-15 15:55:40, tokens_remaining: 685, call: scores, phase: playing
2026-06-15 15:55:41, tokens_remaining: 684, call: events, phase: playing
2026-06-15 15:55:42, tokens_remaining: 683, call: scores, phase: playing
2026-06-15 15:55:43, tokens_remaining: 683, call: scores, phase: playing
2026-06-15 15:55:44, tokens_remaining: 682, call: scores, phase: playing
2026-06-15 15:55:45, tokens_remaining: 682, call: scores, phase: playing
2026-06-15 15:55:46, tokens_remaining: 681, call: scores, phase: playing
2026-06-15 15:55:47, tokens_remaining: 681, call: scores, phase: playing
2026-06-15 15:55:48, tokens_remaining: 680, call: scores, phase: playing
2026-06-15 15:55:48, tokens_remaining: 680, call: scores, phase: playing
2026-06-15 15:55:49, tokens_remaining: 679, call: scores, phase: playing
2026-06-15 15:55:50, tokens_remaining: 678, call: events, phase: playing
2026-06-15 15:55:51, tokens_remaining: 677, call: scores, phase: playing
2026-06-15 15:55:52, tokens_remaining: 677, call: scores, phase: playing
2026-06-15 15:55:53, tokens_remaining: 676, call: scores, phase: playing
2026-06-15 15:55:54, tokens_remaining: 676, call: scores, phase: playing
2026-06-15 15:55:55, tokens_remaining: 675, call: scores, phase: playing
2026-06-15 15:55:56, tokens_remaining: 675, call: scores, phase: playing
2026-06-15 15:55:57, tokens_remaining: 674, call: scores, phase: playing
2026-06-15 15:55:57, tokens_remaining: 674, call: scores, phase: playing
2026-06-15 15:55:58, tokens_remaining: 673, call: scores, phase: playing
2026-06-15 15:55:59, tokens_remaining: 672, call: events, phase: playing
2026-06-15 15:56:00, tokens_remaining: 671, call: scores, phase: playing
2026-06-15 15:56:01, tokens_remaining: 671, call: scores, phase: playing
2026-06-15 15:56:02, tokens_remaining: 670, call: scores, phase: playing
2026-06-15 15:56:03, tokens_remaining: 670, call: scores, phase: playing
2026-06-15 15:56:04, tokens_remaining: 669, call: scores, phase: playing
2026-06-15 15:56:05, tokens_remaining: 669, call: scores, phase: playing
2026-06-15 15:56:06, tokens_remaining: 668, call: scores, phase: playing
2026-06-15 15:56:06, tokens_remaining: 668, call: scores, phase: playing
2026-06-15 15:56:07, tokens_remaining: 667, call: scores, phase: playing
2026-06-15 15:56:08, tokens_remaining: 666, call: events, phase: playing
2026-06-15 15:56:09, tokens_remaining: 665, call: scores, phase: playing
2026-06-15 15:56:10, tokens_remaining: 665, call: scores, phase: playing
2026-06-15 15:56:11, tokens_remaining: 664, call: scores, phase: playing
2026-06-15 15:56:12, tokens_remaining: 664, call: scores, phase: playing
2026-06-15 15:56:13, tokens_remaining: 663, call: scores, phase: playing
2026-06-15 15:56:14, tokens_remaining: 663, call: scores, phase: playing
2026-06-15 15:56:15, tokens_remaining: 662, call: scores, phase: playing
2026-06-15 15:56:15, tokens_remaining: 662, call: scores, phase: playing
2026-06-15 15:56:16, tokens_remaining: 661, call: scores, phase: playing
2026-06-15 15:56:18, tokens_remaining: 660, call: events, phase: playing
2026-06-15 15:56:19, tokens_remaining: 659, call: scores, phase: playing
2026-06-15 15:56:19, tokens_remaining: 659, call: scores, phase: playing
2026-06-15 15:56:20, tokens_remaining: 658, call: scores, phase: playing
2026-06-15 15:56:21, tokens_remaining: 658, call: scores, phase: playing
2026-06-15 15:56:22, tokens_remaining: 657, call: scores, phase: playing
2026-06-15 15:56:23, tokens_remaining: 657, call: scores, phase: playing
2026-06-15 15:56:24, tokens_remaining: 656, call: scores, phase: playing
2026-06-15 15:56:25, tokens_remaining: 656, call: scores, phase: playing
2026-06-15 15:56:26, tokens_remaining: 655, call: scores, phase: playing
2026-06-15 15:56:27, tokens_remaining: 654, call: events, phase: playing
2026-06-15 15:56:28, tokens_remaining: 653, call: scores, phase: playing
2026-06-15 15:56:28, tokens_remaining: 653, call: scores, phase: playing
2026-06-15 15:56:29, tokens_remaining: 652, call: scores, phase: playing
2026-06-15 15:56:30, tokens_remaining: 652, call: scores, phase: playing
2026-06-15 15:56:31, tokens_remaining: 651, call: scores, phase: playing
2026-06-15 15:56:32, tokens_remaining: 651, call: scores, phase: playing
2026-06-15 15:56:33, tokens_remaining: 650, call: scores, phase: playing
2026-06-15 15:56:34, tokens_remaining: 650, call: scores, phase: playing
2026-06-15 15:56:35, tokens_remaining: 649, call: scores, phase: playing
2026-06-15 15:56:36, tokens_remaining: 648, call: events, phase: playing
2026-06-15 15:56:37, tokens_remaining: 647, call: scores, phase: playing
2026-06-15 15:56:37, tokens_remaining: 647, call: scores, phase: playing
2026-06-15 15:56:38, tokens_remaining: 646, call: scores, phase: playing
2026-06-15 15:56:39, tokens_remaining: 646, call: scores, phase: playing
2026-06-15 15:56:40, tokens_remaining: 645, call: scores, phase: playing
2026-06-15 15:56:41, tokens_remaining: 645, call: scores, phase: playing
2026-06-15 15:56:42, tokens_remaining: 644, call: scores, phase: playing
2026-06-15 15:56:43, tokens_remaining: 644, call: scores, phase: playing
2026-06-15 15:56:44, tokens_remaining: 643, call: scores, phase: playing
2026-06-15 15:56:45, tokens_remaining: 642, call: events, phase: playing
2026-06-15 15:56:46, tokens_remaining: 641, call: scores, phase: playing
2026-06-15 15:56:47, tokens_remaining: 641, call: scores, phase: playing
2026-06-15 15:56:48, tokens_remaining: 640, call: scores, phase: playing
2026-06-15 15:56:48, tokens_remaining: 640, call: scores, phase: playing
2026-06-15 15:56:49, tokens_remaining: 639, call: scores, phase: playing
2026-06-15 15:56:50, tokens_remaining: 639, call: scores, phase: playing
2026-06-15 15:56:51, tokens_remaining: 638, call: scores, phase: playing
2026-06-15 15:56:52, tokens_remaining: 638, call: scores, phase: playing
2026-06-15 15:56:53, tokens_remaining: 637, call: scores, phase: playing
2026-06-15 15:56:54, tokens_remaining: 636, call: events, phase: playing
2026-06-15 15:56:55, tokens_remaining: 635, call: scores, phase: playing
2026-06-15 15:56:56, tokens_remaining: 635, call: scores, phase: playing
2026-06-15 15:56:57, tokens_remaining: 634, call: scores, phase: playing
2026-06-15 15:56:57, tokens_remaining: 634, call: scores, phase: playing
2026-06-15 15:56:58, tokens_remaining: 633, call: scores, phase: playing
2026-06-15 15:56:59, tokens_remaining: 633, call: scores, phase: playing
2026-06-15 15:57:00, tokens_remaining: 632, call: scores, phase: playing
2026-06-15 15:57:01, tokens_remaining: 632, call: scores, phase: playing
2026-06-15 15:57:02, tokens_remaining: 631, call: scores, phase: playing
2026-06-15 15:57:03, tokens_remaining: 630, call: events, phase: playing
2026-06-15 15:57:04, tokens_remaining: 629, call: scores, phase: playing
2026-06-15 15:57:05, tokens_remaining: 629, call: scores, phase: playing
2026-06-15 15:57:06, tokens_remaining: 628, call: scores, phase: playing
2026-06-15 15:57:07, tokens_remaining: 628, call: scores, phase: playing
2026-06-15 15:57:08, tokens_remaining: 627, call: scores, phase: playing
2026-06-15 15:57:08, tokens_remaining: 627, call: scores, phase: playing
2026-06-15 15:57:09, tokens_remaining: 626, call: scores, phase: playing
2026-06-15 15:57:10, tokens_remaining: 626, call: scores, phase: playing
2026-06-15 15:57:11, tokens_remaining: 625, call: scores, phase: playing
2026-06-15 15:57:12, tokens_remaining: 624, call: events, phase: playing
2026-06-15 15:57:13, tokens_remaining: 623, call: scores, phase: playing
2026-06-15 15:57:14, tokens_remaining: 623, call: scores, phase: playing
2026-06-15 15:57:15, tokens_remaining: 622, call: scores, phase: playing
2026-06-15 15:57:16, tokens_remaining: 622, call: scores, phase: playing
2026-06-15 15:57:17, tokens_remaining: 621, call: scores, phase: playing
2026-06-15 15:57:17, tokens_remaining: 621, call: scores, phase: playing
2026-06-15 15:57:18, tokens_remaining: 620, call: scores, phase: playing
2026-06-15 15:57:19, tokens_remaining: 620, call: scores, phase: playing
2026-06-15 15:57:20, tokens_remaining: 619, call: scores, phase: playing
2026-06-15 15:57:21, tokens_remaining: 618, call: events, phase: playing
2026-06-15 15:57:22, tokens_remaining: 617, call: scores, phase: playing
2026-06-15 15:57:23, tokens_remaining: 617, call: scores, phase: playing
2026-06-15 15:57:24, tokens_remaining: 616, call: scores, phase: playing
2026-06-15 15:57:25, tokens_remaining: 616, call: scores, phase: playing
2026-06-15 15:57:26, tokens_remaining: 615, call: scores, phase: playing
2026-06-15 15:57:27, tokens_remaining: 615, call: scores, phase: playing
2026-06-15 15:57:28, tokens_remaining: 614, call: scores, phase: playing
2026-06-15 15:57:28, tokens_remaining: 614, call: scores, phase: playing
2026-06-15 15:57:29, tokens_remaining: 613, call: scores, phase: playing
2026-06-15 15:57:30, tokens_remaining: 612, call: events, phase: playing
2026-06-15 15:57:31, tokens_remaining: 611, call: scores, phase: playing
2026-06-15 15:57:32, tokens_remaining: 611, call: scores, phase: playing
2026-06-15 15:57:33, tokens_remaining: 610, call: scores, phase: playing
2026-06-15 15:57:34, tokens_remaining: 610, call: scores, phase: playing
2026-06-15 15:57:35, tokens_remaining: 609, call: scores, phase: playing
2026-06-15 15:57:36, tokens_remaining: 609, call: scores, phase: playing
2026-06-15 15:57:37, tokens_remaining: 608, call: scores, phase: playing
2026-06-15 15:57:37, tokens_remaining: 608, call: scores, phase: playing
2026-06-15 15:57:38, tokens_remaining: 607, call: scores, phase: playing
2026-06-15 15:57:39, tokens_remaining: 606, call: events, phase: playing
2026-06-15 15:57:40, tokens_remaining: 605, call: scores, phase: playing
2026-06-15 15:57:41, tokens_remaining: 605, call: scores, phase: playing
2026-06-15 15:57:42, tokens_remaining: 604, call: scores, phase: playing
2026-06-15 15:57:43, tokens_remaining: 604, call: scores, phase: playing
2026-06-15 15:57:44, tokens_remaining: 603, call: scores, phase: playing
2026-06-15 15:57:45, tokens_remaining: 603, call: scores, phase: playing
2026-06-15 15:57:46, tokens_remaining: 602, call: scores, phase: playing
2026-06-15 15:57:47, tokens_remaining: 602, call: scores, phase: playing
2026-06-15 15:57:48, tokens_remaining: 601, call: scores, phase: playing
2026-06-15 15:57:49, tokens_remaining: 600, call: events, phase: playing
2026-06-15 15:57:50, tokens_remaining: 599, call: scores, phase: playing
2026-06-15 15:57:50, tokens_remaining: 599, call: scores, phase: playing
2026-06-15 15:57:51, tokens_remaining: 598, call: scores, phase: playing
2026-06-15 15:57:52, tokens_remaining: 598, call: scores, phase: playing
2026-06-15 15:57:53, tokens_remaining: 597, call: scores, phase: playing
2026-06-15 15:57:54, tokens_remaining: 597, call: scores, phase: playing
2026-06-15 15:57:55, tokens_remaining: 596, call: scores, phase: playing
2026-06-15 15:57:56, tokens_remaining: 596, call: scores, phase: playing
2026-06-15 15:57:57, tokens_remaining: 595, call: scores, phase: playing
2026-06-15 15:57:58, tokens_remaining: 594, call: events, phase: playing
2026-06-15 15:57:59, tokens_remaining: 593, call: scores, phase: playing
2026-06-15 15:57:59, tokens_remaining: 593, call: scores, phase: playing
2026-06-15 15:58:00, tokens_remaining: 592, call: scores, phase: playing
2026-06-15 15:58:00, STATE_CHANGE: Belgium vs Egypt [2H -> FT]
2026-06-15 15:58:11, tokens_remaining: 591, call: scores, phase: postgame
2026-06-15 15:58:21, tokens_remaining: 590, call: scores, phase: postgame
2026-06-15 15:58:31, tokens_remaining: 589, call: scores, phase: postgame
2026-06-15 15:58:42, tokens_remaining: 588, call: scores, phase: postgame
2026-06-15 15:58:52, tokens_remaining: 587, call: scores, phase: postgame
2026-06-15 15:59:52, tokens_remaining: 586, call: scores, phase: postgame
