2026-06-14 13:24:23, tokens_remaining: 1823, call: events, phase: idle
2026-06-14 13:24:23, EVENT: GOAL 6' Felix Nmecha (1-0) [Germany vs Curacao]
2026-06-14 13:24:23, EVENT: GOAL 21' Livano Comenencia (1-1) [Germany vs Curacao]
2026-06-14 13:24:23, EVENT: GOAL 38' Nico Schlotterbeck (2-1) [Germany vs Curacao]
2026-06-14 13:24:23, EVENT: EVENT_16 45+5' Kai Havertz (3-1) [Germany vs Curacao]
2026-06-14 13:24:23, EVENT: GOAL 47' Jamal Musiala (4-1) [Germany vs Curacao]
2026-06-14 13:24:23, EVENT: SUBSTITUTION 46' Jeremy Antonisse [Germany vs Curacao]
2026-06-14 13:24:23, STATE_CHANGE: Germany vs Curacao [— -> 2H]
2026-06-14 13:24:23, tokens_remaining: 1822, call: scores, phase: playing
2026-06-14 13:24:24, tokens_remaining: 1822, call: scores, phase: playing
2026-06-14 13:24:25, tokens_remaining: 1821, call: scores, phase: playing
2026-06-14 13:24:26, tokens_remaining: 1821, call: scores, phase: playing
2026-06-14 13:24:27, tokens_remaining: 1820, call: scores, phase: playing
2026-06-14 13:24:29, tokens_remaining: 1820, call: scores, phase: playing
2026-06-14 13:24:35, tokens_remaining: 1819, call: scores, phase: playing
2026-06-14 13:24:37, tokens_remaining: 1818, call: scores, phase: playing
2026-06-14 13:24:41, tokens_remaining: 1817, call: events, phase: playing
2026-06-14 13:24:42, tokens_remaining: 1816, call: scores, phase: playing
2026-06-14 13:24:54, tokens_remaining: 1815, call: scores, phase: playing
2026-06-14 13:24:55, tokens_remaining: 1814, call: scores, phase: playing
2026-06-14 13:24:57, tokens_remaining: 1813, call: scores, phase: playing
2026-06-14 13:24:58, tokens_remaining: 1812, call: scores, phase: playing
2026-06-14 13:25:00, tokens_remaining: 1811, call: scores, phase: playing
2026-06-14 13:25:01, tokens_remaining: 1810, call: scores, phase: playing
2026-06-14 13:25:02, tokens_remaining: 1809, call: scores, phase: playing
2026-06-14 13:25:04, tokens_remaining: 1808, call: scores, phase: playing
2026-06-14 13:25:05, tokens_remaining: 1807, call: events, phase: playing
2026-06-14 13:25:07, tokens_remaining: 1806, call: scores, phase: playing
2026-06-14 13:25:08, tokens_remaining: 1805, call: scores, phase: playing
2026-06-14 13:25:10, tokens_remaining: 1804, call: scores, phase: playing
2026-06-14 13:25:11, tokens_remaining: 1803, call: scores, phase: playing
2026-06-14 13:25:13, tokens_remaining: 1802, call: scores, phase: playing
2026-06-14 13:25:14, tokens_remaining: 1801, call: scores, phase: playing
2026-06-14 13:25:15, tokens_remaining: 1800, call: scores, phase: playing
2026-06-14 13:25:17, tokens_remaining: 1799, call: scores, phase: playing
2026-06-14 13:25:18, tokens_remaining: 1798, call: scores, phase: playing
2026-06-14 13:25:20, tokens_remaining: 1797, call: events, phase: playing
2026-06-14 13:25:21, tokens_remaining: 1796, call: scores, phase: playing
2026-06-14 13:25:23, tokens_remaining: 1795, call: scores, phase: playing
2026-06-14 13:25:24, tokens_remaining: 1794, call: scores, phase: playing
2026-06-14 13:25:26, tokens_remaining: 1793, call: scores, phase: playing
2026-06-14 13:25:27, tokens_remaining: 1792, call: scores, phase: playing
2026-06-14 13:25:29, tokens_remaining: 1791, call: scores, phase: playing
2026-06-14 13:25:30, tokens_remaining: 1790, call: scores, phase: playing
2026-06-14 13:25:31, tokens_remaining: 1789, call: scores, phase: playing
2026-06-14 13:25:33, tokens_remaining: 1788, call: scores, phase: playing
2026-06-14 13:25:35, tokens_remaining: 1787, call: events, phase: playing
2026-06-14 13:25:36, tokens_remaining: 1786, call: scores, phase: playing
2026-06-14 13:25:38, tokens_remaining: 1785, call: scores, phase: playing
2026-06-14 13:25:39, tokens_remaining: 1784, call: scores, phase: playing
2026-06-14 13:25:40, tokens_remaining: 1783, call: scores, phase: playing
2026-06-14 13:25:42, tokens_remaining: 1782, call: scores, phase: playing
2026-06-14 13:25:43, tokens_remaining: 1781, call: scores, phase: playing
2026-06-14 13:25:45, tokens_remaining: 1780, call: scores, phase: playing
2026-06-14 13:25:46, tokens_remaining: 1779, call: scores, phase: playing
2026-06-14 13:25:47, tokens_remaining: 1778, call: scores, phase: playing
2026-06-14 13:25:50, tokens_remaining: 1777, call: events, phase: playing
2026-06-14 13:25:51, tokens_remaining: 1776, call: scores, phase: playing
2026-06-14 13:25:53, tokens_remaining: 1775, call: scores, phase: playing
2026-06-14 13:25:54, tokens_remaining: 1774, call: scores, phase: playing
2026-06-14 13:25:56, tokens_remaining: 1773, call: scores, phase: playing
2026-06-14 13:25:57, tokens_remaining: 1772, call: scores, phase: playing
2026-06-14 13:25:59, tokens_remaining: 1771, call: scores, phase: playing
2026-06-14 13:26:00, tokens_remaining: 1770, call: scores, phase: playing
2026-06-14 13:26:02, tokens_remaining: 1769, call: scores, phase: playing
2026-06-14 13:26:03, tokens_remaining: 1768, call: scores, phase: playing
2026-06-14 13:26:04, tokens_remaining: 1767, call: events, phase: playing
2026-06-14 13:26:06, tokens_remaining: 1766, call: scores, phase: playing
2026-06-14 13:26:07, tokens_remaining: 1765, call: scores, phase: playing
2026-06-14 13:26:09, tokens_remaining: 1764, call: scores, phase: playing
2026-06-14 13:26:10, tokens_remaining: 1763, call: scores, phase: playing
2026-06-14 13:26:12, tokens_remaining: 1762, call: scores, phase: playing
2026-06-14 13:26:13, tokens_remaining: 1761, call: scores, phase: playing
2026-06-14 13:26:14, tokens_remaining: 1760, call: scores, phase: playing
2026-06-14 13:26:16, tokens_remaining: 1759, call: scores, phase: playing
2026-06-14 13:26:17, tokens_remaining: 1758, call: scores, phase: playing
2026-06-14 13:26:19, tokens_remaining: 1757, call: events, phase: playing
2026-06-14 13:26:20, tokens_remaining: 1756, call: scores, phase: playing
2026-06-14 13:26:22, tokens_remaining: 1755, call: scores, phase: playing
2026-06-14 13:26:23, tokens_remaining: 1754, call: scores, phase: playing
2026-06-14 13:26:24, tokens_remaining: 1753, call: scores, phase: playing
2026-06-14 13:26:26, tokens_remaining: 1752, call: scores, phase: playing
2026-06-14 13:26:27, tokens_remaining: 1751, call: scores, phase: playing
2026-06-14 13:26:29, tokens_remaining: 1750, call: scores, phase: playing
2026-06-14 13:26:30, tokens_remaining: 1749, call: scores, phase: playing
2026-06-14 13:26:32, tokens_remaining: 1748, call: scores, phase: playing
2026-06-14 13:26:33, tokens_remaining: 1747, call: events, phase: playing
2026-06-14 13:26:34, tokens_remaining: 1746, call: scores, phase: playing
2026-06-14 13:26:36, tokens_remaining: 1745, call: scores, phase: playing
2026-06-14 13:26:37, tokens_remaining: 1744, call: scores, phase: playing
2026-06-14 13:26:39, tokens_remaining: 1743, call: scores, phase: playing
2026-06-14 13:26:40, tokens_remaining: 1742, call: scores, phase: playing
2026-06-14 13:26:41, tokens_remaining: 1741, call: scores, phase: playing
2026-06-14 13:26:43, tokens_remaining: 1740, call: scores, phase: playing
2026-06-14 13:26:44, tokens_remaining: 1739, call: scores, phase: playing
2026-06-14 13:26:46, tokens_remaining: 1738, call: scores, phase: playing
2026-06-14 13:26:47, tokens_remaining: 1737, call: events, phase: playing
2026-06-14 13:26:49, tokens_remaining: 1736, call: scores, phase: playing
2026-06-14 13:26:50, tokens_remaining: 1735, call: scores, phase: playing
2026-06-14 13:26:51, tokens_remaining: 1734, call: scores, phase: playing
2026-06-14 13:26:53, tokens_remaining: 1733, call: scores, phase: playing
2026-06-14 13:26:54, tokens_remaining: 1732, call: scores, phase: playing
2026-06-14 13:26:56, tokens_remaining: 1731, call: scores, phase: playing
2026-06-14 13:26:57, tokens_remaining: 1730, call: scores, phase: playing
2026-06-14 13:26:59, tokens_remaining: 1729, call: scores, phase: playing
2026-06-14 13:27:00, tokens_remaining: 1728, call: scores, phase: playing
2026-06-14 13:27:01, tokens_remaining: 1727, call: events, phase: playing
2026-06-14 13:27:03, tokens_remaining: 1726, call: scores, phase: playing
2026-06-14 13:27:04, tokens_remaining: 1725, call: scores, phase: playing
2026-06-14 13:27:06, tokens_remaining: 1724, call: scores, phase: playing
2026-06-14 13:27:07, tokens_remaining: 1723, call: scores, phase: playing
2026-06-14 13:27:08, tokens_remaining: 1722, call: scores, phase: playing
2026-06-14 13:27:10, tokens_remaining: 1721, call: scores, phase: playing
2026-06-14 13:27:11, tokens_remaining: 1720, call: scores, phase: playing
2026-06-14 13:27:13, tokens_remaining: 1719, call: scores, phase: playing
2026-06-14 13:27:14, tokens_remaining: 1718, call: scores, phase: playing
2026-06-14 13:27:16, tokens_remaining: 1717, call: events, phase: playing
2026-06-14 13:27:17, tokens_remaining: 1716, call: scores, phase: playing
2026-06-14 13:27:19, tokens_remaining: 1715, call: scores, phase: playing
2026-06-14 13:27:20, tokens_remaining: 1714, call: scores, phase: playing
2026-06-14 13:27:21, tokens_remaining: 1713, call: scores, phase: playing
2026-06-14 13:27:23, tokens_remaining: 1712, call: scores, phase: playing
2026-06-14 13:27:24, tokens_remaining: 1711, call: scores, phase: playing
2026-06-14 13:27:26, tokens_remaining: 1710, call: scores, phase: playing
2026-06-14 13:27:27, tokens_remaining: 1709, call: scores, phase: playing
2026-06-14 13:27:29, tokens_remaining: 1708, call: scores, phase: playing
2026-06-14 13:27:30, tokens_remaining: 1707, call: events, phase: playing
2026-06-14 13:27:31, tokens_remaining: 1706, call: scores, phase: playing
2026-06-14 13:27:33, tokens_remaining: 1705, call: scores, phase: playing
2026-06-14 13:27:34, tokens_remaining: 1704, call: scores, phase: playing
2026-06-14 13:27:36, tokens_remaining: 1703, call: scores, phase: playing
2026-06-14 13:27:38, tokens_remaining: 1702, call: scores, phase: playing
2026-06-14 13:27:39, tokens_remaining: 1701, call: scores, phase: playing
2026-06-14 13:27:41, tokens_remaining: 1700, call: scores, phase: playing
2026-06-14 13:27:42, tokens_remaining: 1699, call: scores, phase: playing
2026-06-14 13:27:44, tokens_remaining: 1698, call: scores, phase: playing
2026-06-14 13:27:45, tokens_remaining: 1697, call: events, phase: playing
2026-06-14 13:27:46, tokens_remaining: 1696, call: scores, phase: playing
2026-06-14 13:27:48, tokens_remaining: 1695, call: scores, phase: playing
2026-06-14 13:27:49, tokens_remaining: 1694, call: scores, phase: playing
2026-06-14 13:27:51, tokens_remaining: 1693, call: scores, phase: playing
2026-06-14 13:27:52, tokens_remaining: 1692, call: scores, phase: playing
2026-06-14 13:27:54, tokens_remaining: 1691, call: scores, phase: playing
2026-06-14 13:27:55, tokens_remaining: 1690, call: scores, phase: playing
2026-06-14 13:27:56, tokens_remaining: 1689, call: scores, phase: playing
2026-06-14 13:27:58, tokens_remaining: 1688, call: scores, phase: playing
2026-06-14 13:27:59, tokens_remaining: 1687, call: events, phase: playing
2026-06-14 13:27:59, EVENT: SUBSTITUTION 64' Deniz Undav [Germany vs Curacao]
2026-06-14 13:28:01, tokens_remaining: 1686, call: scores, phase: playing
2026-06-14 13:28:02, tokens_remaining: 1685, call: scores, phase: playing
2026-06-14 13:28:03, tokens_remaining: 1684, call: scores, phase: playing
2026-06-14 13:28:05, tokens_remaining: 1683, call: scores, phase: playing
2026-06-14 13:28:06, tokens_remaining: 1682, call: scores, phase: playing
2026-06-14 13:28:08, tokens_remaining: 1681, call: scores, phase: playing
2026-06-14 13:28:09, tokens_remaining: 1680, call: scores, phase: playing
2026-06-14 13:28:10, tokens_remaining: 1679, call: scores, phase: playing
2026-06-14 13:28:12, tokens_remaining: 1678, call: scores, phase: playing
2026-06-14 13:28:13, tokens_remaining: 1677, call: events, phase: playing
2026-06-14 13:28:15, tokens_remaining: 1676, call: scores, phase: playing
2026-06-14 13:28:16, tokens_remaining: 1675, call: scores, phase: playing
2026-06-14 13:28:17, tokens_remaining: 1674, call: scores, phase: playing
2026-06-14 13:28:19, tokens_remaining: 1673, call: scores, phase: playing
2026-06-14 13:28:20, tokens_remaining: 1672, call: scores, phase: playing
2026-06-14 13:28:22, tokens_remaining: 1671, call: scores, phase: playing
2026-06-14 13:28:23, tokens_remaining: 1670, call: scores, phase: playing
2026-06-14 13:28:24, tokens_remaining: 1669, call: scores, phase: playing
2026-06-14 13:28:26, tokens_remaining: 1668, call: scores, phase: playing
2026-06-14 13:28:27, tokens_remaining: 1667, call: events, phase: playing
2026-06-14 13:28:29, tokens_remaining: 1666, call: scores, phase: playing
2026-06-14 13:28:30, tokens_remaining: 1665, call: scores, phase: playing
2026-06-14 13:28:32, tokens_remaining: 1664, call: scores, phase: playing
2026-06-14 13:28:36, tokens_remaining: 1663, call: scores, phase: playing
2026-06-14 13:28:38, tokens_remaining: 1662, call: scores, phase: playing
2026-06-14 13:28:39, tokens_remaining: 1661, call: scores, phase: playing
2026-06-14 13:28:41, tokens_remaining: 1660, call: events, phase: playing
2026-06-14 13:28:42, tokens_remaining: 1659, call: scores, phase: playing
2026-06-14 13:28:43, tokens_remaining: 1658, call: scores, phase: playing
2026-06-14 13:28:45, tokens_remaining: 1657, call: scores, phase: playing
2026-06-14 13:28:46, tokens_remaining: 1656, call: scores, phase: playing
2026-06-14 13:28:48, tokens_remaining: 1655, call: scores, phase: playing
2026-06-14 13:28:49, tokens_remaining: 1654, call: scores, phase: playing
2026-06-14 13:28:50, tokens_remaining: 1653, call: scores, phase: playing
2026-06-14 13:28:52, tokens_remaining: 1652, call: scores, phase: playing
2026-06-14 13:28:53, tokens_remaining: 1651, call: scores, phase: playing
2026-06-14 13:28:55, tokens_remaining: 1650, call: events, phase: playing
2026-06-14 13:28:55, EVENT: SUBSTITUTION 64' None [Germany vs Curacao]
2026-06-14 13:28:56, tokens_remaining: 1649, call: scores, phase: playing
2026-06-14 13:28:57, tokens_remaining: 1648, call: scores, phase: playing
2026-06-14 13:28:59, tokens_remaining: 1647, call: scores, phase: playing
2026-06-14 13:29:00, tokens_remaining: 1646, call: scores, phase: playing
2026-06-14 13:29:02, tokens_remaining: 1645, call: scores, phase: playing
2026-06-14 13:29:03, tokens_remaining: 1644, call: scores, phase: playing
2026-06-14 13:29:04, tokens_remaining: 1643, call: scores, phase: playing
2026-06-14 13:29:06, tokens_remaining: 1642, call: scores, phase: playing
2026-06-14 13:29:07, tokens_remaining: 1641, call: scores, phase: playing
2026-06-14 13:29:09, tokens_remaining: 1640, call: events, phase: playing
2026-06-14 13:29:10, tokens_remaining: 1639, call: scores, phase: playing
2026-06-14 13:29:11, tokens_remaining: 1638, call: scores, phase: playing
2026-06-14 13:29:13, tokens_remaining: 1637, call: scores, phase: playing
2026-06-14 13:29:14, tokens_remaining: 1636, call: scores, phase: playing
2026-06-14 13:29:16, tokens_remaining: 1635, call: scores, phase: playing
2026-06-14 13:29:17, tokens_remaining: 1634, call: scores, phase: playing
2026-06-14 13:29:18, tokens_remaining: 1633, call: scores, phase: playing
2026-06-14 13:29:20, tokens_remaining: 1632, call: scores, phase: playing
2026-06-14 13:29:21, tokens_remaining: 1631, call: scores, phase: playing
2026-06-14 13:29:23, tokens_remaining: 1630, call: events, phase: playing
2026-06-14 13:29:24, tokens_remaining: 1629, call: scores, phase: playing
2026-06-14 13:29:25, tokens_remaining: 1628, call: scores, phase: playing
2026-06-14 13:29:27, tokens_remaining: 1627, call: scores, phase: playing
2026-06-14 13:29:28, tokens_remaining: 1626, call: scores, phase: playing
2026-06-14 13:29:30, tokens_remaining: 1625, call: scores, phase: playing
2026-06-14 13:29:31, tokens_remaining: 1624, call: scores, phase: playing
2026-06-14 13:29:32, tokens_remaining: 1623, call: scores, phase: playing
2026-06-14 13:29:34, tokens_remaining: 1622, call: scores, phase: playing
2026-06-14 13:29:35, tokens_remaining: 1621, call: scores, phase: playing
2026-06-14 13:29:37, tokens_remaining: 1620, call: events, phase: playing
2026-06-14 13:29:38, tokens_remaining: 1619, call: scores, phase: playing
2026-06-14 13:29:40, tokens_remaining: 1618, call: scores, phase: playing
2026-06-14 13:29:41, tokens_remaining: 1617, call: scores, phase: playing
2026-06-14 13:29:42, tokens_remaining: 1616, call: scores, phase: playing
2026-06-14 13:29:44, tokens_remaining: 1615, call: scores, phase: playing
2026-06-14 13:29:45, tokens_remaining: 1614, call: scores, phase: playing
2026-06-14 13:29:47, tokens_remaining: 1613, call: scores, phase: playing
2026-06-14 13:29:48, tokens_remaining: 1612, call: scores, phase: playing
2026-06-14 13:29:49, tokens_remaining: 1611, call: scores, phase: playing
2026-06-14 13:29:51, tokens_remaining: 1610, call: events, phase: playing
2026-06-14 13:29:52, tokens_remaining: 1609, call: scores, phase: playing
2026-06-14 13:29:54, tokens_remaining: 1608, call: scores, phase: playing
2026-06-14 13:29:55, tokens_remaining: 1607, call: scores, phase: playing
2026-06-14 13:29:55, GOAL: Curacao (Germany 4-2 Curacao)
2026-06-14 13:29:57, tokens_remaining: 1606, call: scores, phase: playing
2026-06-14 13:29:58, tokens_remaining: 1605, call: scores, phase: playing
2026-06-14 13:29:59, tokens_remaining: 1604, call: scores, phase: playing
2026-06-14 13:30:01, tokens_remaining: 1603, call: scores, phase: playing
2026-06-14 13:30:02, tokens_remaining: 1602, call: scores, phase: playing
2026-06-14 13:30:04, tokens_remaining: 1601, call: scores, phase: playing
2026-06-14 13:30:05, tokens_remaining: 1600, call: events, phase: playing
2026-06-14 13:30:07, tokens_remaining: 1599, call: scores, phase: playing
2026-06-14 13:30:08, tokens_remaining: 1598, call: scores, phase: playing
2026-06-14 13:30:09, tokens_remaining: 1597, call: scores, phase: playing
2026-06-14 13:30:11, tokens_remaining: 1596, call: scores, phase: playing
2026-06-14 13:30:12, tokens_remaining: 1595, call: scores, phase: playing
2026-06-14 13:30:14, tokens_remaining: 1594, call: scores, phase: playing
2026-06-14 13:30:15, tokens_remaining: 1593, call: scores, phase: playing
2026-06-14 13:30:16, tokens_remaining: 1592, call: scores, phase: playing
2026-06-14 13:30:18, tokens_remaining: 1591, call: scores, phase: playing
2026-06-14 13:30:19, tokens_remaining: 1590, call: events, phase: playing
2026-06-14 13:30:21, tokens_remaining: 1589, call: scores, phase: playing
2026-06-14 13:30:22, tokens_remaining: 1588, call: scores, phase: playing
2026-06-14 13:30:24, tokens_remaining: 1587, call: scores, phase: playing
2026-06-14 13:30:25, tokens_remaining: 1586, call: scores, phase: playing
2026-06-14 13:30:27, tokens_remaining: 1585, call: scores, phase: playing
2026-06-14 13:30:28, tokens_remaining: 1584, call: scores, phase: playing
2026-06-14 13:30:29, tokens_remaining: 1583, call: scores, phase: playing
2026-06-14 13:30:31, tokens_remaining: 1582, call: scores, phase: playing
2026-06-14 13:30:32, tokens_remaining: 1581, call: scores, phase: playing
2026-06-14 13:30:34, tokens_remaining: 1580, call: events, phase: playing
2026-06-14 13:30:36, tokens_remaining: 1579, call: scores, phase: playing
2026-06-14 13:30:37, tokens_remaining: 1578, call: scores, phase: playing
2026-06-14 13:30:39, tokens_remaining: 1577, call: scores, phase: playing
2026-06-14 13:30:40, tokens_remaining: 1576, call: scores, phase: playing
2026-06-14 13:30:42, tokens_remaining: 1575, call: scores, phase: playing
2026-06-14 13:30:43, tokens_remaining: 1574, call: scores, phase: playing
2026-06-14 13:30:44, tokens_remaining: 1573, call: scores, phase: playing
2026-06-14 13:30:46, tokens_remaining: 1572, call: scores, phase: playing
2026-06-14 13:30:47, tokens_remaining: 1571, call: scores, phase: playing
2026-06-14 13:30:48, tokens_remaining: 1570, call: events, phase: playing
2026-06-14 13:30:50, tokens_remaining: 1569, call: scores, phase: playing
2026-06-14 13:30:51, tokens_remaining: 1568, call: scores, phase: playing
2026-06-14 13:30:53, tokens_remaining: 1567, call: scores, phase: playing
2026-06-14 13:30:54, tokens_remaining: 1566, call: scores, phase: playing
2026-06-14 13:30:56, tokens_remaining: 1565, call: scores, phase: playing
2026-06-14 13:30:57, tokens_remaining: 1564, call: scores, phase: playing
2026-06-14 13:30:58, tokens_remaining: 1563, call: scores, phase: playing
2026-06-14 13:31:00, tokens_remaining: 1562, call: scores, phase: playing
2026-06-14 13:31:01, tokens_remaining: 1561, call: scores, phase: playing
2026-06-14 13:31:03, tokens_remaining: 1560, call: events, phase: playing
2026-06-14 13:31:04, tokens_remaining: 1559, call: scores, phase: playing
2026-06-14 13:31:05, tokens_remaining: 1558, call: scores, phase: playing
2026-06-14 13:31:07, tokens_remaining: 1557, call: scores, phase: playing
2026-06-14 13:31:08, tokens_remaining: 1556, call: scores, phase: playing
2026-06-14 13:31:10, tokens_remaining: 1555, call: scores, phase: playing
2026-06-14 13:31:11, tokens_remaining: 1554, call: scores, phase: playing
2026-06-14 13:31:12, tokens_remaining: 1553, call: scores, phase: playing
2026-06-14 13:31:14, tokens_remaining: 1552, call: scores, phase: playing
2026-06-14 13:31:15, tokens_remaining: 1551, call: scores, phase: playing
2026-06-14 13:31:16, tokens_remaining: 1550, call: events, phase: playing
2026-06-14 13:31:18, tokens_remaining: 1549, call: scores, phase: playing
2026-06-14 13:31:19, tokens_remaining: 1548, call: scores, phase: playing
2026-06-14 13:31:21, tokens_remaining: 1547, call: scores, phase: playing
2026-06-14 13:31:22, tokens_remaining: 1546, call: scores, phase: playing
2026-06-14 13:31:23, tokens_remaining: 1545, call: scores, phase: playing
2026-06-14 13:31:25, tokens_remaining: 1544, call: scores, phase: playing
2026-06-14 13:31:26, tokens_remaining: 1543, call: scores, phase: playing
2026-06-14 13:31:28, tokens_remaining: 1542, call: scores, phase: playing
2026-06-14 13:31:29, tokens_remaining: 1541, call: scores, phase: playing
2026-06-14 13:31:30, tokens_remaining: 1540, call: events, phase: playing
2026-06-14 13:31:32, tokens_remaining: 1539, call: scores, phase: playing
2026-06-14 13:31:32, GOAL: Germany (Germany 5-1 Curacao)
2026-06-14 13:31:33, tokens_remaining: 1538, call: scores, phase: playing
2026-06-14 13:31:35, tokens_remaining: 1537, call: scores, phase: playing
2026-06-14 13:31:36, tokens_remaining: 1536, call: scores, phase: playing
2026-06-14 13:31:37, tokens_remaining: 1535, call: scores, phase: playing
2026-06-14 13:31:39, tokens_remaining: 1534, call: scores, phase: playing
2026-06-14 13:31:40, tokens_remaining: 1533, call: scores, phase: playing
2026-06-14 13:31:41, tokens_remaining: 1532, call: scores, phase: playing
2026-06-14 13:31:43, tokens_remaining: 1531, call: scores, phase: playing
2026-06-14 13:31:44, tokens_remaining: 1530, call: events, phase: playing
2026-06-14 13:31:45, tokens_remaining: 1529, call: scores, phase: playing
2026-06-14 13:31:47, tokens_remaining: 1528, call: scores, phase: playing
2026-06-14 13:31:48, tokens_remaining: 1527, call: scores, phase: playing
2026-06-14 13:31:50, tokens_remaining: 1526, call: scores, phase: playing
2026-06-14 13:31:51, tokens_remaining: 1525, call: scores, phase: playing
2026-06-14 13:31:52, tokens_remaining: 1524, call: scores, phase: playing
2026-06-14 13:31:54, tokens_remaining: 1523, call: scores, phase: playing
2026-06-14 13:31:55, tokens_remaining: 1522, call: scores, phase: playing
2026-06-14 13:31:56, tokens_remaining: 1521, call: scores, phase: playing
2026-06-14 13:31:58, tokens_remaining: 1520, call: events, phase: playing
2026-06-14 13:31:58, EVENT: GOAL 68' Nathaniel Brown (5-1) [Germany vs Curacao]
2026-06-14 13:31:59, tokens_remaining: 1519, call: scores, phase: playing
2026-06-14 13:32:01, tokens_remaining: 1518, call: scores, phase: playing
2026-06-14 13:32:02, tokens_remaining: 1517, call: scores, phase: playing
2026-06-14 13:32:03, tokens_remaining: 1516, call: scores, phase: playing
2026-06-14 13:32:05, tokens_remaining: 1515, call: scores, phase: playing
2026-06-14 13:32:06, tokens_remaining: 1514, call: scores, phase: playing
2026-06-14 13:32:07, tokens_remaining: 1513, call: scores, phase: playing
2026-06-14 13:32:09, tokens_remaining: 1512, call: scores, phase: playing
2026-06-14 13:32:10, tokens_remaining: 1511, call: scores, phase: playing
2026-06-14 13:32:11, tokens_remaining: 1510, call: events, phase: playing
2026-06-14 13:32:13, tokens_remaining: 1509, call: scores, phase: playing
2026-06-14 13:32:14, tokens_remaining: 1508, call: scores, phase: playing
2026-06-14 13:32:16, tokens_remaining: 1507, call: scores, phase: playing
2026-06-14 13:32:17, tokens_remaining: 1506, call: scores, phase: playing
2026-06-14 13:32:18, tokens_remaining: 1505, call: scores, phase: playing
2026-06-14 13:32:20, tokens_remaining: 1504, call: scores, phase: playing
2026-06-14 13:32:21, tokens_remaining: 1503, call: scores, phase: playing
2026-06-14 13:32:22, tokens_remaining: 1502, call: scores, phase: playing
2026-06-14 13:32:24, tokens_remaining: 1501, call: scores, phase: playing
2026-06-14 13:32:25, tokens_remaining: 1500, call: events, phase: playing
2026-06-14 13:32:27, tokens_remaining: 1499, call: scores, phase: playing
2026-06-14 13:32:28, tokens_remaining: 1498, call: scores, phase: playing
2026-06-14 13:32:29, tokens_remaining: 1497, call: scores, phase: playing
2026-06-14 13:32:31, tokens_remaining: 1496, call: scores, phase: playing
2026-06-14 13:32:32, tokens_remaining: 1495, call: scores, phase: playing
2026-06-14 13:32:33, tokens_remaining: 1494, call: scores, phase: playing
2026-06-14 13:32:35, tokens_remaining: 1493, call: scores, phase: playing
2026-06-14 13:32:36, tokens_remaining: 1492, call: scores, phase: playing
2026-06-14 13:32:37, tokens_remaining: 1491, call: scores, phase: playing
2026-06-14 13:32:39, tokens_remaining: 1490, call: events, phase: playing
2026-06-14 13:32:40, tokens_remaining: 1489, call: scores, phase: playing
2026-06-14 13:32:41, tokens_remaining: 1488, call: scores, phase: playing
2026-06-14 13:32:43, tokens_remaining: 1487, call: scores, phase: playing
2026-06-14 13:32:44, tokens_remaining: 1486, call: scores, phase: playing
2026-06-14 13:32:46, tokens_remaining: 1485, call: scores, phase: playing
2026-06-14 13:32:47, tokens_remaining: 1484, call: scores, phase: playing
2026-06-14 13:32:48, tokens_remaining: 1483, call: scores, phase: playing
2026-06-14 13:32:50, tokens_remaining: 1482, call: scores, phase: playing
2026-06-14 13:32:51, tokens_remaining: 1481, call: scores, phase: playing
2026-06-14 13:32:52, tokens_remaining: 1480, call: events, phase: playing
2026-06-14 13:32:54, tokens_remaining: 1479, call: scores, phase: playing
2026-06-14 13:32:55, tokens_remaining: 1478, call: scores, phase: playing
2026-06-14 13:32:56, tokens_remaining: 1477, call: scores, phase: playing
2026-06-14 13:32:58, tokens_remaining: 1476, call: scores, phase: playing
2026-06-14 13:32:59, tokens_remaining: 1475, call: scores, phase: playing
2026-06-14 13:33:01, tokens_remaining: 1474, call: scores, phase: playing
2026-06-14 13:33:02, tokens_remaining: 1473, call: scores, phase: playing
2026-06-14 13:33:03, tokens_remaining: 1472, call: scores, phase: playing
2026-06-14 13:33:05, tokens_remaining: 1471, call: scores, phase: playing
2026-06-14 13:33:06, tokens_remaining: 1470, call: events, phase: playing
2026-06-14 13:33:07, tokens_remaining: 1469, call: scores, phase: playing
2026-06-14 13:33:09, tokens_remaining: 1468, call: scores, phase: playing
2026-06-14 13:33:10, tokens_remaining: 1467, call: scores, phase: playing
2026-06-14 13:33:11, tokens_remaining: 1466, call: scores, phase: playing
2026-06-14 13:33:13, tokens_remaining: 1465, call: scores, phase: playing
2026-06-14 13:33:14, tokens_remaining: 1464, call: scores, phase: playing
2026-06-14 13:33:15, tokens_remaining: 1463, call: scores, phase: playing
2026-06-14 13:33:17, tokens_remaining: 1462, call: scores, phase: playing
2026-06-14 13:33:18, tokens_remaining: 1461, call: scores, phase: playing
2026-06-14 13:33:19, tokens_remaining: 1460, call: events, phase: playing
2026-06-14 13:33:21, tokens_remaining: 1459, call: scores, phase: playing
2026-06-14 13:33:22, tokens_remaining: 1458, call: scores, phase: playing
2026-06-14 13:33:24, tokens_remaining: 1457, call: scores, phase: playing
2026-06-14 13:33:25, tokens_remaining: 1456, call: scores, phase: playing
2026-06-14 13:33:26, tokens_remaining: 1455, call: scores, phase: playing
2026-06-14 13:33:28, tokens_remaining: 1454, call: scores, phase: playing
2026-06-14 13:33:29, tokens_remaining: 1453, call: scores, phase: playing
2026-06-14 13:33:30, tokens_remaining: 1452, call: scores, phase: playing
2026-06-14 13:33:32, tokens_remaining: 1451, call: scores, phase: playing
2026-06-14 13:33:33, tokens_remaining: 1450, call: events, phase: playing
2026-06-14 13:33:34, tokens_remaining: 1449, call: scores, phase: playing
2026-06-14 13:33:36, tokens_remaining: 1448, call: scores, phase: playing
2026-06-14 13:33:37, tokens_remaining: 1447, call: scores, phase: playing
2026-06-14 13:33:39, tokens_remaining: 1446, call: scores, phase: playing
2026-06-14 13:33:40, tokens_remaining: 1445, call: scores, phase: playing
2026-06-14 13:33:41, tokens_remaining: 1444, call: scores, phase: playing
2026-06-14 13:33:43, tokens_remaining: 1443, call: scores, phase: playing
2026-06-14 13:33:44, tokens_remaining: 1442, call: scores, phase: playing
2026-06-14 13:33:45, tokens_remaining: 1441, call: scores, phase: playing
2026-06-14 13:33:47, tokens_remaining: 1440, call: events, phase: playing
2026-06-14 13:33:48, tokens_remaining: 1439, call: scores, phase: playing
2026-06-14 13:33:49, tokens_remaining: 1438, call: scores, phase: playing
2026-06-14 13:33:51, tokens_remaining: 1437, call: scores, phase: playing
2026-06-14 13:33:52, tokens_remaining: 1436, call: scores, phase: playing
2026-06-14 13:33:53, tokens_remaining: 1435, call: scores, phase: playing
2026-06-14 13:33:55, tokens_remaining: 1434, call: scores, phase: playing
2026-06-14 13:33:56, tokens_remaining: 1433, call: scores, phase: playing
2026-06-14 13:33:57, tokens_remaining: 1432, call: scores, phase: playing
2026-06-14 13:33:59, tokens_remaining: 1431, call: scores, phase: playing
2026-06-14 13:34:00, tokens_remaining: 1430, call: events, phase: playing
2026-06-14 13:34:02, tokens_remaining: 1429, call: scores, phase: playing
2026-06-14 13:34:03, tokens_remaining: 1428, call: scores, phase: playing
2026-06-14 13:34:04, tokens_remaining: 1427, call: scores, phase: playing
2026-06-14 13:34:06, tokens_remaining: 1426, call: scores, phase: playing
2026-06-14 13:34:07, tokens_remaining: 1425, call: scores, phase: playing
2026-06-14 13:34:08, tokens_remaining: 1424, call: scores, phase: playing
2026-06-14 13:34:10, tokens_remaining: 1423, call: scores, phase: playing
2026-06-14 13:34:11, tokens_remaining: 1422, call: scores, phase: playing
2026-06-14 13:34:12, tokens_remaining: 1421, call: scores, phase: playing
2026-06-14 13:34:14, tokens_remaining: 1420, call: events, phase: playing
2026-06-14 13:34:15, tokens_remaining: 1419, call: scores, phase: playing
2026-06-14 13:34:16, tokens_remaining: 1418, call: scores, phase: playing
2026-06-14 13:34:18, tokens_remaining: 1417, call: scores, phase: playing
2026-06-14 13:34:19, tokens_remaining: 1416, call: scores, phase: playing
2026-06-14 13:34:20, tokens_remaining: 1415, call: scores, phase: playing
2026-06-14 13:34:22, tokens_remaining: 1414, call: scores, phase: playing
2026-06-14 13:34:23, tokens_remaining: 1413, call: scores, phase: playing
2026-06-14 13:34:24, tokens_remaining: 1412, call: scores, phase: playing
2026-06-14 13:34:26, tokens_remaining: 1411, call: scores, phase: playing
2026-06-14 13:34:27, tokens_remaining: 1410, call: events, phase: playing
2026-06-14 13:34:28, tokens_remaining: 1409, call: scores, phase: playing
2026-06-14 13:34:30, tokens_remaining: 1408, call: scores, phase: playing
2026-06-14 13:34:31, tokens_remaining: 1407, call: scores, phase: playing
2026-06-14 13:34:32, tokens_remaining: 1406, call: scores, phase: playing
2026-06-14 13:34:34, tokens_remaining: 1405, call: scores, phase: playing
2026-06-14 13:34:35, tokens_remaining: 1404, call: scores, phase: playing
2026-06-14 13:34:36, tokens_remaining: 1403, call: scores, phase: playing
2026-06-14 13:34:38, tokens_remaining: 1402, call: scores, phase: playing
2026-06-14 13:34:39, tokens_remaining: 1401, call: scores, phase: playing
2026-06-14 13:34:41, tokens_remaining: 1400, call: events, phase: playing
2026-06-14 13:34:42, tokens_remaining: 1399, call: scores, phase: playing
2026-06-14 13:34:43, tokens_remaining: 1398, call: scores, phase: playing
2026-06-14 13:34:45, tokens_remaining: 1397, call: scores, phase: playing
2026-06-14 13:34:46, tokens_remaining: 1396, call: scores, phase: playing
2026-06-14 13:34:47, tokens_remaining: 1395, call: scores, phase: playing
2026-06-14 13:34:49, tokens_remaining: 1394, call: scores, phase: playing
2026-06-14 13:34:50, tokens_remaining: 1393, call: scores, phase: playing
2026-06-14 13:34:51, tokens_remaining: 1392, call: scores, phase: playing
2026-06-14 13:34:52, tokens_remaining: 1391, call: scores, phase: playing
2026-06-14 13:34:54, tokens_remaining: 1390, call: events, phase: playing
2026-06-14 13:34:55, tokens_remaining: 1389, call: scores, phase: playing
2026-06-14 13:34:57, tokens_remaining: 1388, call: scores, phase: playing
2026-06-14 13:34:58, tokens_remaining: 1387, call: scores, phase: playing
2026-06-14 13:34:59, tokens_remaining: 1386, call: scores, phase: playing
2026-06-14 13:35:01, tokens_remaining: 1385, call: scores, phase: playing
2026-06-14 13:35:02, tokens_remaining: 1384, call: scores, phase: playing
2026-06-14 13:35:03, tokens_remaining: 1383, call: scores, phase: playing
2026-06-14 13:35:05, tokens_remaining: 1382, call: scores, phase: playing
2026-06-14 13:35:06, tokens_remaining: 1381, call: scores, phase: playing
2026-06-14 13:35:07, tokens_remaining: 1380, call: events, phase: playing
2026-06-14 13:35:09, tokens_remaining: 1379, call: scores, phase: playing
2026-06-14 13:35:10, tokens_remaining: 1378, call: scores, phase: playing
2026-06-14 13:35:11, tokens_remaining: 1377, call: scores, phase: playing
2026-06-14 13:35:13, tokens_remaining: 1376, call: scores, phase: playing
2026-06-14 13:35:14, tokens_remaining: 1375, call: scores, phase: playing
2026-06-14 13:35:15, tokens_remaining: 1374, call: scores, phase: playing
2026-06-14 13:35:17, tokens_remaining: 1373, call: scores, phase: playing
2026-06-14 13:35:18, tokens_remaining: 1372, call: scores, phase: playing
2026-06-14 13:35:19, tokens_remaining: 1371, call: scores, phase: playing
2026-06-14 13:35:21, tokens_remaining: 1370, call: events, phase: playing
2026-06-14 13:35:22, tokens_remaining: 1369, call: scores, phase: playing
2026-06-14 13:35:23, tokens_remaining: 1368, call: scores, phase: playing
2026-06-14 13:35:25, tokens_remaining: 1367, call: scores, phase: playing
2026-06-14 13:35:26, tokens_remaining: 1366, call: scores, phase: playing
2026-06-14 13:35:27, tokens_remaining: 1365, call: scores, phase: playing
2026-06-14 13:35:29, tokens_remaining: 1364, call: scores, phase: playing
2026-06-14 13:35:30, tokens_remaining: 1363, call: scores, phase: playing
2026-06-14 13:35:31, tokens_remaining: 1362, call: scores, phase: playing
2026-06-14 13:35:33, tokens_remaining: 1361, call: scores, phase: playing
2026-06-14 13:35:34, tokens_remaining: 1360, call: events, phase: playing
2026-06-14 13:35:35, tokens_remaining: 1359, call: scores, phase: playing
2026-06-14 13:35:37, tokens_remaining: 1358, call: scores, phase: playing
2026-06-14 13:35:38, tokens_remaining: 1357, call: scores, phase: playing
2026-06-14 13:35:39, tokens_remaining: 1356, call: scores, phase: playing
2026-06-14 13:35:41, tokens_remaining: 1355, call: scores, phase: playing
2026-06-14 13:35:42, tokens_remaining: 1354, call: scores, phase: playing
2026-06-14 13:35:43, tokens_remaining: 1353, call: scores, phase: playing
2026-06-14 13:35:45, tokens_remaining: 1352, call: scores, phase: playing
2026-06-14 13:35:46, tokens_remaining: 1351, call: scores, phase: playing
2026-06-14 13:35:47, tokens_remaining: 1350, call: events, phase: playing
2026-06-14 13:35:49, tokens_remaining: 1349, call: scores, phase: playing
2026-06-14 13:35:50, tokens_remaining: 1348, call: scores, phase: playing
2026-06-14 13:35:51, tokens_remaining: 1347, call: scores, phase: playing
2026-06-14 13:35:53, tokens_remaining: 1346, call: scores, phase: playing
2026-06-14 13:35:54, tokens_remaining: 1345, call: scores, phase: playing
2026-06-14 13:35:55, tokens_remaining: 1344, call: scores, phase: playing
2026-06-14 13:35:57, tokens_remaining: 1343, call: scores, phase: playing
2026-06-14 13:35:58, tokens_remaining: 1342, call: scores, phase: playing
2026-06-14 13:35:59, tokens_remaining: 1341, call: scores, phase: playing
2026-06-14 13:36:01, tokens_remaining: 1340, call: events, phase: playing
2026-06-14 13:36:02, tokens_remaining: 1339, call: scores, phase: playing
2026-06-14 13:36:04, tokens_remaining: 1338, call: scores, phase: playing
2026-06-14 13:36:05, tokens_remaining: 1337, call: scores, phase: playing
2026-06-14 13:36:06, tokens_remaining: 1336, call: scores, phase: playing
2026-06-14 13:36:08, tokens_remaining: 1335, call: scores, phase: playing
2026-06-14 13:36:09, tokens_remaining: 1334, call: scores, phase: playing
2026-06-14 13:36:10, tokens_remaining: 1333, call: scores, phase: playing
2026-06-14 13:36:12, tokens_remaining: 1332, call: scores, phase: playing
2026-06-14 13:36:13, tokens_remaining: 1331, call: scores, phase: playing
2026-06-14 13:36:14, tokens_remaining: 1330, call: events, phase: playing
2026-06-14 13:36:16, tokens_remaining: 1329, call: scores, phase: playing
2026-06-14 13:36:17, tokens_remaining: 1328, call: scores, phase: playing
2026-06-14 13:36:18, tokens_remaining: 1327, call: scores, phase: playing
2026-06-14 13:36:20, tokens_remaining: 1326, call: scores, phase: playing
2026-06-14 13:36:21, tokens_remaining: 1325, call: scores, phase: playing
2026-06-14 13:36:22, tokens_remaining: 1324, call: scores, phase: playing
2026-06-14 13:36:23, tokens_remaining: 1323, call: scores, phase: playing
2026-06-14 13:36:25, tokens_remaining: 1322, call: scores, phase: playing
2026-06-14 13:36:26, tokens_remaining: 1321, call: scores, phase: playing
2026-06-14 13:36:27, tokens_remaining: 1320, call: events, phase: playing
2026-06-14 13:36:29, tokens_remaining: 1319, call: scores, phase: playing
2026-06-14 13:36:30, tokens_remaining: 1318, call: scores, phase: playing
2026-06-14 13:36:31, tokens_remaining: 1317, call: scores, phase: playing
2026-06-14 13:36:33, tokens_remaining: 1316, call: scores, phase: playing
2026-06-14 13:36:34, tokens_remaining: 1315, call: scores, phase: playing
2026-06-14 13:36:35, tokens_remaining: 1314, call: scores, phase: playing
2026-06-14 13:36:37, tokens_remaining: 1313, call: scores, phase: playing
2026-06-14 13:36:38, tokens_remaining: 1312, call: scores, phase: playing
2026-06-14 13:36:39, tokens_remaining: 1311, call: scores, phase: playing
2026-06-14 13:36:41, tokens_remaining: 1310, call: events, phase: playing
2026-06-14 13:36:41, EVENT: SUBSTITUTION 73' Leon Goretzka [Germany vs Curacao]
2026-06-14 13:36:41, EVENT: SUBSTITUTION 73' David Raum [Germany vs Curacao]
2026-06-14 13:36:41, EVENT: SUBSTITUTION 73' Antonio Rüdiger [Germany vs Curacao]
2026-06-14 13:36:42, tokens_remaining: 1309, call: scores, phase: playing
2026-06-14 13:36:43, tokens_remaining: 1308, call: scores, phase: playing
2026-06-14 13:36:45, tokens_remaining: 1307, call: scores, phase: playing
2026-06-14 13:36:46, tokens_remaining: 1306, call: scores, phase: playing
2026-06-14 13:36:47, tokens_remaining: 1305, call: scores, phase: playing
2026-06-14 13:36:49, tokens_remaining: 1304, call: scores, phase: playing
2026-06-14 13:36:50, tokens_remaining: 1303, call: scores, phase: playing
2026-06-14 13:36:51, tokens_remaining: 1302, call: scores, phase: playing
2026-06-14 13:36:53, tokens_remaining: 1301, call: scores, phase: playing
2026-06-14 13:36:54, tokens_remaining: 1300, call: events, phase: playing
2026-06-14 13:36:55, tokens_remaining: 1299, call: scores, phase: playing
2026-06-14 13:36:57, tokens_remaining: 1298, call: scores, phase: playing
2026-06-14 13:36:58, tokens_remaining: 1297, call: scores, phase: playing
2026-06-14 13:36:59, tokens_remaining: 1296, call: scores, phase: playing
2026-06-14 13:37:01, tokens_remaining: 1295, call: scores, phase: playing
2026-06-14 13:37:02, tokens_remaining: 1294, call: scores, phase: playing
2026-06-14 13:37:03, tokens_remaining: 1293, call: scores, phase: playing
2026-06-14 13:37:04, tokens_remaining: 1292, call: scores, phase: playing
2026-06-14 13:37:06, tokens_remaining: 1291, call: scores, phase: playing
2026-06-14 13:37:07, tokens_remaining: 1290, call: events, phase: playing
2026-06-14 13:37:08, tokens_remaining: 1289, call: scores, phase: playing
2026-06-14 13:37:10, tokens_remaining: 1288, call: scores, phase: playing
2026-06-14 13:37:11, tokens_remaining: 1287, call: scores, phase: playing
2026-06-14 13:37:13, tokens_remaining: 1286, call: scores, phase: playing
2026-06-14 13:37:14, tokens_remaining: 1285, call: scores, phase: playing
2026-06-14 13:37:15, tokens_remaining: 1284, call: scores, phase: playing
2026-06-14 13:37:17, tokens_remaining: 1283, call: scores, phase: playing
2026-06-14 13:37:18, tokens_remaining: 1282, call: scores, phase: playing
2026-06-14 13:37:19, tokens_remaining: 1281, call: scores, phase: playing
2026-06-14 13:37:21, tokens_remaining: 1280, call: events, phase: playing
2026-06-14 13:37:22, tokens_remaining: 1279, call: scores, phase: playing
2026-06-14 13:37:23, tokens_remaining: 1278, call: scores, phase: playing
2026-06-14 13:37:25, tokens_remaining: 1277, call: scores, phase: playing
2026-06-14 13:37:26, tokens_remaining: 1276, call: scores, phase: playing
2026-06-14 13:37:27, tokens_remaining: 1275, call: scores, phase: playing
2026-06-14 13:37:28, tokens_remaining: 1274, call: scores, phase: playing
2026-06-14 13:37:30, tokens_remaining: 1273, call: scores, phase: playing
2026-06-14 13:37:31, tokens_remaining: 1272, call: scores, phase: playing
2026-06-14 13:37:32, tokens_remaining: 1271, call: scores, phase: playing
2026-06-14 13:37:34, tokens_remaining: 1270, call: events, phase: playing
2026-06-14 13:37:35, tokens_remaining: 1269, call: scores, phase: playing
2026-06-14 13:37:36, tokens_remaining: 1268, call: scores, phase: playing
2026-06-14 13:37:38, tokens_remaining: 1267, call: scores, phase: playing
2026-06-14 13:37:39, tokens_remaining: 1266, call: scores, phase: playing
2026-06-14 13:37:40, tokens_remaining: 1265, call: scores, phase: playing
2026-06-14 13:37:41, tokens_remaining: 1264, call: scores, phase: playing
2026-06-14 13:37:43, tokens_remaining: 1263, call: scores, phase: playing
2026-06-14 13:37:44, tokens_remaining: 1262, call: scores, phase: playing
2026-06-14 13:37:45, tokens_remaining: 1261, call: scores, phase: playing
2026-06-14 13:37:47, tokens_remaining: 1260, call: events, phase: playing
2026-06-14 13:37:48, tokens_remaining: 1259, call: scores, phase: playing
2026-06-14 13:37:49, tokens_remaining: 1258, call: scores, phase: playing
2026-06-14 13:37:51, tokens_remaining: 1257, call: scores, phase: playing
2026-06-14 13:37:52, tokens_remaining: 1256, call: scores, phase: playing
2026-06-14 13:37:53, tokens_remaining: 1255, call: scores, phase: playing
2026-06-14 13:37:54, tokens_remaining: 1254, call: scores, phase: playing
2026-06-14 13:37:56, tokens_remaining: 1253, call: scores, phase: playing
2026-06-14 13:37:57, tokens_remaining: 1252, call: scores, phase: playing
2026-06-14 13:37:58, tokens_remaining: 1251, call: scores, phase: playing
2026-06-14 13:38:00, tokens_remaining: 1250, call: events, phase: playing
2026-06-14 13:38:01, tokens_remaining: 1249, call: scores, phase: playing
2026-06-14 13:38:03, tokens_remaining: 1248, call: scores, phase: playing
2026-06-14 13:38:04, tokens_remaining: 1247, call: scores, phase: playing
2026-06-14 13:38:05, tokens_remaining: 1246, call: scores, phase: playing
2026-06-14 13:38:07, tokens_remaining: 1245, call: scores, phase: playing
2026-06-14 13:38:08, tokens_remaining: 1244, call: scores, phase: playing
2026-06-14 13:38:09, tokens_remaining: 1243, call: scores, phase: playing
2026-06-14 13:38:11, tokens_remaining: 1242, call: scores, phase: playing
2026-06-14 13:38:12, tokens_remaining: 1241, call: scores, phase: playing
2026-06-14 13:38:13, tokens_remaining: 1240, call: events, phase: playing
2026-06-14 13:38:15, tokens_remaining: 1239, call: scores, phase: playing
2026-06-14 13:38:16, tokens_remaining: 1238, call: scores, phase: playing
2026-06-14 13:38:17, tokens_remaining: 1237, call: scores, phase: playing
2026-06-14 13:38:18, tokens_remaining: 1236, call: scores, phase: playing
2026-06-14 13:38:20, tokens_remaining: 1235, call: scores, phase: playing
2026-06-14 13:38:21, tokens_remaining: 1234, call: scores, phase: playing
2026-06-14 13:38:22, tokens_remaining: 1233, call: scores, phase: playing
2026-06-14 13:38:24, tokens_remaining: 1232, call: scores, phase: playing
2026-06-14 13:38:25, tokens_remaining: 1231, call: scores, phase: playing
2026-06-14 13:38:26, tokens_remaining: 1230, call: events, phase: playing
2026-06-14 13:38:28, tokens_remaining: 1229, call: scores, phase: playing
2026-06-14 13:38:29, tokens_remaining: 1228, call: scores, phase: playing
2026-06-14 13:38:30, tokens_remaining: 1227, call: scores, phase: playing
2026-06-14 13:38:32, tokens_remaining: 1226, call: scores, phase: playing
2026-06-14 13:38:33, tokens_remaining: 1225, call: scores, phase: playing
2026-06-14 13:38:34, tokens_remaining: 1224, call: scores, phase: playing
2026-06-14 13:38:35, tokens_remaining: 1223, call: scores, phase: playing
2026-06-14 13:38:37, tokens_remaining: 1222, call: scores, phase: playing
2026-06-14 13:38:38, tokens_remaining: 1221, call: scores, phase: playing
2026-06-14 13:38:39, tokens_remaining: 1220, call: events, phase: playing
2026-06-14 13:38:41, tokens_remaining: 1219, call: scores, phase: playing
2026-06-14 13:38:42, tokens_remaining: 1218, call: scores, phase: playing
2026-06-14 13:38:43, tokens_remaining: 1217, call: scores, phase: playing
2026-06-14 13:38:45, tokens_remaining: 1216, call: scores, phase: playing
2026-06-14 13:38:46, tokens_remaining: 1215, call: scores, phase: playing
2026-06-14 13:38:47, tokens_remaining: 1214, call: scores, phase: playing
2026-06-14 13:38:48, tokens_remaining: 1213, call: scores, phase: playing
2026-06-14 13:38:50, tokens_remaining: 1212, call: scores, phase: playing
2026-06-14 13:38:51, tokens_remaining: 1211, call: scores, phase: playing
2026-06-14 13:38:52, tokens_remaining: 1210, call: events, phase: playing
2026-06-14 13:38:54, tokens_remaining: 1209, call: scores, phase: playing
2026-06-14 13:38:55, tokens_remaining: 1208, call: scores, phase: playing
2026-06-14 13:38:56, tokens_remaining: 1207, call: scores, phase: playing
2026-06-14 13:38:57, tokens_remaining: 1206, call: scores, phase: playing
2026-06-14 13:38:59, tokens_remaining: 1205, call: scores, phase: playing
2026-06-14 13:39:00, tokens_remaining: 1204, call: scores, phase: playing
2026-06-14 13:39:01, tokens_remaining: 1203, call: scores, phase: playing
2026-06-14 13:39:03, tokens_remaining: 1202, call: scores, phase: playing
2026-06-14 13:39:04, tokens_remaining: 1201, call: scores, phase: playing
2026-06-14 13:39:05, tokens_remaining: 1200, call: events, phase: playing
2026-06-14 13:39:07, tokens_remaining: 1199, call: scores, phase: playing
2026-06-14 13:39:08, tokens_remaining: 1198, call: scores, phase: playing
2026-06-14 13:39:09, tokens_remaining: 1197, call: scores, phase: playing
2026-06-14 13:39:11, tokens_remaining: 1196, call: scores, phase: playing
2026-06-14 13:39:12, tokens_remaining: 1195, call: scores, phase: playing
2026-06-14 13:39:13, tokens_remaining: 1194, call: scores, phase: playing
2026-06-14 13:39:15, tokens_remaining: 1193, call: scores, phase: playing
2026-06-14 13:39:16, tokens_remaining: 1192, call: scores, phase: playing
2026-06-14 13:39:17, tokens_remaining: 1191, call: scores, phase: playing
2026-06-14 13:39:18, tokens_remaining: 1190, call: events, phase: playing
2026-06-14 13:39:20, tokens_remaining: 1189, call: scores, phase: playing
2026-06-14 13:39:21, tokens_remaining: 1188, call: scores, phase: playing
2026-06-14 13:39:22, tokens_remaining: 1187, call: scores, phase: playing
2026-06-14 13:39:24, tokens_remaining: 1186, call: scores, phase: playing
2026-06-14 13:39:25, tokens_remaining: 1185, call: scores, phase: playing
2026-06-14 13:39:26, tokens_remaining: 1184, call: scores, phase: playing
2026-06-14 13:39:28, tokens_remaining: 1183, call: scores, phase: playing
2026-06-14 13:39:29, tokens_remaining: 1182, call: scores, phase: playing
2026-06-14 13:39:30, tokens_remaining: 1181, call: scores, phase: playing
2026-06-14 13:39:31, tokens_remaining: 1180, call: events, phase: playing
2026-06-14 13:39:33, tokens_remaining: 1179, call: scores, phase: playing
2026-06-14 13:39:34, tokens_remaining: 1178, call: scores, phase: playing
2026-06-14 13:39:35, tokens_remaining: 1177, call: scores, phase: playing
2026-06-14 13:39:37, tokens_remaining: 1176, call: scores, phase: playing
2026-06-14 13:39:38, tokens_remaining: 1175, call: scores, phase: playing
2026-06-14 13:39:39, tokens_remaining: 1174, call: scores, phase: playing
2026-06-14 13:39:40, tokens_remaining: 1173, call: scores, phase: playing
2026-06-14 13:39:42, tokens_remaining: 1172, call: scores, phase: playing
2026-06-14 13:39:43, tokens_remaining: 1171, call: scores, phase: playing
2026-06-14 13:39:44, tokens_remaining: 1170, call: events, phase: playing
2026-06-14 13:39:46, tokens_remaining: 1169, call: scores, phase: playing
2026-06-14 13:39:47, tokens_remaining: 1168, call: scores, phase: playing
2026-06-14 13:39:48, tokens_remaining: 1167, call: scores, phase: playing
2026-06-14 13:39:50, tokens_remaining: 1166, call: scores, phase: playing
2026-06-14 13:39:51, tokens_remaining: 1165, call: scores, phase: playing
2026-06-14 13:39:52, tokens_remaining: 1164, call: scores, phase: playing
2026-06-14 13:39:53, tokens_remaining: 1163, call: scores, phase: playing
2026-06-14 13:39:55, tokens_remaining: 1162, call: scores, phase: playing
2026-06-14 13:39:56, tokens_remaining: 1161, call: scores, phase: playing
2026-06-14 13:39:57, tokens_remaining: 1160, call: events, phase: playing
2026-06-14 13:39:58, tokens_remaining: 1159, call: scores, phase: playing
2026-06-14 13:40:00, tokens_remaining: 1158, call: scores, phase: playing
2026-06-14 13:40:01, tokens_remaining: 1157, call: scores, phase: playing
2026-06-14 13:40:02, tokens_remaining: 1156, call: scores, phase: playing
2026-06-14 13:40:04, tokens_remaining: 1155, call: scores, phase: playing
2026-06-14 13:40:05, tokens_remaining: 1154, call: scores, phase: playing
2026-06-14 13:40:06, tokens_remaining: 1153, call: scores, phase: playing
2026-06-14 13:40:08, tokens_remaining: 1152, call: scores, phase: playing
2026-06-14 13:40:09, tokens_remaining: 1151, call: scores, phase: playing
2026-06-14 13:40:10, tokens_remaining: 1150, call: events, phase: playing
2026-06-14 13:40:11, tokens_remaining: 1149, call: scores, phase: playing
2026-06-14 13:40:13, tokens_remaining: 1148, call: scores, phase: playing
2026-06-14 13:40:14, tokens_remaining: 1147, call: scores, phase: playing
2026-06-14 13:40:15, tokens_remaining: 1146, call: scores, phase: playing
2026-06-14 13:40:17, tokens_remaining: 1145, call: scores, phase: playing
2026-06-14 13:40:18, tokens_remaining: 1144, call: scores, phase: playing
2026-06-14 13:40:19, tokens_remaining: 1143, call: scores, phase: playing
2026-06-14 13:40:20, tokens_remaining: 1142, call: scores, phase: playing
2026-06-14 13:40:22, tokens_remaining: 1141, call: scores, phase: playing
2026-06-14 13:40:23, tokens_remaining: 1140, call: events, phase: playing
2026-06-14 13:40:24, tokens_remaining: 1139, call: scores, phase: playing
2026-06-14 13:40:25, tokens_remaining: 1138, call: scores, phase: playing
2026-06-14 13:40:27, tokens_remaining: 1137, call: scores, phase: playing
2026-06-14 13:40:28, tokens_remaining: 1136, call: scores, phase: playing
2026-06-14 13:40:29, tokens_remaining: 1135, call: scores, phase: playing
2026-06-14 13:40:31, tokens_remaining: 1134, call: scores, phase: playing
2026-06-14 13:40:32, tokens_remaining: 1133, call: scores, phase: playing
2026-06-14 13:40:33, tokens_remaining: 1132, call: scores, phase: playing
2026-06-14 13:40:34, tokens_remaining: 1131, call: scores, phase: playing
2026-06-14 13:40:36, tokens_remaining: 1130, call: events, phase: playing
2026-06-14 13:40:37, tokens_remaining: 1129, call: scores, phase: playing
2026-06-14 13:40:38, tokens_remaining: 1128, call: scores, phase: playing
2026-06-14 13:40:39, tokens_remaining: 1127, call: scores, phase: playing
2026-06-14 13:40:41, tokens_remaining: 1126, call: scores, phase: playing
2026-06-14 13:40:42, tokens_remaining: 1125, call: scores, phase: playing
2026-06-14 13:40:43, tokens_remaining: 1124, call: scores, phase: playing
2026-06-14 13:40:45, tokens_remaining: 1123, call: scores, phase: playing
2026-06-14 13:40:46, tokens_remaining: 1122, call: scores, phase: playing
2026-06-14 13:40:47, tokens_remaining: 1121, call: scores, phase: playing
2026-06-14 13:40:48, tokens_remaining: 1120, call: events, phase: playing
2026-06-14 13:40:50, tokens_remaining: 1119, call: scores, phase: playing
2026-06-14 13:40:51, tokens_remaining: 1118, call: scores, phase: playing
2026-06-14 13:40:52, tokens_remaining: 1117, call: scores, phase: playing
2026-06-14 13:40:53, tokens_remaining: 1116, call: scores, phase: playing
2026-06-14 13:40:55, tokens_remaining: 1115, call: scores, phase: playing
2026-06-14 13:40:56, tokens_remaining: 1114, call: scores, phase: playing
2026-06-14 13:40:57, tokens_remaining: 1113, call: scores, phase: playing
2026-06-14 13:40:57, GOAL: Germany (Germany 6-1 Curacao)
2026-06-14 13:40:59, tokens_remaining: 1112, call: scores, phase: playing
2026-06-14 13:41:00, tokens_remaining: 1111, call: scores, phase: playing
2026-06-14 13:41:01, tokens_remaining: 1110, call: events, phase: playing
2026-06-14 13:41:02, tokens_remaining: 1109, call: scores, phase: playing
2026-06-14 13:41:04, tokens_remaining: 1108, call: scores, phase: playing
2026-06-14 13:41:05, tokens_remaining: 1107, call: scores, phase: playing
2026-06-14 13:41:06, tokens_remaining: 1106, call: scores, phase: playing
2026-06-14 13:41:07, tokens_remaining: 1105, call: scores, phase: playing
2026-06-14 13:41:09, tokens_remaining: 1104, call: scores, phase: playing
2026-06-14 13:41:10, tokens_remaining: 1103, call: scores, phase: playing
2026-06-14 13:41:11, tokens_remaining: 1102, call: scores, phase: playing
2026-06-14 13:41:13, tokens_remaining: 1101, call: scores, phase: playing
2026-06-14 13:41:14, tokens_remaining: 1100, call: events, phase: playing
2026-06-14 13:41:14, EVENT: GOAL 78' Deniz Undav (6-1) [Germany vs Curacao]
2026-06-14 13:41:15, tokens_remaining: 1099, call: scores, phase: playing
2026-06-14 13:41:16, tokens_remaining: 1098, call: scores, phase: playing
2026-06-14 13:41:18, tokens_remaining: 1097, call: scores, phase: playing
2026-06-14 13:41:19, tokens_remaining: 1096, call: scores, phase: playing
2026-06-14 13:41:20, tokens_remaining: 1095, call: scores, phase: playing
2026-06-14 13:41:21, tokens_remaining: 1094, call: scores, phase: playing
2026-06-14 13:41:23, tokens_remaining: 1093, call: scores, phase: playing
2026-06-14 13:41:24, tokens_remaining: 1092, call: scores, phase: playing
2026-06-14 13:41:25, tokens_remaining: 1091, call: scores, phase: playing
2026-06-14 13:41:27, tokens_remaining: 1090, call: events, phase: playing
2026-06-14 13:41:28, tokens_remaining: 1089, call: scores, phase: playing
2026-06-14 13:41:29, tokens_remaining: 1088, call: scores, phase: playing
2026-06-14 13:41:30, tokens_remaining: 1087, call: scores, phase: playing
2026-06-14 13:41:32, tokens_remaining: 1086, call: scores, phase: playing
2026-06-14 13:41:33, tokens_remaining: 1085, call: scores, phase: playing
2026-06-14 13:41:34, tokens_remaining: 1084, call: scores, phase: playing
2026-06-14 13:41:35, tokens_remaining: 1083, call: scores, phase: playing
2026-06-14 13:41:37, tokens_remaining: 1082, call: scores, phase: playing
2026-06-14 13:41:38, tokens_remaining: 1081, call: scores, phase: playing
2026-06-14 13:41:39, tokens_remaining: 1080, call: events, phase: playing
2026-06-14 13:41:40, tokens_remaining: 1079, call: scores, phase: playing
2026-06-14 13:41:42, tokens_remaining: 1078, call: scores, phase: playing
2026-06-14 13:41:43, tokens_remaining: 1077, call: scores, phase: playing
2026-06-14 13:41:44, tokens_remaining: 1076, call: scores, phase: playing
2026-06-14 13:41:45, tokens_remaining: 1075, call: scores, phase: playing
2026-06-14 13:41:47, tokens_remaining: 1074, call: scores, phase: playing
2026-06-14 13:41:48, tokens_remaining: 1073, call: scores, phase: playing
2026-06-14 13:41:49, tokens_remaining: 1072, call: scores, phase: playing
2026-06-14 13:41:50, tokens_remaining: 1071, call: scores, phase: playing
2026-06-14 13:41:52, tokens_remaining: 1070, call: events, phase: playing
2026-06-14 13:41:53, tokens_remaining: 1069, call: scores, phase: playing
2026-06-14 13:41:54, tokens_remaining: 1068, call: scores, phase: playing
2026-06-14 13:41:55, tokens_remaining: 1067, call: scores, phase: playing
2026-06-14 13:41:56, tokens_remaining: 1067, call: scores, phase: playing
2026-06-14 13:41:58, tokens_remaining: 1066, call: scores, phase: playing
2026-06-14 13:41:59, tokens_remaining: 1065, call: scores, phase: playing
2026-06-14 13:42:00, tokens_remaining: 1065, call: scores, phase: playing
2026-06-14 13:42:01, tokens_remaining: 1064, call: scores, phase: playing
2026-06-14 13:42:02, tokens_remaining: 1064, call: scores, phase: playing
2026-06-14 13:42:03, tokens_remaining: 1063, call: events, phase: playing
2026-06-14 13:42:05, tokens_remaining: 1062, call: scores, phase: playing
2026-06-14 13:42:06, tokens_remaining: 1061, call: scores, phase: playing
2026-06-14 13:42:07, tokens_remaining: 1061, call: scores, phase: playing
2026-06-14 13:42:08, tokens_remaining: 1060, call: scores, phase: playing
2026-06-14 13:42:09, tokens_remaining: 1059, call: scores, phase: playing
2026-06-14 13:42:10, tokens_remaining: 1059, call: scores, phase: playing
2026-06-14 13:42:12, tokens_remaining: 1058, call: scores, phase: playing
2026-06-14 13:42:13, tokens_remaining: 1057, call: scores, phase: playing
2026-06-14 13:42:14, tokens_remaining: 1057, call: scores, phase: playing
2026-06-14 13:42:15, tokens_remaining: 1056, call: events, phase: playing
2026-06-14 13:42:16, tokens_remaining: 1055, call: scores, phase: playing
2026-06-14 13:42:17, tokens_remaining: 1055, call: scores, phase: playing
2026-06-14 13:42:19, tokens_remaining: 1054, call: scores, phase: playing
2026-06-14 13:42:20, tokens_remaining: 1054, call: scores, phase: playing
2026-06-14 13:42:21, tokens_remaining: 1053, call: scores, phase: playing
2026-06-14 13:42:22, tokens_remaining: 1053, call: scores, phase: playing
2026-06-14 13:42:23, tokens_remaining: 1052, call: scores, phase: playing
2026-06-14 13:42:24, tokens_remaining: 1052, call: scores, phase: playing
2026-06-14 13:42:25, tokens_remaining: 1051, call: scores, phase: playing
2026-06-14 13:42:27, tokens_remaining: 1050, call: events, phase: playing
2026-06-14 13:42:28, tokens_remaining: 1049, call: scores, phase: playing
2026-06-14 13:42:29, tokens_remaining: 1049, call: scores, phase: playing
2026-06-14 13:42:30, tokens_remaining: 1048, call: scores, phase: playing
2026-06-14 13:42:31, tokens_remaining: 1048, call: scores, phase: playing
2026-06-14 13:42:32, tokens_remaining: 1047, call: scores, phase: playing
2026-06-14 13:42:33, tokens_remaining: 1047, call: scores, phase: playing
2026-06-14 13:42:34, tokens_remaining: 1046, call: scores, phase: playing
2026-06-14 13:42:35, tokens_remaining: 1046, call: scores, phase: playing
2026-06-14 13:42:37, tokens_remaining: 1045, call: scores, phase: playing
2026-06-14 13:42:38, tokens_remaining: 1044, call: events, phase: playing
2026-06-14 13:42:39, tokens_remaining: 1043, call: scores, phase: playing
2026-06-14 13:42:40, tokens_remaining: 1043, call: scores, phase: playing
2026-06-14 13:42:41, tokens_remaining: 1042, call: scores, phase: playing
2026-06-14 13:42:42, tokens_remaining: 1042, call: scores, phase: playing
2026-06-14 13:42:44, tokens_remaining: 1041, call: scores, phase: playing
2026-06-14 13:42:45, tokens_remaining: 1041, call: scores, phase: playing
2026-06-14 13:42:46, tokens_remaining: 1040, call: scores, phase: playing
2026-06-14 13:42:47, tokens_remaining: 1040, call: scores, phase: playing
2026-06-14 13:42:48, tokens_remaining: 1039, call: scores, phase: playing
2026-06-14 13:42:49, tokens_remaining: 1038, call: events, phase: playing
2026-06-14 13:42:51, tokens_remaining: 1037, call: scores, phase: playing
2026-06-14 13:42:51, tokens_remaining: 1037, call: scores, phase: playing
2026-06-14 13:42:53, tokens_remaining: 1036, call: scores, phase: playing
2026-06-14 13:42:54, tokens_remaining: 1036, call: scores, phase: playing
2026-06-14 13:42:55, tokens_remaining: 1035, call: scores, phase: playing
2026-06-14 13:42:56, tokens_remaining: 1035, call: scores, phase: playing
2026-06-14 13:42:57, tokens_remaining: 1034, call: scores, phase: playing
2026-06-14 13:42:58, tokens_remaining: 1034, call: scores, phase: playing
2026-06-14 13:42:59, tokens_remaining: 1033, call: scores, phase: playing
2026-06-14 13:43:01, tokens_remaining: 1032, call: events, phase: playing
2026-06-14 13:43:02, tokens_remaining: 1031, call: scores, phase: playing
2026-06-14 13:43:03, tokens_remaining: 1031, call: scores, phase: playing
2026-06-14 13:43:04, tokens_remaining: 1030, call: scores, phase: playing
2026-06-14 13:43:05, tokens_remaining: 1030, call: scores, phase: playing
2026-06-14 13:43:06, tokens_remaining: 1029, call: scores, phase: playing
2026-06-14 13:43:07, tokens_remaining: 1029, call: scores, phase: playing
2026-06-14 13:43:08, tokens_remaining: 1028, call: scores, phase: playing
2026-06-14 13:43:09, tokens_remaining: 1028, call: scores, phase: playing
2026-06-14 13:43:10, tokens_remaining: 1027, call: scores, phase: playing
2026-06-14 13:43:12, tokens_remaining: 1026, call: events, phase: playing
2026-06-14 13:43:13, tokens_remaining: 1025, call: scores, phase: playing
2026-06-14 13:43:14, tokens_remaining: 1025, call: scores, phase: playing
2026-06-14 13:43:15, tokens_remaining: 1024, call: scores, phase: playing
2026-06-14 13:43:16, tokens_remaining: 1024, call: scores, phase: playing
2026-06-14 13:43:17, tokens_remaining: 1023, call: scores, phase: playing
2026-06-14 13:43:18, tokens_remaining: 1023, call: scores, phase: playing
2026-06-14 13:43:19, tokens_remaining: 1022, call: scores, phase: playing
2026-06-14 13:43:20, tokens_remaining: 1022, call: scores, phase: playing
2026-06-14 13:43:22, tokens_remaining: 1021, call: scores, phase: playing
2026-06-14 13:43:23, tokens_remaining: 1020, call: events, phase: playing
2026-06-14 13:43:24, tokens_remaining: 1019, call: scores, phase: playing
2026-06-14 13:43:25, tokens_remaining: 1019, call: scores, phase: playing
2026-06-14 13:43:26, tokens_remaining: 1018, call: scores, phase: playing
2026-06-14 13:43:27, tokens_remaining: 1018, call: scores, phase: playing
2026-06-14 13:43:28, tokens_remaining: 1017, call: scores, phase: playing
2026-06-14 13:43:29, tokens_remaining: 1017, call: scores, phase: playing
2026-06-14 13:43:30, tokens_remaining: 1016, call: scores, phase: playing
2026-06-14 13:43:31, tokens_remaining: 1016, call: scores, phase: playing
2026-06-14 13:43:33, tokens_remaining: 1015, call: scores, phase: playing
2026-06-14 13:43:34, tokens_remaining: 1014, call: events, phase: playing
2026-06-14 13:43:35, tokens_remaining: 1013, call: scores, phase: playing
2026-06-14 13:43:36, tokens_remaining: 1013, call: scores, phase: playing
2026-06-14 13:43:37, tokens_remaining: 1012, call: scores, phase: playing
2026-06-14 13:43:38, tokens_remaining: 1012, call: scores, phase: playing
2026-06-14 13:43:39, tokens_remaining: 1011, call: scores, phase: playing
2026-06-14 13:43:40, tokens_remaining: 1011, call: scores, phase: playing
2026-06-14 13:43:41, tokens_remaining: 1010, call: scores, phase: playing
2026-06-14 13:43:42, tokens_remaining: 1010, call: scores, phase: playing
2026-06-14 13:43:43, tokens_remaining: 1009, call: scores, phase: playing
2026-06-14 13:43:45, tokens_remaining: 1008, call: events, phase: playing
2026-06-14 13:43:46, tokens_remaining: 1007, call: scores, phase: playing
2026-06-14 13:43:47, tokens_remaining: 1007, call: scores, phase: playing
2026-06-14 13:43:48, tokens_remaining: 1006, call: scores, phase: playing
2026-06-14 13:43:49, tokens_remaining: 1006, call: scores, phase: playing
2026-06-14 13:43:50, tokens_remaining: 1005, call: scores, phase: playing
2026-06-14 13:43:51, tokens_remaining: 1005, call: scores, phase: playing
2026-06-14 13:43:52, tokens_remaining: 1004, call: scores, phase: playing
2026-06-14 13:43:53, tokens_remaining: 1004, call: scores, phase: playing
2026-06-14 13:43:54, tokens_remaining: 1003, call: scores, phase: playing
2026-06-14 13:43:56, tokens_remaining: 1002, call: events, phase: playing
2026-06-14 13:43:57, tokens_remaining: 1001, call: scores, phase: playing
2026-06-14 13:43:58, tokens_remaining: 1001, call: scores, phase: playing
2026-06-14 13:43:59, tokens_remaining: 1000, call: scores, phase: playing
2026-06-14 13:44:00, tokens_remaining: 1000, call: scores, phase: playing
2026-06-14 13:44:01, tokens_remaining: 999, call: scores, phase: playing
2026-06-14 13:44:02, tokens_remaining: 999, call: scores, phase: playing
2026-06-14 13:44:03, tokens_remaining: 998, call: scores, phase: playing
2026-06-14 13:44:04, tokens_remaining: 998, call: scores, phase: playing
2026-06-14 13:44:05, tokens_remaining: 997, call: scores, phase: playing
2026-06-14 13:44:06, tokens_remaining: 996, call: events, phase: playing
2026-06-14 13:44:08, tokens_remaining: 995, call: scores, phase: playing
2026-06-14 13:44:08, tokens_remaining: 995, call: scores, phase: playing
2026-06-14 13:44:10, tokens_remaining: 994, call: scores, phase: playing
2026-06-14 13:44:11, tokens_remaining: 994, call: scores, phase: playing
2026-06-14 13:44:12, tokens_remaining: 993, call: scores, phase: playing
2026-06-14 13:44:13, tokens_remaining: 993, call: scores, phase: playing
2026-06-14 13:44:14, tokens_remaining: 992, call: scores, phase: playing
2026-06-14 13:44:15, tokens_remaining: 992, call: scores, phase: playing
2026-06-14 13:44:16, tokens_remaining: 991, call: scores, phase: playing
2026-06-14 13:44:17, tokens_remaining: 990, call: events, phase: playing
2026-06-14 13:44:18, tokens_remaining: 989, call: scores, phase: playing
2026-06-14 13:44:19, tokens_remaining: 989, call: scores, phase: playing
2026-06-14 13:44:20, tokens_remaining: 988, call: scores, phase: playing
2026-06-14 13:44:21, tokens_remaining: 988, call: scores, phase: playing
2026-06-14 13:44:23, tokens_remaining: 987, call: scores, phase: playing
2026-06-14 13:44:23, tokens_remaining: 987, call: scores, phase: playing
2026-06-14 13:44:25, tokens_remaining: 986, call: scores, phase: playing
2026-06-14 13:44:26, tokens_remaining: 986, call: scores, phase: playing
2026-06-14 13:44:27, tokens_remaining: 985, call: scores, phase: playing
2026-06-14 13:44:28, tokens_remaining: 984, call: events, phase: playing
2026-06-14 13:44:29, tokens_remaining: 983, call: scores, phase: playing
2026-06-14 13:44:30, tokens_remaining: 983, call: scores, phase: playing
2026-06-14 13:44:31, tokens_remaining: 982, call: scores, phase: playing
2026-06-14 13:44:32, tokens_remaining: 982, call: scores, phase: playing
2026-06-14 13:44:33, tokens_remaining: 981, call: scores, phase: playing
2026-06-14 13:44:34, tokens_remaining: 981, call: scores, phase: playing
2026-06-14 13:44:35, tokens_remaining: 980, call: scores, phase: playing
2026-06-14 13:44:36, tokens_remaining: 980, call: scores, phase: playing
2026-06-14 13:44:37, tokens_remaining: 979, call: scores, phase: playing
2026-06-14 13:44:39, tokens_remaining: 978, call: events, phase: playing
2026-06-14 13:44:40, tokens_remaining: 977, call: scores, phase: playing
2026-06-14 13:44:41, tokens_remaining: 977, call: scores, phase: playing
2026-06-14 13:44:42, tokens_remaining: 976, call: scores, phase: playing
2026-06-14 13:44:43, tokens_remaining: 976, call: scores, phase: playing
2026-06-14 13:44:44, tokens_remaining: 975, call: scores, phase: playing
2026-06-14 13:44:45, tokens_remaining: 975, call: scores, phase: playing
2026-06-14 13:44:47, tokens_remaining: 974, call: scores, phase: playing
2026-06-14 13:44:48, tokens_remaining: 974, call: scores, phase: playing
2026-06-14 13:44:49, tokens_remaining: 973, call: scores, phase: playing
2026-06-14 13:44:50, tokens_remaining: 972, call: events, phase: playing
2026-06-14 13:44:51, tokens_remaining: 971, call: scores, phase: playing
2026-06-14 13:44:52, tokens_remaining: 971, call: scores, phase: playing
2026-06-14 13:44:53, tokens_remaining: 970, call: scores, phase: playing
2026-06-14 13:44:54, tokens_remaining: 970, call: scores, phase: playing
2026-06-14 13:44:55, tokens_remaining: 969, call: scores, phase: playing
2026-06-14 13:44:57, tokens_remaining: 968, call: scores, phase: playing
2026-06-14 13:44:58, tokens_remaining: 968, call: scores, phase: playing
2026-06-14 13:44:59, tokens_remaining: 967, call: scores, phase: playing
2026-06-14 13:45:00, tokens_remaining: 967, call: scores, phase: playing
2026-06-14 13:45:01, tokens_remaining: 966, call: events, phase: playing
2026-06-14 13:45:02, tokens_remaining: 965, call: scores, phase: playing
2026-06-14 13:45:03, tokens_remaining: 965, call: scores, phase: playing
2026-06-14 13:45:04, tokens_remaining: 964, call: scores, phase: playing
2026-06-14 13:45:05, tokens_remaining: 964, call: scores, phase: playing
2026-06-14 13:45:06, tokens_remaining: 963, call: scores, phase: playing
2026-06-14 13:45:07, tokens_remaining: 963, call: scores, phase: playing
2026-06-14 13:45:08, tokens_remaining: 962, call: scores, phase: playing
2026-06-14 13:45:09, tokens_remaining: 962, call: scores, phase: playing
2026-06-14 13:45:10, tokens_remaining: 961, call: scores, phase: playing
2026-06-14 13:45:12, tokens_remaining: 960, call: events, phase: playing
2026-06-14 13:45:13, tokens_remaining: 959, call: scores, phase: playing
2026-06-14 13:45:14, tokens_remaining: 959, call: scores, phase: playing
2026-06-14 13:45:15, tokens_remaining: 958, call: scores, phase: playing
2026-06-14 13:45:16, tokens_remaining: 958, call: scores, phase: playing
2026-06-14 13:45:17, tokens_remaining: 957, call: scores, phase: playing
2026-06-14 13:45:18, tokens_remaining: 957, call: scores, phase: playing
2026-06-14 13:45:19, tokens_remaining: 956, call: scores, phase: playing
2026-06-14 13:45:20, tokens_remaining: 956, call: scores, phase: playing
2026-06-14 13:45:21, tokens_remaining: 955, call: scores, phase: playing
2026-06-14 13:45:22, tokens_remaining: 954, call: events, phase: playing
2026-06-14 13:45:23, tokens_remaining: 953, call: scores, phase: playing
2026-06-14 13:45:24, tokens_remaining: 953, call: scores, phase: playing
2026-06-14 13:45:25, tokens_remaining: 952, call: scores, phase: playing
2026-06-14 13:45:26, tokens_remaining: 952, call: scores, phase: playing
2026-06-14 13:45:27, tokens_remaining: 951, call: scores, phase: playing
2026-06-14 13:45:28, tokens_remaining: 951, call: scores, phase: playing
2026-06-14 13:45:29, tokens_remaining: 950, call: scores, phase: playing
2026-06-14 13:45:30, tokens_remaining: 950, call: scores, phase: playing
2026-06-14 13:45:31, tokens_remaining: 949, call: scores, phase: playing
2026-06-14 13:45:33, tokens_remaining: 948, call: events, phase: playing
2026-06-14 13:45:34, tokens_remaining: 947, call: scores, phase: playing
2026-06-14 13:45:35, tokens_remaining: 947, call: scores, phase: playing
2026-06-14 13:45:36, tokens_remaining: 946, call: scores, phase: playing
2026-06-14 13:45:37, tokens_remaining: 946, call: scores, phase: playing
2026-06-14 13:45:38, tokens_remaining: 945, call: scores, phase: playing
2026-06-14 13:45:39, tokens_remaining: 945, call: scores, phase: playing
2026-06-14 13:45:40, tokens_remaining: 944, call: scores, phase: playing
2026-06-14 13:45:41, tokens_remaining: 944, call: scores, phase: playing
2026-06-14 13:45:42, tokens_remaining: 943, call: scores, phase: playing
2026-06-14 13:45:43, tokens_remaining: 942, call: events, phase: playing
2026-06-14 13:45:44, tokens_remaining: 941, call: scores, phase: playing
2026-06-14 13:45:45, tokens_remaining: 941, call: scores, phase: playing
2026-06-14 13:45:46, tokens_remaining: 940, call: scores, phase: playing
2026-06-14 13:45:47, tokens_remaining: 940, call: scores, phase: playing
2026-06-14 13:45:48, tokens_remaining: 939, call: scores, phase: playing
2026-06-14 13:45:49, tokens_remaining: 939, call: scores, phase: playing
2026-06-14 13:45:50, tokens_remaining: 938, call: scores, phase: playing
2026-06-14 13:45:51, tokens_remaining: 938, call: scores, phase: playing
2026-06-14 13:45:52, tokens_remaining: 937, call: scores, phase: playing
2026-06-14 13:45:53, tokens_remaining: 936, call: events, phase: playing
2026-06-14 13:45:54, tokens_remaining: 935, call: scores, phase: playing
2026-06-14 13:45:55, tokens_remaining: 935, call: scores, phase: playing
2026-06-14 13:45:56, tokens_remaining: 934, call: scores, phase: playing
2026-06-14 13:45:57, tokens_remaining: 934, call: scores, phase: playing
2026-06-14 13:45:58, tokens_remaining: 933, call: scores, phase: playing
2026-06-14 13:45:59, tokens_remaining: 933, call: scores, phase: playing
2026-06-14 13:46:00, tokens_remaining: 932, call: scores, phase: playing
2026-06-14 13:46:01, tokens_remaining: 932, call: scores, phase: playing
2026-06-14 13:46:02, tokens_remaining: 931, call: scores, phase: playing
2026-06-14 13:46:03, tokens_remaining: 930, call: events, phase: playing
2026-06-14 13:46:05, tokens_remaining: 929, call: scores, phase: playing
2026-06-14 13:46:05, tokens_remaining: 929, call: scores, phase: playing
2026-06-14 13:46:07, tokens_remaining: 928, call: scores, phase: playing
2026-06-14 13:46:07, tokens_remaining: 928, call: scores, phase: playing
2026-06-14 13:46:09, tokens_remaining: 927, call: scores, phase: playing
2026-06-14 13:46:09, tokens_remaining: 927, call: scores, phase: playing
2026-06-14 13:46:11, tokens_remaining: 926, call: scores, phase: playing
2026-06-14 13:46:11, tokens_remaining: 926, call: scores, phase: playing
2026-06-14 13:46:13, tokens_remaining: 925, call: scores, phase: playing
2026-06-14 13:46:14, tokens_remaining: 924, call: events, phase: playing
2026-06-14 13:46:15, tokens_remaining: 923, call: scores, phase: playing
2026-06-14 13:46:16, tokens_remaining: 923, call: scores, phase: playing
2026-06-14 13:46:17, tokens_remaining: 922, call: scores, phase: playing
2026-06-14 13:46:18, tokens_remaining: 922, call: scores, phase: playing
2026-06-14 13:46:19, tokens_remaining: 921, call: scores, phase: playing
2026-06-14 13:46:20, tokens_remaining: 921, call: scores, phase: playing
2026-06-14 13:46:21, tokens_remaining: 920, call: scores, phase: playing
2026-06-14 13:46:22, tokens_remaining: 920, call: scores, phase: playing
