2026-06-14 13:20:45, tokens_remaining: 1961, call: events, phase: idle
2026-06-14 13:20:45, EVENT: GOAL 6' Felix Nmecha (1-0) [Germany vs Curacao]
2026-06-14 13:20:45, EVENT: GOAL 21' Livano Comenencia (1-1) [Germany vs Curacao]
2026-06-14 13:20:45, EVENT: GOAL 38' Nico Schlotterbeck (2-1) [Germany vs Curacao]
2026-06-14 13:20:45, EVENT: EVENT_16 45+5' Kai Havertz (3-1) [Germany vs Curacao]
2026-06-14 13:20:45, EVENT: GOAL 47' Jamal Musiala (4-1) [Germany vs Curacao]
2026-06-14 13:20:45, EVENT: SUBSTITUTION 46' Jeremy Antonisse [Germany vs Curacao]
2026-06-14 13:20:45, STATE_CHANGE: Germany vs Curacao [— -> 2H]
2026-06-14 13:20:45, tokens_remaining: 1960, call: scores, phase: playing
2026-06-14 13:20:46, tokens_remaining: 1959, call: scores, phase: playing
2026-06-14 13:20:47, tokens_remaining: 1959, call: scores, phase: playing
2026-06-14 13:20:48, tokens_remaining: 1958, call: scores, phase: playing
2026-06-14 13:20:49, tokens_remaining: 1958, call: scores, phase: playing
2026-06-14 13:20:52, tokens_remaining: 1956, call: events, phase: idle
2026-06-14 13:20:52, EVENT: GOAL 6' Felix Nmecha (1-0) [Germany vs Curacao]
2026-06-14 13:20:52, EVENT: GOAL 21' Livano Comenencia (1-1) [Germany vs Curacao]
2026-06-14 13:20:52, EVENT: GOAL 38' Nico Schlotterbeck (2-1) [Germany vs Curacao]
2026-06-14 13:20:52, EVENT: EVENT_16 45+5' Kai Havertz (3-1) [Germany vs Curacao]
2026-06-14 13:20:52, EVENT: GOAL 47' Jamal Musiala (4-1) [Germany vs Curacao]
2026-06-14 13:20:52, EVENT: SUBSTITUTION 46' Jeremy Antonisse [Germany vs Curacao]
2026-06-14 13:20:52, STATE_CHANGE: Germany vs Curacao [— -> 2H]
2026-06-14 13:20:53, tokens_remaining: 1955, call: scores, phase: playing
2026-06-14 13:20:54, tokens_remaining: 1955, call: scores, phase: playing
2026-06-14 13:20:55, tokens_remaining: 1953, call: scores, phase: playing
2026-06-14 13:20:55, tokens_remaining: 1954, call: events, phase: idle
2026-06-14 13:20:55, EVENT: GOAL 6' Felix Nmecha (1-0) [Germany vs Curacao]
2026-06-14 13:20:55, EVENT: GOAL 21' Livano Comenencia (1-1) [Germany vs Curacao]
2026-06-14 13:20:55, EVENT: GOAL 38' Nico Schlotterbeck (2-1) [Germany vs Curacao]
2026-06-14 13:20:55, EVENT: EVENT_16 45+5' Kai Havertz (3-1) [Germany vs Curacao]
2026-06-14 13:20:55, EVENT: GOAL 47' Jamal Musiala (4-1) [Germany vs Curacao]
2026-06-14 13:20:55, EVENT: SUBSTITUTION 46' Jeremy Antonisse [Germany vs Curacao]
2026-06-14 13:20:55, STATE_CHANGE: Germany vs Curacao [— -> 2H]
2026-06-14 13:20:56, tokens_remaining: 1953, call: scores, phase: playing
2026-06-14 13:20:56, tokens_remaining: 1953, call: scores, phase: playing
2026-06-14 13:20:57, tokens_remaining: 1952, call: scores, phase: playing
2026-06-14 13:20:57, tokens_remaining: 1952, call: scores, phase: playing
2026-06-14 13:20:57, tokens_remaining: 1952, call: scores, phase: playing
2026-06-14 13:20:58, tokens_remaining: 1952, call: scores, phase: playing
2026-06-14 13:20:58, tokens_remaining: 1951, call: scores, phase: playing
2026-06-14 13:20:59, tokens_remaining: 1951, call: scores, phase: playing
2026-06-14 13:20:59, tokens_remaining: 1951, call: scores, phase: playing
2026-06-14 13:21:00, tokens_remaining: 1949, call: scores, phase: playing
2026-06-14 13:21:00, tokens_remaining: 1949, call: events, phase: playing
2026-06-14 13:21:01, tokens_remaining: 1949, call: scores, phase: playing
2026-06-14 13:21:02, tokens_remaining: 1948, call: scores, phase: playing
2026-06-14 13:21:02, tokens_remaining: 1948, call: scores, phase: playing
2026-06-14 13:21:03, tokens_remaining: 1947, call: events, phase: playing
2026-06-14 13:21:03, tokens_remaining: 1946, call: scores, phase: playing
2026-06-14 13:21:04, tokens_remaining: 1946, call: scores, phase: playing
2026-06-14 13:21:05, tokens_remaining: 1945, call: scores, phase: playing
2026-06-14 13:21:05, tokens_remaining: 1945, call: scores, phase: playing
2026-06-14 13:21:06, tokens_remaining: 1944, call: scores, phase: playing
2026-06-14 13:21:06, tokens_remaining: 1944, call: scores, phase: playing
2026-06-14 13:21:08, tokens_remaining: 1943, call: scores, phase: playing
2026-06-14 13:21:08, tokens_remaining: 1943, call: scores, phase: playing
2026-06-14 13:21:09, tokens_remaining: 1942, call: scores, phase: playing
2026-06-14 13:21:09, tokens_remaining: 1942, call: scores, phase: playing
2026-06-14 13:21:11, tokens_remaining: 1941, call: scores, phase: playing
2026-06-14 13:21:11, tokens_remaining: 1941, call: scores, phase: playing
2026-06-14 13:21:12, tokens_remaining: 1940, call: scores, phase: playing
2026-06-14 13:21:14, tokens_remaining: 1939, call: scores, phase: playing
2026-06-14 13:21:14, tokens_remaining: 1939, call: scores, phase: playing
2026-06-14 13:21:15, tokens_remaining: 1937, call: scores, phase: playing
2026-06-14 13:21:15, tokens_remaining: 1937, call: events, phase: playing
2026-06-14 13:21:17, tokens_remaining: 1935, call: scores, phase: playing
2026-06-14 13:21:17, tokens_remaining: 1935, call: events, phase: playing
2026-06-14 13:21:18, tokens_remaining: 1934, call: scores, phase: playing
2026-06-14 13:21:18, tokens_remaining: 1934, call: scores, phase: playing
2026-06-14 13:21:20, tokens_remaining: 1933, call: scores, phase: playing
2026-06-14 13:21:20, tokens_remaining: 1933, call: scores, phase: playing
2026-06-14 13:21:21, tokens_remaining: 1932, call: scores, phase: playing
2026-06-14 13:21:21, tokens_remaining: 1932, call: scores, phase: playing
2026-06-14 13:21:23, tokens_remaining: 1931, call: scores, phase: playing
2026-06-14 13:21:23, tokens_remaining: 1931, call: scores, phase: playing
2026-06-14 13:21:24, tokens_remaining: 1930, call: scores, phase: playing
2026-06-14 13:21:24, tokens_remaining: 1930, call: scores, phase: playing
2026-06-14 13:21:26, tokens_remaining: 1929, call: scores, phase: playing
2026-06-14 13:21:26, tokens_remaining: 1929, call: scores, phase: playing
2026-06-14 13:21:27, tokens_remaining: 1928, call: scores, phase: playing
2026-06-14 13:21:27, tokens_remaining: 1928, call: scores, phase: playing
2026-06-14 13:21:28, tokens_remaining: 1927, call: scores, phase: playing
2026-06-14 13:21:30, tokens_remaining: 1925, call: scores, phase: playing
2026-06-14 13:21:30, tokens_remaining: 1925, call: events, phase: playing
2026-06-14 13:21:31, tokens_remaining: 1923, call: scores, phase: playing
2026-06-14 13:21:31, tokens_remaining: 1923, call: events, phase: playing
2026-06-14 13:21:33, tokens_remaining: 1922, call: scores, phase: playing
2026-06-14 13:21:33, tokens_remaining: 1922, call: scores, phase: playing
2026-06-14 13:21:34, tokens_remaining: 1921, call: scores, phase: playing
2026-06-14 13:21:34, tokens_remaining: 1921, call: scores, phase: playing
2026-06-14 13:21:36, tokens_remaining: 1920, call: scores, phase: playing
2026-06-14 13:21:36, tokens_remaining: 1920, call: scores, phase: playing
2026-06-14 13:21:37, tokens_remaining: 1919, call: scores, phase: playing
2026-06-14 13:21:37, tokens_remaining: 1919, call: scores, phase: playing
2026-06-14 13:21:39, tokens_remaining: 1918, call: scores, phase: playing
2026-06-14 13:21:39, tokens_remaining: 1918, call: scores, phase: playing
2026-06-14 13:21:40, tokens_remaining: 1917, call: scores, phase: playing
2026-06-14 13:21:40, tokens_remaining: 1917, call: scores, phase: playing
2026-06-14 13:21:42, tokens_remaining: 1916, call: scores, phase: playing
2026-06-14 13:21:42, tokens_remaining: 1916, call: scores, phase: playing
2026-06-14 13:21:43, tokens_remaining: 1915, call: scores, phase: playing
2026-06-14 13:21:43, tokens_remaining: 1915, call: scores, phase: playing
2026-06-14 13:21:45, tokens_remaining: 1913, call: scores, phase: playing
2026-06-14 13:21:45, tokens_remaining: 1913, call: events, phase: playing
2026-06-14 13:21:46, tokens_remaining: 1911, call: scores, phase: playing
2026-06-14 13:21:46, tokens_remaining: 1911, call: events, phase: playing
2026-06-14 13:21:48, tokens_remaining: 1910, call: scores, phase: playing
2026-06-14 13:21:48, tokens_remaining: 1910, call: scores, phase: playing
2026-06-14 13:21:49, tokens_remaining: 1909, call: scores, phase: playing
2026-06-14 13:21:49, tokens_remaining: 1909, call: scores, phase: playing
2026-06-14 13:21:51, tokens_remaining: 1908, call: scores, phase: playing
2026-06-14 13:21:51, tokens_remaining: 1908, call: scores, phase: playing
2026-06-14 13:21:52, tokens_remaining: 1907, call: scores, phase: playing
2026-06-14 13:21:52, tokens_remaining: 1907, call: scores, phase: playing
2026-06-14 13:21:54, tokens_remaining: 1906, call: scores, phase: playing
2026-06-14 13:21:54, tokens_remaining: 1906, call: scores, phase: playing
2026-06-14 13:21:55, tokens_remaining: 1905, call: scores, phase: playing
2026-06-14 13:21:55, tokens_remaining: 1905, call: scores, phase: playing
2026-06-14 13:21:57, tokens_remaining: 1904, call: scores, phase: playing
2026-06-14 13:21:57, tokens_remaining: 1904, call: scores, phase: playing
2026-06-14 13:21:58, tokens_remaining: 1903, call: scores, phase: playing
2026-06-14 13:21:58, tokens_remaining: 1903, call: scores, phase: playing
2026-06-14 13:22:00, tokens_remaining: 1901, call: events, phase: playing
2026-06-14 13:22:00, tokens_remaining: 1901, call: scores, phase: playing
2026-06-14 13:22:01, tokens_remaining: 1899, call: events, phase: playing
2026-06-14 13:22:01, tokens_remaining: 1899, call: scores, phase: playing
2026-06-14 13:22:03, tokens_remaining: 1898, call: scores, phase: playing
2026-06-14 13:22:03, tokens_remaining: 1898, call: scores, phase: playing
2026-06-14 13:22:04, tokens_remaining: 1897, call: scores, phase: playing
2026-06-14 13:22:04, tokens_remaining: 1897, call: scores, phase: playing
2026-06-14 13:22:06, tokens_remaining: 1896, call: scores, phase: playing
2026-06-14 13:22:07, tokens_remaining: 1895, call: scores, phase: playing
2026-06-14 13:22:09, tokens_remaining: 1894, call: scores, phase: playing
2026-06-14 13:22:09, tokens_remaining: 1894, call: scores, phase: playing
2026-06-14 13:22:10, tokens_remaining: 1893, call: scores, phase: playing
2026-06-14 13:22:10, tokens_remaining: 1893, call: scores, phase: playing
2026-06-14 13:22:12, tokens_remaining: 1892, call: scores, phase: playing
2026-06-14 13:22:12, tokens_remaining: 1892, call: scores, phase: playing
2026-06-14 13:22:13, tokens_remaining: 1891, call: scores, phase: playing
2026-06-14 13:22:13, tokens_remaining: 1891, call: scores, phase: playing
2026-06-14 13:22:15, tokens_remaining: 1890, call: scores, phase: playing
2026-06-14 13:22:15, tokens_remaining: 1889, call: events, phase: playing
2026-06-14 13:22:16, tokens_remaining: 1888, call: events, phase: playing
2026-06-14 13:22:16, tokens_remaining: 1887, call: scores, phase: playing
2026-06-14 13:22:18, tokens_remaining: 1886, call: scores, phase: playing
2026-06-14 13:22:19, tokens_remaining: 1885, call: scores, phase: playing
2026-06-14 13:22:19, tokens_remaining: 1885, call: scores, phase: playing
2026-06-14 13:22:20, tokens_remaining: 1884, call: scores, phase: playing
2026-06-14 13:22:20, tokens_remaining: 1884, call: scores, phase: playing
2026-06-14 13:22:22, tokens_remaining: 1883, call: scores, phase: playing
2026-06-14 13:22:22, tokens_remaining: 1883, call: scores, phase: playing
2026-06-14 13:22:23, tokens_remaining: 1882, call: scores, phase: playing
2026-06-14 13:22:23, tokens_remaining: 1882, call: scores, phase: playing
2026-06-14 13:22:25, tokens_remaining: 1881, call: scores, phase: playing
2026-06-14 13:22:25, tokens_remaining: 1881, call: scores, phase: playing
2026-06-14 13:22:26, tokens_remaining: 1880, call: scores, phase: playing
2026-06-14 13:22:26, tokens_remaining: 1880, call: scores, phase: playing
2026-06-14 13:22:28, tokens_remaining: 1879, call: scores, phase: playing
2026-06-14 13:22:28, tokens_remaining: 1879, call: scores, phase: playing
2026-06-14 13:22:29, tokens_remaining: 1877, call: events, phase: playing
2026-06-14 13:22:29, tokens_remaining: 1877, call: scores, phase: playing
2026-06-14 13:22:31, tokens_remaining: 1875, call: scores, phase: playing
2026-06-14 13:22:31, tokens_remaining: 1875, call: events, phase: playing
2026-06-14 13:22:32, tokens_remaining: 1874, call: scores, phase: playing
2026-06-14 13:22:32, tokens_remaining: 1874, call: scores, phase: playing
2026-06-14 13:22:34, tokens_remaining: 1873, call: scores, phase: playing
2026-06-14 13:22:35, tokens_remaining: 1872, call: scores, phase: playing
2026-06-14 13:22:35, tokens_remaining: 1872, call: scores, phase: playing
2026-06-14 13:22:37, tokens_remaining: 1871, call: scores, phase: playing
2026-06-14 13:22:37, tokens_remaining: 1871, call: scores, phase: playing
2026-06-14 13:22:38, tokens_remaining: 1870, call: scores, phase: playing
2026-06-14 13:22:38, tokens_remaining: 1870, call: scores, phase: playing
2026-06-14 13:22:40, tokens_remaining: 1869, call: scores, phase: playing
2026-06-14 13:22:40, tokens_remaining: 1869, call: scores, phase: playing
2026-06-14 13:22:41, tokens_remaining: 1868, call: scores, phase: playing
2026-06-14 13:22:41, tokens_remaining: 1868, call: scores, phase: playing
2026-06-14 13:22:43, tokens_remaining: 1867, call: scores, phase: playing
2026-06-14 13:22:43, tokens_remaining: 1867, call: scores, phase: playing
2026-06-14 13:22:44, tokens_remaining: 1865, call: scores, phase: playing
2026-06-14 13:22:44, tokens_remaining: 1865, call: events, phase: playing
2026-06-14 13:22:46, tokens_remaining: 1864, call: events, phase: playing
2026-06-14 13:22:47, tokens_remaining: 1863, call: scores, phase: playing
2026-06-14 13:22:48, tokens_remaining: 1862, call: scores, phase: playing
2026-06-14 13:22:49, tokens_remaining: 1862, call: scores, phase: playing
2026-06-14 13:22:49, tokens_remaining: 1861, call: scores, phase: playing
2026-06-14 13:22:51, tokens_remaining: 1860, call: scores, phase: playing
2026-06-14 13:22:51, tokens_remaining: 1860, call: scores, phase: playing
2026-06-14 13:22:53, tokens_remaining: 1859, call: scores, phase: playing
2026-06-14 13:22:55, tokens_remaining: 1858, call: scores, phase: playing
2026-06-14 13:22:57, tokens_remaining: 1857, call: scores, phase: playing
2026-06-14 13:22:59, tokens_remaining: 1859, call: scores, phase: playing
2026-06-14 13:23:00, tokens_remaining: 1856, call: scores, phase: playing
2026-06-14 13:23:00, tokens_remaining: 1856, call: scores, phase: playing
2026-06-14 13:23:01, tokens_remaining: 1855, call: scores, phase: playing
2026-06-14 13:23:01, tokens_remaining: 1855, call: scores, phase: playing
2026-06-14 13:23:03, tokens_remaining: 1853, call: events, phase: playing
2026-06-14 13:23:05, tokens_remaining: 1852, call: scores, phase: playing
2026-06-14 13:23:08, tokens_remaining: 1850, call: scores, phase: playing
