2026-06-13 20:06:40, tokens_remaining: 1075, call: events, phase: idle
2026-06-13 20:06:40, EVENT: GOAL 21' Ismael Saibari (0-1) [Brazil vs Morocco]
2026-06-13 20:06:40, EVENT: GOAL 32' Vinicius Junior (1-1) [Brazil vs Morocco]
2026-06-13 20:06:40, EVENT: SUBSTITUTION 46' Danilo [Brazil vs Morocco]
2026-06-13 20:06:40, EVENT: SUBSTITUTION 46' Fabinho [Brazil vs Morocco]
2026-06-13 20:06:40, EVENT: SUBSTITUTION 61' Matheus Cunha [Brazil vs Morocco]
2026-06-13 20:06:40, EVENT: SUBSTITUTION 62' Luiz Henrique [Brazil vs Morocco]
2026-06-13 20:06:40, EVENT: SUBSTITUTION 65' Samir El Mourabet [Brazil vs Morocco]
2026-06-13 20:06:40, EVENT: SUBSTITUTION 65' Chemsdine Talbi [Brazil vs Morocco]
2026-06-13 20:06:40, EVENT: SUBSTITUTION 80' Ayoube Amaimouni-Echghouyab [Brazil vs Morocco]
2026-06-13 20:06:40, EVENT: SUBSTITUTION 80' Anass Salah-Eddine [Brazil vs Morocco]
2026-06-13 20:06:40, EVENT: SUBSTITUTION 80' Danilo [Brazil vs Morocco]
2026-06-13 20:06:40, EVENT: SUBSTITUTION 89' Soufiane Rahimi [Brazil vs Morocco]
2026-06-13 20:06:40, EVENT: YELLOW_CARD 37' Casemiro [Brazil vs Morocco]
2026-06-13 20:06:40, EVENT: YELLOW_CARD 43' Roger Ibañez [Brazil vs Morocco]
2026-06-13 20:06:40, EVENT: EVENT_10 82' Matheus Cunha [Brazil vs Morocco]
2026-06-13 20:06:40, STATE_CHANGE: Brazil vs Morocco [— -> FT]
2026-06-13 20:06:50, tokens_remaining: 1074, call: scores, phase: postgame
2026-06-13 20:07:01, tokens_remaining: 1073, call: scores, phase: postgame
2026-06-13 20:07:11, tokens_remaining: 1072, call: scores, phase: postgame
2026-06-13 20:07:21, tokens_remaining: 1071, call: scores, phase: postgame
2026-06-13 20:07:32, tokens_remaining: 1070, call: scores, phase: postgame
2026-06-13 20:08:32, tokens_remaining: 1069, call: scores, phase: postgame
