2026-06-16 16:09:45, tokens_remaining: 1715, call: events, phase: idle
2026-06-16 16:09:45, EVENT: GOAL 66' Kylian Mbappé (1-0) [France vs Senegal]
2026-06-16 16:09:45, EVENT: GOAL 82' Bradley Barcola (2-0) [France vs Senegal]
2026-06-16 16:09:45, EVENT: GOAL 90+5' Ibrahim Mbaye (2-1) [France vs Senegal]
2026-06-16 16:09:45, EVENT: GOAL 90+6' Kylian Mbappé (3-1) [France vs Senegal]
2026-06-16 16:09:45, EVENT: SUBSTITUTION 75' Ibrahim Mbaye [France vs Senegal]
2026-06-16 16:09:45, EVENT: SUBSTITUTION 76' Habib Diarra [France vs Senegal]
2026-06-16 16:09:45, EVENT: SUBSTITUTION 80' Bradley Barcola [France vs Senegal]
2026-06-16 16:09:45, EVENT: SUBSTITUTION 83' Bamba Dieng [France vs Senegal]
2026-06-16 16:09:45, EVENT: SUBSTITUTION 83' Iliman Ndiaye [France vs Senegal]
2026-06-16 16:09:45, EVENT: SUBSTITUTION 87' Rayan Cherki [France vs Senegal]
2026-06-16 16:09:45, EVENT: SUBSTITUTION 88' Pathé Ciss [France vs Senegal]
2026-06-16 16:09:45, EVENT: EVENT_10 60' Kylian Mbappé [France vs Senegal]
2026-06-16 16:09:45, EVENT: EVENT_10 60' Kylian Mbappé [France vs Senegal]
2026-06-16 16:09:45, STATE_CHANGE: France vs Senegal [— -> FT]
2026-06-16 16:09:55, tokens_remaining: 1714, call: scores, phase: postgame
2026-06-16 16:10:06, tokens_remaining: 1713, call: scores, phase: postgame
2026-06-16 16:10:16, tokens_remaining: 1712, call: scores, phase: postgame
2026-06-16 16:10:26, tokens_remaining: 1711, call: scores, phase: postgame
2026-06-16 16:10:37, tokens_remaining: 1710, call: scores, phase: postgame
2026-06-16 16:11:37, tokens_remaining: 1709, call: scores, phase: postgame
2026-06-16 16:12:38, tokens_remaining: 1708, call: scores, phase: postgame
2026-06-16 16:13:38, tokens_remaining: 1707, call: scores, phase: postgame
2026-06-16 16:14:39, tokens_remaining: 1706, call: events, phase: postgame
2026-06-16 16:15:40, tokens_remaining: 2499, call: scores, phase: postgame
2026-06-16 16:16:41, tokens_remaining: 2498, call: scores, phase: postgame
2026-06-16 16:17:41, tokens_remaining: 2497, call: scores, phase: postgame
2026-06-16 16:18:44, tokens_remaining: 2496, call: scores, phase: postgame
2026-06-16 16:19:44, tokens_remaining: 2495, call: scores, phase: postgame
2026-06-16 16:20:45, tokens_remaining: 2494, call: scores, phase: postgame
2026-06-16 16:21:45, tokens_remaining: 2493, call: scores, phase: idle
2026-06-16 16:22:46, tokens_remaining: 2492, call: scores, phase: idle
2026-06-16 16:23:46, tokens_remaining: 2491, call: scores, phase: idle
2026-06-16 16:24:47, tokens_remaining: 2490, call: events, phase: idle
2026-06-16 16:25:48, tokens_remaining: 2489, call: scores, phase: idle
2026-06-16 16:26:48, tokens_remaining: 2488, call: scores, phase: idle
2026-06-16 16:27:49, tokens_remaining: 2487, call: scores, phase: idle
2026-06-16 16:28:49, tokens_remaining: 2486, call: scores, phase: idle
2026-06-16 16:29:50, tokens_remaining: 2485, call: scores, phase: idle
2026-06-16 16:30:50, tokens_remaining: 2484, call: scores, phase: idle
2026-06-16 16:31:51, tokens_remaining: 2483, call: scores, phase: idle
2026-06-16 16:32:51, tokens_remaining: 2482, call: scores, phase: idle
2026-06-16 16:33:52, tokens_remaining: 2481, call: scores, phase: idle
2026-06-16 16:34:52, tokens_remaining: 2480, call: events, phase: idle
2026-06-16 16:35:53, tokens_remaining: 2499, call: scores, phase: idle
2026-06-16 16:37:08, tokens_remaining: 2498, call: scores, phase: idle
2026-06-16 16:38:09, tokens_remaining: 2497, call: scores, phase: idle
2026-06-16 16:39:09, tokens_remaining: 2496, call: scores, phase: idle
2026-06-16 16:40:10, tokens_remaining: 2495, call: scores, phase: idle
2026-06-16 16:41:11, tokens_remaining: 2494, call: scores, phase: idle
2026-06-16 16:42:11, tokens_remaining: 2493, call: scores, phase: idle
2026-06-16 16:43:11, tokens_remaining: 2492, call: scores, phase: idle
2026-06-16 16:44:12, tokens_remaining: 2491, call: scores, phase: idle
2026-06-16 16:45:13, tokens_remaining: 2490, call: events, phase: idle
2026-06-16 16:45:13, STATE_CHANGE: Iraq vs Norway [— -> NS]
2026-06-16 16:46:13, tokens_remaining: 2489, call: scores, phase: pregame
2026-06-16 16:47:14, tokens_remaining: 2488, call: scores, phase: pregame
2026-06-16 16:48:14, tokens_remaining: 2487, call: scores, phase: pregame
2026-06-16 16:49:15, tokens_remaining: 2486, call: scores, phase: pregame
2026-06-16 16:50:15, tokens_remaining: 2485, call: scores, phase: pregame
2026-06-16 16:51:16, tokens_remaining: 2484, call: scores, phase: pregame
2026-06-16 16:52:17, tokens_remaining: 2483, call: scores, phase: pregame
2026-06-16 16:53:17, tokens_remaining: 2482, call: scores, phase: pregame
2026-06-16 16:54:18, tokens_remaining: 2481, call: scores, phase: pregame
2026-06-16 16:55:18, tokens_remaining: 2480, call: events, phase: pregame
2026-06-16 16:56:19, tokens_remaining: 2479, call: scores, phase: pregame
2026-06-16 16:57:22, tokens_remaining: 2478, call: scores, phase: pregame
2026-06-16 16:58:22, tokens_remaining: 2477, call: scores, phase: pregame
2026-06-16 16:59:23, tokens_remaining: 2476, call: scores, phase: pregame
