2026-06-15 16:12:32, tokens_remaining: 2467, call: events, phase: idle
2026-06-15 16:12:32, EVENT: GOAL 20' Emam Ashour (0-1) [Belgium vs Egypt]
2026-06-15 16:12:32, EVENT: YELLOW_CARD 13' Marwan Ateya [Belgium vs Egypt]
2026-06-15 16:12:32, EVENT: YELLOW_CARD 14' Timothy Castagne [Belgium vs Egypt]
2026-06-15 16:12:32, EVENT: YELLOW_CARD 34' Ahmed Fatouh [Belgium vs Egypt]
2026-06-15 16:12:32, STATE_CHANGE: Belgium vs Egypt [— -> 2H]
2026-06-15 16:12:33, tokens_remaining: 2466, call: scores, phase: playing
2026-06-15 16:12:34, tokens_remaining: 2466, call: scores, phase: playing
2026-06-15 16:12:35, tokens_remaining: 2465, call: scores, phase: playing
2026-06-15 16:12:35, tokens_remaining: 2465, call: scores, phase: playing
2026-06-15 16:12:36, tokens_remaining: 2464, call: scores, phase: playing
2026-06-15 16:12:37, tokens_remaining: 2464, call: scores, phase: playing
2026-06-15 16:12:38, tokens_remaining: 2463, call: scores, phase: playing
2026-06-15 16:12:39, tokens_remaining: 2463, call: scores, phase: playing
2026-06-15 16:12:40, tokens_remaining: 2462, call: events, phase: playing
2026-06-15 16:12:41, tokens_remaining: 2461, call: scores, phase: playing
2026-06-15 16:12:42, tokens_remaining: 2461, call: scores, phase: playing
2026-06-15 16:12:43, tokens_remaining: 2460, call: scores, phase: playing
2026-06-15 16:12:44, tokens_remaining: 2459, call: scores, phase: playing
2026-06-15 16:12:46, tokens_remaining: 2458, call: scores, phase: playing
2026-06-15 16:12:47, tokens_remaining: 2457, call: scores, phase: playing
2026-06-15 16:12:49, tokens_remaining: 2456, call: scores, phase: playing
2026-06-15 16:12:50, tokens_remaining: 2455, call: scores, phase: playing
2026-06-15 16:12:52, tokens_remaining: 2454, call: scores, phase: playing
2026-06-15 16:12:53, tokens_remaining: 2453, call: events, phase: playing
2026-06-15 16:12:55, tokens_remaining: 2452, call: scores, phase: playing
2026-06-15 16:12:56, tokens_remaining: 2451, call: scores, phase: playing
2026-06-15 16:12:58, tokens_remaining: 2450, call: scores, phase: playing
2026-06-15 16:12:59, tokens_remaining: 2449, call: scores, phase: playing
2026-06-15 16:13:01, tokens_remaining: 2448, call: scores, phase: playing
2026-06-15 16:13:02, tokens_remaining: 2447, call: scores, phase: playing
2026-06-15 16:13:03, tokens_remaining: 2446, call: scores, phase: playing
2026-06-15 16:13:05, tokens_remaining: 2445, call: scores, phase: playing
2026-06-15 16:13:06, tokens_remaining: 2444, call: scores, phase: playing
2026-06-15 16:13:08, tokens_remaining: 2443, call: events, phase: playing
2026-06-15 16:13:09, tokens_remaining: 2442, call: scores, phase: playing
2026-06-15 16:13:11, tokens_remaining: 2441, call: scores, phase: playing
2026-06-15 16:13:12, tokens_remaining: 2440, call: scores, phase: playing
2026-06-15 16:13:14, tokens_remaining: 2439, call: scores, phase: playing
2026-06-15 16:13:15, tokens_remaining: 2438, call: scores, phase: playing
2026-06-15 16:13:17, tokens_remaining: 2437, call: scores, phase: playing
2026-06-15 16:13:18, tokens_remaining: 2436, call: scores, phase: playing
2026-06-15 16:13:20, tokens_remaining: 2435, call: scores, phase: playing
2026-06-15 16:13:21, tokens_remaining: 2434, call: scores, phase: playing
2026-06-15 16:13:23, tokens_remaining: 2433, call: events, phase: playing
2026-06-15 16:13:24, tokens_remaining: 2432, call: scores, phase: playing
2026-06-15 16:13:26, tokens_remaining: 2431, call: scores, phase: playing
2026-06-15 16:13:27, tokens_remaining: 2430, call: scores, phase: playing
2026-06-15 16:13:29, tokens_remaining: 2429, call: scores, phase: playing
2026-06-15 16:13:30, tokens_remaining: 2428, call: scores, phase: playing
2026-06-15 16:13:32, tokens_remaining: 2427, call: scores, phase: playing
2026-06-15 16:13:33, tokens_remaining: 2426, call: scores, phase: playing
2026-06-15 16:13:34, tokens_remaining: 2425, call: scores, phase: playing
2026-06-15 16:13:36, tokens_remaining: 2424, call: scores, phase: playing
2026-06-15 16:13:37, tokens_remaining: 2423, call: events, phase: playing
2026-06-15 16:13:39, tokens_remaining: 2422, call: scores, phase: playing
2026-06-15 16:13:40, tokens_remaining: 2421, call: scores, phase: playing
2026-06-15 16:13:42, tokens_remaining: 2420, call: scores, phase: playing
2026-06-15 16:13:43, tokens_remaining: 2419, call: scores, phase: playing
2026-06-15 16:13:45, tokens_remaining: 2418, call: scores, phase: playing
2026-06-15 16:13:46, tokens_remaining: 2417, call: scores, phase: playing
2026-06-15 16:13:47, tokens_remaining: 2416, call: scores, phase: playing
2026-06-15 16:13:49, tokens_remaining: 2415, call: scores, phase: playing
2026-06-15 16:13:50, tokens_remaining: 2414, call: scores, phase: playing
2026-06-15 16:13:52, tokens_remaining: 2413, call: events, phase: playing
2026-06-15 16:13:54, tokens_remaining: 2412, call: scores, phase: playing
2026-06-15 16:13:55, tokens_remaining: 2411, call: scores, phase: playing
2026-06-15 16:13:57, tokens_remaining: 2410, call: scores, phase: playing
2026-06-15 16:13:58, tokens_remaining: 2409, call: scores, phase: playing
2026-06-15 16:13:59, tokens_remaining: 2408, call: scores, phase: playing
2026-06-15 16:14:01, tokens_remaining: 2407, call: scores, phase: playing
2026-06-15 16:14:02, tokens_remaining: 2406, call: scores, phase: playing
2026-06-15 16:14:04, tokens_remaining: 2405, call: scores, phase: playing
2026-06-15 16:14:05, tokens_remaining: 2404, call: scores, phase: playing
2026-06-15 16:14:07, tokens_remaining: 2403, call: events, phase: playing
2026-06-15 16:14:08, tokens_remaining: 2402, call: scores, phase: playing
2026-06-15 16:14:10, tokens_remaining: 2401, call: scores, phase: playing
2026-06-15 16:14:11, tokens_remaining: 2400, call: scores, phase: playing
2026-06-15 16:14:13, tokens_remaining: 2399, call: scores, phase: playing
2026-06-15 16:14:14, tokens_remaining: 2398, call: scores, phase: playing
2026-06-15 16:14:16, tokens_remaining: 2397, call: scores, phase: playing
2026-06-15 16:14:17, tokens_remaining: 2396, call: scores, phase: playing
2026-06-15 16:14:19, tokens_remaining: 2395, call: scores, phase: playing
2026-06-15 16:14:20, tokens_remaining: 2394, call: scores, phase: playing
2026-06-15 16:14:22, tokens_remaining: 2393, call: events, phase: playing
2026-06-15 16:14:23, tokens_remaining: 2392, call: scores, phase: playing
2026-06-15 16:14:25, tokens_remaining: 2391, call: scores, phase: playing
2026-06-15 16:14:26, tokens_remaining: 2390, call: scores, phase: playing
2026-06-15 16:14:28, tokens_remaining: 2389, call: scores, phase: playing
2026-06-15 16:14:29, tokens_remaining: 2388, call: scores, phase: playing
2026-06-15 16:14:31, tokens_remaining: 2387, call: scores, phase: playing
2026-06-15 16:14:33, tokens_remaining: 2386, call: scores, phase: playing
2026-06-15 16:14:34, tokens_remaining: 2385, call: scores, phase: playing
2026-06-15 16:14:35, tokens_remaining: 2384, call: scores, phase: playing
2026-06-15 16:14:37, tokens_remaining: 2383, call: events, phase: playing
2026-06-15 16:14:39, tokens_remaining: 2382, call: scores, phase: playing
2026-06-15 16:14:40, tokens_remaining: 2381, call: scores, phase: playing
2026-06-15 16:14:42, tokens_remaining: 2380, call: scores, phase: playing
2026-06-15 16:14:43, tokens_remaining: 2379, call: scores, phase: playing
2026-06-15 16:14:45, tokens_remaining: 2378, call: scores, phase: playing
2026-06-15 16:14:46, tokens_remaining: 2377, call: scores, phase: playing
2026-06-15 16:14:48, tokens_remaining: 2376, call: scores, phase: playing
2026-06-15 16:14:50, tokens_remaining: 2375, call: scores, phase: playing
2026-06-15 16:14:51, tokens_remaining: 2374, call: scores, phase: playing
2026-06-15 16:14:52, tokens_remaining: 2373, call: events, phase: playing
2026-06-15 16:14:54, tokens_remaining: 2372, call: scores, phase: playing
2026-06-15 16:14:55, tokens_remaining: 2371, call: scores, phase: playing
2026-06-15 16:14:57, tokens_remaining: 2370, call: scores, phase: playing
2026-06-15 16:14:58, tokens_remaining: 2369, call: scores, phase: playing
2026-06-15 16:15:00, tokens_remaining: 2368, call: scores, phase: playing
2026-06-15 16:15:01, tokens_remaining: 2367, call: scores, phase: playing
2026-06-15 16:15:03, tokens_remaining: 2366, call: scores, phase: playing
2026-06-15 16:15:04, tokens_remaining: 2365, call: scores, phase: playing
2026-06-15 16:15:06, tokens_remaining: 2364, call: scores, phase: playing
2026-06-15 16:15:07, tokens_remaining: 2363, call: events, phase: playing
2026-06-15 16:15:09, tokens_remaining: 2362, call: scores, phase: playing
2026-06-15 16:15:11, tokens_remaining: 2361, call: scores, phase: playing
2026-06-15 16:15:12, tokens_remaining: 2360, call: scores, phase: playing
2026-06-15 16:15:13, tokens_remaining: 2359, call: scores, phase: playing
2026-06-15 16:15:15, tokens_remaining: 2358, call: scores, phase: playing
2026-06-15 16:15:16, tokens_remaining: 2357, call: scores, phase: playing
2026-06-15 16:15:18, tokens_remaining: 2356, call: scores, phase: playing
2026-06-15 16:15:19, tokens_remaining: 2355, call: scores, phase: playing
2026-06-15 16:15:21, tokens_remaining: 2354, call: scores, phase: playing
2026-06-15 16:15:22, tokens_remaining: 2353, call: events, phase: playing
2026-06-15 16:15:24, tokens_remaining: 2352, call: scores, phase: playing
2026-06-15 16:15:25, tokens_remaining: 2351, call: scores, phase: playing
2026-06-15 16:15:27, tokens_remaining: 2350, call: scores, phase: playing
2026-06-15 16:15:28, tokens_remaining: 2349, call: scores, phase: playing
2026-06-15 16:15:30, tokens_remaining: 2348, call: scores, phase: playing
2026-06-15 16:15:31, tokens_remaining: 2347, call: scores, phase: playing
2026-06-15 16:15:33, tokens_remaining: 2346, call: scores, phase: playing
2026-06-15 16:15:34, tokens_remaining: 2345, call: scores, phase: playing
2026-06-15 16:15:36, tokens_remaining: 2344, call: scores, phase: playing
2026-06-15 16:15:37, tokens_remaining: 2343, call: events, phase: playing
2026-06-15 16:15:39, tokens_remaining: 2342, call: scores, phase: playing
2026-06-15 16:15:40, tokens_remaining: 2341, call: scores, phase: playing
2026-06-15 16:15:42, tokens_remaining: 2340, call: scores, phase: playing
2026-06-15 16:15:43, tokens_remaining: 2339, call: scores, phase: playing
2026-06-15 16:15:45, tokens_remaining: 2338, call: scores, phase: playing
2026-06-15 16:15:46, tokens_remaining: 2337, call: scores, phase: playing
2026-06-15 16:15:48, tokens_remaining: 2336, call: scores, phase: playing
2026-06-15 16:15:49, tokens_remaining: 2335, call: scores, phase: playing
2026-06-15 16:15:51, tokens_remaining: 2334, call: scores, phase: playing
2026-06-15 16:15:52, tokens_remaining: 2333, call: events, phase: playing
2026-06-15 16:15:54, tokens_remaining: 2332, call: scores, phase: playing
2026-06-15 16:15:55, tokens_remaining: 2331, call: scores, phase: playing
2026-06-15 16:15:56, tokens_remaining: 2330, call: scores, phase: playing
2026-06-15 16:15:58, tokens_remaining: 2329, call: scores, phase: playing
2026-06-15 16:16:00, tokens_remaining: 2328, call: scores, phase: playing
2026-06-15 16:16:01, tokens_remaining: 2327, call: scores, phase: playing
2026-06-15 16:16:03, tokens_remaining: 2326, call: scores, phase: playing
2026-06-15 16:16:05, tokens_remaining: 2325, call: scores, phase: playing
2026-06-15 16:16:06, tokens_remaining: 2324, call: scores, phase: playing
2026-06-15 16:16:08, tokens_remaining: 2323, call: events, phase: playing
2026-06-15 16:16:09, tokens_remaining: 2322, call: scores, phase: playing
2026-06-15 16:16:11, tokens_remaining: 2321, call: scores, phase: playing
2026-06-15 16:16:12, tokens_remaining: 2320, call: scores, phase: playing
2026-06-15 16:16:13, tokens_remaining: 2319, call: scores, phase: playing
2026-06-15 16:16:15, tokens_remaining: 2318, call: scores, phase: playing
2026-06-15 16:16:16, tokens_remaining: 2317, call: scores, phase: playing
2026-06-15 16:16:18, tokens_remaining: 2316, call: scores, phase: playing
2026-06-15 16:16:19, tokens_remaining: 2315, call: scores, phase: playing
2026-06-15 16:16:21, tokens_remaining: 2314, call: scores, phase: playing
2026-06-15 16:16:22, tokens_remaining: 2313, call: events, phase: playing
2026-06-15 16:16:24, tokens_remaining: 2312, call: scores, phase: playing
2026-06-15 16:16:25, tokens_remaining: 2311, call: scores, phase: playing
2026-06-15 16:16:27, tokens_remaining: 2310, call: scores, phase: playing
2026-06-15 16:16:28, tokens_remaining: 2309, call: scores, phase: playing
2026-06-15 16:16:29, tokens_remaining: 2308, call: scores, phase: playing
2026-06-15 16:16:31, tokens_remaining: 2307, call: scores, phase: playing
2026-06-15 16:16:32, tokens_remaining: 2306, call: scores, phase: playing
2026-06-15 16:16:34, tokens_remaining: 2305, call: scores, phase: playing
2026-06-15 16:16:35, tokens_remaining: 2304, call: scores, phase: playing
2026-06-15 16:16:37, tokens_remaining: 2303, call: events, phase: playing
2026-06-15 16:16:38, tokens_remaining: 2302, call: scores, phase: playing
2026-06-15 16:16:40, tokens_remaining: 2301, call: scores, phase: playing
2026-06-15 16:16:41, tokens_remaining: 2300, call: scores, phase: playing
2026-06-15 16:16:42, tokens_remaining: 2299, call: scores, phase: playing
2026-06-15 16:16:44, tokens_remaining: 2298, call: scores, phase: playing
2026-06-15 16:16:45, tokens_remaining: 2297, call: scores, phase: playing
2026-06-15 16:16:47, tokens_remaining: 2296, call: scores, phase: playing
2026-06-15 16:16:48, tokens_remaining: 2295, call: scores, phase: playing
2026-06-15 16:16:50, tokens_remaining: 2294, call: scores, phase: playing
2026-06-15 16:16:51, tokens_remaining: 2293, call: events, phase: playing
2026-06-15 16:16:53, tokens_remaining: 2292, call: scores, phase: playing
2026-06-15 16:16:54, tokens_remaining: 2291, call: scores, phase: playing
2026-06-15 16:16:55, tokens_remaining: 2290, call: scores, phase: playing
2026-06-15 16:16:57, tokens_remaining: 2289, call: scores, phase: playing
2026-06-15 16:16:58, tokens_remaining: 2288, call: scores, phase: playing
2026-06-15 16:17:00, tokens_remaining: 2287, call: scores, phase: playing
2026-06-15 16:17:01, tokens_remaining: 2286, call: scores, phase: playing
2026-06-15 16:17:03, tokens_remaining: 2285, call: scores, phase: playing
2026-06-15 16:17:04, tokens_remaining: 2284, call: scores, phase: playing
2026-06-15 16:17:06, tokens_remaining: 2283, call: events, phase: playing
2026-06-15 16:17:07, tokens_remaining: 2282, call: scores, phase: playing
2026-06-15 16:17:08, tokens_remaining: 2281, call: scores, phase: playing
2026-06-15 16:17:10, tokens_remaining: 2280, call: scores, phase: playing
2026-06-15 16:17:11, tokens_remaining: 2279, call: scores, phase: playing
2026-06-15 16:17:13, tokens_remaining: 2278, call: scores, phase: playing
2026-06-15 16:17:14, tokens_remaining: 2277, call: scores, phase: playing
2026-06-15 16:17:16, tokens_remaining: 2276, call: scores, phase: playing
2026-06-15 16:17:17, tokens_remaining: 2275, call: scores, phase: playing
2026-06-15 16:17:19, tokens_remaining: 2274, call: scores, phase: playing
2026-06-15 16:17:20, tokens_remaining: 2273, call: events, phase: playing
2026-06-15 16:17:22, tokens_remaining: 2272, call: scores, phase: playing
2026-06-15 16:17:23, tokens_remaining: 2271, call: scores, phase: playing
2026-06-15 16:17:24, tokens_remaining: 2270, call: scores, phase: playing
2026-06-15 16:17:26, tokens_remaining: 2269, call: scores, phase: playing
2026-06-15 16:17:27, tokens_remaining: 2268, call: scores, phase: playing
2026-06-15 16:17:29, tokens_remaining: 2267, call: scores, phase: playing
2026-06-15 16:17:30, tokens_remaining: 2266, call: scores, phase: playing
2026-06-15 16:17:32, tokens_remaining: 2265, call: scores, phase: playing
2026-06-15 16:17:33, tokens_remaining: 2264, call: scores, phase: playing
2026-06-15 16:17:34, tokens_remaining: 2263, call: events, phase: playing
2026-06-15 16:17:36, tokens_remaining: 2262, call: scores, phase: playing
2026-06-15 16:17:37, tokens_remaining: 2261, call: scores, phase: playing
2026-06-15 16:17:39, tokens_remaining: 2260, call: scores, phase: playing
2026-06-15 16:17:40, tokens_remaining: 2259, call: scores, phase: playing
2026-06-15 16:17:42, tokens_remaining: 2258, call: scores, phase: playing
2026-06-15 16:17:43, tokens_remaining: 2257, call: scores, phase: playing
2026-06-15 16:17:45, tokens_remaining: 2256, call: scores, phase: playing
2026-06-15 16:17:46, tokens_remaining: 2255, call: scores, phase: playing
2026-06-15 16:17:47, tokens_remaining: 2254, call: scores, phase: playing
2026-06-15 16:17:49, tokens_remaining: 2253, call: events, phase: playing
2026-06-15 16:17:50, tokens_remaining: 2252, call: scores, phase: playing
2026-06-15 16:17:52, tokens_remaining: 2251, call: scores, phase: playing
2026-06-15 16:17:53, tokens_remaining: 2250, call: scores, phase: playing
2026-06-15 16:17:55, tokens_remaining: 2249, call: scores, phase: playing
2026-06-15 16:17:56, tokens_remaining: 2248, call: scores, phase: playing
2026-06-15 16:17:58, tokens_remaining: 2247, call: scores, phase: playing
2026-06-15 16:17:59, tokens_remaining: 2246, call: scores, phase: playing
2026-06-15 16:18:00, tokens_remaining: 2245, call: scores, phase: playing
2026-06-15 16:18:02, tokens_remaining: 2244, call: scores, phase: playing
2026-06-15 16:18:03, tokens_remaining: 2243, call: events, phase: playing
2026-06-15 16:18:05, tokens_remaining: 2242, call: scores, phase: playing
2026-06-15 16:18:06, tokens_remaining: 2241, call: scores, phase: playing
2026-06-15 16:18:07, tokens_remaining: 2240, call: scores, phase: playing
2026-06-15 16:18:09, tokens_remaining: 2239, call: scores, phase: playing
2026-06-15 16:18:10, tokens_remaining: 2238, call: scores, phase: playing
2026-06-15 16:18:12, tokens_remaining: 2237, call: scores, phase: playing
2026-06-15 16:18:13, tokens_remaining: 2236, call: scores, phase: playing
2026-06-15 16:18:14, tokens_remaining: 2235, call: scores, phase: playing
2026-06-15 16:18:16, tokens_remaining: 2234, call: scores, phase: playing
2026-06-15 16:18:17, tokens_remaining: 2233, call: events, phase: playing
2026-06-15 16:18:19, tokens_remaining: 2232, call: scores, phase: playing
2026-06-15 16:18:20, tokens_remaining: 2231, call: scores, phase: playing
2026-06-15 16:18:22, tokens_remaining: 2230, call: scores, phase: playing
2026-06-15 16:18:23, tokens_remaining: 2229, call: scores, phase: playing
2026-06-15 16:18:24, tokens_remaining: 2228, call: scores, phase: playing
2026-06-15 16:18:26, tokens_remaining: 2227, call: scores, phase: playing
2026-06-15 16:18:28, tokens_remaining: 2226, call: scores, phase: playing
2026-06-15 16:18:29, tokens_remaining: 2225, call: scores, phase: playing
2026-06-15 16:18:31, tokens_remaining: 2224, call: scores, phase: playing
2026-06-15 16:18:32, tokens_remaining: 2223, call: events, phase: playing
2026-06-15 16:18:33, tokens_remaining: 2222, call: scores, phase: playing
2026-06-15 16:18:35, tokens_remaining: 2221, call: scores, phase: playing
2026-06-15 16:18:36, tokens_remaining: 2220, call: scores, phase: playing
2026-06-15 16:18:38, tokens_remaining: 2219, call: scores, phase: playing
2026-06-15 16:18:39, tokens_remaining: 2218, call: scores, phase: playing
2026-06-15 16:18:41, tokens_remaining: 2217, call: scores, phase: playing
2026-06-15 16:18:42, tokens_remaining: 2216, call: scores, phase: playing
2026-06-15 16:18:43, tokens_remaining: 2215, call: scores, phase: playing
2026-06-15 16:18:45, tokens_remaining: 2214, call: scores, phase: playing
2026-06-15 16:18:46, tokens_remaining: 2213, call: events, phase: playing
2026-06-15 16:18:48, tokens_remaining: 2212, call: scores, phase: playing
2026-06-15 16:18:49, tokens_remaining: 2211, call: scores, phase: playing
2026-06-15 16:18:51, tokens_remaining: 2210, call: scores, phase: playing
2026-06-15 16:18:52, tokens_remaining: 2209, call: scores, phase: playing
2026-06-15 16:18:53, tokens_remaining: 2208, call: scores, phase: playing
2026-06-15 16:18:55, tokens_remaining: 2207, call: scores, phase: playing
2026-06-15 16:18:56, tokens_remaining: 2206, call: scores, phase: playing
2026-06-15 16:18:58, tokens_remaining: 2205, call: scores, phase: playing
2026-06-15 16:18:59, tokens_remaining: 2204, call: scores, phase: playing
2026-06-15 16:19:01, tokens_remaining: 2203, call: events, phase: playing
2026-06-15 16:19:01, EVENT: SUBSTITUTION 56' Maxim De Cuyper [Belgium vs Egypt]
2026-06-15 16:19:02, tokens_remaining: 2202, call: scores, phase: playing
2026-06-15 16:19:03, tokens_remaining: 2201, call: scores, phase: playing
2026-06-15 16:19:05, tokens_remaining: 2200, call: scores, phase: playing
2026-06-15 16:19:06, tokens_remaining: 2199, call: scores, phase: playing
2026-06-15 16:19:08, tokens_remaining: 2198, call: scores, phase: playing
2026-06-15 16:19:09, tokens_remaining: 2197, call: scores, phase: playing
2026-06-15 16:19:11, tokens_remaining: 2196, call: scores, phase: playing
2026-06-15 16:19:12, tokens_remaining: 2195, call: scores, phase: playing
2026-06-15 16:19:13, tokens_remaining: 2194, call: scores, phase: playing
2026-06-15 16:19:15, tokens_remaining: 2193, call: events, phase: playing
2026-06-15 16:19:16, tokens_remaining: 2192, call: scores, phase: playing
2026-06-15 16:19:19, tokens_remaining: 2191, call: scores, phase: playing
2026-06-15 16:19:20, tokens_remaining: 2190, call: scores, phase: playing
2026-06-15 16:19:21, tokens_remaining: 2189, call: scores, phase: playing
2026-06-15 16:19:23, tokens_remaining: 2188, call: scores, phase: playing
2026-06-15 16:19:24, tokens_remaining: 2187, call: scores, phase: playing
2026-06-15 16:19:26, tokens_remaining: 2186, call: scores, phase: playing
2026-06-15 16:19:27, tokens_remaining: 2185, call: scores, phase: playing
2026-06-15 16:19:28, tokens_remaining: 2184, call: scores, phase: playing
2026-06-15 16:19:30, tokens_remaining: 2183, call: events, phase: playing
2026-06-15 16:19:30, EVENT: SUBSTITUTION 56' Nicolas Raskin [Belgium vs Egypt]
2026-06-15 16:19:31, tokens_remaining: 2182, call: scores, phase: playing
2026-06-15 16:19:33, tokens_remaining: 2181, call: scores, phase: playing
2026-06-15 16:19:34, tokens_remaining: 2180, call: scores, phase: playing
2026-06-15 16:19:36, tokens_remaining: 2179, call: scores, phase: playing
2026-06-15 16:19:37, tokens_remaining: 2178, call: scores, phase: playing
2026-06-15 16:19:38, tokens_remaining: 2177, call: scores, phase: playing
2026-06-15 16:19:40, tokens_remaining: 2176, call: scores, phase: playing
2026-06-15 16:19:41, tokens_remaining: 2175, call: scores, phase: playing
2026-06-15 16:19:43, tokens_remaining: 2174, call: scores, phase: playing
2026-06-15 16:19:44, tokens_remaining: 2173, call: events, phase: playing
2026-06-15 16:19:46, tokens_remaining: 2172, call: scores, phase: playing
2026-06-15 16:19:47, tokens_remaining: 2171, call: scores, phase: playing
2026-06-15 16:19:48, tokens_remaining: 2170, call: scores, phase: playing
2026-06-15 16:19:50, tokens_remaining: 2169, call: scores, phase: playing
2026-06-15 16:19:51, tokens_remaining: 2168, call: scores, phase: playing
2026-06-15 16:19:53, tokens_remaining: 2167, call: scores, phase: playing
2026-06-15 16:19:54, tokens_remaining: 2166, call: scores, phase: playing
2026-06-15 16:19:55, tokens_remaining: 2165, call: scores, phase: playing
2026-06-15 16:19:57, tokens_remaining: 2164, call: scores, phase: playing
2026-06-15 16:19:58, tokens_remaining: 2163, call: events, phase: playing
2026-06-15 16:20:00, tokens_remaining: 2162, call: scores, phase: playing
2026-06-15 16:20:01, tokens_remaining: 2161, call: scores, phase: playing
2026-06-15 16:20:03, tokens_remaining: 2160, call: scores, phase: playing
2026-06-15 16:20:04, tokens_remaining: 2159, call: scores, phase: playing
2026-06-15 16:20:05, tokens_remaining: 2158, call: scores, phase: playing
2026-06-15 16:20:07, tokens_remaining: 2157, call: scores, phase: playing
2026-06-15 16:20:08, tokens_remaining: 2156, call: scores, phase: playing
2026-06-15 16:20:10, tokens_remaining: 2155, call: scores, phase: playing
2026-06-15 16:20:11, tokens_remaining: 2154, call: scores, phase: playing
2026-06-15 16:20:12, tokens_remaining: 2153, call: events, phase: playing
2026-06-15 16:20:14, tokens_remaining: 2152, call: scores, phase: playing
2026-06-15 16:20:15, tokens_remaining: 2151, call: scores, phase: playing
2026-06-15 16:20:17, tokens_remaining: 2150, call: scores, phase: playing
2026-06-15 16:20:18, tokens_remaining: 2149, call: scores, phase: playing
2026-06-15 16:20:20, tokens_remaining: 2148, call: scores, phase: playing
2026-06-15 16:20:21, tokens_remaining: 2147, call: scores, phase: playing
2026-06-15 16:20:22, tokens_remaining: 2146, call: scores, phase: playing
2026-06-15 16:20:24, tokens_remaining: 2145, call: scores, phase: playing
2026-06-15 16:20:25, tokens_remaining: 2144, call: scores, phase: playing
2026-06-15 16:20:27, tokens_remaining: 2143, call: events, phase: playing
2026-06-15 16:20:28, tokens_remaining: 2142, call: scores, phase: playing
2026-06-15 16:20:30, tokens_remaining: 2141, call: scores, phase: playing
2026-06-15 16:20:31, tokens_remaining: 2140, call: scores, phase: playing
2026-06-15 16:20:32, tokens_remaining: 2139, call: scores, phase: playing
2026-06-15 16:20:34, tokens_remaining: 2138, call: scores, phase: playing
2026-06-15 16:20:35, tokens_remaining: 2137, call: scores, phase: playing
2026-06-15 16:20:37, tokens_remaining: 2136, call: scores, phase: playing
2026-06-15 16:20:38, tokens_remaining: 2135, call: scores, phase: playing
2026-06-15 16:20:39, tokens_remaining: 2134, call: scores, phase: playing
2026-06-15 16:20:41, tokens_remaining: 2133, call: events, phase: playing
2026-06-15 16:20:42, tokens_remaining: 2132, call: scores, phase: playing
2026-06-15 16:20:44, tokens_remaining: 2131, call: scores, phase: playing
2026-06-15 16:20:45, tokens_remaining: 2130, call: scores, phase: playing
2026-06-15 16:20:47, tokens_remaining: 2129, call: scores, phase: playing
2026-06-15 16:20:48, tokens_remaining: 2128, call: scores, phase: playing
2026-06-15 16:20:49, tokens_remaining: 2127, call: scores, phase: playing
2026-06-15 16:20:51, tokens_remaining: 2126, call: scores, phase: playing
2026-06-15 16:20:52, tokens_remaining: 2125, call: scores, phase: playing
2026-06-15 16:20:53, tokens_remaining: 2124, call: scores, phase: playing
2026-06-15 16:20:55, tokens_remaining: 2123, call: events, phase: playing
2026-06-15 16:20:56, tokens_remaining: 2122, call: scores, phase: playing
2026-06-15 16:20:58, tokens_remaining: 2121, call: scores, phase: playing
2026-06-15 16:20:59, tokens_remaining: 2120, call: scores, phase: playing
2026-06-15 16:21:01, tokens_remaining: 2119, call: scores, phase: playing
2026-06-15 16:21:02, tokens_remaining: 2118, call: scores, phase: playing
2026-06-15 16:21:03, tokens_remaining: 2117, call: scores, phase: playing
2026-06-15 16:21:05, tokens_remaining: 2116, call: scores, phase: playing
2026-06-15 16:21:06, tokens_remaining: 2115, call: scores, phase: playing
2026-06-15 16:21:08, tokens_remaining: 2114, call: scores, phase: playing
2026-06-15 16:21:09, tokens_remaining: 2113, call: events, phase: playing
2026-06-15 16:21:10, tokens_remaining: 2112, call: scores, phase: playing
2026-06-15 16:21:12, tokens_remaining: 2111, call: scores, phase: playing
2026-06-15 16:21:13, tokens_remaining: 2110, call: scores, phase: playing
2026-06-15 16:21:15, tokens_remaining: 2109, call: scores, phase: playing
2026-06-15 16:21:16, tokens_remaining: 2108, call: scores, phase: playing
2026-06-15 16:21:17, tokens_remaining: 2107, call: scores, phase: playing
2026-06-15 16:21:19, tokens_remaining: 2106, call: scores, phase: playing
2026-06-15 16:21:20, tokens_remaining: 2105, call: scores, phase: playing
2026-06-15 16:21:22, tokens_remaining: 2104, call: scores, phase: playing
2026-06-15 16:21:23, tokens_remaining: 2103, call: events, phase: playing
2026-06-15 16:21:25, tokens_remaining: 2102, call: scores, phase: playing
2026-06-15 16:21:26, tokens_remaining: 2101, call: scores, phase: playing
2026-06-15 16:21:27, tokens_remaining: 2100, call: scores, phase: playing
2026-06-15 16:21:29, tokens_remaining: 2099, call: scores, phase: playing
2026-06-15 16:21:30, tokens_remaining: 2098, call: scores, phase: playing
2026-06-15 16:21:32, tokens_remaining: 2097, call: scores, phase: playing
2026-06-15 16:21:33, tokens_remaining: 2096, call: scores, phase: playing
2026-06-15 16:21:34, tokens_remaining: 2095, call: scores, phase: playing
2026-06-15 16:21:36, tokens_remaining: 2094, call: scores, phase: playing
2026-06-15 16:21:37, tokens_remaining: 2093, call: events, phase: playing
2026-06-15 16:21:39, tokens_remaining: 2092, call: scores, phase: playing
2026-06-15 16:21:40, tokens_remaining: 2091, call: scores, phase: playing
2026-06-15 16:21:42, tokens_remaining: 2090, call: scores, phase: playing
2026-06-15 16:21:43, tokens_remaining: 2089, call: scores, phase: playing
2026-06-15 16:21:44, tokens_remaining: 2088, call: scores, phase: playing
2026-06-15 16:21:46, tokens_remaining: 2087, call: scores, phase: playing
2026-06-15 16:21:47, tokens_remaining: 2086, call: scores, phase: playing
2026-06-15 16:21:49, tokens_remaining: 2085, call: scores, phase: playing
2026-06-15 16:21:50, tokens_remaining: 2084, call: scores, phase: playing
2026-06-15 16:21:51, tokens_remaining: 2083, call: events, phase: playing
2026-06-15 16:21:53, tokens_remaining: 2082, call: scores, phase: playing
2026-06-15 16:21:54, tokens_remaining: 2081, call: scores, phase: playing
2026-06-15 16:21:56, tokens_remaining: 2080, call: scores, phase: playing
2026-06-15 16:21:57, tokens_remaining: 2079, call: scores, phase: playing
2026-06-15 16:21:58, tokens_remaining: 2078, call: scores, phase: playing
2026-06-15 16:22:00, tokens_remaining: 2077, call: scores, phase: playing
2026-06-15 16:22:01, tokens_remaining: 2076, call: scores, phase: playing
2026-06-15 16:22:03, tokens_remaining: 2075, call: scores, phase: playing
2026-06-15 16:22:04, tokens_remaining: 2074, call: scores, phase: playing
2026-06-15 16:22:06, tokens_remaining: 2073, call: events, phase: playing
2026-06-15 16:22:07, tokens_remaining: 2072, call: scores, phase: playing
2026-06-15 16:22:08, tokens_remaining: 2071, call: scores, phase: playing
2026-06-15 16:22:10, tokens_remaining: 2070, call: scores, phase: playing
2026-06-15 16:22:11, tokens_remaining: 2069, call: scores, phase: playing
2026-06-15 16:22:13, tokens_remaining: 2068, call: scores, phase: playing
2026-06-15 16:22:14, tokens_remaining: 2067, call: scores, phase: playing
2026-06-15 16:22:15, tokens_remaining: 2066, call: scores, phase: playing
2026-06-15 16:22:17, tokens_remaining: 2065, call: scores, phase: playing
2026-06-15 16:22:18, tokens_remaining: 2064, call: scores, phase: playing
2026-06-15 16:22:20, tokens_remaining: 2063, call: events, phase: playing
2026-06-15 16:22:21, tokens_remaining: 2062, call: scores, phase: playing
2026-06-15 16:22:22, tokens_remaining: 2061, call: scores, phase: playing
2026-06-15 16:22:24, tokens_remaining: 2060, call: scores, phase: playing
2026-06-15 16:22:25, tokens_remaining: 2059, call: scores, phase: playing
2026-06-15 16:22:27, tokens_remaining: 2058, call: scores, phase: playing
2026-06-15 16:22:28, tokens_remaining: 2057, call: scores, phase: playing
2026-06-15 16:22:29, tokens_remaining: 2056, call: scores, phase: playing
2026-06-15 16:22:31, tokens_remaining: 2055, call: scores, phase: playing
2026-06-15 16:22:32, tokens_remaining: 2054, call: scores, phase: playing
2026-06-15 16:22:34, tokens_remaining: 2053, call: events, phase: playing
2026-06-15 16:22:35, tokens_remaining: 2052, call: scores, phase: playing
2026-06-15 16:22:37, tokens_remaining: 2051, call: scores, phase: playing
2026-06-15 16:22:38, tokens_remaining: 2050, call: scores, phase: playing
2026-06-15 16:22:40, tokens_remaining: 2049, call: scores, phase: playing
2026-06-15 16:22:41, tokens_remaining: 2048, call: scores, phase: playing
2026-06-15 16:22:43, tokens_remaining: 2047, call: scores, phase: playing
2026-06-15 16:22:44, tokens_remaining: 2046, call: scores, phase: playing
2026-06-15 16:22:45, tokens_remaining: 2045, call: scores, phase: playing
2026-06-15 16:22:47, tokens_remaining: 2044, call: scores, phase: playing
2026-06-15 16:22:49, tokens_remaining: 2043, call: events, phase: playing
2026-06-15 16:22:50, tokens_remaining: 2042, call: scores, phase: playing
2026-06-15 16:22:51, tokens_remaining: 2041, call: scores, phase: playing
2026-06-15 16:22:53, tokens_remaining: 2040, call: scores, phase: playing
2026-06-15 16:22:54, tokens_remaining: 2039, call: scores, phase: playing
2026-06-15 16:22:56, tokens_remaining: 2038, call: scores, phase: playing
2026-06-15 16:22:57, tokens_remaining: 2037, call: scores, phase: playing
2026-06-15 16:22:58, tokens_remaining: 2036, call: scores, phase: playing
2026-06-15 16:23:00, tokens_remaining: 2035, call: scores, phase: playing
2026-06-15 16:23:01, tokens_remaining: 2034, call: scores, phase: playing
2026-06-15 16:23:03, tokens_remaining: 2033, call: events, phase: playing
2026-06-15 16:23:04, tokens_remaining: 2032, call: scores, phase: playing
2026-06-15 16:23:05, tokens_remaining: 2031, call: scores, phase: playing
2026-06-15 16:23:07, tokens_remaining: 2030, call: scores, phase: playing
2026-06-15 16:23:08, tokens_remaining: 2029, call: scores, phase: playing
2026-06-15 16:23:10, tokens_remaining: 2028, call: scores, phase: playing
2026-06-15 16:23:11, tokens_remaining: 2027, call: scores, phase: playing
2026-06-15 16:23:13, tokens_remaining: 2026, call: scores, phase: playing
2026-06-15 16:23:14, tokens_remaining: 2025, call: scores, phase: playing
2026-06-15 16:23:15, tokens_remaining: 2024, call: scores, phase: playing
2026-06-15 16:23:17, tokens_remaining: 2023, call: events, phase: playing
2026-06-15 16:23:18, tokens_remaining: 2022, call: scores, phase: playing
2026-06-15 16:23:20, tokens_remaining: 2021, call: scores, phase: playing
2026-06-15 16:23:21, tokens_remaining: 2020, call: scores, phase: playing
2026-06-15 16:23:23, tokens_remaining: 2019, call: scores, phase: playing
2026-06-15 16:23:24, tokens_remaining: 2018, call: scores, phase: playing
2026-06-15 16:23:32, tokens_remaining: 2017, call: scores, phase: playing
2026-06-15 16:23:33, tokens_remaining: 2016, call: scores, phase: playing
2026-06-15 16:23:35, tokens_remaining: 2015, call: scores, phase: playing
2026-06-15 16:23:36, tokens_remaining: 2014, call: scores, phase: playing
2026-06-15 16:23:38, tokens_remaining: 2013, call: events, phase: playing
2026-06-15 16:23:39, tokens_remaining: 2012, call: scores, phase: playing
2026-06-15 16:23:40, tokens_remaining: 2011, call: scores, phase: playing
2026-06-15 16:23:42, tokens_remaining: 2010, call: scores, phase: playing
2026-06-15 16:23:43, tokens_remaining: 2009, call: scores, phase: playing
2026-06-15 16:23:44, tokens_remaining: 2008, call: scores, phase: playing
2026-06-15 16:23:46, tokens_remaining: 2007, call: scores, phase: playing
2026-06-15 16:23:47, tokens_remaining: 2006, call: scores, phase: playing
2026-06-15 16:23:49, tokens_remaining: 2005, call: scores, phase: playing
2026-06-15 16:23:50, tokens_remaining: 2004, call: scores, phase: playing
2026-06-15 16:23:52, tokens_remaining: 2003, call: events, phase: playing
2026-06-15 16:23:53, tokens_remaining: 2002, call: scores, phase: playing
2026-06-15 16:23:55, tokens_remaining: 2001, call: scores, phase: playing
2026-06-15 16:23:56, tokens_remaining: 2000, call: scores, phase: playing
2026-06-15 16:23:57, tokens_remaining: 1999, call: scores, phase: playing
2026-06-15 16:23:59, tokens_remaining: 1998, call: scores, phase: playing
2026-06-15 16:24:00, tokens_remaining: 1997, call: scores, phase: playing
2026-06-15 16:24:01, tokens_remaining: 1996, call: scores, phase: playing
2026-06-15 16:24:03, tokens_remaining: 1995, call: scores, phase: playing
2026-06-15 16:24:04, tokens_remaining: 1994, call: scores, phase: playing
2026-06-15 16:24:06, tokens_remaining: 1993, call: events, phase: playing
2026-06-15 16:24:07, tokens_remaining: 1992, call: scores, phase: playing
2026-06-15 16:24:08, tokens_remaining: 1991, call: scores, phase: playing
2026-06-15 16:24:10, tokens_remaining: 1990, call: scores, phase: playing
2026-06-15 16:24:12, tokens_remaining: 1988, call: scores, phase: playing
2026-06-15 16:24:13, tokens_remaining: 1987, call: scores, phase: playing
2026-06-15 16:24:14, tokens_remaining: 1986, call: scores, phase: playing
2026-06-15 16:24:16, tokens_remaining: 1985, call: scores, phase: playing
2026-06-15 16:24:17, tokens_remaining: 1984, call: scores, phase: playing
2026-06-15 16:24:18, tokens_remaining: 1983, call: scores, phase: playing
2026-06-15 16:24:19, tokens_remaining: 1981, call: events, phase: playing
2026-06-15 16:24:21, tokens_remaining: 1980, call: scores, phase: playing
2026-06-15 16:24:22, tokens_remaining: 1978, call: scores, phase: playing
2026-06-15 16:24:23, tokens_remaining: 1977, call: scores, phase: playing
2026-06-15 16:24:25, tokens_remaining: 1976, call: scores, phase: playing
2026-06-15 16:24:26, tokens_remaining: 1975, call: scores, phase: playing
2026-06-15 16:24:28, tokens_remaining: 1974, call: scores, phase: playing
2026-06-15 16:24:29, tokens_remaining: 1973, call: scores, phase: playing
2026-06-15 16:24:30, tokens_remaining: 1972, call: scores, phase: playing
2026-06-15 16:24:32, tokens_remaining: 1971, call: scores, phase: playing
2026-06-15 16:24:33, tokens_remaining: 1969, call: events, phase: playing
2026-06-15 16:24:35, tokens_remaining: 1967, call: scores, phase: playing
2026-06-15 16:24:36, tokens_remaining: 1966, call: scores, phase: playing
2026-06-15 16:24:37, tokens_remaining: 1965, call: scores, phase: playing
2026-06-15 16:24:39, tokens_remaining: 1964, call: scores, phase: playing
2026-06-15 16:24:40, tokens_remaining: 1963, call: scores, phase: playing
2026-06-15 16:24:41, tokens_remaining: 1962, call: scores, phase: playing
2026-06-15 16:24:43, tokens_remaining: 1961, call: scores, phase: playing
2026-06-15 16:24:44, tokens_remaining: 1960, call: scores, phase: playing
2026-06-15 16:24:45, tokens_remaining: 1959, call: scores, phase: playing
2026-06-15 16:24:47, tokens_remaining: 1958, call: events, phase: playing
2026-06-15 16:24:48, tokens_remaining: 1957, call: scores, phase: playing
2026-06-15 16:24:49, tokens_remaining: 1956, call: scores, phase: playing
2026-06-15 16:24:51, tokens_remaining: 1955, call: scores, phase: playing
2026-06-15 16:24:52, tokens_remaining: 1954, call: scores, phase: playing
2026-06-15 16:24:53, tokens_remaining: 1953, call: scores, phase: playing
2026-06-15 16:24:55, tokens_remaining: 1952, call: scores, phase: playing
2026-06-15 16:24:56, tokens_remaining: 1951, call: scores, phase: playing
2026-06-15 16:24:57, tokens_remaining: 1950, call: scores, phase: playing
2026-06-15 16:24:59, tokens_remaining: 1949, call: scores, phase: playing
2026-06-15 16:25:00, tokens_remaining: 1948, call: events, phase: playing
2026-06-15 16:25:01, tokens_remaining: 1947, call: scores, phase: playing
2026-06-15 16:25:03, tokens_remaining: 1946, call: scores, phase: playing
2026-06-15 16:25:04, tokens_remaining: 1945, call: scores, phase: playing
2026-06-15 16:25:05, tokens_remaining: 1944, call: scores, phase: playing
2026-06-15 16:25:07, tokens_remaining: 1943, call: scores, phase: playing
2026-06-15 16:25:08, tokens_remaining: 1942, call: scores, phase: playing
2026-06-15 16:25:09, tokens_remaining: 1941, call: scores, phase: playing
2026-06-15 16:25:11, tokens_remaining: 1940, call: scores, phase: playing
2026-06-15 16:25:12, tokens_remaining: 1939, call: scores, phase: playing
2026-06-15 16:25:13, tokens_remaining: 1938, call: events, phase: playing
2026-06-15 16:25:15, tokens_remaining: 1937, call: scores, phase: playing
2026-06-15 16:25:16, tokens_remaining: 1936, call: scores, phase: playing
2026-06-15 16:25:17, tokens_remaining: 1935, call: scores, phase: playing
2026-06-15 16:25:18, tokens_remaining: 1934, call: scores, phase: playing
2026-06-15 16:25:20, tokens_remaining: 1933, call: scores, phase: playing
2026-06-15 16:25:21, tokens_remaining: 1932, call: scores, phase: playing
2026-06-15 16:25:22, tokens_remaining: 1931, call: scores, phase: playing
2026-06-15 16:25:24, tokens_remaining: 1930, call: scores, phase: playing
2026-06-15 16:25:25, tokens_remaining: 1929, call: scores, phase: playing
2026-06-15 16:25:26, tokens_remaining: 1928, call: events, phase: playing
2026-06-15 16:25:28, tokens_remaining: 1927, call: scores, phase: playing
2026-06-15 16:25:29, tokens_remaining: 1926, call: scores, phase: playing
2026-06-15 16:25:30, tokens_remaining: 1925, call: scores, phase: playing
2026-06-15 16:25:32, tokens_remaining: 1924, call: scores, phase: playing
2026-06-15 16:25:35, tokens_remaining: 1922, call: scores, phase: playing
2026-06-15 16:25:36, tokens_remaining: 1921, call: scores, phase: playing
2026-06-15 16:25:37, tokens_remaining: 1920, call: scores, phase: playing
2026-06-15 16:25:38, tokens_remaining: 1919, call: scores, phase: playing
2026-06-15 16:25:40, tokens_remaining: 1917, call: scores, phase: playing
2026-06-15 16:25:41, tokens_remaining: 1915, call: events, phase: playing
2026-06-15 16:25:42, tokens_remaining: 1914, call: scores, phase: playing
2026-06-15 16:25:44, tokens_remaining: 1913, call: scores, phase: playing
2026-06-15 16:25:45, tokens_remaining: 1912, call: scores, phase: playing
2026-06-15 16:25:46, tokens_remaining: 1911, call: scores, phase: playing
2026-06-15 16:25:48, tokens_remaining: 1910, call: scores, phase: playing
2026-06-15 16:25:49, tokens_remaining: 1909, call: scores, phase: playing
2026-06-15 16:25:50, tokens_remaining: 1908, call: scores, phase: playing
2026-06-15 16:25:52, tokens_remaining: 1907, call: scores, phase: playing
2026-06-15 16:25:53, tokens_remaining: 1905, call: scores, phase: playing
2026-06-15 16:25:54, tokens_remaining: 1903, call: events, phase: playing
2026-06-15 16:25:55, tokens_remaining: 1902, call: scores, phase: playing
2026-06-15 16:25:57, tokens_remaining: 1901, call: scores, phase: playing
2026-06-15 16:25:58, tokens_remaining: 1900, call: scores, phase: playing
2026-06-15 16:25:59, tokens_remaining: 1899, call: scores, phase: playing
2026-06-15 16:26:01, tokens_remaining: 1898, call: scores, phase: playing
2026-06-15 16:26:02, tokens_remaining: 1897, call: scores, phase: playing
2026-06-15 16:26:03, tokens_remaining: 1896, call: scores, phase: playing
2026-06-15 16:26:05, tokens_remaining: 1895, call: scores, phase: playing
2026-06-15 16:26:06, tokens_remaining: 1893, call: scores, phase: playing
2026-06-15 16:26:08, tokens_remaining: 1891, call: events, phase: playing
2026-06-15 16:26:09, tokens_remaining: 1890, call: scores, phase: playing
2026-06-15 16:26:10, tokens_remaining: 1889, call: scores, phase: playing
2026-06-15 16:26:11, tokens_remaining: 1888, call: scores, phase: playing
2026-06-15 16:26:13, tokens_remaining: 1887, call: scores, phase: playing
2026-06-15 16:26:14, tokens_remaining: 1886, call: scores, phase: playing
2026-06-15 16:26:15, tokens_remaining: 1885, call: scores, phase: playing
2026-06-15 16:26:17, tokens_remaining: 1884, call: scores, phase: playing
2026-06-15 16:26:18, tokens_remaining: 1883, call: scores, phase: playing
2026-06-15 16:26:19, tokens_remaining: 1881, call: scores, phase: playing
2026-06-15 16:26:21, tokens_remaining: 1879, call: events, phase: playing
2026-06-15 16:26:22, tokens_remaining: 1878, call: scores, phase: playing
2026-06-15 16:26:23, tokens_remaining: 1877, call: scores, phase: playing
2026-06-15 16:26:25, tokens_remaining: 1876, call: scores, phase: playing
2026-06-15 16:26:26, tokens_remaining: 1875, call: scores, phase: playing
2026-06-15 16:26:27, tokens_remaining: 1874, call: scores, phase: playing
2026-06-15 16:26:29, tokens_remaining: 1873, call: scores, phase: playing
2026-06-15 16:26:30, tokens_remaining: 1872, call: scores, phase: playing
2026-06-15 16:26:31, tokens_remaining: 1871, call: scores, phase: playing
2026-06-15 16:26:33, tokens_remaining: 1869, call: scores, phase: playing
2026-06-15 16:26:34, tokens_remaining: 1867, call: events, phase: playing
2026-06-15 16:26:35, tokens_remaining: 1866, call: scores, phase: playing
2026-06-15 16:26:37, tokens_remaining: 1865, call: scores, phase: playing
2026-06-15 16:26:38, tokens_remaining: 1864, call: scores, phase: playing
2026-06-15 16:26:39, tokens_remaining: 1863, call: scores, phase: playing
2026-06-15 16:26:41, tokens_remaining: 1862, call: scores, phase: playing
2026-06-15 16:26:42, tokens_remaining: 1861, call: scores, phase: playing
2026-06-15 16:26:43, tokens_remaining: 1860, call: scores, phase: playing
2026-06-15 16:26:45, tokens_remaining: 1859, call: scores, phase: playing
2026-06-15 16:26:46, tokens_remaining: 1857, call: scores, phase: playing
2026-06-15 16:26:47, tokens_remaining: 1855, call: events, phase: playing
2026-06-15 16:26:49, tokens_remaining: 1854, call: scores, phase: playing
2026-06-15 16:26:50, tokens_remaining: 1853, call: scores, phase: playing
2026-06-15 16:26:51, tokens_remaining: 1852, call: scores, phase: playing
2026-06-15 16:26:53, tokens_remaining: 1851, call: scores, phase: playing
2026-06-15 16:26:54, tokens_remaining: 1850, call: scores, phase: playing
2026-06-15 16:26:55, tokens_remaining: 1849, call: scores, phase: playing
2026-06-15 16:26:56, tokens_remaining: 1848, call: scores, phase: playing
2026-06-15 16:26:58, tokens_remaining: 1847, call: scores, phase: playing
2026-06-15 16:26:59, tokens_remaining: 1845, call: scores, phase: playing
2026-06-15 16:27:01, tokens_remaining: 1843, call: events, phase: playing
2026-06-15 16:27:02, tokens_remaining: 1842, call: scores, phase: playing
2026-06-15 16:27:03, tokens_remaining: 1841, call: scores, phase: playing
2026-06-15 16:27:05, tokens_remaining: 1840, call: scores, phase: playing
2026-06-15 16:27:06, tokens_remaining: 1839, call: scores, phase: playing
2026-06-15 16:27:07, tokens_remaining: 1838, call: scores, phase: playing
2026-06-15 16:27:08, tokens_remaining: 1837, call: scores, phase: playing
2026-06-15 16:27:10, tokens_remaining: 1836, call: scores, phase: playing
2026-06-15 16:27:11, tokens_remaining: 1835, call: scores, phase: playing
2026-06-15 16:27:12, tokens_remaining: 1833, call: scores, phase: playing
2026-06-15 16:27:14, tokens_remaining: 1831, call: events, phase: playing
2026-06-15 16:27:15, tokens_remaining: 1830, call: scores, phase: playing
2026-06-15 16:27:16, tokens_remaining: 1829, call: scores, phase: playing
2026-06-15 16:27:18, tokens_remaining: 1828, call: scores, phase: playing
2026-06-15 16:27:19, tokens_remaining: 1827, call: scores, phase: playing
2026-06-15 16:27:20, tokens_remaining: 1826, call: scores, phase: playing
2026-06-15 16:27:22, tokens_remaining: 1825, call: scores, phase: playing
2026-06-15 16:27:23, tokens_remaining: 1824, call: scores, phase: playing
2026-06-15 16:27:24, tokens_remaining: 1823, call: scores, phase: playing
2026-06-15 16:27:26, tokens_remaining: 1821, call: scores, phase: playing
2026-06-15 16:27:27, tokens_remaining: 1819, call: events, phase: playing
2026-06-15 16:27:28, tokens_remaining: 1818, call: scores, phase: playing
2026-06-15 16:27:30, tokens_remaining: 1817, call: scores, phase: playing
2026-06-15 16:27:31, tokens_remaining: 1816, call: scores, phase: playing
2026-06-15 16:27:32, tokens_remaining: 1815, call: scores, phase: playing
2026-06-15 16:27:34, tokens_remaining: 1814, call: scores, phase: playing
2026-06-15 16:27:35, tokens_remaining: 1813, call: scores, phase: playing
2026-06-15 16:27:36, tokens_remaining: 1812, call: scores, phase: playing
2026-06-15 16:27:38, tokens_remaining: 1811, call: scores, phase: playing
2026-06-15 16:27:39, tokens_remaining: 1809, call: scores, phase: playing
2026-06-15 16:27:40, tokens_remaining: 1807, call: events, phase: playing
2026-06-15 16:27:42, tokens_remaining: 1806, call: scores, phase: playing
2026-06-15 16:27:43, tokens_remaining: 1805, call: scores, phase: playing
2026-06-15 16:27:44, tokens_remaining: 1804, call: scores, phase: playing
2026-06-15 16:27:46, tokens_remaining: 1803, call: scores, phase: playing
2026-06-15 16:27:47, tokens_remaining: 1802, call: scores, phase: playing
2026-06-15 16:27:48, tokens_remaining: 1801, call: scores, phase: playing
2026-06-15 16:27:49, tokens_remaining: 1800, call: scores, phase: playing
2026-06-15 16:27:51, tokens_remaining: 1799, call: scores, phase: playing
2026-06-15 16:27:52, tokens_remaining: 1797, call: scores, phase: playing
2026-06-15 16:27:54, tokens_remaining: 1795, call: events, phase: playing
2026-06-15 16:27:55, tokens_remaining: 1794, call: scores, phase: playing
2026-06-15 16:27:56, tokens_remaining: 1793, call: scores, phase: playing
2026-06-15 16:27:57, tokens_remaining: 1792, call: scores, phase: playing
2026-06-15 16:27:59, tokens_remaining: 1791, call: scores, phase: playing
2026-06-15 16:28:00, tokens_remaining: 1790, call: scores, phase: playing
2026-06-15 16:28:01, tokens_remaining: 1789, call: scores, phase: playing
2026-06-15 16:28:03, tokens_remaining: 1788, call: scores, phase: playing
2026-06-15 16:28:04, tokens_remaining: 1787, call: scores, phase: playing
2026-06-15 16:28:05, tokens_remaining: 1785, call: scores, phase: playing
2026-06-15 16:28:07, tokens_remaining: 1783, call: events, phase: playing
2026-06-15 16:28:08, tokens_remaining: 1782, call: scores, phase: playing
2026-06-15 16:28:09, tokens_remaining: 1781, call: scores, phase: playing
2026-06-15 16:28:11, tokens_remaining: 1780, call: scores, phase: playing
2026-06-15 16:28:12, tokens_remaining: 1779, call: scores, phase: playing
2026-06-15 16:28:13, tokens_remaining: 1778, call: scores, phase: playing
2026-06-15 16:28:14, tokens_remaining: 1777, call: scores, phase: playing
2026-06-15 16:28:16, tokens_remaining: 1776, call: scores, phase: playing
2026-06-15 16:28:17, tokens_remaining: 1775, call: scores, phase: playing
2026-06-15 16:28:18, tokens_remaining: 1773, call: scores, phase: playing
2026-06-15 16:28:20, tokens_remaining: 1771, call: events, phase: playing
2026-06-15 16:28:21, tokens_remaining: 1770, call: scores, phase: playing
2026-06-15 16:28:22, tokens_remaining: 1769, call: scores, phase: playing
2026-06-15 16:28:24, tokens_remaining: 1768, call: scores, phase: playing
2026-06-15 16:28:25, tokens_remaining: 1767, call: scores, phase: playing
2026-06-15 16:28:26, tokens_remaining: 1766, call: scores, phase: playing
2026-06-15 16:28:28, tokens_remaining: 1765, call: scores, phase: playing
2026-06-15 16:28:29, tokens_remaining: 1764, call: scores, phase: playing
2026-06-15 16:28:31, tokens_remaining: 1763, call: scores, phase: playing
2026-06-15 16:28:32, tokens_remaining: 1762, call: scores, phase: playing
2026-06-15 16:28:33, tokens_remaining: 1761, call: events, phase: playing
2026-06-15 16:28:33, EVENT: SUBSTITUTION 66' Romelu Lukaku [Belgium vs Egypt]
2026-06-15 16:28:35, tokens_remaining: 1760, call: scores, phase: playing
2026-06-15 16:28:36, tokens_remaining: 1759, call: scores, phase: playing
2026-06-15 16:28:37, tokens_remaining: 1758, call: scores, phase: playing
2026-06-15 16:28:37, GOAL: Belgium (Belgium 1-1 Egypt)
2026-06-15 16:28:39, tokens_remaining: 1757, call: scores, phase: playing
2026-06-15 16:28:40, tokens_remaining: 1756, call: scores, phase: playing
2026-06-15 16:28:42, tokens_remaining: 1755, call: scores, phase: playing
2026-06-15 16:28:43, tokens_remaining: 1754, call: scores, phase: playing
2026-06-15 16:28:44, tokens_remaining: 1753, call: scores, phase: playing
2026-06-15 16:28:46, tokens_remaining: 1752, call: scores, phase: playing
2026-06-15 16:28:47, tokens_remaining: 1751, call: events, phase: playing
2026-06-15 16:28:47, EVENT: GOAL 66' Romelu Lukaku (1-1) [Belgium vs Egypt]
2026-06-15 16:28:49, tokens_remaining: 1750, call: scores, phase: playing
2026-06-15 16:28:50, tokens_remaining: 1749, call: scores, phase: playing
2026-06-15 16:28:51, tokens_remaining: 1748, call: scores, phase: playing
2026-06-15 16:28:53, tokens_remaining: 1747, call: scores, phase: playing
2026-06-15 16:28:54, tokens_remaining: 1746, call: scores, phase: playing
2026-06-15 16:28:55, tokens_remaining: 1745, call: scores, phase: playing
2026-06-15 16:28:57, tokens_remaining: 1744, call: scores, phase: playing
2026-06-15 16:28:58, tokens_remaining: 1743, call: scores, phase: playing
2026-06-15 16:28:59, tokens_remaining: 1742, call: scores, phase: playing
2026-06-15 16:29:01, tokens_remaining: 1741, call: events, phase: playing
2026-06-15 16:29:02, tokens_remaining: 1740, call: scores, phase: playing
2026-06-15 16:29:04, tokens_remaining: 1739, call: scores, phase: playing
2026-06-15 16:29:05, tokens_remaining: 1738, call: scores, phase: playing
2026-06-15 16:29:06, tokens_remaining: 1737, call: scores, phase: playing
2026-06-15 16:29:08, tokens_remaining: 1736, call: scores, phase: playing
2026-06-15 16:29:09, tokens_remaining: 1735, call: scores, phase: playing
2026-06-15 16:29:10, tokens_remaining: 1734, call: scores, phase: playing
2026-06-15 16:29:11, tokens_remaining: 1733, call: scores, phase: playing
2026-06-15 16:29:13, tokens_remaining: 1732, call: scores, phase: playing
2026-06-15 16:29:14, tokens_remaining: 1731, call: events, phase: playing
2026-06-15 16:29:16, tokens_remaining: 1730, call: scores, phase: playing
2026-06-15 16:29:17, tokens_remaining: 1729, call: scores, phase: playing
2026-06-15 16:29:18, tokens_remaining: 1728, call: scores, phase: playing
2026-06-15 16:29:20, tokens_remaining: 1727, call: scores, phase: playing
2026-06-15 16:29:21, tokens_remaining: 1726, call: scores, phase: playing
2026-06-15 16:29:22, tokens_remaining: 1725, call: scores, phase: playing
2026-06-15 16:29:23, tokens_remaining: 1724, call: scores, phase: playing
2026-06-15 16:29:25, tokens_remaining: 1723, call: scores, phase: playing
2026-06-15 16:29:26, tokens_remaining: 1722, call: scores, phase: playing
2026-06-15 16:29:27, tokens_remaining: 1721, call: events, phase: playing
2026-06-15 16:29:29, tokens_remaining: 1720, call: scores, phase: playing
2026-06-15 16:29:30, tokens_remaining: 1719, call: scores, phase: playing
2026-06-15 16:29:31, tokens_remaining: 1718, call: scores, phase: playing
2026-06-15 16:29:33, tokens_remaining: 1717, call: scores, phase: playing
2026-06-15 16:29:34, tokens_remaining: 1716, call: scores, phase: playing
2026-06-15 16:29:35, tokens_remaining: 1715, call: scores, phase: playing
2026-06-15 16:29:37, tokens_remaining: 1714, call: scores, phase: playing
2026-06-15 16:29:38, tokens_remaining: 1713, call: scores, phase: playing
2026-06-15 16:29:39, tokens_remaining: 1712, call: scores, phase: playing
2026-06-15 16:29:41, tokens_remaining: 1711, call: events, phase: playing
2026-06-15 16:29:42, tokens_remaining: 1710, call: scores, phase: playing
2026-06-15 16:29:44, tokens_remaining: 1709, call: scores, phase: playing
2026-06-15 16:29:45, tokens_remaining: 1708, call: scores, phase: playing
2026-06-15 16:29:46, tokens_remaining: 1707, call: scores, phase: playing
2026-06-15 16:29:48, tokens_remaining: 1706, call: scores, phase: playing
2026-06-15 16:29:49, tokens_remaining: 1705, call: scores, phase: playing
2026-06-15 16:29:50, tokens_remaining: 1704, call: scores, phase: playing
2026-06-15 16:29:51, tokens_remaining: 1703, call: scores, phase: playing
2026-06-15 16:29:53, tokens_remaining: 1702, call: scores, phase: playing
2026-06-15 16:29:54, tokens_remaining: 1701, call: events, phase: playing
2026-06-15 16:29:56, tokens_remaining: 1700, call: scores, phase: playing
2026-06-15 16:29:57, tokens_remaining: 1699, call: scores, phase: playing
2026-06-15 16:29:58, tokens_remaining: 1698, call: scores, phase: playing
2026-06-15 16:30:00, tokens_remaining: 1697, call: scores, phase: playing
2026-06-15 16:30:01, tokens_remaining: 1696, call: scores, phase: playing
2026-06-15 16:30:03, tokens_remaining: 1695, call: scores, phase: playing
2026-06-15 16:30:04, tokens_remaining: 1694, call: scores, phase: playing
2026-06-15 16:30:05, tokens_remaining: 1693, call: scores, phase: playing
2026-06-15 16:30:07, tokens_remaining: 1692, call: scores, phase: playing
2026-06-15 16:30:08, tokens_remaining: 1691, call: events, phase: playing
2026-06-15 16:30:10, tokens_remaining: 1690, call: scores, phase: playing
2026-06-15 16:30:11, tokens_remaining: 1689, call: scores, phase: playing
2026-06-15 16:30:12, tokens_remaining: 1688, call: scores, phase: playing
2026-06-15 16:30:14, tokens_remaining: 1687, call: scores, phase: playing
2026-06-15 16:30:15, tokens_remaining: 1686, call: scores, phase: playing
2026-06-15 16:30:16, tokens_remaining: 1685, call: scores, phase: playing
2026-06-15 16:30:18, tokens_remaining: 1684, call: scores, phase: playing
2026-06-15 16:30:19, tokens_remaining: 1683, call: scores, phase: playing
2026-06-15 16:30:21, tokens_remaining: 1682, call: scores, phase: playing
2026-06-15 16:30:22, tokens_remaining: 1681, call: events, phase: playing
2026-06-15 16:30:23, tokens_remaining: 1680, call: scores, phase: playing
2026-06-15 16:30:25, tokens_remaining: 1679, call: scores, phase: playing
2026-06-15 16:30:26, tokens_remaining: 1678, call: scores, phase: playing
2026-06-15 16:30:27, tokens_remaining: 1677, call: scores, phase: playing
2026-06-15 16:30:29, tokens_remaining: 1676, call: scores, phase: playing
2026-06-15 16:30:30, tokens_remaining: 1675, call: scores, phase: playing
2026-06-15 16:30:31, tokens_remaining: 1674, call: scores, phase: playing
2026-06-15 16:30:33, tokens_remaining: 1673, call: scores, phase: playing
2026-06-15 16:30:34, tokens_remaining: 1672, call: scores, phase: playing
2026-06-15 16:30:35, tokens_remaining: 1671, call: events, phase: playing
2026-06-15 16:30:37, tokens_remaining: 1670, call: scores, phase: playing
2026-06-15 16:30:38, tokens_remaining: 1669, call: scores, phase: playing
2026-06-15 16:30:39, tokens_remaining: 1668, call: scores, phase: playing
2026-06-15 16:30:41, tokens_remaining: 1667, call: scores, phase: playing
2026-06-15 16:30:42, tokens_remaining: 1666, call: scores, phase: playing
2026-06-15 16:30:44, tokens_remaining: 1665, call: scores, phase: playing
2026-06-15 16:30:45, tokens_remaining: 1664, call: scores, phase: playing
2026-06-15 16:30:47, tokens_remaining: 1663, call: scores, phase: playing
2026-06-15 16:30:48, tokens_remaining: 1662, call: scores, phase: playing
2026-06-15 16:30:50, tokens_remaining: 1661, call: events, phase: playing
2026-06-15 16:30:51, tokens_remaining: 1660, call: scores, phase: playing
2026-06-15 16:30:52, tokens_remaining: 1659, call: scores, phase: playing
2026-06-15 16:30:54, tokens_remaining: 1658, call: scores, phase: playing
2026-06-15 16:30:55, tokens_remaining: 1657, call: scores, phase: playing
2026-06-15 16:30:56, tokens_remaining: 1656, call: scores, phase: playing
2026-06-15 16:30:58, tokens_remaining: 1655, call: scores, phase: playing
2026-06-15 16:30:59, tokens_remaining: 1654, call: scores, phase: playing
2026-06-15 16:31:00, tokens_remaining: 1653, call: scores, phase: playing
2026-06-15 16:31:02, tokens_remaining: 1652, call: scores, phase: playing
2026-06-15 16:31:03, tokens_remaining: 1651, call: events, phase: playing
2026-06-15 16:31:04, tokens_remaining: 1650, call: scores, phase: playing
2026-06-15 16:31:06, tokens_remaining: 1649, call: scores, phase: playing
2026-06-15 16:31:07, tokens_remaining: 1648, call: scores, phase: playing
2026-06-15 16:31:08, tokens_remaining: 1647, call: scores, phase: playing
2026-06-15 16:31:10, tokens_remaining: 1646, call: scores, phase: playing
2026-06-15 16:31:11, tokens_remaining: 1645, call: scores, phase: playing
2026-06-15 16:31:12, tokens_remaining: 1644, call: scores, phase: playing
2026-06-15 16:31:14, tokens_remaining: 1643, call: scores, phase: playing
2026-06-15 16:31:15, tokens_remaining: 1642, call: scores, phase: playing
2026-06-15 16:31:16, tokens_remaining: 1641, call: events, phase: playing
2026-06-15 16:31:18, tokens_remaining: 1640, call: scores, phase: playing
2026-06-15 16:31:19, tokens_remaining: 1639, call: scores, phase: playing
2026-06-15 16:31:20, tokens_remaining: 1638, call: scores, phase: playing
2026-06-15 16:31:22, tokens_remaining: 1637, call: scores, phase: playing
2026-06-15 16:31:23, tokens_remaining: 1636, call: scores, phase: playing
2026-06-15 16:31:24, tokens_remaining: 1635, call: scores, phase: playing
2026-06-15 16:31:26, tokens_remaining: 1634, call: scores, phase: playing
2026-06-15 16:31:27, tokens_remaining: 1633, call: scores, phase: playing
2026-06-15 16:31:28, tokens_remaining: 1632, call: scores, phase: playing
2026-06-15 16:31:30, tokens_remaining: 1631, call: events, phase: playing
2026-06-15 16:31:31, tokens_remaining: 1630, call: scores, phase: playing
2026-06-15 16:31:32, tokens_remaining: 1629, call: scores, phase: playing
2026-06-15 16:31:34, tokens_remaining: 1628, call: scores, phase: playing
2026-06-15 16:31:35, tokens_remaining: 1627, call: scores, phase: playing
2026-06-15 16:31:36, tokens_remaining: 1626, call: scores, phase: playing
2026-06-15 16:31:38, tokens_remaining: 1625, call: scores, phase: playing
2026-06-15 16:31:39, tokens_remaining: 1624, call: scores, phase: playing
2026-06-15 16:31:40, tokens_remaining: 1623, call: scores, phase: playing
2026-06-15 16:31:42, tokens_remaining: 1622, call: scores, phase: playing
2026-06-15 16:31:43, tokens_remaining: 1621, call: events, phase: playing
2026-06-15 16:31:45, tokens_remaining: 1620, call: scores, phase: playing
2026-06-15 16:31:46, tokens_remaining: 1619, call: scores, phase: playing
2026-06-15 16:31:47, tokens_remaining: 1618, call: scores, phase: playing
2026-06-15 16:31:48, tokens_remaining: 1617, call: scores, phase: playing
2026-06-15 16:31:50, tokens_remaining: 1616, call: scores, phase: playing
2026-06-15 16:31:51, tokens_remaining: 1615, call: scores, phase: playing
2026-06-15 16:31:52, tokens_remaining: 1614, call: scores, phase: playing
2026-06-15 16:31:54, tokens_remaining: 1613, call: scores, phase: playing
2026-06-15 16:31:55, tokens_remaining: 1612, call: scores, phase: playing
2026-06-15 16:31:57, tokens_remaining: 1611, call: events, phase: playing
2026-06-15 16:31:58, tokens_remaining: 1610, call: scores, phase: playing
2026-06-15 16:31:59, tokens_remaining: 1609, call: scores, phase: playing
2026-06-15 16:32:01, tokens_remaining: 1608, call: scores, phase: playing
2026-06-15 16:32:02, tokens_remaining: 1607, call: scores, phase: playing
2026-06-15 16:32:03, tokens_remaining: 1606, call: scores, phase: playing
2026-06-15 16:32:05, tokens_remaining: 1605, call: scores, phase: playing
2026-06-15 16:32:06, tokens_remaining: 1604, call: scores, phase: playing
2026-06-15 16:32:07, tokens_remaining: 1603, call: scores, phase: playing
2026-06-15 16:32:09, tokens_remaining: 1602, call: scores, phase: playing
2026-06-15 16:32:10, tokens_remaining: 1601, call: events, phase: playing
2026-06-15 16:32:11, tokens_remaining: 1600, call: scores, phase: playing
2026-06-15 16:32:13, tokens_remaining: 1599, call: scores, phase: playing
2026-06-15 16:32:14, tokens_remaining: 1598, call: scores, phase: playing
2026-06-15 16:32:15, tokens_remaining: 1597, call: scores, phase: playing
2026-06-15 16:32:17, tokens_remaining: 1596, call: scores, phase: playing
2026-06-15 16:32:18, tokens_remaining: 1595, call: scores, phase: playing
2026-06-15 16:32:19, tokens_remaining: 1594, call: scores, phase: playing
2026-06-15 16:32:21, tokens_remaining: 1593, call: scores, phase: playing
2026-06-15 16:32:22, tokens_remaining: 1592, call: scores, phase: playing
2026-06-15 16:32:23, tokens_remaining: 1591, call: events, phase: playing
2026-06-15 16:32:25, tokens_remaining: 1590, call: scores, phase: playing
2026-06-15 16:32:26, tokens_remaining: 1589, call: scores, phase: playing
2026-06-15 16:32:27, tokens_remaining: 1588, call: scores, phase: playing
2026-06-15 16:32:29, tokens_remaining: 1587, call: scores, phase: playing
2026-06-15 16:32:30, tokens_remaining: 1586, call: scores, phase: playing
2026-06-15 16:32:31, tokens_remaining: 1585, call: scores, phase: playing
2026-06-15 16:32:33, tokens_remaining: 1584, call: scores, phase: playing
2026-06-15 16:32:34, tokens_remaining: 1583, call: scores, phase: playing
2026-06-15 16:32:35, tokens_remaining: 1582, call: scores, phase: playing
2026-06-15 16:32:36, tokens_remaining: 1581, call: events, phase: playing
2026-06-15 16:32:38, tokens_remaining: 1580, call: scores, phase: playing
2026-06-15 16:32:39, tokens_remaining: 1579, call: scores, phase: playing
2026-06-15 16:32:40, tokens_remaining: 1578, call: scores, phase: playing
2026-06-15 16:32:42, tokens_remaining: 1577, call: scores, phase: playing
2026-06-15 16:32:43, tokens_remaining: 1576, call: scores, phase: playing
2026-06-15 16:32:44, tokens_remaining: 1575, call: scores, phase: playing
2026-06-15 16:32:46, tokens_remaining: 1574, call: scores, phase: playing
2026-06-15 16:32:47, tokens_remaining: 1573, call: scores, phase: playing
2026-06-15 16:32:48, tokens_remaining: 1572, call: scores, phase: playing
2026-06-15 16:32:50, tokens_remaining: 1571, call: events, phase: playing
2026-06-15 16:32:51, tokens_remaining: 1570, call: scores, phase: playing
2026-06-15 16:32:52, tokens_remaining: 1569, call: scores, phase: playing
2026-06-15 16:32:54, tokens_remaining: 1568, call: scores, phase: playing
2026-06-15 16:32:55, tokens_remaining: 1567, call: scores, phase: playing
2026-06-15 16:32:56, tokens_remaining: 1566, call: scores, phase: playing
2026-06-15 16:32:57, tokens_remaining: 1565, call: scores, phase: playing
2026-06-15 16:32:59, tokens_remaining: 1564, call: scores, phase: playing
2026-06-15 16:33:00, tokens_remaining: 1563, call: scores, phase: playing
2026-06-15 16:33:01, tokens_remaining: 1562, call: scores, phase: playing
2026-06-15 16:33:03, tokens_remaining: 1561, call: events, phase: playing
2026-06-15 16:33:04, tokens_remaining: 1560, call: scores, phase: playing
2026-06-15 16:33:05, tokens_remaining: 1559, call: scores, phase: playing
2026-06-15 16:33:07, tokens_remaining: 1558, call: scores, phase: playing
2026-06-15 16:33:08, tokens_remaining: 1557, call: scores, phase: playing
2026-06-15 16:33:09, tokens_remaining: 1556, call: scores, phase: playing
2026-06-15 16:33:11, tokens_remaining: 1555, call: scores, phase: playing
2026-06-15 16:33:13, tokens_remaining: 1554, call: scores, phase: playing
2026-06-15 16:33:14, tokens_remaining: 1553, call: scores, phase: playing
2026-06-15 16:33:16, tokens_remaining: 1552, call: scores, phase: playing
2026-06-15 16:33:17, tokens_remaining: 1551, call: events, phase: playing
2026-06-15 16:33:18, tokens_remaining: 1550, call: scores, phase: playing
2026-06-15 16:33:20, tokens_remaining: 1549, call: scores, phase: playing
2026-06-15 16:33:21, tokens_remaining: 1548, call: scores, phase: playing
2026-06-15 16:33:22, tokens_remaining: 1547, call: scores, phase: playing
2026-06-15 16:33:24, tokens_remaining: 1546, call: scores, phase: playing
2026-06-15 16:33:25, tokens_remaining: 1545, call: scores, phase: playing
2026-06-15 16:33:26, tokens_remaining: 1544, call: scores, phase: playing
2026-06-15 16:33:29, tokens_remaining: 1543, call: scores, phase: playing
2026-06-15 16:33:30, tokens_remaining: 1542, call: scores, phase: playing
2026-06-15 16:33:31, tokens_remaining: 1541, call: events, phase: playing
2026-06-15 16:33:31, EVENT: SUBSTITUTION 71' Ramy Rabia [Belgium vs Egypt]
2026-06-15 16:33:33, tokens_remaining: 1540, call: scores, phase: playing
2026-06-15 16:33:34, tokens_remaining: 1539, call: scores, phase: playing
2026-06-15 16:33:35, tokens_remaining: 1538, call: scores, phase: playing
2026-06-15 16:33:37, tokens_remaining: 1537, call: scores, phase: playing
2026-06-15 16:33:38, tokens_remaining: 1536, call: scores, phase: playing
2026-06-15 16:33:39, tokens_remaining: 1535, call: scores, phase: playing
2026-06-15 16:33:41, tokens_remaining: 1534, call: scores, phase: playing
2026-06-15 16:33:42, tokens_remaining: 1533, call: scores, phase: playing
2026-06-15 16:33:43, tokens_remaining: 1532, call: scores, phase: playing
2026-06-15 16:33:45, tokens_remaining: 1531, call: events, phase: playing
2026-06-15 16:33:46, tokens_remaining: 1530, call: scores, phase: playing
2026-06-15 16:33:47, tokens_remaining: 1529, call: scores, phase: playing
2026-06-15 16:33:49, tokens_remaining: 1528, call: scores, phase: playing
2026-06-15 16:33:50, tokens_remaining: 1527, call: scores, phase: playing
2026-06-15 16:33:51, tokens_remaining: 1526, call: scores, phase: playing
2026-06-15 16:33:53, tokens_remaining: 1525, call: scores, phase: playing
2026-06-15 16:33:54, tokens_remaining: 1524, call: scores, phase: playing
2026-06-15 16:33:55, tokens_remaining: 1523, call: scores, phase: playing
2026-06-15 16:33:56, tokens_remaining: 1522, call: scores, phase: playing
2026-06-15 16:33:58, tokens_remaining: 1521, call: events, phase: playing
2026-06-15 16:33:59, tokens_remaining: 1520, call: scores, phase: playing
2026-06-15 16:34:00, tokens_remaining: 1519, call: scores, phase: playing
2026-06-15 16:34:02, tokens_remaining: 1518, call: scores, phase: playing
2026-06-15 16:34:03, tokens_remaining: 1517, call: scores, phase: playing
2026-06-15 16:34:04, tokens_remaining: 1516, call: scores, phase: playing
2026-06-15 16:34:06, tokens_remaining: 1515, call: scores, phase: playing
2026-06-15 16:34:07, tokens_remaining: 1514, call: scores, phase: playing
2026-06-15 16:34:08, tokens_remaining: 1513, call: scores, phase: playing
2026-06-15 16:34:10, tokens_remaining: 1512, call: scores, phase: playing
2026-06-15 16:34:11, tokens_remaining: 1511, call: events, phase: playing
2026-06-15 16:34:12, tokens_remaining: 1510, call: scores, phase: playing
2026-06-15 16:34:14, tokens_remaining: 1509, call: scores, phase: playing
2026-06-15 16:34:15, tokens_remaining: 1508, call: scores, phase: playing
2026-06-15 16:34:16, tokens_remaining: 1507, call: scores, phase: playing
2026-06-15 16:34:18, tokens_remaining: 1506, call: scores, phase: playing
2026-06-15 16:34:19, tokens_remaining: 1505, call: scores, phase: playing
2026-06-15 16:34:21, tokens_remaining: 1504, call: scores, phase: playing
2026-06-15 16:34:22, tokens_remaining: 1503, call: scores, phase: playing
2026-06-15 16:34:23, tokens_remaining: 1502, call: scores, phase: playing
2026-06-15 16:34:25, tokens_remaining: 1501, call: events, phase: playing
2026-06-15 16:34:26, tokens_remaining: 1500, call: scores, phase: playing
2026-06-15 16:34:27, tokens_remaining: 1499, call: scores, phase: playing
2026-06-15 16:34:29, tokens_remaining: 1498, call: scores, phase: playing
2026-06-15 16:34:30, tokens_remaining: 1497, call: scores, phase: playing
2026-06-15 16:34:31, tokens_remaining: 1496, call: scores, phase: playing
2026-06-15 16:34:32, tokens_remaining: 1495, call: scores, phase: playing
2026-06-15 16:34:34, tokens_remaining: 1494, call: scores, phase: playing
2026-06-15 16:34:35, tokens_remaining: 1493, call: scores, phase: playing
2026-06-15 16:34:36, tokens_remaining: 1492, call: scores, phase: playing
2026-06-15 16:34:38, tokens_remaining: 1491, call: events, phase: playing
2026-06-15 16:34:39, tokens_remaining: 1490, call: scores, phase: playing
2026-06-15 16:34:40, tokens_remaining: 1489, call: scores, phase: playing
2026-06-15 16:34:42, tokens_remaining: 1488, call: scores, phase: playing
2026-06-15 16:34:43, tokens_remaining: 1487, call: scores, phase: playing
2026-06-15 16:34:44, tokens_remaining: 1486, call: scores, phase: playing
2026-06-15 16:34:45, tokens_remaining: 1485, call: scores, phase: playing
2026-06-15 16:34:47, tokens_remaining: 1484, call: scores, phase: playing
2026-06-15 16:34:48, tokens_remaining: 1483, call: scores, phase: playing
2026-06-15 16:34:49, tokens_remaining: 1482, call: scores, phase: playing
2026-06-15 16:34:51, tokens_remaining: 1481, call: events, phase: playing
2026-06-15 16:34:52, tokens_remaining: 1480, call: scores, phase: playing
2026-06-15 16:34:53, tokens_remaining: 1479, call: scores, phase: playing
2026-06-15 16:34:54, tokens_remaining: 1478, call: scores, phase: playing
2026-06-15 16:34:56, tokens_remaining: 1477, call: scores, phase: playing
2026-06-15 16:34:57, tokens_remaining: 1476, call: scores, phase: playing
2026-06-15 16:34:58, tokens_remaining: 1475, call: scores, phase: playing
2026-06-15 16:34:59, tokens_remaining: 1474, call: scores, phase: playing
2026-06-15 16:35:01, tokens_remaining: 1473, call: scores, phase: playing
2026-06-15 16:35:02, tokens_remaining: 1472, call: scores, phase: playing
2026-06-15 16:35:04, tokens_remaining: 1471, call: events, phase: playing
2026-06-15 16:35:05, tokens_remaining: 1470, call: scores, phase: playing
2026-06-15 16:35:06, tokens_remaining: 1469, call: scores, phase: playing
2026-06-15 16:35:08, tokens_remaining: 1468, call: scores, phase: playing
2026-06-15 16:35:09, tokens_remaining: 1467, call: scores, phase: playing
2026-06-15 16:35:10, tokens_remaining: 1466, call: scores, phase: playing
2026-06-15 16:35:12, tokens_remaining: 1465, call: scores, phase: playing
2026-06-15 16:35:13, tokens_remaining: 1464, call: scores, phase: playing
2026-06-15 16:35:14, tokens_remaining: 1463, call: scores, phase: playing
2026-06-15 16:35:16, tokens_remaining: 1462, call: scores, phase: playing
2026-06-15 16:35:17, tokens_remaining: 1461, call: events, phase: playing
2026-06-15 16:35:18, tokens_remaining: 1460, call: scores, phase: playing
2026-06-15 16:35:20, tokens_remaining: 1459, call: scores, phase: playing
2026-06-15 16:35:21, tokens_remaining: 1458, call: scores, phase: playing
2026-06-15 16:35:22, tokens_remaining: 1457, call: scores, phase: playing
2026-06-15 16:35:24, tokens_remaining: 1456, call: scores, phase: playing
2026-06-15 16:35:25, tokens_remaining: 1455, call: scores, phase: playing
2026-06-15 16:35:26, tokens_remaining: 1454, call: scores, phase: playing
2026-06-15 16:35:27, tokens_remaining: 1454, call: scores, phase: playing
2026-06-15 16:35:29, tokens_remaining: 1453, call: scores, phase: playing
2026-06-15 16:35:30, tokens_remaining: 1452, call: events, phase: playing
2026-06-15 16:35:31, tokens_remaining: 1451, call: scores, phase: playing
2026-06-15 16:35:33, tokens_remaining: 1450, call: scores, phase: playing
2026-06-15 16:35:34, tokens_remaining: 1450, call: scores, phase: playing
2026-06-15 16:35:35, tokens_remaining: 1449, call: scores, phase: playing
2026-06-15 16:35:36, tokens_remaining: 1448, call: scores, phase: playing
2026-06-15 16:35:37, tokens_remaining: 1447, call: scores, phase: playing
2026-06-15 16:35:39, tokens_remaining: 1446, call: scores, phase: playing
2026-06-15 16:35:40, tokens_remaining: 1445, call: scores, phase: playing
2026-06-15 16:35:41, tokens_remaining: 1444, call: scores, phase: playing
2026-06-15 16:35:43, tokens_remaining: 1443, call: events, phase: playing
2026-06-15 16:35:44, tokens_remaining: 1442, call: scores, phase: playing
2026-06-15 16:35:45, tokens_remaining: 1441, call: scores, phase: playing
2026-06-15 16:35:46, tokens_remaining: 1440, call: scores, phase: playing
2026-06-15 16:35:47, tokens_remaining: 1440, call: scores, phase: playing
2026-06-15 16:35:49, tokens_remaining: 1439, call: scores, phase: playing
2026-06-15 16:35:50, tokens_remaining: 1438, call: scores, phase: playing
2026-06-15 16:35:51, tokens_remaining: 1437, call: scores, phase: playing
2026-06-15 16:35:53, tokens_remaining: 1436, call: scores, phase: playing
2026-06-15 16:35:54, tokens_remaining: 1436, call: scores, phase: playing
2026-06-15 16:35:55, tokens_remaining: 1435, call: events, phase: playing
2026-06-15 16:35:56, tokens_remaining: 1434, call: scores, phase: playing
2026-06-15 16:35:57, tokens_remaining: 1433, call: scores, phase: playing
2026-06-15 16:35:59, tokens_remaining: 1432, call: scores, phase: playing
2026-06-15 16:36:00, tokens_remaining: 1432, call: scores, phase: playing
2026-06-15 16:36:01, tokens_remaining: 1431, call: scores, phase: playing
2026-06-15 16:36:02, tokens_remaining: 1430, call: scores, phase: playing
2026-06-15 16:36:03, tokens_remaining: 1430, call: scores, phase: playing
2026-06-15 16:36:04, tokens_remaining: 1429, call: scores, phase: playing
2026-06-15 16:36:06, tokens_remaining: 1428, call: scores, phase: playing
2026-06-15 16:36:07, tokens_remaining: 1427, call: events, phase: playing
2026-06-15 16:36:08, tokens_remaining: 1426, call: scores, phase: playing
2026-06-15 16:36:10, tokens_remaining: 1425, call: scores, phase: playing
2026-06-15 16:36:11, tokens_remaining: 1424, call: scores, phase: playing
2026-06-15 16:36:12, tokens_remaining: 1424, call: scores, phase: playing
2026-06-15 16:36:13, tokens_remaining: 1423, call: scores, phase: playing
2026-06-15 16:36:14, tokens_remaining: 1423, call: scores, phase: playing
2026-06-15 16:36:15, tokens_remaining: 1422, call: scores, phase: playing
2026-06-15 16:36:16, tokens_remaining: 1421, call: scores, phase: playing
2026-06-15 16:36:18, tokens_remaining: 1419, call: scores, phase: playing
2026-06-15 16:36:19, tokens_remaining: 1418, call: events, phase: playing
2026-06-15 16:36:20, tokens_remaining: 1417, call: scores, phase: playing
2026-06-15 16:36:21, tokens_remaining: 1416, call: scores, phase: playing
2026-06-15 16:36:23, tokens_remaining: 1415, call: scores, phase: playing
2026-06-15 16:36:24, tokens_remaining: 1415, call: scores, phase: playing
2026-06-15 16:36:25, tokens_remaining: 1414, call: scores, phase: playing
2026-06-15 16:36:26, tokens_remaining: 1412, call: scores, phase: playing
2026-06-15 16:36:27, tokens_remaining: 1412, call: scores, phase: playing
2026-06-15 16:36:28, tokens_remaining: 1411, call: scores, phase: playing
2026-06-15 16:36:30, tokens_remaining: 1410, call: scores, phase: playing
2026-06-15 16:36:31, tokens_remaining: 1409, call: events, phase: playing
2026-06-15 16:36:32, tokens_remaining: 1408, call: scores, phase: playing
2026-06-15 16:36:33, tokens_remaining: 1407, call: scores, phase: playing
2026-06-15 16:36:34, tokens_remaining: 1406, call: scores, phase: playing
2026-06-15 16:36:35, tokens_remaining: 1406, call: scores, phase: playing
2026-06-15 16:36:37, tokens_remaining: 1405, call: scores, phase: playing
2026-06-15 16:36:38, tokens_remaining: 1403, call: scores, phase: playing
2026-06-15 16:36:39, tokens_remaining: 1403, call: scores, phase: playing
2026-06-15 16:36:40, tokens_remaining: 1402, call: scores, phase: playing
2026-06-15 16:36:41, tokens_remaining: 1402, call: scores, phase: playing
2026-06-15 16:36:42, tokens_remaining: 1400, call: events, phase: playing
2026-06-15 16:36:44, tokens_remaining: 1399, call: scores, phase: playing
2026-06-15 16:36:45, tokens_remaining: 1398, call: scores, phase: playing
2026-06-15 16:36:46, tokens_remaining: 1397, call: scores, phase: playing
2026-06-15 16:36:47, tokens_remaining: 1395, call: scores, phase: playing
2026-06-15 16:36:48, tokens_remaining: 1395, call: scores, phase: playing
2026-06-15 16:36:49, tokens_remaining: 1394, call: scores, phase: playing
2026-06-15 16:36:50, tokens_remaining: 1394, call: scores, phase: playing
2026-06-15 16:36:52, tokens_remaining: 1393, call: scores, phase: playing
2026-06-15 16:36:54, tokens_remaining: 1392, call: scores, phase: playing
2026-06-15 16:36:56, tokens_remaining: 1390, call: events, phase: playing
2026-06-15 16:36:59, tokens_remaining: 1389, call: scores, phase: playing
