2026-06-16 18:56:26, tokens_remaining: 2368, call: events, phase: idle
2026-06-16 18:56:26, EVENT: GOAL 29' Erling Haaland (0-1) [Iraq vs Norway]
2026-06-16 18:56:26, EVENT: GOAL 39' Aymen Hussein (1-1) [Iraq vs Norway]
2026-06-16 18:56:26, EVENT: GOAL 43' Erling Haaland (1-2) [Iraq vs Norway]
2026-06-16 18:56:26, EVENT: GOAL 77' Leo Østigård (1-3) [Iraq vs Norway]
2026-06-16 18:56:26, EVENT: SUBSTITUTION 59' Marko Farji [Iraq vs Norway]
2026-06-16 18:56:26, EVENT: SUBSTITUTION 59' Zidane Iqbal [Iraq vs Norway]
2026-06-16 18:56:26, EVENT: SUBSTITUTION 73' Oscar Bobb  [Iraq vs Norway]
2026-06-16 18:56:26, EVENT: SUBSTITUTION 73' Leo Østigård [Iraq vs Norway]
2026-06-16 18:56:26, EVENT: SUBSTITUTION 73' Andreas Schjelderup [Iraq vs Norway]
2026-06-16 18:56:26, EVENT: SUBSTITUTION 73' Kristian Thorstvedt [Iraq vs Norway]
2026-06-16 18:56:26, EVENT: SUBSTITUTION 74' Ahmed Qasem [Iraq vs Norway]
2026-06-16 18:56:26, EVENT: SUBSTITUTION 74' Mustafa Saadoon [Iraq vs Norway]
2026-06-16 18:56:26, EVENT: SUBSTITUTION 78' Mohanad Ali [Iraq vs Norway]
2026-06-16 18:56:26, EVENT: SUBSTITUTION 81' Patrick Berg [Iraq vs Norway]
2026-06-16 18:56:26, EVENT: YELLOW_CARD 86' Zaid Tahseen [Iraq vs Norway]
2026-06-16 18:56:26, STATE_CHANGE: Iraq vs Norway [— -> 2H]
2026-06-16 18:56:28, tokens_remaining: 2367, call: scores, phase: playing
2026-06-16 18:56:29, tokens_remaining: 2367, call: scores, phase: playing
2026-06-16 18:56:30, tokens_remaining: 2366, call: scores, phase: playing
2026-06-16 18:56:31, tokens_remaining: 2366, call: scores, phase: playing
2026-06-16 18:56:32, tokens_remaining: 2365, call: scores, phase: playing
2026-06-16 18:56:33, tokens_remaining: 2365, call: scores, phase: playing
2026-06-16 18:56:34, tokens_remaining: 2364, call: scores, phase: playing
2026-06-16 18:56:35, tokens_remaining: 2364, call: scores, phase: playing
2026-06-16 18:56:36, tokens_remaining: 2363, call: events, phase: playing
2026-06-16 18:56:37, tokens_remaining: 2362, call: scores, phase: playing
2026-06-16 18:56:37, tokens_remaining: 2362, call: scores, phase: playing
2026-06-16 18:56:38, tokens_remaining: 2361, call: scores, phase: playing
2026-06-16 18:56:39, tokens_remaining: 2361, call: scores, phase: playing
2026-06-16 18:56:40, tokens_remaining: 2360, call: scores, phase: playing
2026-06-16 18:56:41, tokens_remaining: 2360, call: scores, phase: playing
2026-06-16 18:56:42, tokens_remaining: 2359, call: scores, phase: playing
2026-06-16 18:56:43, tokens_remaining: 2359, call: scores, phase: playing
2026-06-16 18:56:44, tokens_remaining: 2358, call: scores, phase: playing
2026-06-16 18:56:45, tokens_remaining: 2357, call: events, phase: playing
2026-06-16 18:56:46, tokens_remaining: 2356, call: scores, phase: playing
2026-06-16 18:56:46, tokens_remaining: 2356, call: scores, phase: playing
2026-06-16 18:56:47, tokens_remaining: 2355, call: scores, phase: playing
2026-06-16 18:56:48, tokens_remaining: 2355, call: scores, phase: playing
2026-06-16 18:56:49, tokens_remaining: 2354, call: scores, phase: playing
2026-06-16 18:56:50, tokens_remaining: 2354, call: scores, phase: playing
2026-06-16 18:56:51, tokens_remaining: 2353, call: scores, phase: playing
2026-06-16 18:56:52, tokens_remaining: 2353, call: scores, phase: playing
2026-06-16 18:56:53, tokens_remaining: 2352, call: scores, phase: playing
2026-06-16 18:56:54, tokens_remaining: 2351, call: events, phase: playing
2026-06-16 18:56:55, tokens_remaining: 2350, call: scores, phase: playing
2026-06-16 18:56:56, tokens_remaining: 2350, call: scores, phase: playing
2026-06-16 18:56:57, tokens_remaining: 2349, call: scores, phase: playing
2026-06-16 18:56:57, tokens_remaining: 2349, call: scores, phase: playing
2026-06-16 18:56:58, tokens_remaining: 2348, call: scores, phase: playing
2026-06-16 18:56:59, tokens_remaining: 2348, call: scores, phase: playing
2026-06-16 18:57:00, tokens_remaining: 2347, call: scores, phase: playing
2026-06-16 18:57:01, tokens_remaining: 2347, call: scores, phase: playing
2026-06-16 18:57:02, tokens_remaining: 2346, call: scores, phase: playing
2026-06-16 18:57:03, tokens_remaining: 2345, call: events, phase: playing
2026-06-16 18:57:04, tokens_remaining: 2344, call: scores, phase: playing
2026-06-16 18:57:05, tokens_remaining: 2344, call: scores, phase: playing
2026-06-16 18:57:06, tokens_remaining: 2343, call: scores, phase: playing
2026-06-16 18:57:06, tokens_remaining: 2343, call: scores, phase: playing
2026-06-16 18:57:07, tokens_remaining: 2342, call: scores, phase: playing
2026-06-16 18:57:08, tokens_remaining: 2342, call: scores, phase: playing
2026-06-16 18:57:09, tokens_remaining: 2341, call: scores, phase: playing
2026-06-16 18:57:10, tokens_remaining: 2341, call: scores, phase: playing
2026-06-16 18:57:11, tokens_remaining: 2340, call: scores, phase: playing
2026-06-16 18:57:12, tokens_remaining: 2339, call: events, phase: playing
2026-06-16 18:57:13, tokens_remaining: 2338, call: scores, phase: playing
2026-06-16 18:57:14, tokens_remaining: 2338, call: scores, phase: playing
2026-06-16 18:57:15, tokens_remaining: 2337, call: scores, phase: playing
2026-06-16 18:57:15, tokens_remaining: 2337, call: scores, phase: playing
2026-06-16 18:57:17, tokens_remaining: 2336, call: scores, phase: playing
2026-06-16 18:57:17, tokens_remaining: 2336, call: scores, phase: playing
2026-06-16 18:57:18, tokens_remaining: 2335, call: scores, phase: playing
2026-06-16 18:57:19, tokens_remaining: 2335, call: scores, phase: playing
2026-06-16 18:57:20, tokens_remaining: 2334, call: scores, phase: playing
2026-06-16 18:57:21, tokens_remaining: 2333, call: events, phase: playing
2026-06-16 18:57:22, tokens_remaining: 2332, call: scores, phase: playing
2026-06-16 18:57:23, tokens_remaining: 2332, call: scores, phase: playing
2026-06-16 18:57:24, tokens_remaining: 2331, call: scores, phase: playing
2026-06-16 18:57:25, tokens_remaining: 2331, call: scores, phase: playing
2026-06-16 18:57:26, tokens_remaining: 2330, call: scores, phase: playing
2026-06-16 18:57:27, tokens_remaining: 2330, call: scores, phase: playing
2026-06-16 18:57:28, tokens_remaining: 2329, call: scores, phase: playing
2026-06-16 18:57:28, tokens_remaining: 2329, call: scores, phase: playing
2026-06-16 18:57:30, tokens_remaining: 2328, call: scores, phase: playing
2026-06-16 18:57:31, tokens_remaining: 2327, call: events, phase: playing
2026-06-16 18:57:32, tokens_remaining: 2326, call: scores, phase: playing
2026-06-16 18:57:32, tokens_remaining: 2326, call: scores, phase: playing
2026-06-16 18:57:33, tokens_remaining: 2325, call: scores, phase: playing
2026-06-16 18:57:34, tokens_remaining: 2325, call: scores, phase: playing
2026-06-16 18:57:35, tokens_remaining: 2324, call: scores, phase: playing
2026-06-16 18:57:36, tokens_remaining: 2324, call: scores, phase: playing
2026-06-16 18:57:37, tokens_remaining: 2323, call: scores, phase: playing
2026-06-16 18:57:38, tokens_remaining: 2323, call: scores, phase: playing
2026-06-16 18:57:39, tokens_remaining: 2322, call: scores, phase: playing
2026-06-16 18:57:40, tokens_remaining: 2321, call: events, phase: playing
2026-06-16 18:57:41, tokens_remaining: 2320, call: scores, phase: playing
2026-06-16 18:57:41, tokens_remaining: 2320, call: scores, phase: playing
2026-06-16 18:57:42, tokens_remaining: 2319, call: scores, phase: playing
2026-06-16 18:57:43, tokens_remaining: 2319, call: scores, phase: playing
2026-06-16 18:57:44, tokens_remaining: 2318, call: scores, phase: playing
2026-06-16 18:57:45, tokens_remaining: 2318, call: scores, phase: playing
2026-06-16 18:57:46, tokens_remaining: 2317, call: scores, phase: playing
2026-06-16 18:57:47, tokens_remaining: 2317, call: scores, phase: playing
2026-06-16 18:57:48, tokens_remaining: 2316, call: scores, phase: playing
2026-06-16 18:57:49, tokens_remaining: 2315, call: events, phase: playing
2026-06-16 18:57:50, tokens_remaining: 2314, call: scores, phase: playing
2026-06-16 18:57:51, tokens_remaining: 2314, call: scores, phase: playing
2026-06-16 18:57:52, tokens_remaining: 2313, call: scores, phase: playing
2026-06-16 18:57:52, tokens_remaining: 2313, call: scores, phase: playing
2026-06-16 18:57:53, tokens_remaining: 2312, call: scores, phase: playing
2026-06-16 18:57:54, tokens_remaining: 2312, call: scores, phase: playing
2026-06-16 18:57:55, tokens_remaining: 2311, call: scores, phase: playing
2026-06-16 18:57:56, tokens_remaining: 2311, call: scores, phase: playing
2026-06-16 18:57:57, tokens_remaining: 2310, call: scores, phase: playing
2026-06-16 18:57:58, tokens_remaining: 2309, call: events, phase: playing
2026-06-16 18:57:59, tokens_remaining: 2308, call: scores, phase: playing
2026-06-16 18:58:00, tokens_remaining: 2308, call: scores, phase: playing
2026-06-16 18:58:01, tokens_remaining: 2307, call: scores, phase: playing
2026-06-16 18:58:01, tokens_remaining: 2307, call: scores, phase: playing
2026-06-16 18:58:02, tokens_remaining: 2306, call: scores, phase: playing
2026-06-16 18:58:03, tokens_remaining: 2306, call: scores, phase: playing
2026-06-16 18:58:04, tokens_remaining: 2305, call: scores, phase: playing
2026-06-16 18:58:05, tokens_remaining: 2305, call: scores, phase: playing
2026-06-16 18:58:06, tokens_remaining: 2304, call: scores, phase: playing
2026-06-16 18:58:07, tokens_remaining: 2303, call: events, phase: playing
2026-06-16 18:58:08, tokens_remaining: 2302, call: scores, phase: playing
2026-06-16 18:58:09, tokens_remaining: 2302, call: scores, phase: playing
2026-06-16 18:58:10, tokens_remaining: 2301, call: scores, phase: playing
2026-06-16 18:58:10, tokens_remaining: 2301, call: scores, phase: playing
2026-06-16 18:58:11, tokens_remaining: 2300, call: scores, phase: playing
2026-06-16 18:58:12, tokens_remaining: 2300, call: scores, phase: playing
2026-06-16 18:58:13, tokens_remaining: 2299, call: scores, phase: playing
2026-06-16 18:58:14, tokens_remaining: 2299, call: scores, phase: playing
2026-06-16 18:58:15, tokens_remaining: 2298, call: scores, phase: playing
2026-06-16 18:58:16, tokens_remaining: 2297, call: events, phase: playing
2026-06-16 18:58:17, tokens_remaining: 2296, call: scores, phase: playing
2026-06-16 18:58:18, tokens_remaining: 2296, call: scores, phase: playing
2026-06-16 18:58:19, tokens_remaining: 2295, call: scores, phase: playing
2026-06-16 18:58:19, tokens_remaining: 2295, call: scores, phase: playing
2026-06-16 18:58:21, tokens_remaining: 2294, call: scores, phase: playing
2026-06-16 18:58:21, tokens_remaining: 2294, call: scores, phase: playing
2026-06-16 18:58:22, tokens_remaining: 2293, call: scores, phase: playing
2026-06-16 18:58:23, tokens_remaining: 2293, call: scores, phase: playing
2026-06-16 18:58:24, tokens_remaining: 2292, call: scores, phase: playing
2026-06-16 18:58:25, tokens_remaining: 2291, call: events, phase: playing
2026-06-16 18:58:26, tokens_remaining: 2290, call: scores, phase: playing
2026-06-16 18:58:27, tokens_remaining: 2290, call: scores, phase: playing
2026-06-16 18:58:28, tokens_remaining: 2289, call: scores, phase: playing
2026-06-16 18:58:29, tokens_remaining: 2289, call: scores, phase: playing
2026-06-16 18:58:30, tokens_remaining: 2288, call: scores, phase: playing
2026-06-16 18:58:30, tokens_remaining: 2288, call: scores, phase: playing
2026-06-16 18:58:31, tokens_remaining: 2287, call: scores, phase: playing
2026-06-16 18:58:32, tokens_remaining: 2287, call: scores, phase: playing
2026-06-16 18:58:33, tokens_remaining: 2286, call: scores, phase: playing
2026-06-16 18:58:34, tokens_remaining: 2285, call: events, phase: playing
2026-06-16 18:58:35, tokens_remaining: 2284, call: scores, phase: playing
2026-06-16 18:58:36, tokens_remaining: 2284, call: scores, phase: playing
2026-06-16 18:58:37, tokens_remaining: 2283, call: scores, phase: playing
2026-06-16 18:58:38, tokens_remaining: 2283, call: scores, phase: playing
2026-06-16 18:58:39, tokens_remaining: 2282, call: scores, phase: playing
2026-06-16 18:58:39, tokens_remaining: 2282, call: scores, phase: playing
2026-06-16 18:58:40, tokens_remaining: 2281, call: scores, phase: playing
2026-06-16 18:58:41, tokens_remaining: 2281, call: scores, phase: playing
2026-06-16 18:58:42, tokens_remaining: 2280, call: scores, phase: playing
2026-06-16 18:58:43, tokens_remaining: 2279, call: events, phase: playing
2026-06-16 18:58:44, tokens_remaining: 2278, call: scores, phase: playing
2026-06-16 18:58:45, tokens_remaining: 2278, call: scores, phase: playing
2026-06-16 18:58:46, tokens_remaining: 2277, call: scores, phase: playing
2026-06-16 18:58:47, tokens_remaining: 2277, call: scores, phase: playing
2026-06-16 18:58:48, tokens_remaining: 2276, call: scores, phase: playing
2026-06-16 18:58:48, tokens_remaining: 2276, call: scores, phase: playing
2026-06-16 18:58:49, tokens_remaining: 2275, call: scores, phase: playing
2026-06-16 18:58:50, tokens_remaining: 2275, call: scores, phase: playing
2026-06-16 18:58:51, tokens_remaining: 2274, call: scores, phase: playing
2026-06-16 18:58:52, tokens_remaining: 2273, call: events, phase: playing
2026-06-16 18:58:53, tokens_remaining: 2272, call: scores, phase: playing
2026-06-16 18:58:54, tokens_remaining: 2272, call: scores, phase: playing
2026-06-16 18:58:55, tokens_remaining: 2271, call: scores, phase: playing
2026-06-16 18:58:56, tokens_remaining: 2271, call: scores, phase: playing
2026-06-16 18:58:57, tokens_remaining: 2270, call: scores, phase: playing
2026-06-16 18:58:58, tokens_remaining: 2270, call: scores, phase: playing
2026-06-16 18:58:59, tokens_remaining: 2269, call: scores, phase: playing
2026-06-16 18:58:59, tokens_remaining: 2269, call: scores, phase: playing
2026-06-16 18:59:00, tokens_remaining: 2268, call: scores, phase: playing
2026-06-16 18:59:01, tokens_remaining: 2267, call: events, phase: playing
2026-06-16 18:59:02, tokens_remaining: 2266, call: scores, phase: playing
2026-06-16 18:59:03, tokens_remaining: 2266, call: scores, phase: playing
2026-06-16 18:59:04, tokens_remaining: 2265, call: scores, phase: playing
2026-06-16 18:59:05, tokens_remaining: 2265, call: scores, phase: playing
2026-06-16 18:59:06, tokens_remaining: 2264, call: scores, phase: playing
2026-06-16 18:59:07, tokens_remaining: 2264, call: scores, phase: playing
2026-06-16 18:59:08, tokens_remaining: 2263, call: scores, phase: playing
2026-06-16 18:59:08, tokens_remaining: 2263, call: scores, phase: playing
2026-06-16 18:59:09, tokens_remaining: 2262, call: scores, phase: playing
2026-06-16 18:59:10, tokens_remaining: 2261, call: events, phase: playing
2026-06-16 18:59:11, tokens_remaining: 2260, call: scores, phase: playing
2026-06-16 18:59:12, tokens_remaining: 2260, call: scores, phase: playing
2026-06-16 18:59:13, tokens_remaining: 2259, call: scores, phase: playing
2026-06-16 18:59:14, tokens_remaining: 2259, call: scores, phase: playing
2026-06-16 18:59:15, tokens_remaining: 2258, call: scores, phase: playing
2026-06-16 18:59:16, tokens_remaining: 2258, call: scores, phase: playing
2026-06-16 18:59:17, tokens_remaining: 2257, call: scores, phase: playing
2026-06-16 18:59:18, tokens_remaining: 2257, call: scores, phase: playing
2026-06-16 18:59:18, tokens_remaining: 2256, call: scores, phase: playing
2026-06-16 18:59:20, tokens_remaining: 2255, call: events, phase: playing
2026-06-16 18:59:20, tokens_remaining: 2254, call: scores, phase: playing
2026-06-16 18:59:21, tokens_remaining: 2254, call: scores, phase: playing
2026-06-16 18:59:22, tokens_remaining: 2253, call: scores, phase: playing
2026-06-16 18:59:23, tokens_remaining: 2253, call: scores, phase: playing
2026-06-16 18:59:24, tokens_remaining: 2252, call: scores, phase: playing
2026-06-16 18:59:25, tokens_remaining: 2252, call: scores, phase: playing
2026-06-16 18:59:26, tokens_remaining: 2251, call: scores, phase: playing
2026-06-16 18:59:27, tokens_remaining: 2251, call: scores, phase: playing
2026-06-16 18:59:28, tokens_remaining: 2250, call: scores, phase: playing
2026-06-16 18:59:29, tokens_remaining: 2249, call: events, phase: playing
2026-06-16 18:59:30, tokens_remaining: 2248, call: scores, phase: playing
2026-06-16 18:59:30, tokens_remaining: 2248, call: scores, phase: playing
2026-06-16 18:59:31, tokens_remaining: 2247, call: scores, phase: playing
2026-06-16 18:59:32, tokens_remaining: 2247, call: scores, phase: playing
2026-06-16 18:59:33, tokens_remaining: 2246, call: scores, phase: playing
2026-06-16 18:59:34, tokens_remaining: 2246, call: scores, phase: playing
2026-06-16 18:59:35, tokens_remaining: 2245, call: scores, phase: playing
2026-06-16 18:59:36, tokens_remaining: 2245, call: scores, phase: playing
2026-06-16 18:59:37, tokens_remaining: 2244, call: scores, phase: playing
2026-06-16 18:59:37, GOAL: Norway (Iraq 1-4 Norway)
2026-06-16 18:59:40, tokens_remaining: 2243, call: events, phase: playing
