2026-06-14 13:00:04, tokens_remaining: 2276, call: scores, phase: break
2026-06-14 13:00:21, tokens_remaining: 2275, call: scores, phase: break
2026-06-14 13:00:50, tokens_remaining: 2274, call: scores, phase: break
2026-06-14 13:01:06, tokens_remaining: 2273, call: scores, phase: break
2026-06-14 13:01:35, tokens_remaining: 2272, call: scores, phase: break
2026-06-14 13:01:51, tokens_remaining: 2271, call: scores, phase: break
2026-06-14 13:02:21, tokens_remaining: 2270, call: scores, phase: break
2026-06-14 13:02:37, tokens_remaining: 2269, call: scores, phase: break
2026-06-14 13:03:06, tokens_remaining: 2268, call: scores, phase: break
2026-06-14 13:03:22, tokens_remaining: 2267, call: scores, phase: break
2026-06-14 13:03:51, tokens_remaining: 2266, call: scores, phase: break
2026-06-14 13:04:08, tokens_remaining: 2265, call: events, phase: break
2026-06-14 13:04:37, tokens_remaining: 2499, call: scores, phase: break
2026-06-14 13:04:53, tokens_remaining: 2498, call: scores, phase: break
2026-06-14 13:05:22, tokens_remaining: 2497, call: scores, phase: break
2026-06-14 13:05:39, tokens_remaining: 2496, call: scores, phase: break
2026-06-14 13:06:08, tokens_remaining: 2495, call: scores, phase: break
2026-06-14 13:06:24, tokens_remaining: 2494, call: scores, phase: break
2026-06-14 13:06:53, tokens_remaining: 2493, call: events, phase: break
2026-06-14 13:07:11, tokens_remaining: 2492, call: scores, phase: break
2026-06-14 13:07:39, tokens_remaining: 2491, call: scores, phase: break
2026-06-14 13:07:56, tokens_remaining: 2490, call: scores, phase: break
2026-06-14 13:08:24, tokens_remaining: 2489, call: scores, phase: break
2026-06-14 13:08:42, tokens_remaining: 2488, call: scores, phase: break
2026-06-14 13:09:10, tokens_remaining: 2487, call: scores, phase: break
2026-06-14 13:09:10, STATE_CHANGE: Germany vs Curacao [HT -> 2H]
2026-06-14 13:09:10, tokens_remaining: 2487, call: scores, phase: playing
2026-06-14 13:09:11, tokens_remaining: 2486, call: scores, phase: playing
2026-06-14 13:09:13, tokens_remaining: 2485, call: scores, phase: playing
2026-06-14 13:09:15, tokens_remaining: 2484, call: scores, phase: playing
2026-06-14 13:09:16, tokens_remaining: 2483, call: scores, phase: playing
2026-06-14 13:09:18, tokens_remaining: 2482, call: scores, phase: playing
2026-06-14 13:09:19, tokens_remaining: 2481, call: events, phase: playing
2026-06-14 13:09:19, EVENT: SUBSTITUTION 46' Jeremy Antonisse [Germany vs Curacao]
2026-06-14 13:09:21, tokens_remaining: 2480, call: scores, phase: playing
2026-06-14 13:09:23, tokens_remaining: 2479, call: scores, phase: playing
2026-06-14 13:09:24, tokens_remaining: 2478, call: scores, phase: playing
2026-06-14 13:09:26, tokens_remaining: 2477, call: scores, phase: playing
2026-06-14 13:09:27, tokens_remaining: 2476, call: scores, phase: break
2026-06-14 13:09:27, STATE_CHANGE: Germany vs Curacao [HT -> 2H]
2026-06-14 13:09:27, tokens_remaining: 2476, call: scores, phase: playing
2026-06-14 13:09:28, tokens_remaining: 2476, call: scores, phase: playing
2026-06-14 13:09:29, tokens_remaining: 2475, call: scores, phase: playing
2026-06-14 13:09:29, tokens_remaining: 2475, call: scores, phase: playing
2026-06-14 13:09:30, tokens_remaining: 2473, call: scores, phase: playing
2026-06-14 13:09:30, tokens_remaining: 2473, call: events, phase: playing
2026-06-14 13:09:30, EVENT: SUBSTITUTION 46' Jeremy Antonisse [Germany vs Curacao]
2026-06-14 13:09:32, tokens_remaining: 2472, call: scores, phase: playing
2026-06-14 13:09:32, tokens_remaining: 2472, call: scores, phase: playing
2026-06-14 13:09:34, tokens_remaining: 2471, call: scores, phase: playing
2026-06-14 13:09:34, tokens_remaining: 2471, call: scores, phase: playing
2026-06-14 13:09:35, tokens_remaining: 2470, call: scores, phase: playing
2026-06-14 13:09:35, tokens_remaining: 2469, call: events, phase: playing
2026-06-14 13:09:37, tokens_remaining: 2468, call: scores, phase: playing
2026-06-14 13:09:37, tokens_remaining: 2468, call: scores, phase: playing
2026-06-14 13:09:38, tokens_remaining: 2467, call: scores, phase: playing
2026-06-14 13:09:38, tokens_remaining: 2467, call: scores, phase: playing
2026-06-14 13:09:40, tokens_remaining: 2466, call: scores, phase: playing
2026-06-14 13:09:40, tokens_remaining: 2466, call: scores, phase: playing
2026-06-14 13:09:42, tokens_remaining: 2465, call: scores, phase: playing
2026-06-14 13:09:42, tokens_remaining: 2465, call: scores, phase: playing
2026-06-14 13:09:43, tokens_remaining: 2464, call: scores, phase: playing
2026-06-14 13:09:43, tokens_remaining: 2464, call: scores, phase: playing
2026-06-14 13:09:45, tokens_remaining: 2463, call: scores, phase: playing
2026-06-14 13:09:45, tokens_remaining: 2463, call: scores, phase: playing
2026-06-14 13:09:47, tokens_remaining: 2461, call: scores, phase: playing
2026-06-14 13:09:47, tokens_remaining: 2461, call: events, phase: playing
2026-06-14 13:09:48, tokens_remaining: 2460, call: scores, phase: playing
2026-06-14 13:09:48, tokens_remaining: 2460, call: scores, phase: playing
2026-06-14 13:09:50, tokens_remaining: 2459, call: scores, phase: playing
2026-06-14 13:09:50, tokens_remaining: 2459, call: scores, phase: playing
2026-06-14 13:09:52, tokens_remaining: 2457, call: scores, phase: playing
2026-06-14 13:09:52, tokens_remaining: 2457, call: events, phase: playing
2026-06-14 13:09:53, tokens_remaining: 2456, call: scores, phase: playing
2026-06-14 13:09:53, tokens_remaining: 2456, call: scores, phase: playing
2026-06-14 13:09:55, tokens_remaining: 2455, call: scores, phase: playing
2026-06-14 13:09:55, GOAL: Germany (Germany 4-1 Curacao)
2026-06-14 13:09:55, tokens_remaining: 2455, call: scores, phase: playing
2026-06-14 13:09:55, GOAL: Germany (Germany 4-1 Curacao)
2026-06-14 13:09:56, tokens_remaining: 2454, call: scores, phase: playing
2026-06-14 13:09:57, tokens_remaining: 2454, call: scores, phase: playing
2026-06-14 13:09:58, tokens_remaining: 2453, call: scores, phase: playing
2026-06-14 13:09:59, tokens_remaining: 2453, call: scores, phase: playing
2026-06-14 13:10:00, tokens_remaining: 2452, call: scores, phase: playing
2026-06-14 13:10:00, tokens_remaining: 2452, call: scores, phase: playing
2026-06-14 13:10:02, tokens_remaining: 2451, call: scores, phase: playing
2026-06-14 13:10:02, tokens_remaining: 2451, call: scores, phase: playing
2026-06-14 13:10:03, tokens_remaining: 2449, call: scores, phase: playing
2026-06-14 13:10:03, tokens_remaining: 2449, call: events, phase: playing
2026-06-14 13:10:05, tokens_remaining: 2448, call: scores, phase: playing
2026-06-14 13:10:05, tokens_remaining: 2448, call: scores, phase: playing
2026-06-14 13:10:06, tokens_remaining: 2447, call: scores, phase: playing
2026-06-14 13:10:06, tokens_remaining: 2447, call: scores, phase: playing
2026-06-14 13:10:08, tokens_remaining: 2445, call: scores, phase: playing
2026-06-14 13:10:08, tokens_remaining: 2445, call: events, phase: playing
2026-06-14 13:10:10, tokens_remaining: 2444, call: scores, phase: playing
2026-06-14 13:10:10, tokens_remaining: 2444, call: scores, phase: playing
2026-06-14 13:10:11, tokens_remaining: 2443, call: scores, phase: playing
2026-06-14 13:10:11, tokens_remaining: 2443, call: scores, phase: playing
2026-06-14 13:10:13, tokens_remaining: 2442, call: scores, phase: playing
2026-06-14 13:10:13, tokens_remaining: 2442, call: scores, phase: playing
2026-06-14 13:10:14, tokens_remaining: 2441, call: scores, phase: playing
2026-06-14 13:10:14, tokens_remaining: 2441, call: scores, phase: playing
2026-06-14 13:10:16, tokens_remaining: 2440, call: scores, phase: playing
2026-06-14 13:10:16, tokens_remaining: 2440, call: scores, phase: playing
2026-06-14 13:10:18, tokens_remaining: 2439, call: scores, phase: playing
2026-06-14 13:10:18, tokens_remaining: 2439, call: scores, phase: playing
2026-06-14 13:10:19, tokens_remaining: 2438, call: scores, phase: playing
2026-06-14 13:10:20, tokens_remaining: 2437, call: events, phase: playing
2026-06-14 13:10:20, EVENT: GOAL 47' Jamal Musiala (4-1) [Germany vs Curacao]
2026-06-14 13:10:21, tokens_remaining: 2436, call: scores, phase: playing
2026-06-14 13:10:21, tokens_remaining: 2436, call: scores, phase: playing
2026-06-14 13:10:23, tokens_remaining: 2435, call: scores, phase: playing
2026-06-14 13:10:23, tokens_remaining: 2435, call: scores, phase: playing
2026-06-14 13:10:24, tokens_remaining: 2433, call: scores, phase: playing
2026-06-14 13:10:24, tokens_remaining: 2433, call: events, phase: playing
2026-06-14 13:10:24, EVENT: GOAL 47' Jamal Musiala (4-1) [Germany vs Curacao]
2026-06-14 13:10:26, tokens_remaining: 2432, call: scores, phase: playing
2026-06-14 13:10:26, tokens_remaining: 2432, call: scores, phase: playing
2026-06-14 13:10:27, tokens_remaining: 2431, call: scores, phase: playing
2026-06-14 13:10:27, tokens_remaining: 2431, call: scores, phase: playing
2026-06-14 13:10:29, tokens_remaining: 2430, call: scores, phase: playing
2026-06-14 13:10:29, tokens_remaining: 2430, call: scores, phase: playing
2026-06-14 13:10:31, tokens_remaining: 2429, call: scores, phase: playing
2026-06-14 13:10:31, tokens_remaining: 2429, call: scores, phase: playing
2026-06-14 13:10:32, tokens_remaining: 2428, call: scores, phase: playing
2026-06-14 13:10:32, tokens_remaining: 2428, call: scores, phase: playing
2026-06-14 13:10:34, tokens_remaining: 2427, call: scores, phase: playing
2026-06-14 13:10:34, tokens_remaining: 2427, call: scores, phase: playing
2026-06-14 13:10:35, tokens_remaining: 2425, call: scores, phase: playing
2026-06-14 13:10:35, tokens_remaining: 2425, call: events, phase: playing
2026-06-14 13:10:37, tokens_remaining: 2424, call: scores, phase: playing
2026-06-14 13:10:37, tokens_remaining: 2424, call: scores, phase: playing
2026-06-14 13:10:39, tokens_remaining: 2423, call: scores, phase: playing
2026-06-14 13:10:39, tokens_remaining: 2423, call: scores, phase: playing
2026-06-14 13:10:40, tokens_remaining: 2421, call: scores, phase: playing
2026-06-14 13:10:40, tokens_remaining: 2421, call: events, phase: playing
2026-06-14 13:10:42, tokens_remaining: 2420, call: scores, phase: playing
2026-06-14 13:10:42, tokens_remaining: 2420, call: scores, phase: playing
2026-06-14 13:10:43, tokens_remaining: 2419, call: scores, phase: playing
2026-06-14 13:10:43, tokens_remaining: 2419, call: scores, phase: playing
2026-06-14 13:10:45, tokens_remaining: 2418, call: scores, phase: playing
2026-06-14 13:10:45, tokens_remaining: 2418, call: scores, phase: playing
2026-06-14 13:10:47, tokens_remaining: 2417, call: scores, phase: playing
2026-06-14 13:10:47, tokens_remaining: 2417, call: scores, phase: playing
2026-06-14 13:10:48, tokens_remaining: 2416, call: scores, phase: playing
2026-06-14 13:10:48, tokens_remaining: 2416, call: scores, phase: playing
2026-06-14 13:10:50, tokens_remaining: 2415, call: scores, phase: playing
2026-06-14 13:10:50, tokens_remaining: 2415, call: scores, phase: playing
2026-06-14 13:10:51, tokens_remaining: 2414, call: scores, phase: playing
2026-06-14 13:10:52, tokens_remaining: 2413, call: events, phase: playing
2026-06-14 13:10:53, tokens_remaining: 2412, call: scores, phase: playing
2026-06-14 13:10:53, tokens_remaining: 2412, call: scores, phase: playing
2026-06-14 13:10:55, tokens_remaining: 2411, call: scores, phase: playing
2026-06-14 13:10:55, tokens_remaining: 2411, call: scores, phase: playing
2026-06-14 13:10:56, tokens_remaining: 2410, call: scores, phase: playing
2026-06-14 13:10:56, tokens_remaining: 2409, call: events, phase: playing
2026-06-14 13:10:58, tokens_remaining: 2408, call: scores, phase: playing
2026-06-14 13:10:58, tokens_remaining: 2408, call: scores, phase: playing
2026-06-14 13:10:59, tokens_remaining: 2407, call: scores, phase: playing
2026-06-14 13:10:59, tokens_remaining: 2407, call: scores, phase: playing
2026-06-14 13:11:01, tokens_remaining: 2406, call: scores, phase: playing
2026-06-14 13:11:01, tokens_remaining: 2406, call: scores, phase: playing
2026-06-14 13:11:03, tokens_remaining: 2405, call: scores, phase: playing
2026-06-14 13:11:03, tokens_remaining: 2405, call: scores, phase: playing
2026-06-14 13:11:04, tokens_remaining: 2404, call: scores, phase: playing
2026-06-14 13:11:04, tokens_remaining: 2404, call: scores, phase: playing
2026-06-14 13:11:06, tokens_remaining: 2403, call: scores, phase: playing
2026-06-14 13:11:06, tokens_remaining: 2403, call: scores, phase: playing
2026-06-14 13:11:07, tokens_remaining: 2401, call: scores, phase: playing
2026-06-14 13:11:07, tokens_remaining: 2401, call: events, phase: playing
2026-06-14 13:11:09, tokens_remaining: 2400, call: scores, phase: playing
2026-06-14 13:11:09, tokens_remaining: 2400, call: scores, phase: playing
2026-06-14 13:11:11, tokens_remaining: 2399, call: scores, phase: playing
2026-06-14 13:11:11, tokens_remaining: 2399, call: scores, phase: playing
2026-06-14 13:11:12, tokens_remaining: 2397, call: scores, phase: playing
2026-06-14 13:11:12, tokens_remaining: 2397, call: events, phase: playing
2026-06-14 13:11:14, tokens_remaining: 2396, call: scores, phase: playing
2026-06-14 13:11:14, tokens_remaining: 2396, call: scores, phase: playing
2026-06-14 13:11:15, tokens_remaining: 2395, call: scores, phase: playing
2026-06-14 13:11:15, tokens_remaining: 2395, call: scores, phase: playing
2026-06-14 13:11:17, tokens_remaining: 2394, call: scores, phase: playing
2026-06-14 13:11:17, tokens_remaining: 2394, call: scores, phase: playing
2026-06-14 13:11:18, tokens_remaining: 2393, call: scores, phase: playing
2026-06-14 13:11:18, tokens_remaining: 2393, call: scores, phase: playing
2026-06-14 13:11:20, tokens_remaining: 2392, call: scores, phase: playing
2026-06-14 13:11:20, tokens_remaining: 2392, call: scores, phase: playing
2026-06-14 13:11:22, tokens_remaining: 2391, call: scores, phase: playing
2026-06-14 13:11:22, tokens_remaining: 2391, call: scores, phase: playing
2026-06-14 13:11:23, tokens_remaining: 2389, call: scores, phase: playing
2026-06-14 13:11:23, tokens_remaining: 2389, call: events, phase: playing
2026-06-14 13:11:25, tokens_remaining: 2388, call: scores, phase: playing
2026-06-14 13:11:25, tokens_remaining: 2388, call: scores, phase: playing
2026-06-14 13:11:26, tokens_remaining: 2387, call: scores, phase: playing
2026-06-14 13:11:26, tokens_remaining: 2387, call: scores, phase: playing
2026-06-14 13:11:28, tokens_remaining: 2386, call: scores, phase: playing
2026-06-14 13:11:28, tokens_remaining: 2385, call: events, phase: playing
2026-06-14 13:11:30, tokens_remaining: 2384, call: scores, phase: playing
2026-06-14 13:11:30, tokens_remaining: 2384, call: scores, phase: playing
2026-06-14 13:11:31, tokens_remaining: 2383, call: scores, phase: playing
2026-06-14 13:11:31, tokens_remaining: 2383, call: scores, phase: playing
2026-06-14 13:11:33, tokens_remaining: 2382, call: scores, phase: playing
2026-06-14 13:11:33, tokens_remaining: 2382, call: scores, phase: playing
2026-06-14 13:11:34, tokens_remaining: 2381, call: scores, phase: playing
2026-06-14 13:11:34, tokens_remaining: 2381, call: scores, phase: playing
2026-06-14 13:11:36, tokens_remaining: 2380, call: scores, phase: playing
2026-06-14 13:11:36, tokens_remaining: 2380, call: scores, phase: playing
2026-06-14 13:11:38, tokens_remaining: 2379, call: scores, phase: playing
2026-06-14 13:11:38, tokens_remaining: 2379, call: scores, phase: playing
2026-06-14 13:11:39, tokens_remaining: 2377, call: events, phase: playing
2026-06-14 13:11:39, tokens_remaining: 2378, call: scores, phase: playing
2026-06-14 13:11:41, tokens_remaining: 2376, call: scores, phase: playing
2026-06-14 13:11:41, tokens_remaining: 2376, call: scores, phase: playing
2026-06-14 13:11:42, tokens_remaining: 2375, call: scores, phase: playing
2026-06-14 13:11:42, tokens_remaining: 2375, call: scores, phase: playing
2026-06-14 13:11:44, tokens_remaining: 2373, call: events, phase: playing
2026-06-14 13:11:44, tokens_remaining: 2373, call: scores, phase: playing
2026-06-14 13:11:46, tokens_remaining: 2372, call: scores, phase: playing
2026-06-14 13:11:46, tokens_remaining: 2372, call: scores, phase: playing
2026-06-14 13:11:47, tokens_remaining: 2371, call: scores, phase: playing
2026-06-14 13:11:47, tokens_remaining: 2371, call: scores, phase: playing
2026-06-14 13:11:49, tokens_remaining: 2370, call: scores, phase: playing
2026-06-14 13:11:49, tokens_remaining: 2370, call: scores, phase: playing
2026-06-14 13:11:50, tokens_remaining: 2369, call: scores, phase: playing
2026-06-14 13:11:50, tokens_remaining: 2369, call: scores, phase: playing
2026-06-14 13:11:52, tokens_remaining: 2368, call: scores, phase: playing
2026-06-14 13:11:52, tokens_remaining: 2368, call: scores, phase: playing
2026-06-14 13:11:54, tokens_remaining: 2367, call: scores, phase: playing
2026-06-14 13:11:54, tokens_remaining: 2367, call: scores, phase: playing
2026-06-14 13:11:55, tokens_remaining: 2365, call: scores, phase: playing
2026-06-14 13:11:55, tokens_remaining: 2365, call: events, phase: playing
2026-06-14 13:11:57, tokens_remaining: 2364, call: scores, phase: playing
2026-06-14 13:11:57, tokens_remaining: 2364, call: scores, phase: playing
2026-06-14 13:11:58, tokens_remaining: 2363, call: scores, phase: playing
2026-06-14 13:11:58, tokens_remaining: 2363, call: scores, phase: playing
2026-06-14 13:12:00, tokens_remaining: 2361, call: scores, phase: playing
2026-06-14 13:12:00, tokens_remaining: 2361, call: events, phase: playing
2026-06-14 13:12:02, tokens_remaining: 2360, call: scores, phase: playing
2026-06-14 13:12:02, tokens_remaining: 2360, call: scores, phase: playing
2026-06-14 13:12:03, tokens_remaining: 2359, call: scores, phase: playing
2026-06-14 13:12:03, tokens_remaining: 2359, call: scores, phase: playing
2026-06-14 13:12:05, tokens_remaining: 2358, call: scores, phase: playing
2026-06-14 13:12:05, tokens_remaining: 2358, call: scores, phase: playing
2026-06-14 13:12:07, tokens_remaining: 2357, call: scores, phase: playing
2026-06-14 13:12:07, tokens_remaining: 2357, call: scores, phase: playing
2026-06-14 13:12:08, tokens_remaining: 2356, call: scores, phase: playing
2026-06-14 13:12:08, tokens_remaining: 2356, call: scores, phase: playing
2026-06-14 13:12:10, tokens_remaining: 2355, call: scores, phase: playing
2026-06-14 13:12:10, tokens_remaining: 2355, call: scores, phase: playing
2026-06-14 13:12:11, tokens_remaining: 2353, call: scores, phase: playing
2026-06-14 13:12:11, tokens_remaining: 2353, call: events, phase: playing
2026-06-14 13:12:13, tokens_remaining: 2352, call: scores, phase: playing
2026-06-14 13:12:13, tokens_remaining: 2352, call: scores, phase: playing
2026-06-14 13:12:15, tokens_remaining: 2351, call: scores, phase: playing
2026-06-14 13:12:15, tokens_remaining: 2351, call: scores, phase: playing
2026-06-14 13:12:16, tokens_remaining: 2350, call: events, phase: playing
2026-06-14 13:12:16, tokens_remaining: 2349, call: scores, phase: playing
2026-06-14 13:12:18, tokens_remaining: 2348, call: scores, phase: playing
2026-06-14 13:12:18, tokens_remaining: 2348, call: scores, phase: playing
2026-06-14 13:12:19, tokens_remaining: 2347, call: scores, phase: playing
2026-06-14 13:12:19, tokens_remaining: 2347, call: scores, phase: playing
2026-06-14 13:12:21, tokens_remaining: 2346, call: scores, phase: playing
2026-06-14 13:12:21, tokens_remaining: 2346, call: scores, phase: playing
2026-06-14 13:12:22, tokens_remaining: 2345, call: scores, phase: playing
2026-06-14 13:12:22, tokens_remaining: 2345, call: scores, phase: playing
2026-06-14 13:12:24, tokens_remaining: 2344, call: scores, phase: playing
2026-06-14 13:12:24, tokens_remaining: 2344, call: scores, phase: playing
2026-06-14 13:12:26, tokens_remaining: 2343, call: scores, phase: playing
2026-06-14 13:12:26, tokens_remaining: 2343, call: scores, phase: playing
2026-06-14 13:12:27, tokens_remaining: 2341, call: scores, phase: playing
2026-06-14 13:12:27, tokens_remaining: 2341, call: events, phase: playing
2026-06-14 13:12:29, tokens_remaining: 2340, call: scores, phase: playing
2026-06-14 13:12:29, tokens_remaining: 2340, call: scores, phase: playing
2026-06-14 13:12:30, tokens_remaining: 2339, call: scores, phase: playing
2026-06-14 13:12:30, tokens_remaining: 2339, call: scores, phase: playing
2026-06-14 13:12:32, tokens_remaining: 2337, call: scores, phase: playing
2026-06-14 13:12:32, tokens_remaining: 2337, call: events, phase: playing
2026-06-14 13:12:33, tokens_remaining: 2336, call: scores, phase: playing
2026-06-14 13:12:33, tokens_remaining: 2336, call: scores, phase: playing
2026-06-14 13:12:35, tokens_remaining: 2335, call: scores, phase: playing
2026-06-14 13:12:35, tokens_remaining: 2335, call: scores, phase: playing
2026-06-14 13:12:37, tokens_remaining: 2334, call: scores, phase: playing
2026-06-14 13:12:37, tokens_remaining: 2334, call: scores, phase: playing
2026-06-14 13:12:38, tokens_remaining: 2333, call: scores, phase: playing
2026-06-14 13:12:38, tokens_remaining: 2333, call: scores, phase: playing
2026-06-14 13:12:40, tokens_remaining: 2332, call: scores, phase: playing
2026-06-14 13:12:40, tokens_remaining: 2332, call: scores, phase: playing
2026-06-14 13:12:41, tokens_remaining: 2331, call: scores, phase: playing
2026-06-14 13:12:41, tokens_remaining: 2331, call: scores, phase: playing
2026-06-14 13:12:43, tokens_remaining: 2329, call: scores, phase: playing
2026-06-14 13:12:43, tokens_remaining: 2329, call: events, phase: playing
2026-06-14 13:12:44, tokens_remaining: 2328, call: scores, phase: playing
2026-06-14 13:12:44, tokens_remaining: 2328, call: scores, phase: playing
2026-06-14 13:12:46, tokens_remaining: 2327, call: scores, phase: playing
2026-06-14 13:12:46, tokens_remaining: 2327, call: scores, phase: playing
2026-06-14 13:12:48, tokens_remaining: 2325, call: scores, phase: playing
2026-06-14 13:12:48, tokens_remaining: 2325, call: events, phase: playing
2026-06-14 13:12:49, tokens_remaining: 2324, call: scores, phase: playing
2026-06-14 13:12:49, tokens_remaining: 2324, call: scores, phase: playing
2026-06-14 13:12:51, tokens_remaining: 2323, call: scores, phase: playing
2026-06-14 13:12:51, tokens_remaining: 2323, call: scores, phase: playing
2026-06-14 13:12:52, tokens_remaining: 2322, call: scores, phase: playing
2026-06-14 13:12:52, tokens_remaining: 2322, call: scores, phase: playing
2026-06-14 13:12:54, tokens_remaining: 2321, call: scores, phase: playing
2026-06-14 13:12:54, tokens_remaining: 2321, call: scores, phase: playing
2026-06-14 13:12:55, tokens_remaining: 2320, call: scores, phase: playing
2026-06-14 13:12:55, tokens_remaining: 2320, call: scores, phase: playing
2026-06-14 13:12:57, tokens_remaining: 2319, call: scores, phase: playing
2026-06-14 13:12:57, tokens_remaining: 2319, call: scores, phase: playing
2026-06-14 13:12:59, tokens_remaining: 2318, call: scores, phase: playing
2026-06-14 13:12:59, tokens_remaining: 2317, call: events, phase: playing
2026-06-14 13:13:00, tokens_remaining: 2316, call: scores, phase: playing
2026-06-14 13:13:00, tokens_remaining: 2316, call: scores, phase: playing
2026-06-14 13:13:02, tokens_remaining: 2315, call: scores, phase: playing
2026-06-14 13:13:02, tokens_remaining: 2315, call: scores, phase: playing
2026-06-14 13:13:03, tokens_remaining: 2313, call: scores, phase: playing
2026-06-14 13:13:03, tokens_remaining: 2313, call: events, phase: playing
2026-06-14 13:13:05, tokens_remaining: 2312, call: scores, phase: playing
2026-06-14 13:13:05, tokens_remaining: 2312, call: scores, phase: playing
2026-06-14 13:13:06, tokens_remaining: 2311, call: scores, phase: playing
2026-06-14 13:13:06, tokens_remaining: 2311, call: scores, phase: playing
2026-06-14 13:13:08, tokens_remaining: 2310, call: scores, phase: playing
2026-06-14 13:13:08, tokens_remaining: 2310, call: scores, phase: playing
2026-06-14 13:13:10, tokens_remaining: 2309, call: scores, phase: playing
2026-06-14 13:13:10, tokens_remaining: 2309, call: scores, phase: playing
2026-06-14 13:13:11, tokens_remaining: 2308, call: scores, phase: playing
2026-06-14 13:13:11, tokens_remaining: 2308, call: scores, phase: playing
2026-06-14 13:13:13, tokens_remaining: 2307, call: scores, phase: playing
2026-06-14 13:13:14, tokens_remaining: 2305, call: scores, phase: playing
2026-06-14 13:13:14, tokens_remaining: 2305, call: events, phase: playing
2026-06-14 13:13:16, tokens_remaining: 2304, call: scores, phase: playing
2026-06-14 13:13:16, tokens_remaining: 2304, call: scores, phase: playing
2026-06-14 13:13:18, tokens_remaining: 2303, call: scores, phase: playing
2026-06-14 13:13:18, tokens_remaining: 2303, call: scores, phase: playing
2026-06-14 13:13:19, tokens_remaining: 2301, call: scores, phase: playing
2026-06-14 13:13:19, tokens_remaining: 2301, call: events, phase: playing
2026-06-14 13:13:21, tokens_remaining: 2300, call: scores, phase: playing
2026-06-14 13:13:21, tokens_remaining: 2300, call: scores, phase: playing
2026-06-14 13:13:22, tokens_remaining: 2299, call: scores, phase: playing
2026-06-14 13:13:22, tokens_remaining: 2299, call: scores, phase: playing
2026-06-14 13:13:24, tokens_remaining: 2298, call: scores, phase: playing
2026-06-14 13:13:24, tokens_remaining: 2298, call: scores, phase: playing
2026-06-14 13:13:25, tokens_remaining: 2297, call: scores, phase: playing
2026-06-14 13:13:25, tokens_remaining: 2297, call: scores, phase: playing
2026-06-14 13:13:27, tokens_remaining: 2296, call: scores, phase: playing
2026-06-14 13:13:27, tokens_remaining: 2296, call: scores, phase: playing
2026-06-14 13:13:29, tokens_remaining: 2295, call: scores, phase: playing
2026-06-14 13:13:29, tokens_remaining: 2295, call: scores, phase: playing
2026-06-14 13:13:30, tokens_remaining: 2294, call: events, phase: playing
2026-06-14 13:13:30, tokens_remaining: 2293, call: scores, phase: playing
2026-06-14 13:13:32, tokens_remaining: 2292, call: scores, phase: playing
2026-06-14 13:13:32, tokens_remaining: 2292, call: scores, phase: playing
2026-06-14 13:13:33, tokens_remaining: 2291, call: scores, phase: playing
2026-06-14 13:13:33, tokens_remaining: 2291, call: scores, phase: playing
2026-06-14 13:13:35, tokens_remaining: 2289, call: scores, phase: playing
2026-06-14 13:13:35, tokens_remaining: 2289, call: events, phase: playing
2026-06-14 13:13:36, tokens_remaining: 2288, call: scores, phase: playing
2026-06-14 13:13:36, tokens_remaining: 2288, call: scores, phase: playing
2026-06-14 13:13:38, tokens_remaining: 2287, call: scores, phase: playing
2026-06-14 13:13:38, tokens_remaining: 2287, call: scores, phase: playing
2026-06-14 13:13:40, tokens_remaining: 2286, call: scores, phase: playing
2026-06-14 13:13:40, tokens_remaining: 2286, call: scores, phase: playing
2026-06-14 13:13:41, tokens_remaining: 2285, call: scores, phase: playing
2026-06-14 13:13:41, tokens_remaining: 2285, call: scores, phase: playing
2026-06-14 13:13:43, tokens_remaining: 2284, call: scores, phase: playing
2026-06-14 13:13:43, tokens_remaining: 2284, call: scores, phase: playing
2026-06-14 13:13:44, tokens_remaining: 2283, call: scores, phase: playing
2026-06-14 13:13:44, tokens_remaining: 2283, call: scores, phase: playing
2026-06-14 13:13:46, tokens_remaining: 2281, call: scores, phase: playing
2026-06-14 13:13:46, tokens_remaining: 2281, call: events, phase: playing
2026-06-14 13:13:48, tokens_remaining: 2280, call: scores, phase: playing
2026-06-14 13:13:48, tokens_remaining: 2280, call: scores, phase: playing
2026-06-14 13:13:49, tokens_remaining: 2279, call: scores, phase: playing
2026-06-14 13:13:49, tokens_remaining: 2279, call: scores, phase: playing
2026-06-14 13:13:51, tokens_remaining: 2277, call: scores, phase: playing
2026-06-14 13:13:51, tokens_remaining: 2277, call: events, phase: playing
2026-06-14 13:13:52, tokens_remaining: 2276, call: scores, phase: playing
2026-06-14 13:13:52, tokens_remaining: 2276, call: scores, phase: playing
2026-06-14 13:13:54, tokens_remaining: 2275, call: scores, phase: playing
2026-06-14 13:13:54, tokens_remaining: 2275, call: scores, phase: playing
2026-06-14 13:13:55, tokens_remaining: 2274, call: scores, phase: playing
2026-06-14 13:13:56, tokens_remaining: 2274, call: scores, phase: playing
2026-06-14 13:13:57, tokens_remaining: 2273, call: scores, phase: playing
2026-06-14 13:13:57, tokens_remaining: 2273, call: scores, phase: playing
2026-06-14 13:13:59, tokens_remaining: 2272, call: scores, phase: playing
2026-06-14 13:13:59, tokens_remaining: 2272, call: scores, phase: playing
2026-06-14 13:14:00, tokens_remaining: 2271, call: scores, phase: playing
2026-06-14 13:14:00, tokens_remaining: 2271, call: scores, phase: playing
2026-06-14 13:14:02, tokens_remaining: 2270, call: events, phase: playing
2026-06-14 13:14:02, tokens_remaining: 2269, call: scores, phase: playing
2026-06-14 13:14:03, tokens_remaining: 2268, call: scores, phase: playing
2026-06-14 13:14:03, tokens_remaining: 2268, call: scores, phase: playing
2026-06-14 13:14:05, tokens_remaining: 2267, call: scores, phase: playing
2026-06-14 13:14:05, tokens_remaining: 2267, call: scores, phase: playing
2026-06-14 13:14:07, tokens_remaining: 2265, call: scores, phase: playing
2026-06-14 13:14:07, tokens_remaining: 2265, call: events, phase: playing
2026-06-14 13:14:08, tokens_remaining: 2264, call: scores, phase: playing
2026-06-14 13:14:08, tokens_remaining: 2264, call: scores, phase: playing
2026-06-14 13:14:10, tokens_remaining: 2263, call: scores, phase: playing
2026-06-14 13:14:10, tokens_remaining: 2263, call: scores, phase: playing
2026-06-14 13:14:11, tokens_remaining: 2262, call: scores, phase: playing
2026-06-14 13:14:11, tokens_remaining: 2262, call: scores, phase: playing
2026-06-14 13:14:13, tokens_remaining: 2261, call: scores, phase: playing
2026-06-14 13:14:13, tokens_remaining: 2261, call: scores, phase: playing
2026-06-14 13:14:14, tokens_remaining: 2260, call: scores, phase: playing
2026-06-14 13:14:14, tokens_remaining: 2260, call: scores, phase: playing
2026-06-14 13:14:16, tokens_remaining: 2259, call: scores, phase: playing
2026-06-14 13:14:16, tokens_remaining: 2259, call: scores, phase: playing
2026-06-14 13:14:17, tokens_remaining: 2257, call: scores, phase: playing
2026-06-14 13:14:18, tokens_remaining: 2257, call: events, phase: playing
2026-06-14 13:14:19, tokens_remaining: 2256, call: scores, phase: playing
2026-06-14 13:14:19, tokens_remaining: 2256, call: scores, phase: playing
2026-06-14 13:14:21, tokens_remaining: 2255, call: scores, phase: playing
2026-06-14 13:14:21, tokens_remaining: 2255, call: scores, phase: playing
2026-06-14 13:14:22, tokens_remaining: 2253, call: scores, phase: playing
2026-06-14 13:14:22, tokens_remaining: 2253, call: events, phase: playing
2026-06-14 13:14:24, tokens_remaining: 2252, call: scores, phase: playing
2026-06-14 13:14:24, tokens_remaining: 2252, call: scores, phase: playing
2026-06-14 13:14:25, tokens_remaining: 2251, call: scores, phase: playing
2026-06-14 13:14:25, tokens_remaining: 2251, call: scores, phase: playing
2026-06-14 13:14:27, tokens_remaining: 2250, call: scores, phase: playing
2026-06-14 13:14:27, tokens_remaining: 2250, call: scores, phase: playing
2026-06-14 13:14:28, tokens_remaining: 2249, call: scores, phase: playing
2026-06-14 13:14:28, tokens_remaining: 2249, call: scores, phase: playing
2026-06-14 13:14:30, tokens_remaining: 2248, call: scores, phase: playing
2026-06-14 13:14:30, tokens_remaining: 2248, call: scores, phase: playing
2026-06-14 13:14:32, tokens_remaining: 2247, call: scores, phase: playing
2026-06-14 13:14:32, tokens_remaining: 2247, call: scores, phase: playing
2026-06-14 13:14:33, tokens_remaining: 2245, call: scores, phase: playing
2026-06-14 13:14:33, tokens_remaining: 2245, call: events, phase: playing
2026-06-14 13:14:35, tokens_remaining: 2244, call: scores, phase: playing
2026-06-14 13:14:35, tokens_remaining: 2244, call: scores, phase: playing
2026-06-14 13:14:36, tokens_remaining: 2243, call: scores, phase: playing
2026-06-14 13:14:36, tokens_remaining: 2243, call: scores, phase: playing
2026-06-14 13:14:38, tokens_remaining: 2241, call: scores, phase: playing
2026-06-14 13:14:38, tokens_remaining: 2241, call: events, phase: playing
2026-06-14 13:14:39, tokens_remaining: 2240, call: scores, phase: playing
2026-06-14 13:14:39, tokens_remaining: 2240, call: scores, phase: playing
2026-06-14 13:14:41, tokens_remaining: 2239, call: scores, phase: playing
2026-06-14 13:14:41, tokens_remaining: 2239, call: scores, phase: playing
2026-06-14 13:14:43, tokens_remaining: 2238, call: scores, phase: playing
2026-06-14 13:14:43, tokens_remaining: 2238, call: scores, phase: playing
2026-06-14 13:14:44, tokens_remaining: 2237, call: scores, phase: playing
2026-06-14 13:14:44, tokens_remaining: 2237, call: scores, phase: playing
2026-06-14 13:14:46, tokens_remaining: 2236, call: scores, phase: playing
2026-06-14 13:14:47, tokens_remaining: 2235, call: scores, phase: playing
2026-06-14 13:14:47, tokens_remaining: 2235, call: scores, phase: playing
2026-06-14 13:14:49, tokens_remaining: 2233, call: scores, phase: playing
2026-06-14 13:14:49, tokens_remaining: 2233, call: events, phase: playing
2026-06-14 13:14:51, tokens_remaining: 2232, call: scores, phase: playing
2026-06-14 13:14:51, tokens_remaining: 2232, call: scores, phase: playing
2026-06-14 13:14:52, tokens_remaining: 2231, call: scores, phase: playing
2026-06-14 13:14:52, tokens_remaining: 2231, call: scores, phase: playing
2026-06-14 13:14:54, tokens_remaining: 2229, call: scores, phase: playing
2026-06-14 13:14:54, tokens_remaining: 2229, call: events, phase: playing
2026-06-14 13:14:55, tokens_remaining: 2228, call: scores, phase: playing
2026-06-14 13:14:55, tokens_remaining: 2228, call: scores, phase: playing
2026-06-14 13:14:57, tokens_remaining: 2227, call: scores, phase: playing
2026-06-14 13:14:57, tokens_remaining: 2227, call: scores, phase: playing
2026-06-14 13:14:58, tokens_remaining: 2226, call: scores, phase: playing
2026-06-14 13:14:58, tokens_remaining: 2226, call: scores, phase: playing
2026-06-14 13:15:00, tokens_remaining: 2225, call: scores, phase: playing
2026-06-14 13:15:00, tokens_remaining: 2225, call: scores, phase: playing
2026-06-14 13:15:02, tokens_remaining: 2224, call: scores, phase: playing
2026-06-14 13:15:02, tokens_remaining: 2224, call: scores, phase: playing
2026-06-14 13:15:03, tokens_remaining: 2223, call: scores, phase: playing
2026-06-14 13:15:03, tokens_remaining: 2223, call: scores, phase: playing
2026-06-14 13:15:05, tokens_remaining: 2221, call: scores, phase: playing
2026-06-14 13:15:05, tokens_remaining: 2221, call: events, phase: playing
2026-06-14 13:15:06, tokens_remaining: 2220, call: scores, phase: playing
2026-06-14 13:15:06, tokens_remaining: 2220, call: scores, phase: playing
2026-06-14 13:15:08, tokens_remaining: 2219, call: scores, phase: playing
2026-06-14 13:15:08, tokens_remaining: 2219, call: scores, phase: playing
2026-06-14 13:15:10, tokens_remaining: 2218, call: scores, phase: playing
2026-06-14 13:15:10, tokens_remaining: 2217, call: events, phase: playing
2026-06-14 13:15:11, tokens_remaining: 2216, call: scores, phase: playing
2026-06-14 13:15:11, tokens_remaining: 2216, call: scores, phase: playing
2026-06-14 13:15:13, tokens_remaining: 2215, call: scores, phase: playing
2026-06-14 13:15:13, tokens_remaining: 2215, call: scores, phase: playing
2026-06-14 13:15:14, tokens_remaining: 2214, call: scores, phase: playing
2026-06-14 13:15:14, tokens_remaining: 2214, call: scores, phase: playing
2026-06-14 13:15:16, tokens_remaining: 2213, call: scores, phase: playing
2026-06-14 13:15:16, tokens_remaining: 2213, call: scores, phase: playing
2026-06-14 13:15:18, tokens_remaining: 2212, call: scores, phase: playing
2026-06-14 13:15:18, tokens_remaining: 2212, call: scores, phase: playing
2026-06-14 13:15:19, tokens_remaining: 2211, call: scores, phase: playing
2026-06-14 13:15:19, tokens_remaining: 2211, call: scores, phase: playing
2026-06-14 13:15:21, tokens_remaining: 2210, call: scores, phase: playing
2026-06-14 13:15:21, tokens_remaining: 2209, call: events, phase: playing
2026-06-14 13:15:22, tokens_remaining: 2208, call: scores, phase: playing
2026-06-14 13:15:22, tokens_remaining: 2208, call: scores, phase: playing
2026-06-14 13:15:24, tokens_remaining: 2207, call: scores, phase: playing
2026-06-14 13:15:24, tokens_remaining: 2207, call: scores, phase: playing
2026-06-14 13:15:26, tokens_remaining: 2205, call: scores, phase: playing
2026-06-14 13:15:26, tokens_remaining: 2205, call: events, phase: playing
2026-06-14 13:15:27, tokens_remaining: 2204, call: scores, phase: playing
2026-06-14 13:15:27, tokens_remaining: 2204, call: scores, phase: playing
2026-06-14 13:15:29, tokens_remaining: 2203, call: scores, phase: playing
2026-06-14 13:15:29, tokens_remaining: 2203, call: scores, phase: playing
2026-06-14 13:15:30, tokens_remaining: 2202, call: scores, phase: playing
2026-06-14 13:15:30, tokens_remaining: 2202, call: scores, phase: playing
2026-06-14 13:15:32, tokens_remaining: 2201, call: scores, phase: playing
2026-06-14 13:15:32, tokens_remaining: 2201, call: scores, phase: playing
2026-06-14 13:15:34, tokens_remaining: 2200, call: scores, phase: playing
2026-06-14 13:15:34, tokens_remaining: 2200, call: scores, phase: playing
2026-06-14 13:15:35, tokens_remaining: 2199, call: scores, phase: playing
2026-06-14 13:15:35, tokens_remaining: 2199, call: scores, phase: playing
2026-06-14 13:15:37, tokens_remaining: 2197, call: scores, phase: playing
2026-06-14 13:15:37, tokens_remaining: 2197, call: events, phase: playing
2026-06-14 13:15:38, tokens_remaining: 2196, call: scores, phase: playing
2026-06-14 13:15:38, tokens_remaining: 2196, call: scores, phase: playing
2026-06-14 13:15:40, tokens_remaining: 2195, call: scores, phase: playing
2026-06-14 13:15:40, tokens_remaining: 2195, call: scores, phase: playing
2026-06-14 13:15:41, tokens_remaining: 2194, call: scores, phase: playing
2026-06-14 13:15:42, tokens_remaining: 2193, call: events, phase: playing
2026-06-14 13:15:43, tokens_remaining: 2192, call: scores, phase: playing
2026-06-14 13:15:43, tokens_remaining: 2192, call: scores, phase: playing
2026-06-14 13:15:45, tokens_remaining: 2191, call: scores, phase: playing
2026-06-14 13:15:45, tokens_remaining: 2191, call: scores, phase: playing
2026-06-14 13:15:46, tokens_remaining: 2190, call: scores, phase: playing
2026-06-14 13:15:46, tokens_remaining: 2190, call: scores, phase: playing
2026-06-14 13:15:48, tokens_remaining: 2189, call: scores, phase: playing
2026-06-14 13:15:48, tokens_remaining: 2189, call: scores, phase: playing
2026-06-14 13:15:49, tokens_remaining: 2188, call: scores, phase: playing
2026-06-14 13:15:49, tokens_remaining: 2188, call: scores, phase: playing
2026-06-14 13:15:51, tokens_remaining: 2187, call: scores, phase: playing
2026-06-14 13:15:51, tokens_remaining: 2187, call: scores, phase: playing
2026-06-14 13:15:53, tokens_remaining: 2185, call: scores, phase: playing
2026-06-14 13:15:53, tokens_remaining: 2185, call: events, phase: playing
2026-06-14 13:15:54, tokens_remaining: 2184, call: scores, phase: playing
2026-06-14 13:15:54, tokens_remaining: 2184, call: scores, phase: playing
2026-06-14 13:15:56, tokens_remaining: 2183, call: scores, phase: playing
2026-06-14 13:15:56, tokens_remaining: 2183, call: scores, phase: playing
2026-06-14 13:15:57, tokens_remaining: 2181, call: scores, phase: playing
2026-06-14 13:15:57, tokens_remaining: 2181, call: events, phase: playing
2026-06-14 13:15:59, tokens_remaining: 2180, call: scores, phase: playing
2026-06-14 13:15:59, tokens_remaining: 2180, call: scores, phase: playing
2026-06-14 13:16:00, tokens_remaining: 2179, call: scores, phase: playing
2026-06-14 13:16:00, tokens_remaining: 2179, call: scores, phase: playing
2026-06-14 13:16:02, tokens_remaining: 2178, call: scores, phase: playing
2026-06-14 13:16:02, tokens_remaining: 2178, call: scores, phase: playing
2026-06-14 13:16:04, tokens_remaining: 2177, call: scores, phase: playing
2026-06-14 13:16:04, tokens_remaining: 2177, call: scores, phase: playing
2026-06-14 13:16:05, tokens_remaining: 2176, call: scores, phase: playing
2026-06-14 13:16:05, tokens_remaining: 2176, call: scores, phase: playing
2026-06-14 13:16:07, tokens_remaining: 2175, call: scores, phase: playing
2026-06-14 13:16:07, tokens_remaining: 2175, call: scores, phase: playing
2026-06-14 13:16:08, tokens_remaining: 2173, call: scores, phase: playing
2026-06-14 13:16:08, tokens_remaining: 2173, call: events, phase: playing
2026-06-14 13:16:10, tokens_remaining: 2172, call: scores, phase: playing
2026-06-14 13:16:10, tokens_remaining: 2172, call: scores, phase: playing
2026-06-14 13:16:11, tokens_remaining: 2171, call: scores, phase: playing
2026-06-14 13:16:11, tokens_remaining: 2171, call: scores, phase: playing
2026-06-14 13:16:13, tokens_remaining: 2169, call: scores, phase: playing
2026-06-14 13:16:13, tokens_remaining: 2169, call: events, phase: playing
2026-06-14 13:16:15, tokens_remaining: 2168, call: scores, phase: playing
2026-06-14 13:16:15, tokens_remaining: 2168, call: scores, phase: playing
2026-06-14 13:16:16, tokens_remaining: 2167, call: scores, phase: playing
2026-06-14 13:16:16, tokens_remaining: 2167, call: scores, phase: playing
2026-06-14 13:16:18, tokens_remaining: 2166, call: scores, phase: playing
2026-06-14 13:16:18, tokens_remaining: 2166, call: scores, phase: playing
2026-06-14 13:16:19, tokens_remaining: 2165, call: scores, phase: playing
2026-06-14 13:16:19, tokens_remaining: 2165, call: scores, phase: playing
2026-06-14 13:16:21, tokens_remaining: 2164, call: scores, phase: playing
2026-06-14 13:16:21, tokens_remaining: 2164, call: scores, phase: playing
2026-06-14 13:16:22, tokens_remaining: 2163, call: scores, phase: playing
2026-06-14 13:16:22, tokens_remaining: 2163, call: scores, phase: playing
2026-06-14 13:16:24, tokens_remaining: 2161, call: scores, phase: playing
2026-06-14 13:16:24, tokens_remaining: 2161, call: events, phase: playing
2026-06-14 13:16:25, tokens_remaining: 2160, call: scores, phase: playing
2026-06-14 13:16:25, tokens_remaining: 2160, call: scores, phase: playing
2026-06-14 13:16:27, tokens_remaining: 2159, call: scores, phase: playing
2026-06-14 13:16:27, tokens_remaining: 2159, call: scores, phase: playing
2026-06-14 13:16:29, tokens_remaining: 2158, call: events, phase: playing
2026-06-14 13:16:29, tokens_remaining: 2157, call: scores, phase: playing
2026-06-14 13:16:30, tokens_remaining: 2156, call: scores, phase: playing
2026-06-14 13:16:30, tokens_remaining: 2156, call: scores, phase: playing
2026-06-14 13:16:32, tokens_remaining: 2155, call: scores, phase: playing
2026-06-14 13:16:32, tokens_remaining: 2155, call: scores, phase: playing
2026-06-14 13:16:33, tokens_remaining: 2154, call: scores, phase: playing
2026-06-14 13:16:33, tokens_remaining: 2154, call: scores, phase: playing
2026-06-14 13:16:35, tokens_remaining: 2153, call: scores, phase: playing
2026-06-14 13:16:35, tokens_remaining: 2153, call: scores, phase: playing
2026-06-14 13:16:36, tokens_remaining: 2152, call: scores, phase: playing
2026-06-14 13:16:36, tokens_remaining: 2152, call: scores, phase: playing
2026-06-14 13:16:38, tokens_remaining: 2151, call: scores, phase: playing
2026-06-14 13:16:38, tokens_remaining: 2151, call: scores, phase: playing
2026-06-14 13:16:40, tokens_remaining: 2149, call: events, phase: playing
2026-06-14 13:16:40, tokens_remaining: 2149, call: scores, phase: playing
2026-06-14 13:16:41, tokens_remaining: 2148, call: scores, phase: playing
2026-06-14 13:16:41, tokens_remaining: 2148, call: scores, phase: playing
2026-06-14 13:16:43, tokens_remaining: 2147, call: scores, phase: playing
2026-06-14 13:16:43, tokens_remaining: 2147, call: scores, phase: playing
2026-06-14 13:16:44, tokens_remaining: 2145, call: scores, phase: playing
2026-06-14 13:16:44, tokens_remaining: 2145, call: events, phase: playing
2026-06-14 13:16:46, tokens_remaining: 2144, call: scores, phase: playing
2026-06-14 13:16:46, tokens_remaining: 2144, call: scores, phase: playing
2026-06-14 13:16:47, tokens_remaining: 2143, call: scores, phase: playing
2026-06-14 13:16:47, tokens_remaining: 2143, call: scores, phase: playing
2026-06-14 13:16:49, tokens_remaining: 2142, call: scores, phase: playing
2026-06-14 13:16:49, tokens_remaining: 2142, call: scores, phase: playing
2026-06-14 13:16:51, tokens_remaining: 2141, call: scores, phase: playing
2026-06-14 13:16:51, tokens_remaining: 2141, call: scores, phase: playing
2026-06-14 13:16:52, tokens_remaining: 2140, call: scores, phase: playing
2026-06-14 13:16:52, tokens_remaining: 2140, call: scores, phase: playing
2026-06-14 13:16:54, tokens_remaining: 2139, call: scores, phase: playing
2026-06-14 13:16:54, tokens_remaining: 2139, call: scores, phase: playing
2026-06-14 13:16:55, tokens_remaining: 2137, call: scores, phase: playing
2026-06-14 13:16:55, tokens_remaining: 2137, call: events, phase: playing
2026-06-14 13:16:57, tokens_remaining: 2136, call: scores, phase: playing
2026-06-14 13:16:57, tokens_remaining: 2136, call: scores, phase: playing
2026-06-14 13:16:58, tokens_remaining: 2135, call: scores, phase: playing
2026-06-14 13:16:58, tokens_remaining: 2135, call: scores, phase: playing
2026-06-14 13:17:00, tokens_remaining: 2133, call: scores, phase: playing
2026-06-14 13:17:00, tokens_remaining: 2133, call: events, phase: playing
2026-06-14 13:17:02, tokens_remaining: 2132, call: scores, phase: playing
2026-06-14 13:17:02, tokens_remaining: 2132, call: scores, phase: playing
2026-06-14 13:17:03, tokens_remaining: 2131, call: scores, phase: playing
2026-06-14 13:17:03, tokens_remaining: 2131, call: scores, phase: playing
2026-06-14 13:17:05, tokens_remaining: 2130, call: scores, phase: playing
2026-06-14 13:17:05, tokens_remaining: 2130, call: scores, phase: playing
2026-06-14 13:17:06, tokens_remaining: 2129, call: scores, phase: playing
2026-06-14 13:17:06, tokens_remaining: 2129, call: scores, phase: playing
2026-06-14 13:17:08, tokens_remaining: 2128, call: scores, phase: playing
2026-06-14 13:17:08, tokens_remaining: 2128, call: scores, phase: playing
2026-06-14 13:17:09, tokens_remaining: 2127, call: scores, phase: playing
2026-06-14 13:17:09, tokens_remaining: 2127, call: scores, phase: playing
2026-06-14 13:17:11, tokens_remaining: 2125, call: scores, phase: playing
2026-06-14 13:17:11, tokens_remaining: 2125, call: events, phase: playing
2026-06-14 13:17:13, tokens_remaining: 2124, call: scores, phase: playing
2026-06-14 13:17:13, tokens_remaining: 2124, call: scores, phase: playing
2026-06-14 13:17:14, tokens_remaining: 2123, call: scores, phase: playing
2026-06-14 13:17:14, tokens_remaining: 2123, call: scores, phase: playing
2026-06-14 13:17:16, tokens_remaining: 2121, call: scores, phase: playing
2026-06-14 13:17:16, tokens_remaining: 2121, call: events, phase: playing
2026-06-14 13:17:18, tokens_remaining: 2120, call: scores, phase: playing
2026-06-14 13:17:18, tokens_remaining: 2120, call: scores, phase: playing
2026-06-14 13:17:19, tokens_remaining: 2119, call: scores, phase: playing
2026-06-14 13:17:19, tokens_remaining: 2119, call: scores, phase: playing
2026-06-14 13:17:21, tokens_remaining: 2118, call: scores, phase: playing
2026-06-14 13:17:21, tokens_remaining: 2118, call: scores, phase: playing
2026-06-14 13:17:22, tokens_remaining: 2117, call: scores, phase: playing
2026-06-14 13:17:22, tokens_remaining: 2117, call: scores, phase: playing
2026-06-14 13:17:24, tokens_remaining: 2116, call: scores, phase: playing
2026-06-14 13:17:24, tokens_remaining: 2116, call: scores, phase: playing
2026-06-14 13:17:25, tokens_remaining: 2115, call: scores, phase: playing
2026-06-14 13:17:27, tokens_remaining: 2113, call: scores, phase: playing
2026-06-14 13:17:27, tokens_remaining: 2113, call: events, phase: playing
2026-06-14 13:17:28, tokens_remaining: 2112, call: scores, phase: playing
2026-06-14 13:17:28, tokens_remaining: 2112, call: scores, phase: playing
2026-06-14 13:17:30, tokens_remaining: 2111, call: scores, phase: playing
2026-06-14 13:17:30, tokens_remaining: 2111, call: scores, phase: playing
2026-06-14 13:17:32, tokens_remaining: 2109, call: scores, phase: playing
2026-06-14 13:17:32, tokens_remaining: 2109, call: events, phase: playing
2026-06-14 13:17:33, tokens_remaining: 2108, call: scores, phase: playing
2026-06-14 13:17:33, tokens_remaining: 2108, call: scores, phase: playing
2026-06-14 13:17:35, tokens_remaining: 2107, call: scores, phase: playing
2026-06-14 13:17:35, tokens_remaining: 2107, call: scores, phase: playing
2026-06-14 13:17:36, tokens_remaining: 2106, call: scores, phase: playing
2026-06-14 13:17:36, tokens_remaining: 2106, call: scores, phase: playing
2026-06-14 13:17:38, tokens_remaining: 2105, call: scores, phase: playing
2026-06-14 13:17:38, tokens_remaining: 2105, call: scores, phase: playing
2026-06-14 13:17:40, tokens_remaining: 2104, call: scores, phase: playing
2026-06-14 13:17:40, tokens_remaining: 2104, call: scores, phase: playing
2026-06-14 13:17:41, tokens_remaining: 2103, call: scores, phase: playing
2026-06-14 13:17:41, tokens_remaining: 2103, call: scores, phase: playing
2026-06-14 13:17:43, tokens_remaining: 2102, call: events, phase: playing
2026-06-14 13:17:43, tokens_remaining: 2101, call: scores, phase: playing
2026-06-14 13:17:44, tokens_remaining: 2100, call: scores, phase: playing
2026-06-14 13:17:44, tokens_remaining: 2100, call: scores, phase: playing
2026-06-14 13:17:46, tokens_remaining: 2099, call: scores, phase: playing
2026-06-14 13:17:46, tokens_remaining: 2099, call: scores, phase: playing
2026-06-14 13:17:47, tokens_remaining: 2097, call: scores, phase: playing
2026-06-14 13:17:47, tokens_remaining: 2097, call: events, phase: playing
2026-06-14 13:17:49, tokens_remaining: 2096, call: scores, phase: playing
2026-06-14 13:17:49, tokens_remaining: 2096, call: scores, phase: playing
2026-06-14 13:17:50, tokens_remaining: 2095, call: scores, phase: playing
2026-06-14 13:17:50, tokens_remaining: 2095, call: scores, phase: playing
2026-06-14 13:17:52, tokens_remaining: 2094, call: scores, phase: playing
2026-06-14 13:17:52, tokens_remaining: 2094, call: scores, phase: playing
2026-06-14 13:17:54, tokens_remaining: 2093, call: scores, phase: playing
2026-06-14 13:17:54, tokens_remaining: 2093, call: scores, phase: playing
2026-06-14 13:17:55, tokens_remaining: 2092, call: scores, phase: playing
2026-06-14 13:17:55, tokens_remaining: 2092, call: scores, phase: playing
2026-06-14 13:17:57, tokens_remaining: 2091, call: scores, phase: playing
2026-06-14 13:17:57, tokens_remaining: 2091, call: scores, phase: playing
2026-06-14 13:17:58, tokens_remaining: 2089, call: scores, phase: playing
2026-06-14 13:17:58, tokens_remaining: 2089, call: events, phase: playing
2026-06-14 13:18:00, tokens_remaining: 2088, call: scores, phase: playing
2026-06-14 13:18:00, tokens_remaining: 2088, call: scores, phase: playing
2026-06-14 13:18:01, tokens_remaining: 2087, call: scores, phase: playing
2026-06-14 13:18:01, tokens_remaining: 2087, call: scores, phase: playing
2026-06-14 13:18:03, tokens_remaining: 2085, call: scores, phase: playing
2026-06-14 13:18:03, tokens_remaining: 2085, call: events, phase: playing
2026-06-14 13:18:05, tokens_remaining: 2084, call: scores, phase: playing
2026-06-14 13:18:05, tokens_remaining: 2084, call: scores, phase: playing
2026-06-14 13:18:06, tokens_remaining: 2083, call: scores, phase: playing
2026-06-14 13:18:06, tokens_remaining: 2083, call: scores, phase: playing
2026-06-14 13:18:08, tokens_remaining: 2082, call: scores, phase: playing
2026-06-14 13:18:08, tokens_remaining: 2082, call: scores, phase: playing
2026-06-14 13:18:09, tokens_remaining: 2081, call: scores, phase: playing
2026-06-14 13:18:09, tokens_remaining: 2081, call: scores, phase: playing
2026-06-14 13:18:11, tokens_remaining: 2080, call: scores, phase: playing
2026-06-14 13:18:11, tokens_remaining: 2080, call: scores, phase: playing
2026-06-14 13:18:12, tokens_remaining: 2079, call: scores, phase: playing
2026-06-14 13:18:12, tokens_remaining: 2079, call: scores, phase: playing
2026-06-14 13:18:14, tokens_remaining: 2077, call: scores, phase: playing
2026-06-14 13:18:14, tokens_remaining: 2077, call: events, phase: playing
2026-06-14 13:18:15, tokens_remaining: 2076, call: scores, phase: playing
2026-06-14 13:18:15, tokens_remaining: 2076, call: scores, phase: playing
2026-06-14 13:18:17, tokens_remaining: 2075, call: scores, phase: playing
2026-06-14 13:18:17, tokens_remaining: 2075, call: scores, phase: playing
2026-06-14 13:18:19, tokens_remaining: 2073, call: events, phase: playing
2026-06-14 13:18:19, tokens_remaining: 2073, call: scores, phase: playing
2026-06-14 13:18:20, tokens_remaining: 2072, call: scores, phase: playing
2026-06-14 13:18:20, tokens_remaining: 2072, call: scores, phase: playing
2026-06-14 13:18:22, tokens_remaining: 2071, call: scores, phase: playing
2026-06-14 13:18:22, tokens_remaining: 2071, call: scores, phase: playing
2026-06-14 13:18:23, tokens_remaining: 2070, call: scores, phase: playing
2026-06-14 13:18:23, tokens_remaining: 2070, call: scores, phase: playing
2026-06-14 13:18:25, tokens_remaining: 2069, call: scores, phase: playing
2026-06-14 13:18:25, tokens_remaining: 2069, call: scores, phase: playing
2026-06-14 13:18:27, tokens_remaining: 2068, call: scores, phase: playing
2026-06-14 13:18:27, tokens_remaining: 2068, call: scores, phase: playing
2026-06-14 13:18:28, tokens_remaining: 2067, call: scores, phase: playing
2026-06-14 13:18:28, tokens_remaining: 2067, call: scores, phase: playing
2026-06-14 13:18:30, tokens_remaining: 2065, call: scores, phase: playing
2026-06-14 13:18:30, tokens_remaining: 2065, call: events, phase: playing
2026-06-14 13:18:31, tokens_remaining: 2064, call: scores, phase: playing
2026-06-14 13:18:31, tokens_remaining: 2064, call: scores, phase: playing
2026-06-14 13:18:33, tokens_remaining: 2063, call: scores, phase: playing
2026-06-14 13:18:33, tokens_remaining: 2063, call: scores, phase: playing
2026-06-14 13:18:34, tokens_remaining: 2061, call: scores, phase: playing
2026-06-14 13:18:34, tokens_remaining: 2061, call: events, phase: playing
2026-06-14 13:18:36, tokens_remaining: 2060, call: scores, phase: playing
2026-06-14 13:18:36, tokens_remaining: 2060, call: scores, phase: playing
2026-06-14 13:18:37, tokens_remaining: 2059, call: scores, phase: playing
2026-06-14 13:18:37, tokens_remaining: 2059, call: scores, phase: playing
2026-06-14 13:18:39, tokens_remaining: 2058, call: scores, phase: playing
2026-06-14 13:18:39, tokens_remaining: 2058, call: scores, phase: playing
2026-06-14 13:18:41, tokens_remaining: 2057, call: scores, phase: playing
2026-06-14 13:18:41, tokens_remaining: 2057, call: scores, phase: playing
2026-06-14 13:18:42, tokens_remaining: 2056, call: scores, phase: playing
2026-06-14 13:18:42, tokens_remaining: 2056, call: scores, phase: playing
2026-06-14 13:18:44, tokens_remaining: 2055, call: scores, phase: playing
2026-06-14 13:18:44, tokens_remaining: 2055, call: scores, phase: playing
2026-06-14 13:18:45, tokens_remaining: 2053, call: scores, phase: playing
2026-06-14 13:18:45, tokens_remaining: 2053, call: events, phase: playing
2026-06-14 13:18:47, tokens_remaining: 2052, call: scores, phase: playing
2026-06-14 13:18:47, tokens_remaining: 2052, call: scores, phase: playing
2026-06-14 13:18:49, tokens_remaining: 2051, call: scores, phase: playing
2026-06-14 13:18:49, tokens_remaining: 2051, call: scores, phase: playing
2026-06-14 13:18:50, tokens_remaining: 2050, call: events, phase: playing
2026-06-14 13:18:50, tokens_remaining: 2049, call: scores, phase: playing
2026-06-14 13:18:52, tokens_remaining: 2048, call: scores, phase: playing
2026-06-14 13:18:52, tokens_remaining: 2048, call: scores, phase: playing
2026-06-14 13:18:53, tokens_remaining: 2047, call: scores, phase: playing
2026-06-14 13:18:53, tokens_remaining: 2047, call: scores, phase: playing
2026-06-14 13:18:55, tokens_remaining: 2046, call: scores, phase: playing
2026-06-14 13:18:55, tokens_remaining: 2046, call: scores, phase: playing
2026-06-14 13:18:56, tokens_remaining: 2045, call: scores, phase: playing
2026-06-14 13:18:56, tokens_remaining: 2045, call: scores, phase: playing
2026-06-14 13:18:58, tokens_remaining: 2044, call: scores, phase: playing
2026-06-14 13:18:58, tokens_remaining: 2044, call: scores, phase: playing
2026-06-14 13:19:00, tokens_remaining: 2043, call: scores, phase: playing
2026-06-14 13:19:00, tokens_remaining: 2043, call: scores, phase: playing
2026-06-14 13:19:01, tokens_remaining: 2041, call: scores, phase: playing
2026-06-14 13:19:01, tokens_remaining: 2041, call: events, phase: playing
2026-06-14 13:19:03, tokens_remaining: 2040, call: scores, phase: playing
2026-06-14 13:19:03, tokens_remaining: 2040, call: scores, phase: playing
2026-06-14 13:19:04, tokens_remaining: 2039, call: scores, phase: playing
2026-06-14 13:19:04, tokens_remaining: 2039, call: scores, phase: playing
2026-06-14 13:19:06, tokens_remaining: 2037, call: scores, phase: playing
2026-06-14 13:19:06, tokens_remaining: 2037, call: events, phase: playing
2026-06-14 13:19:07, tokens_remaining: 2036, call: scores, phase: playing
2026-06-14 13:19:07, tokens_remaining: 2036, call: scores, phase: playing
2026-06-14 13:19:09, tokens_remaining: 2035, call: scores, phase: playing
2026-06-14 13:19:09, tokens_remaining: 2035, call: scores, phase: playing
2026-06-14 13:19:11, tokens_remaining: 2034, call: scores, phase: playing
2026-06-14 13:19:11, tokens_remaining: 2034, call: scores, phase: playing
2026-06-14 13:19:12, tokens_remaining: 2033, call: scores, phase: playing
2026-06-14 13:19:12, tokens_remaining: 2033, call: scores, phase: playing
2026-06-14 13:19:14, tokens_remaining: 2032, call: scores, phase: playing
2026-06-14 13:19:14, tokens_remaining: 2032, call: scores, phase: playing
2026-06-14 13:19:15, tokens_remaining: 2031, call: scores, phase: playing
2026-06-14 13:19:15, tokens_remaining: 2031, call: scores, phase: playing
2026-06-14 13:19:17, tokens_remaining: 2030, call: scores, phase: playing
2026-06-14 13:19:17, tokens_remaining: 2029, call: events, phase: playing
2026-06-14 13:19:18, tokens_remaining: 2028, call: scores, phase: playing
2026-06-14 13:19:18, tokens_remaining: 2028, call: scores, phase: playing
2026-06-14 13:19:20, tokens_remaining: 2027, call: scores, phase: playing
2026-06-14 13:19:20, tokens_remaining: 2027, call: scores, phase: playing
2026-06-14 13:19:22, tokens_remaining: 2026, call: events, phase: playing
2026-06-14 13:19:22, tokens_remaining: 2025, call: scores, phase: playing
2026-06-14 13:19:23, tokens_remaining: 2024, call: scores, phase: playing
2026-06-14 13:19:23, tokens_remaining: 2024, call: scores, phase: playing
2026-06-14 13:19:25, tokens_remaining: 2023, call: scores, phase: playing
2026-06-14 13:19:25, tokens_remaining: 2023, call: scores, phase: playing
2026-06-14 13:19:26, tokens_remaining: 2022, call: scores, phase: playing
2026-06-14 13:19:26, tokens_remaining: 2022, call: scores, phase: playing
2026-06-14 13:19:28, tokens_remaining: 2021, call: scores, phase: playing
2026-06-14 13:19:28, tokens_remaining: 2021, call: scores, phase: playing
2026-06-14 13:19:29, tokens_remaining: 2020, call: scores, phase: playing
2026-06-14 13:19:29, tokens_remaining: 2020, call: scores, phase: playing
2026-06-14 13:19:31, tokens_remaining: 2019, call: scores, phase: playing
2026-06-14 13:19:31, tokens_remaining: 2019, call: scores, phase: playing
2026-06-14 13:19:33, tokens_remaining: 2017, call: scores, phase: playing
2026-06-14 13:19:33, tokens_remaining: 2017, call: events, phase: playing
2026-06-14 13:19:34, tokens_remaining: 2016, call: scores, phase: playing
2026-06-14 13:19:34, tokens_remaining: 2016, call: scores, phase: playing
2026-06-14 13:19:36, tokens_remaining: 2015, call: scores, phase: playing
2026-06-14 13:19:36, tokens_remaining: 2015, call: scores, phase: playing
2026-06-14 13:19:37, tokens_remaining: 2013, call: scores, phase: playing
2026-06-14 13:19:37, tokens_remaining: 2013, call: events, phase: playing
2026-06-14 13:19:39, tokens_remaining: 2012, call: scores, phase: playing
2026-06-14 13:19:39, tokens_remaining: 2012, call: scores, phase: playing
2026-06-14 13:19:40, tokens_remaining: 2011, call: scores, phase: playing
2026-06-14 13:19:40, tokens_remaining: 2011, call: scores, phase: playing
2026-06-14 13:19:42, tokens_remaining: 2010, call: scores, phase: playing
2026-06-14 13:19:42, tokens_remaining: 2010, call: scores, phase: playing
2026-06-14 13:19:43, tokens_remaining: 2009, call: scores, phase: playing
2026-06-14 13:19:43, tokens_remaining: 2009, call: scores, phase: playing
2026-06-14 13:19:45, tokens_remaining: 2008, call: scores, phase: playing
2026-06-14 13:19:45, tokens_remaining: 2008, call: scores, phase: playing
2026-06-14 13:19:46, tokens_remaining: 2007, call: scores, phase: playing
2026-06-14 13:19:46, tokens_remaining: 2007, call: scores, phase: playing
2026-06-14 13:19:48, tokens_remaining: 2005, call: scores, phase: playing
2026-06-14 13:19:48, tokens_remaining: 2005, call: events, phase: playing
2026-06-14 13:19:50, tokens_remaining: 2004, call: scores, phase: playing
2026-06-14 13:19:50, tokens_remaining: 2004, call: scores, phase: playing
2026-06-14 13:19:51, tokens_remaining: 2003, call: scores, phase: playing
2026-06-14 13:19:51, tokens_remaining: 2003, call: scores, phase: playing
2026-06-14 13:19:53, tokens_remaining: 2001, call: scores, phase: playing
2026-06-14 13:19:53, tokens_remaining: 2001, call: events, phase: playing
2026-06-14 13:19:54, tokens_remaining: 2000, call: scores, phase: playing
2026-06-14 13:19:54, tokens_remaining: 2000, call: scores, phase: playing
2026-06-14 13:19:56, tokens_remaining: 1999, call: scores, phase: playing
2026-06-14 13:19:56, tokens_remaining: 1999, call: scores, phase: playing
2026-06-14 13:19:57, tokens_remaining: 1998, call: scores, phase: playing
2026-06-14 13:19:57, tokens_remaining: 1998, call: scores, phase: playing
2026-06-14 13:19:59, tokens_remaining: 1997, call: scores, phase: playing
2026-06-14 13:19:59, tokens_remaining: 1997, call: scores, phase: playing
2026-06-14 13:20:00, tokens_remaining: 1996, call: scores, phase: playing
2026-06-14 13:20:00, tokens_remaining: 1996, call: scores, phase: playing
2026-06-14 13:20:02, tokens_remaining: 1995, call: scores, phase: playing
2026-06-14 13:20:02, tokens_remaining: 1995, call: scores, phase: playing
2026-06-14 13:20:04, tokens_remaining: 1993, call: scores, phase: playing
2026-06-14 13:20:04, tokens_remaining: 1993, call: events, phase: playing
2026-06-14 13:20:05, tokens_remaining: 1992, call: scores, phase: playing
2026-06-14 13:20:07, tokens_remaining: 1991, call: scores, phase: playing
2026-06-14 13:20:07, tokens_remaining: 1991, call: scores, phase: playing
2026-06-14 13:20:08, tokens_remaining: 1989, call: scores, phase: playing
2026-06-14 13:20:08, tokens_remaining: 1989, call: events, phase: playing
2026-06-14 13:20:10, tokens_remaining: 1988, call: scores, phase: playing
2026-06-14 13:20:10, tokens_remaining: 1988, call: scores, phase: playing
2026-06-14 13:20:11, tokens_remaining: 1987, call: scores, phase: playing
2026-06-14 13:20:11, tokens_remaining: 1987, call: scores, phase: playing
2026-06-14 13:20:13, tokens_remaining: 1986, call: scores, phase: playing
2026-06-14 13:20:15, tokens_remaining: 1985, call: scores, phase: playing
2026-06-14 13:20:15, tokens_remaining: 1985, call: scores, phase: playing
2026-06-14 13:20:16, tokens_remaining: 1984, call: scores, phase: playing
2026-06-14 13:20:16, tokens_remaining: 1984, call: scores, phase: playing
2026-06-14 13:20:18, tokens_remaining: 1983, call: scores, phase: playing
2026-06-14 13:20:18, tokens_remaining: 1983, call: scores, phase: playing
2026-06-14 13:20:19, tokens_remaining: 1981, call: scores, phase: playing
2026-06-14 13:20:19, tokens_remaining: 1981, call: events, phase: playing
2026-06-14 13:20:21, tokens_remaining: 1980, call: scores, phase: playing
2026-06-14 13:20:21, tokens_remaining: 1980, call: scores, phase: playing
2026-06-14 13:20:22, tokens_remaining: 1979, call: scores, phase: playing
2026-06-14 13:20:22, tokens_remaining: 1979, call: scores, phase: playing
2026-06-14 13:20:24, tokens_remaining: 1977, call: scores, phase: playing
2026-06-14 13:20:24, tokens_remaining: 1977, call: events, phase: playing
2026-06-14 13:20:25, tokens_remaining: 1976, call: scores, phase: playing
2026-06-14 13:20:25, tokens_remaining: 1976, call: scores, phase: playing
2026-06-14 13:20:27, tokens_remaining: 1975, call: scores, phase: playing
2026-06-14 13:20:27, tokens_remaining: 1975, call: scores, phase: playing
2026-06-14 13:20:28, tokens_remaining: 1974, call: scores, phase: playing
2026-06-14 13:20:28, tokens_remaining: 1974, call: scores, phase: playing
2026-06-14 13:20:30, tokens_remaining: 1973, call: scores, phase: playing
2026-06-14 13:20:30, tokens_remaining: 1973, call: scores, phase: playing
2026-06-14 13:20:31, tokens_remaining: 1972, call: scores, phase: playing
2026-06-14 13:20:31, tokens_remaining: 1972, call: scores, phase: playing
2026-06-14 13:20:33, tokens_remaining: 1971, call: scores, phase: playing
2026-06-14 13:20:33, tokens_remaining: 1971, call: scores, phase: playing
2026-06-14 13:20:34, tokens_remaining: 1969, call: events, phase: playing
2026-06-14 13:20:34, tokens_remaining: 1969, call: scores, phase: playing
2026-06-14 13:20:36, tokens_remaining: 1968, call: scores, phase: playing
2026-06-14 13:20:36, tokens_remaining: 1968, call: scores, phase: playing
2026-06-14 13:20:37, tokens_remaining: 1967, call: scores, phase: playing
2026-06-14 13:20:37, tokens_remaining: 1967, call: scores, phase: playing
2026-06-14 13:20:39, tokens_remaining: 1966, call: scores, phase: playing
2026-06-14 13:20:39, tokens_remaining: 1965, call: events, phase: playing
2026-06-14 13:20:40, tokens_remaining: 1964, call: scores, phase: playing
2026-06-14 13:20:42, tokens_remaining: 1963, call: scores, phase: playing
2026-06-14 13:20:43, tokens_remaining: 1962, call: scores, phase: playing
2026-06-14 13:20:45, tokens_remaining: 1960, call: scores, phase: playing
2026-06-14 13:20:46, tokens_remaining: 1959, call: scores, phase: playing
