2026-06-15 16:11:34, tokens_remaining: 574, call: events, phase: idle
2026-06-15 16:11:34, EVENT: GOAL 19' Emam Ashour (0-1) [Belgium vs Egypt]
2026-06-15 16:11:34, EVENT: EVENT_15 66' Mohamed Hany (1-1) [Belgium vs Egypt]
2026-06-15 16:11:34, EVENT: SUBSTITUTION 56' Maxim De Cuyper [Belgium vs Egypt]
2026-06-15 16:11:34, EVENT: SUBSTITUTION 56' Nicolas Raskin [Belgium vs Egypt]
2026-06-15 16:11:34, EVENT: SUBSTITUTION 66' Romelu Lukaku [Belgium vs Egypt]
2026-06-15 16:11:34, EVENT: SUBSTITUTION 71' Ramy Rabia [Belgium vs Egypt]
2026-06-15 16:11:34, EVENT: SUBSTITUTION 76' Hamza Abdelkarim [Belgium vs Egypt]
2026-06-15 16:11:34, EVENT: SUBSTITUTION 76' Zizo [Belgium vs Egypt]
2026-06-15 16:11:34, EVENT: SUBSTITUTION 86' Matías Fernández-Pardo [Belgium vs Egypt]
2026-06-15 16:11:34, EVENT: SUBSTITUTION 86' Hans Vanaken [Belgium vs Egypt]
2026-06-15 16:11:34, EVENT: SUBSTITUTION 88' Ibrahim Adel [Belgium vs Egypt]
2026-06-15 16:11:34, EVENT: SUBSTITUTION 89' Karim Hafez Ramadan Seif El Din [Belgium vs Egypt]
2026-06-15 16:11:34, EVENT: YELLOW_CARD 13' Marwan Ateya [Belgium vs Egypt]
2026-06-15 16:11:34, EVENT: YELLOW_CARD 14' Timothy Castagne [Belgium vs Egypt]
2026-06-15 16:11:34, EVENT: YELLOW_CARD 34' Ahmed Fatouh [Belgium vs Egypt]
2026-06-15 16:11:34, EVENT: YELLOW_CARD 75' Maxim De Cuyper [Belgium vs Egypt]
2026-06-15 16:11:34, STATE_CHANGE: Belgium vs Egypt [— -> FT]
2026-06-15 16:11:44, tokens_remaining: 2499, call: scores, phase: postgame
2026-06-15 16:11:54, tokens_remaining: 2498, call: scores, phase: postgame
2026-06-15 16:12:05, tokens_remaining: 2497, call: scores, phase: postgame
2026-06-15 16:12:15, tokens_remaining: 2496, call: scores, phase: postgame
2026-06-15 16:12:25, tokens_remaining: 2495, call: scores, phase: postgame
2026-06-15 16:13:27, tokens_remaining: 2494, call: scores, phase: postgame
2026-06-15 16:14:27, tokens_remaining: 2493, call: scores, phase: idle
2026-06-15 16:15:28, tokens_remaining: 2492, call: scores, phase: idle
